[2026-01-21T23:21:59.129+0000] {taskinstance.py:1956} INFO - Dependencies all met for dep_context=non-requeueable deps ti=<TaskInstance: nyc_taxi_weather_prediction.train_model scheduled__2026-01-20T00:00:00+00:00 [queued]>
[2026-01-21T23:21:59.147+0000] {taskinstance.py:1956} INFO - Dependencies all met for dep_context=requeueable deps ti=<TaskInstance: nyc_taxi_weather_prediction.train_model scheduled__2026-01-20T00:00:00+00:00 [queued]>
[2026-01-21T23:21:59.148+0000] {taskinstance.py:2170} INFO - Starting attempt 1 of 2
[2026-01-21T23:21:59.171+0000] {taskinstance.py:2191} INFO - Executing <Task(PythonOperator): train_model> on 2026-01-20 00:00:00+00:00
[2026-01-21T23:21:59.187+0000] {standard_task_runner.py:60} INFO - Started process 335 to run task
[2026-01-21T23:21:59.191+0000] {standard_task_runner.py:87} INFO - Running: ['***', 'tasks', 'run', 'nyc_taxi_weather_prediction', 'train_model', 'scheduled__2026-01-20T00:00:00+00:00', '--job-id', '23', '--raw', '--subdir', 'DAGS_FOLDER/nyc_taxi_price_predictor.py', '--cfg-path', '/tmp/tmpqctulu1d']
[2026-01-21T23:21:59.195+0000] {standard_task_runner.py:88} INFO - Job 23: Subtask train_model
[2026-01-21T23:21:59.214+0000] {logging_mixin.py:188} WARNING - /home/***/.local/lib/python3.8/site-packages/***/settings.py:194 DeprecationWarning: The sql_alchemy_conn option in [core] has been moved to the sql_alchemy_conn option in [database] - the old setting has been used, but please update your config.
[2026-01-21T23:21:59.257+0000] {task_command.py:423} INFO - Running <TaskInstance: nyc_taxi_weather_prediction.train_model scheduled__2026-01-20T00:00:00+00:00 [running]> on host 3fb860006a1f
[2026-01-21T23:21:59.355+0000] {taskinstance.py:2480} INFO - Exporting env vars: AIRFLOW_CTX_DAG_OWNER='***' AIRFLOW_CTX_DAG_ID='nyc_taxi_weather_prediction' AIRFLOW_CTX_TASK_ID='train_model' AIRFLOW_CTX_EXECUTION_DATE='2026-01-20T00:00:00+00:00' AIRFLOW_CTX_TRY_NUMBER='1' AIRFLOW_CTX_DAG_RUN_ID='scheduled__2026-01-20T00:00:00+00:00'
[2026-01-21T23:21:59.368+0000] {base.py:83} INFO - Using connection ID 'postgres_default' for task execution.
[2026-01-21T23:21:59.378+0000] {logging_mixin.py:188} WARNING - /home/***/.local/lib/python3.8/site-packages/***/providers/common/sql/hooks/sql.py:221 UserWarning: pandas only supports SQLAlchemy connectable (engine/connection) or database string URI or sqlite3 DBAPI2 connection. Other DBAPI2 objects are not tested. Please consider using SQLAlchemy.
[2026-01-21T23:22:01.557+0000] {logging_mixin.py:188} INFO - --- ML REPORT ---
[2026-01-21T23:22:01.558+0000] {logging_mixin.py:188} INFO - Model: Random Forest Regressor
[2026-01-21T23:22:01.558+0000] {logging_mixin.py:188} INFO - MAE (Средняя ошибка цены): $3.82
[2026-01-21T23:22:01.559+0000] {logging_mixin.py:188} INFO - R2 Score: 0.8857
[2026-01-21T23:22:01.560+0000] {logging_mixin.py:188} WARNING - /home/***/.local/lib/python3.8/site-packages/sklearn/base.py:465 UserWarning: X does not have valid feature names, but RandomForestRegressor was fitted with feature names
[2026-01-21T23:22:01.563+0000] {logging_mixin.py:188} INFO - Предсказание для поездки 5 миль в хорошую погоду: $27.12
[2026-01-21T23:22:01.609+0000] {python.py:201} INFO - Done. Returned value was: MAE: 3.824720808679147
[2026-01-21T23:22:01.636+0000] {taskinstance.py:1138} INFO - Marking task as SUCCESS. dag_id=nyc_taxi_weather_prediction, task_id=train_model, execution_date=20260120T000000, start_date=20260121T232159, end_date=20260121T232201
[2026-01-21T23:22:01.697+0000] {local_task_job_runner.py:234} INFO - Task exited with return code 0
[2026-01-21T23:22:01.716+0000] {taskinstance.py:3280} INFO - 0 downstream tasks scheduled from follow-on schedule check
