[2026-01-21T23:21:43.481+0000] {taskinstance.py:1956} INFO - Dependencies all met for dep_context=non-requeueable deps ti=<TaskInstance: nyc_taxi_weather_prediction.create_table scheduled__2026-01-20T00:00:00+00:00 [queued]>
[2026-01-21T23:21:43.495+0000] {taskinstance.py:1956} INFO - Dependencies all met for dep_context=requeueable deps ti=<TaskInstance: nyc_taxi_weather_prediction.create_table scheduled__2026-01-20T00:00:00+00:00 [queued]>
[2026-01-21T23:21:43.496+0000] {taskinstance.py:2170} INFO - Starting attempt 1 of 2
[2026-01-21T23:21:43.515+0000] {taskinstance.py:2191} INFO - Executing <Task(PostgresOperator): create_table> on 2026-01-20 00:00:00+00:00
[2026-01-21T23:21:43.533+0000] {standard_task_runner.py:60} INFO - Started process 213 to run task
[2026-01-21T23:21:43.539+0000] {standard_task_runner.py:87} INFO - Running: ['***', 'tasks', 'run', 'nyc_taxi_weather_prediction', 'create_table', 'scheduled__2026-01-20T00:00:00+00:00', '--job-id', '17', '--raw', '--subdir', 'DAGS_FOLDER/nyc_taxi_price_predictor.py', '--cfg-path', '/tmp/tmpetwkdecm']
[2026-01-21T23:21:43.543+0000] {standard_task_runner.py:88} INFO - Job 17: Subtask create_table
[2026-01-21T23:21:43.575+0000] {logging_mixin.py:188} WARNING - /home/***/.local/lib/python3.8/site-packages/***/settings.py:194 DeprecationWarning: The sql_alchemy_conn option in [core] has been moved to the sql_alchemy_conn option in [database] - the old setting has been used, but please update your config.
[2026-01-21T23:21:43.637+0000] {task_command.py:423} INFO - Running <TaskInstance: nyc_taxi_weather_prediction.create_table scheduled__2026-01-20T00:00:00+00:00 [running]> on host 3fb860006a1f
[2026-01-21T23:21:43.766+0000] {taskinstance.py:2480} INFO - Exporting env vars: AIRFLOW_CTX_DAG_OWNER='***' AIRFLOW_CTX_DAG_ID='nyc_taxi_weather_prediction' AIRFLOW_CTX_TASK_ID='create_table' AIRFLOW_CTX_EXECUTION_DATE='2026-01-20T00:00:00+00:00' AIRFLOW_CTX_TRY_NUMBER='1' AIRFLOW_CTX_DAG_RUN_ID='scheduled__2026-01-20T00:00:00+00:00'
[2026-01-21T23:21:43.767+0000] {sql.py:276} INFO - Executing: 
            CREATE TABLE IF NOT EXISTS nyc_taxi_weather (
                pickup_datetime TIMESTAMP,
                distance FLOAT,
                price FLOAT,
                date_hour TIMESTAMP,
                temperature FLOAT,
                precipitation FLOAT,
                wind_speed FLOAT
            );
        
[2026-01-21T23:21:43.778+0000] {base.py:83} INFO - Using connection ID 'postgres_default' for task execution.
[2026-01-21T23:21:43.789+0000] {base.py:83} INFO - Using connection ID 'postgres_default' for task execution.
[2026-01-21T23:21:43.794+0000] {sql.py:450} INFO - Running statement: 
            CREATE TABLE IF NOT EXISTS nyc_taxi_weather (
                pickup_datetime TIMESTAMP,
                distance FLOAT,
                price FLOAT,
                date_hour TIMESTAMP,
                temperature FLOAT,
                precipitation FLOAT,
                wind_speed FLOAT
            );
        , parameters: None
[2026-01-21T23:21:43.807+0000] {taskinstance.py:1138} INFO - Marking task as SUCCESS. dag_id=nyc_taxi_weather_prediction, task_id=create_table, execution_date=20260120T000000, start_date=20260121T232143, end_date=20260121T232143
[2026-01-21T23:21:43.873+0000] {local_task_job_runner.py:234} INFO - Task exited with return code 0
[2026-01-21T23:21:43.905+0000] {taskinstance.py:3280} INFO - 1 downstream tasks scheduled from follow-on schedule check
