[2026-01-15T11:04:58.520+0000] {taskinstance.py:1956} INFO - Dependencies all met for dep_context=non-requeueable deps ti=<TaskInstance: nyc_taxi_weather_prediction.check_data_quality manual__2026-01-15T11:04:43.246458+00:00 [queued]>
[2026-01-15T11:04:58.529+0000] {taskinstance.py:1956} INFO - Dependencies all met for dep_context=requeueable deps ti=<TaskInstance: nyc_taxi_weather_prediction.check_data_quality manual__2026-01-15T11:04:43.246458+00:00 [queued]>
[2026-01-15T11:04:58.530+0000] {taskinstance.py:2170} INFO - Starting attempt 1 of 2
[2026-01-15T11:04:58.546+0000] {taskinstance.py:2191} INFO - Executing <Task(BranchPythonOperator): check_data_quality> on 2026-01-15 11:04:43.246458+00:00
[2026-01-15T11:04:58.560+0000] {standard_task_runner.py:60} INFO - Started process 498 to run task
[2026-01-15T11:04:58.564+0000] {standard_task_runner.py:87} INFO - Running: ['***', 'tasks', 'run', 'nyc_taxi_weather_prediction', 'check_data_quality', 'manual__2026-01-15T11:04:43.246458+00:00', '--job-id', '14', '--raw', '--subdir', 'DAGS_FOLDER/nyc_taxi_price_predictor.py', '--cfg-path', '/tmp/tmps6i3jg31']
[2026-01-15T11:04:58.567+0000] {standard_task_runner.py:88} INFO - Job 14: Subtask check_data_quality
[2026-01-15T11:04:58.588+0000] {logging_mixin.py:188} WARNING - /home/***/.local/lib/python3.8/site-packages/***/settings.py:194 DeprecationWarning: The sql_alchemy_conn option in [core] has been moved to the sql_alchemy_conn option in [database] - the old setting has been used, but please update your config.
[2026-01-15T11:04:58.633+0000] {task_command.py:423} INFO - Running <TaskInstance: nyc_taxi_weather_prediction.check_data_quality manual__2026-01-15T11:04:43.246458+00:00 [running]> on host 7d2b988f5793
[2026-01-15T11:04:58.741+0000] {taskinstance.py:2480} INFO - Exporting env vars: AIRFLOW_CTX_DAG_OWNER='***' AIRFLOW_CTX_DAG_ID='nyc_taxi_weather_prediction' AIRFLOW_CTX_TASK_ID='check_data_quality' AIRFLOW_CTX_EXECUTION_DATE='2026-01-15T11:04:43.246458+00:00' AIRFLOW_CTX_TRY_NUMBER='1' AIRFLOW_CTX_DAG_RUN_ID='manual__2026-01-15T11:04:43.246458+00:00'
[2026-01-15T11:04:58.762+0000] {base.py:83} INFO - Using connection ID 'postgres_default' for task execution.
[2026-01-15T11:04:58.769+0000] {sql.py:450} INFO - Running statement: SELECT COUNT(*) FROM nyc_taxi_weather, parameters: None
[2026-01-15T11:04:58.777+0000] {sql.py:459} INFO - Rows affected: 1
[2026-01-15T11:04:58.778+0000] {logging_mixin.py:188} INFO - Найдено записей для обучения: 49999
[2026-01-15T11:04:58.783+0000] {python.py:201} INFO - Done. Returned value was: train_model
[2026-01-15T11:04:58.784+0000] {branch.py:35} INFO - Branch into train_model
[2026-01-15T11:04:58.785+0000] {skipmixin.py:178} INFO - Following branch train_model
[2026-01-15T11:04:58.809+0000] {skipmixin.py:244} INFO - Skipping tasks [('stop_pipeline', -1)]
[2026-01-15T11:04:58.864+0000] {taskinstance.py:1138} INFO - Marking task as SUCCESS. dag_id=nyc_taxi_weather_prediction, task_id=check_data_quality, execution_date=20260115T110443, start_date=20260115T110458, end_date=20260115T110458
[2026-01-15T11:04:58.898+0000] {local_task_job_runner.py:234} INFO - Task exited with return code 0
[2026-01-15T11:04:58.928+0000] {taskinstance.py:3280} INFO - 1 downstream tasks scheduled from follow-on schedule check
