[2026-01-15T10:40:26.827+0000] {processor.py:161} INFO - Started process (PID=46) to work on /home/airflow/.local/lib/python3.8/site-packages/airflow/example_dags/example_dag_decorator.py
[2026-01-15T10:40:26.829+0000] {processor.py:830} INFO - Processing file /home/airflow/.local/lib/python3.8/site-packages/airflow/example_dags/example_dag_decorator.py for tasks to queue
[2026-01-15T10:40:26.832+0000] {logging_mixin.py:188} INFO - [2026-01-15T10:40:26.831+0000] {dagbag.py:538} INFO - Filling up the DagBag from /home/airflow/.local/lib/python3.8/site-packages/airflow/example_dags/example_dag_decorator.py
[2026-01-15T10:40:27.071+0000] {processor.py:840} INFO - DAG(s) 'example_dag_decorator' retrieved from /home/airflow/.local/lib/python3.8/site-packages/airflow/example_dags/example_dag_decorator.py
[2026-01-15T10:40:27.103+0000] {logging_mixin.py:188} INFO - [2026-01-15T10:40:27.103+0000] {dag.py:3036} INFO - Sync 1 DAGs
[2026-01-15T10:40:27.119+0000] {logging_mixin.py:188} INFO - [2026-01-15T10:40:27.119+0000] {dag.py:3823} INFO - Setting next_dagrun for example_dag_decorator to None, run_after=None
[2026-01-15T10:40:27.164+0000] {processor.py:183} INFO - Processing /home/airflow/.local/lib/python3.8/site-packages/airflow/example_dags/example_dag_decorator.py took 0.343 seconds
[2026-01-15T10:40:57.603+0000] {processor.py:161} INFO - Started process (PID=107) to work on /home/airflow/.local/lib/python3.8/site-packages/airflow/example_dags/example_dag_decorator.py
[2026-01-15T10:40:57.605+0000] {processor.py:830} INFO - Processing file /home/airflow/.local/lib/python3.8/site-packages/airflow/example_dags/example_dag_decorator.py for tasks to queue
[2026-01-15T10:40:57.609+0000] {logging_mixin.py:188} INFO - [2026-01-15T10:40:57.608+0000] {dagbag.py:538} INFO - Filling up the DagBag from /home/airflow/.local/lib/python3.8/site-packages/airflow/example_dags/example_dag_decorator.py
[2026-01-15T10:40:57.711+0000] {processor.py:840} INFO - DAG(s) 'example_dag_decorator' retrieved from /home/airflow/.local/lib/python3.8/site-packages/airflow/example_dags/example_dag_decorator.py
[2026-01-15T10:40:57.877+0000] {logging_mixin.py:188} INFO - [2026-01-15T10:40:57.877+0000] {dag.py:3036} INFO - Sync 1 DAGs
[2026-01-15T10:40:57.891+0000] {logging_mixin.py:188} INFO - [2026-01-15T10:40:57.890+0000] {dag.py:3823} INFO - Setting next_dagrun for example_dag_decorator to None, run_after=None
[2026-01-15T10:40:57.951+0000] {processor.py:183} INFO - Processing /home/airflow/.local/lib/python3.8/site-packages/airflow/example_dags/example_dag_decorator.py took 0.353 seconds
[2026-01-15T10:41:28.164+0000] {processor.py:161} INFO - Started process (PID=162) to work on /home/airflow/.local/lib/python3.8/site-packages/airflow/example_dags/example_dag_decorator.py
[2026-01-15T10:41:28.166+0000] {processor.py:830} INFO - Processing file /home/airflow/.local/lib/python3.8/site-packages/airflow/example_dags/example_dag_decorator.py for tasks to queue
[2026-01-15T10:41:28.168+0000] {logging_mixin.py:188} INFO - [2026-01-15T10:41:28.168+0000] {dagbag.py:538} INFO - Filling up the DagBag from /home/airflow/.local/lib/python3.8/site-packages/airflow/example_dags/example_dag_decorator.py
[2026-01-15T10:41:28.258+0000] {processor.py:840} INFO - DAG(s) 'example_dag_decorator' retrieved from /home/airflow/.local/lib/python3.8/site-packages/airflow/example_dags/example_dag_decorator.py
[2026-01-15T10:41:28.373+0000] {logging_mixin.py:188} INFO - [2026-01-15T10:41:28.372+0000] {dag.py:3036} INFO - Sync 1 DAGs
[2026-01-15T10:41:28.383+0000] {logging_mixin.py:188} INFO - [2026-01-15T10:41:28.383+0000] {dag.py:3823} INFO - Setting next_dagrun for example_dag_decorator to None, run_after=None
[2026-01-15T10:41:28.407+0000] {processor.py:183} INFO - Processing /home/airflow/.local/lib/python3.8/site-packages/airflow/example_dags/example_dag_decorator.py took 0.248 seconds
[2026-01-15T10:41:58.592+0000] {processor.py:161} INFO - Started process (PID=218) to work on /home/airflow/.local/lib/python3.8/site-packages/airflow/example_dags/example_dag_decorator.py
[2026-01-15T10:41:58.594+0000] {processor.py:830} INFO - Processing file /home/airflow/.local/lib/python3.8/site-packages/airflow/example_dags/example_dag_decorator.py for tasks to queue
[2026-01-15T10:41:58.597+0000] {logging_mixin.py:188} INFO - [2026-01-15T10:41:58.597+0000] {dagbag.py:538} INFO - Filling up the DagBag from /home/airflow/.local/lib/python3.8/site-packages/airflow/example_dags/example_dag_decorator.py
[2026-01-15T10:41:58.691+0000] {processor.py:840} INFO - DAG(s) 'example_dag_decorator' retrieved from /home/airflow/.local/lib/python3.8/site-packages/airflow/example_dags/example_dag_decorator.py
[2026-01-15T10:41:58.805+0000] {logging_mixin.py:188} INFO - [2026-01-15T10:41:58.804+0000] {dag.py:3036} INFO - Sync 1 DAGs
[2026-01-15T10:41:58.816+0000] {logging_mixin.py:188} INFO - [2026-01-15T10:41:58.816+0000] {dag.py:3823} INFO - Setting next_dagrun for example_dag_decorator to None, run_after=None
[2026-01-15T10:41:58.840+0000] {processor.py:183} INFO - Processing /home/airflow/.local/lib/python3.8/site-packages/airflow/example_dags/example_dag_decorator.py took 0.252 seconds
[2026-01-15T10:42:28.910+0000] {processor.py:161} INFO - Started process (PID=274) to work on /home/airflow/.local/lib/python3.8/site-packages/airflow/example_dags/example_dag_decorator.py
[2026-01-15T10:42:28.911+0000] {processor.py:830} INFO - Processing file /home/airflow/.local/lib/python3.8/site-packages/airflow/example_dags/example_dag_decorator.py for tasks to queue
[2026-01-15T10:42:28.914+0000] {logging_mixin.py:188} INFO - [2026-01-15T10:42:28.913+0000] {dagbag.py:538} INFO - Filling up the DagBag from /home/airflow/.local/lib/python3.8/site-packages/airflow/example_dags/example_dag_decorator.py
[2026-01-15T10:42:29.013+0000] {processor.py:840} INFO - DAG(s) 'example_dag_decorator' retrieved from /home/airflow/.local/lib/python3.8/site-packages/airflow/example_dags/example_dag_decorator.py
[2026-01-15T10:42:29.133+0000] {logging_mixin.py:188} INFO - [2026-01-15T10:42:29.133+0000] {dag.py:3036} INFO - Sync 1 DAGs
[2026-01-15T10:42:29.145+0000] {logging_mixin.py:188} INFO - [2026-01-15T10:42:29.145+0000] {dag.py:3823} INFO - Setting next_dagrun for example_dag_decorator to None, run_after=None
[2026-01-15T10:42:29.170+0000] {processor.py:183} INFO - Processing /home/airflow/.local/lib/python3.8/site-packages/airflow/example_dags/example_dag_decorator.py took 0.265 seconds
[2026-01-15T10:42:59.354+0000] {processor.py:161} INFO - Started process (PID=331) to work on /home/airflow/.local/lib/python3.8/site-packages/airflow/example_dags/example_dag_decorator.py
[2026-01-15T10:42:59.356+0000] {processor.py:830} INFO - Processing file /home/airflow/.local/lib/python3.8/site-packages/airflow/example_dags/example_dag_decorator.py for tasks to queue
[2026-01-15T10:42:59.358+0000] {logging_mixin.py:188} INFO - [2026-01-15T10:42:59.358+0000] {dagbag.py:538} INFO - Filling up the DagBag from /home/airflow/.local/lib/python3.8/site-packages/airflow/example_dags/example_dag_decorator.py
[2026-01-15T10:42:59.452+0000] {processor.py:840} INFO - DAG(s) 'example_dag_decorator' retrieved from /home/airflow/.local/lib/python3.8/site-packages/airflow/example_dags/example_dag_decorator.py
[2026-01-15T10:42:59.568+0000] {logging_mixin.py:188} INFO - [2026-01-15T10:42:59.568+0000] {dag.py:3036} INFO - Sync 1 DAGs
[2026-01-15T10:42:59.580+0000] {logging_mixin.py:188} INFO - [2026-01-15T10:42:59.579+0000] {dag.py:3823} INFO - Setting next_dagrun for example_dag_decorator to None, run_after=None
[2026-01-15T10:42:59.604+0000] {processor.py:183} INFO - Processing /home/airflow/.local/lib/python3.8/site-packages/airflow/example_dags/example_dag_decorator.py took 0.254 seconds
[2026-01-15T10:43:29.995+0000] {processor.py:161} INFO - Started process (PID=387) to work on /home/airflow/.local/lib/python3.8/site-packages/airflow/example_dags/example_dag_decorator.py
[2026-01-15T10:43:29.997+0000] {processor.py:830} INFO - Processing file /home/airflow/.local/lib/python3.8/site-packages/airflow/example_dags/example_dag_decorator.py for tasks to queue
[2026-01-15T10:43:29.999+0000] {logging_mixin.py:188} INFO - [2026-01-15T10:43:29.999+0000] {dagbag.py:538} INFO - Filling up the DagBag from /home/airflow/.local/lib/python3.8/site-packages/airflow/example_dags/example_dag_decorator.py
[2026-01-15T10:43:30.099+0000] {processor.py:840} INFO - DAG(s) 'example_dag_decorator' retrieved from /home/airflow/.local/lib/python3.8/site-packages/airflow/example_dags/example_dag_decorator.py
[2026-01-15T10:43:30.224+0000] {logging_mixin.py:188} INFO - [2026-01-15T10:43:30.224+0000] {dag.py:3036} INFO - Sync 1 DAGs
[2026-01-15T10:43:30.236+0000] {logging_mixin.py:188} INFO - [2026-01-15T10:43:30.235+0000] {dag.py:3823} INFO - Setting next_dagrun for example_dag_decorator to None, run_after=None
[2026-01-15T10:43:30.263+0000] {processor.py:183} INFO - Processing /home/airflow/.local/lib/python3.8/site-packages/airflow/example_dags/example_dag_decorator.py took 0.272 seconds
[2026-01-15T10:44:00.687+0000] {processor.py:161} INFO - Started process (PID=443) to work on /home/airflow/.local/lib/python3.8/site-packages/airflow/example_dags/example_dag_decorator.py
[2026-01-15T10:44:00.688+0000] {processor.py:830} INFO - Processing file /home/airflow/.local/lib/python3.8/site-packages/airflow/example_dags/example_dag_decorator.py for tasks to queue
[2026-01-15T10:44:00.691+0000] {logging_mixin.py:188} INFO - [2026-01-15T10:44:00.690+0000] {dagbag.py:538} INFO - Filling up the DagBag from /home/airflow/.local/lib/python3.8/site-packages/airflow/example_dags/example_dag_decorator.py
[2026-01-15T10:44:00.803+0000] {processor.py:840} INFO - DAG(s) 'example_dag_decorator' retrieved from /home/airflow/.local/lib/python3.8/site-packages/airflow/example_dags/example_dag_decorator.py
[2026-01-15T10:44:00.925+0000] {logging_mixin.py:188} INFO - [2026-01-15T10:44:00.925+0000] {dag.py:3036} INFO - Sync 1 DAGs
[2026-01-15T10:44:00.939+0000] {logging_mixin.py:188} INFO - [2026-01-15T10:44:00.938+0000] {dag.py:3823} INFO - Setting next_dagrun for example_dag_decorator to None, run_after=None
[2026-01-15T10:44:00.965+0000] {processor.py:183} INFO - Processing /home/airflow/.local/lib/python3.8/site-packages/airflow/example_dags/example_dag_decorator.py took 0.282 seconds
[2026-01-15T10:44:31.199+0000] {processor.py:161} INFO - Started process (PID=499) to work on /home/airflow/.local/lib/python3.8/site-packages/airflow/example_dags/example_dag_decorator.py
[2026-01-15T10:44:31.200+0000] {processor.py:830} INFO - Processing file /home/airflow/.local/lib/python3.8/site-packages/airflow/example_dags/example_dag_decorator.py for tasks to queue
[2026-01-15T10:44:31.203+0000] {logging_mixin.py:188} INFO - [2026-01-15T10:44:31.203+0000] {dagbag.py:538} INFO - Filling up the DagBag from /home/airflow/.local/lib/python3.8/site-packages/airflow/example_dags/example_dag_decorator.py
[2026-01-15T10:44:31.300+0000] {processor.py:840} INFO - DAG(s) 'example_dag_decorator' retrieved from /home/airflow/.local/lib/python3.8/site-packages/airflow/example_dags/example_dag_decorator.py
[2026-01-15T10:44:31.413+0000] {logging_mixin.py:188} INFO - [2026-01-15T10:44:31.413+0000] {dag.py:3036} INFO - Sync 1 DAGs
[2026-01-15T10:44:31.426+0000] {logging_mixin.py:188} INFO - [2026-01-15T10:44:31.425+0000] {dag.py:3823} INFO - Setting next_dagrun for example_dag_decorator to None, run_after=None
[2026-01-15T10:44:31.448+0000] {processor.py:183} INFO - Processing /home/airflow/.local/lib/python3.8/site-packages/airflow/example_dags/example_dag_decorator.py took 0.255 seconds
[2026-01-15T10:45:02.394+0000] {processor.py:161} INFO - Started process (PID=554) to work on /home/airflow/.local/lib/python3.8/site-packages/airflow/example_dags/example_dag_decorator.py
[2026-01-15T10:45:02.395+0000] {processor.py:830} INFO - Processing file /home/airflow/.local/lib/python3.8/site-packages/airflow/example_dags/example_dag_decorator.py for tasks to queue
[2026-01-15T10:45:02.398+0000] {logging_mixin.py:188} INFO - [2026-01-15T10:45:02.398+0000] {dagbag.py:538} INFO - Filling up the DagBag from /home/airflow/.local/lib/python3.8/site-packages/airflow/example_dags/example_dag_decorator.py
[2026-01-15T10:45:02.498+0000] {processor.py:840} INFO - DAG(s) 'example_dag_decorator' retrieved from /home/airflow/.local/lib/python3.8/site-packages/airflow/example_dags/example_dag_decorator.py
[2026-01-15T10:45:02.614+0000] {logging_mixin.py:188} INFO - [2026-01-15T10:45:02.613+0000] {dag.py:3036} INFO - Sync 1 DAGs
[2026-01-15T10:45:02.626+0000] {logging_mixin.py:188} INFO - [2026-01-15T10:45:02.626+0000] {dag.py:3823} INFO - Setting next_dagrun for example_dag_decorator to None, run_after=None
[2026-01-15T10:45:02.652+0000] {processor.py:183} INFO - Processing /home/airflow/.local/lib/python3.8/site-packages/airflow/example_dags/example_dag_decorator.py took 0.263 seconds
[2026-01-15T10:46:18.633+0000] {processor.py:161} INFO - Started process (PID=47) to work on /home/airflow/.local/lib/python3.8/site-packages/airflow/example_dags/example_dag_decorator.py
[2026-01-15T10:46:18.635+0000] {processor.py:830} INFO - Processing file /home/airflow/.local/lib/python3.8/site-packages/airflow/example_dags/example_dag_decorator.py for tasks to queue
[2026-01-15T10:46:18.637+0000] {logging_mixin.py:188} INFO - [2026-01-15T10:46:18.637+0000] {dagbag.py:538} INFO - Filling up the DagBag from /home/airflow/.local/lib/python3.8/site-packages/airflow/example_dags/example_dag_decorator.py
[2026-01-15T10:46:18.891+0000] {processor.py:840} INFO - DAG(s) 'example_dag_decorator' retrieved from /home/airflow/.local/lib/python3.8/site-packages/airflow/example_dags/example_dag_decorator.py
[2026-01-15T10:46:18.923+0000] {logging_mixin.py:188} INFO - [2026-01-15T10:46:18.923+0000] {dag.py:3036} INFO - Sync 1 DAGs
[2026-01-15T10:46:18.939+0000] {logging_mixin.py:188} INFO - [2026-01-15T10:46:18.938+0000] {dag.py:3823} INFO - Setting next_dagrun for example_dag_decorator to None, run_after=None
[2026-01-15T10:46:18.968+0000] {processor.py:183} INFO - Processing /home/airflow/.local/lib/python3.8/site-packages/airflow/example_dags/example_dag_decorator.py took 0.339 seconds
[2026-01-15T10:46:49.244+0000] {processor.py:161} INFO - Started process (PID=103) to work on /home/airflow/.local/lib/python3.8/site-packages/airflow/example_dags/example_dag_decorator.py
[2026-01-15T10:46:49.246+0000] {processor.py:830} INFO - Processing file /home/airflow/.local/lib/python3.8/site-packages/airflow/example_dags/example_dag_decorator.py for tasks to queue
[2026-01-15T10:46:49.248+0000] {logging_mixin.py:188} INFO - [2026-01-15T10:46:49.248+0000] {dagbag.py:538} INFO - Filling up the DagBag from /home/airflow/.local/lib/python3.8/site-packages/airflow/example_dags/example_dag_decorator.py
[2026-01-15T10:46:49.348+0000] {processor.py:840} INFO - DAG(s) 'example_dag_decorator' retrieved from /home/airflow/.local/lib/python3.8/site-packages/airflow/example_dags/example_dag_decorator.py
[2026-01-15T10:46:49.478+0000] {logging_mixin.py:188} INFO - [2026-01-15T10:46:49.477+0000] {dag.py:3036} INFO - Sync 1 DAGs
[2026-01-15T10:46:49.490+0000] {logging_mixin.py:188} INFO - [2026-01-15T10:46:49.490+0000] {dag.py:3823} INFO - Setting next_dagrun for example_dag_decorator to None, run_after=None
[2026-01-15T10:46:49.517+0000] {processor.py:183} INFO - Processing /home/airflow/.local/lib/python3.8/site-packages/airflow/example_dags/example_dag_decorator.py took 0.277 seconds
[2026-01-15T10:47:19.987+0000] {processor.py:161} INFO - Started process (PID=163) to work on /home/airflow/.local/lib/python3.8/site-packages/airflow/example_dags/example_dag_decorator.py
[2026-01-15T10:47:19.988+0000] {processor.py:830} INFO - Processing file /home/airflow/.local/lib/python3.8/site-packages/airflow/example_dags/example_dag_decorator.py for tasks to queue
[2026-01-15T10:47:19.992+0000] {logging_mixin.py:188} INFO - [2026-01-15T10:47:19.991+0000] {dagbag.py:538} INFO - Filling up the DagBag from /home/airflow/.local/lib/python3.8/site-packages/airflow/example_dags/example_dag_decorator.py
[2026-01-15T10:47:20.093+0000] {processor.py:840} INFO - DAG(s) 'example_dag_decorator' retrieved from /home/airflow/.local/lib/python3.8/site-packages/airflow/example_dags/example_dag_decorator.py
[2026-01-15T10:47:20.221+0000] {logging_mixin.py:188} INFO - [2026-01-15T10:47:20.221+0000] {dag.py:3036} INFO - Sync 1 DAGs
[2026-01-15T10:47:20.234+0000] {logging_mixin.py:188} INFO - [2026-01-15T10:47:20.234+0000] {dag.py:3823} INFO - Setting next_dagrun for example_dag_decorator to None, run_after=None
[2026-01-15T10:47:20.260+0000] {processor.py:183} INFO - Processing /home/airflow/.local/lib/python3.8/site-packages/airflow/example_dags/example_dag_decorator.py took 0.278 seconds
[2026-01-15T10:47:50.424+0000] {processor.py:161} INFO - Started process (PID=218) to work on /home/airflow/.local/lib/python3.8/site-packages/airflow/example_dags/example_dag_decorator.py
[2026-01-15T10:47:50.426+0000] {processor.py:830} INFO - Processing file /home/airflow/.local/lib/python3.8/site-packages/airflow/example_dags/example_dag_decorator.py for tasks to queue
[2026-01-15T10:47:50.429+0000] {logging_mixin.py:188} INFO - [2026-01-15T10:47:50.428+0000] {dagbag.py:538} INFO - Filling up the DagBag from /home/airflow/.local/lib/python3.8/site-packages/airflow/example_dags/example_dag_decorator.py
[2026-01-15T10:47:50.541+0000] {processor.py:840} INFO - DAG(s) 'example_dag_decorator' retrieved from /home/airflow/.local/lib/python3.8/site-packages/airflow/example_dags/example_dag_decorator.py
[2026-01-15T10:47:50.660+0000] {logging_mixin.py:188} INFO - [2026-01-15T10:47:50.660+0000] {dag.py:3036} INFO - Sync 1 DAGs
[2026-01-15T10:47:50.672+0000] {logging_mixin.py:188} INFO - [2026-01-15T10:47:50.671+0000] {dag.py:3823} INFO - Setting next_dagrun for example_dag_decorator to None, run_after=None
[2026-01-15T10:47:50.698+0000] {processor.py:183} INFO - Processing /home/airflow/.local/lib/python3.8/site-packages/airflow/example_dags/example_dag_decorator.py took 0.279 seconds
[2026-01-15T10:48:20.908+0000] {processor.py:161} INFO - Started process (PID=273) to work on /home/airflow/.local/lib/python3.8/site-packages/airflow/example_dags/example_dag_decorator.py
[2026-01-15T10:48:20.909+0000] {processor.py:830} INFO - Processing file /home/airflow/.local/lib/python3.8/site-packages/airflow/example_dags/example_dag_decorator.py for tasks to queue
[2026-01-15T10:48:20.912+0000] {logging_mixin.py:188} INFO - [2026-01-15T10:48:20.912+0000] {dagbag.py:538} INFO - Filling up the DagBag from /home/airflow/.local/lib/python3.8/site-packages/airflow/example_dags/example_dag_decorator.py
[2026-01-15T10:48:21.027+0000] {processor.py:840} INFO - DAG(s) 'example_dag_decorator' retrieved from /home/airflow/.local/lib/python3.8/site-packages/airflow/example_dags/example_dag_decorator.py
[2026-01-15T10:48:21.158+0000] {logging_mixin.py:188} INFO - [2026-01-15T10:48:21.157+0000] {dag.py:3036} INFO - Sync 1 DAGs
[2026-01-15T10:48:21.170+0000] {logging_mixin.py:188} INFO - [2026-01-15T10:48:21.170+0000] {dag.py:3823} INFO - Setting next_dagrun for example_dag_decorator to None, run_after=None
[2026-01-15T10:48:21.199+0000] {processor.py:183} INFO - Processing /home/airflow/.local/lib/python3.8/site-packages/airflow/example_dags/example_dag_decorator.py took 0.296 seconds
[2026-01-15T10:51:06.310+0000] {processor.py:161} INFO - Started process (PID=46) to work on /home/airflow/.local/lib/python3.8/site-packages/airflow/example_dags/example_dag_decorator.py
[2026-01-15T10:51:06.312+0000] {processor.py:830} INFO - Processing file /home/airflow/.local/lib/python3.8/site-packages/airflow/example_dags/example_dag_decorator.py for tasks to queue
[2026-01-15T10:51:06.322+0000] {logging_mixin.py:188} INFO - [2026-01-15T10:51:06.321+0000] {dagbag.py:538} INFO - Filling up the DagBag from /home/airflow/.local/lib/python3.8/site-packages/airflow/example_dags/example_dag_decorator.py
[2026-01-15T10:51:06.622+0000] {processor.py:840} INFO - DAG(s) 'example_dag_decorator' retrieved from /home/airflow/.local/lib/python3.8/site-packages/airflow/example_dags/example_dag_decorator.py
[2026-01-15T10:51:06.657+0000] {logging_mixin.py:188} INFO - [2026-01-15T10:51:06.657+0000] {dag.py:3036} INFO - Sync 1 DAGs
[2026-01-15T10:51:06.676+0000] {logging_mixin.py:188} INFO - [2026-01-15T10:51:06.676+0000] {dag.py:3823} INFO - Setting next_dagrun for example_dag_decorator to None, run_after=None
[2026-01-15T10:51:06.730+0000] {processor.py:183} INFO - Processing /home/airflow/.local/lib/python3.8/site-packages/airflow/example_dags/example_dag_decorator.py took 0.425 seconds
[2026-01-15T10:51:37.291+0000] {processor.py:161} INFO - Started process (PID=109) to work on /home/airflow/.local/lib/python3.8/site-packages/airflow/example_dags/example_dag_decorator.py
[2026-01-15T10:51:37.293+0000] {processor.py:830} INFO - Processing file /home/airflow/.local/lib/python3.8/site-packages/airflow/example_dags/example_dag_decorator.py for tasks to queue
[2026-01-15T10:51:37.298+0000] {logging_mixin.py:188} INFO - [2026-01-15T10:51:37.297+0000] {dagbag.py:538} INFO - Filling up the DagBag from /home/airflow/.local/lib/python3.8/site-packages/airflow/example_dags/example_dag_decorator.py
[2026-01-15T10:51:37.411+0000] {processor.py:840} INFO - DAG(s) 'example_dag_decorator' retrieved from /home/airflow/.local/lib/python3.8/site-packages/airflow/example_dags/example_dag_decorator.py
[2026-01-15T10:51:37.550+0000] {logging_mixin.py:188} INFO - [2026-01-15T10:51:37.549+0000] {dag.py:3036} INFO - Sync 1 DAGs
[2026-01-15T10:51:37.563+0000] {logging_mixin.py:188} INFO - [2026-01-15T10:51:37.563+0000] {dag.py:3823} INFO - Setting next_dagrun for example_dag_decorator to None, run_after=None
[2026-01-15T10:51:37.632+0000] {processor.py:183} INFO - Processing /home/airflow/.local/lib/python3.8/site-packages/airflow/example_dags/example_dag_decorator.py took 0.349 seconds
