[2026-01-15T10:40:30.195+0000] {processor.py:161} INFO - Started process (PID=85) to work on /home/airflow/.local/lib/python3.8/site-packages/airflow/example_dags/example_branch_day_of_week_operator.py
[2026-01-15T10:40:30.197+0000] {processor.py:830} INFO - Processing file /home/airflow/.local/lib/python3.8/site-packages/airflow/example_dags/example_branch_day_of_week_operator.py for tasks to queue
[2026-01-15T10:40:30.201+0000] {logging_mixin.py:188} INFO - [2026-01-15T10:40:30.200+0000] {dagbag.py:538} INFO - Filling up the DagBag from /home/airflow/.local/lib/python3.8/site-packages/airflow/example_dags/example_branch_day_of_week_operator.py
[2026-01-15T10:40:30.215+0000] {processor.py:840} INFO - DAG(s) 'example_weekday_branch_operator' retrieved from /home/airflow/.local/lib/python3.8/site-packages/airflow/example_dags/example_branch_day_of_week_operator.py
[2026-01-15T10:40:30.239+0000] {logging_mixin.py:188} INFO - [2026-01-15T10:40:30.239+0000] {dag.py:3036} INFO - Sync 1 DAGs
[2026-01-15T10:40:30.272+0000] {logging_mixin.py:188} INFO - [2026-01-15T10:40:30.271+0000] {dag.py:3823} INFO - Setting next_dagrun for example_weekday_branch_operator to 2026-01-14 00:00:00+00:00, run_after=2026-01-15 00:00:00+00:00
[2026-01-15T10:40:30.319+0000] {processor.py:183} INFO - Processing /home/airflow/.local/lib/python3.8/site-packages/airflow/example_dags/example_branch_day_of_week_operator.py took 0.128 seconds
[2026-01-15T10:41:02.577+0000] {processor.py:161} INFO - Started process (PID=140) to work on /home/airflow/.local/lib/python3.8/site-packages/airflow/example_dags/example_branch_day_of_week_operator.py
[2026-01-15T10:41:02.579+0000] {processor.py:830} INFO - Processing file /home/airflow/.local/lib/python3.8/site-packages/airflow/example_dags/example_branch_day_of_week_operator.py for tasks to queue
[2026-01-15T10:41:02.583+0000] {logging_mixin.py:188} INFO - [2026-01-15T10:41:02.582+0000] {dagbag.py:538} INFO - Filling up the DagBag from /home/airflow/.local/lib/python3.8/site-packages/airflow/example_dags/example_branch_day_of_week_operator.py
[2026-01-15T10:41:02.595+0000] {processor.py:840} INFO - DAG(s) 'example_weekday_branch_operator' retrieved from /home/airflow/.local/lib/python3.8/site-packages/airflow/example_dags/example_branch_day_of_week_operator.py
[2026-01-15T10:41:02.743+0000] {logging_mixin.py:188} INFO - [2026-01-15T10:41:02.743+0000] {dag.py:3036} INFO - Sync 1 DAGs
[2026-01-15T10:41:02.771+0000] {logging_mixin.py:188} INFO - [2026-01-15T10:41:02.771+0000] {dag.py:3823} INFO - Setting next_dagrun for example_weekday_branch_operator to 2026-01-14 00:00:00+00:00, run_after=2026-01-15 00:00:00+00:00
[2026-01-15T10:41:02.819+0000] {processor.py:183} INFO - Processing /home/airflow/.local/lib/python3.8/site-packages/airflow/example_dags/example_branch_day_of_week_operator.py took 0.247 seconds
[2026-01-15T10:41:33.239+0000] {processor.py:161} INFO - Started process (PID=195) to work on /home/airflow/.local/lib/python3.8/site-packages/airflow/example_dags/example_branch_day_of_week_operator.py
[2026-01-15T10:41:33.241+0000] {processor.py:830} INFO - Processing file /home/airflow/.local/lib/python3.8/site-packages/airflow/example_dags/example_branch_day_of_week_operator.py for tasks to queue
[2026-01-15T10:41:33.244+0000] {logging_mixin.py:188} INFO - [2026-01-15T10:41:33.243+0000] {dagbag.py:538} INFO - Filling up the DagBag from /home/airflow/.local/lib/python3.8/site-packages/airflow/example_dags/example_branch_day_of_week_operator.py
[2026-01-15T10:41:33.253+0000] {processor.py:840} INFO - DAG(s) 'example_weekday_branch_operator' retrieved from /home/airflow/.local/lib/python3.8/site-packages/airflow/example_dags/example_branch_day_of_week_operator.py
[2026-01-15T10:41:33.284+0000] {logging_mixin.py:188} INFO - [2026-01-15T10:41:33.284+0000] {dag.py:3036} INFO - Sync 1 DAGs
[2026-01-15T10:41:33.311+0000] {logging_mixin.py:188} INFO - [2026-01-15T10:41:33.310+0000] {dag.py:3823} INFO - Setting next_dagrun for example_weekday_branch_operator to 2026-01-14 00:00:00+00:00, run_after=2026-01-15 00:00:00+00:00
[2026-01-15T10:41:33.335+0000] {processor.py:183} INFO - Processing /home/airflow/.local/lib/python3.8/site-packages/airflow/example_dags/example_branch_day_of_week_operator.py took 0.101 seconds
[2026-01-15T10:42:03.591+0000] {processor.py:161} INFO - Started process (PID=251) to work on /home/airflow/.local/lib/python3.8/site-packages/airflow/example_dags/example_branch_day_of_week_operator.py
[2026-01-15T10:42:03.593+0000] {processor.py:830} INFO - Processing file /home/airflow/.local/lib/python3.8/site-packages/airflow/example_dags/example_branch_day_of_week_operator.py for tasks to queue
[2026-01-15T10:42:03.596+0000] {logging_mixin.py:188} INFO - [2026-01-15T10:42:03.595+0000] {dagbag.py:538} INFO - Filling up the DagBag from /home/airflow/.local/lib/python3.8/site-packages/airflow/example_dags/example_branch_day_of_week_operator.py
[2026-01-15T10:42:03.605+0000] {processor.py:840} INFO - DAG(s) 'example_weekday_branch_operator' retrieved from /home/airflow/.local/lib/python3.8/site-packages/airflow/example_dags/example_branch_day_of_week_operator.py
[2026-01-15T10:42:03.634+0000] {logging_mixin.py:188} INFO - [2026-01-15T10:42:03.634+0000] {dag.py:3036} INFO - Sync 1 DAGs
[2026-01-15T10:42:03.663+0000] {logging_mixin.py:188} INFO - [2026-01-15T10:42:03.663+0000] {dag.py:3823} INFO - Setting next_dagrun for example_weekday_branch_operator to 2026-01-14 00:00:00+00:00, run_after=2026-01-15 00:00:00+00:00
[2026-01-15T10:42:03.690+0000] {processor.py:183} INFO - Processing /home/airflow/.local/lib/python3.8/site-packages/airflow/example_dags/example_branch_day_of_week_operator.py took 0.103 seconds
[2026-01-15T10:42:33.934+0000] {processor.py:161} INFO - Started process (PID=306) to work on /home/airflow/.local/lib/python3.8/site-packages/airflow/example_dags/example_branch_day_of_week_operator.py
[2026-01-15T10:42:33.936+0000] {processor.py:830} INFO - Processing file /home/airflow/.local/lib/python3.8/site-packages/airflow/example_dags/example_branch_day_of_week_operator.py for tasks to queue
[2026-01-15T10:42:33.938+0000] {logging_mixin.py:188} INFO - [2026-01-15T10:42:33.938+0000] {dagbag.py:538} INFO - Filling up the DagBag from /home/airflow/.local/lib/python3.8/site-packages/airflow/example_dags/example_branch_day_of_week_operator.py
[2026-01-15T10:42:33.948+0000] {processor.py:840} INFO - DAG(s) 'example_weekday_branch_operator' retrieved from /home/airflow/.local/lib/python3.8/site-packages/airflow/example_dags/example_branch_day_of_week_operator.py
[2026-01-15T10:42:33.978+0000] {logging_mixin.py:188} INFO - [2026-01-15T10:42:33.978+0000] {dag.py:3036} INFO - Sync 1 DAGs
[2026-01-15T10:42:34.003+0000] {logging_mixin.py:188} INFO - [2026-01-15T10:42:34.003+0000] {dag.py:3823} INFO - Setting next_dagrun for example_weekday_branch_operator to 2026-01-14 00:00:00+00:00, run_after=2026-01-15 00:00:00+00:00
[2026-01-15T10:42:34.028+0000] {processor.py:183} INFO - Processing /home/airflow/.local/lib/python3.8/site-packages/airflow/example_dags/example_branch_day_of_week_operator.py took 0.099 seconds
[2026-01-15T10:43:04.175+0000] {processor.py:161} INFO - Started process (PID=361) to work on /home/airflow/.local/lib/python3.8/site-packages/airflow/example_dags/example_branch_day_of_week_operator.py
[2026-01-15T10:43:04.176+0000] {processor.py:830} INFO - Processing file /home/airflow/.local/lib/python3.8/site-packages/airflow/example_dags/example_branch_day_of_week_operator.py for tasks to queue
[2026-01-15T10:43:04.179+0000] {logging_mixin.py:188} INFO - [2026-01-15T10:43:04.179+0000] {dagbag.py:538} INFO - Filling up the DagBag from /home/airflow/.local/lib/python3.8/site-packages/airflow/example_dags/example_branch_day_of_week_operator.py
[2026-01-15T10:43:04.190+0000] {processor.py:840} INFO - DAG(s) 'example_weekday_branch_operator' retrieved from /home/airflow/.local/lib/python3.8/site-packages/airflow/example_dags/example_branch_day_of_week_operator.py
[2026-01-15T10:43:04.224+0000] {logging_mixin.py:188} INFO - [2026-01-15T10:43:04.224+0000] {dag.py:3036} INFO - Sync 1 DAGs
[2026-01-15T10:43:04.257+0000] {logging_mixin.py:188} INFO - [2026-01-15T10:43:04.257+0000] {dag.py:3823} INFO - Setting next_dagrun for example_weekday_branch_operator to 2026-01-14 00:00:00+00:00, run_after=2026-01-15 00:00:00+00:00
[2026-01-15T10:43:04.288+0000] {processor.py:183} INFO - Processing /home/airflow/.local/lib/python3.8/site-packages/airflow/example_dags/example_branch_day_of_week_operator.py took 0.118 seconds
[2026-01-15T10:43:34.473+0000] {processor.py:161} INFO - Started process (PID=416) to work on /home/airflow/.local/lib/python3.8/site-packages/airflow/example_dags/example_branch_day_of_week_operator.py
[2026-01-15T10:43:34.475+0000] {processor.py:830} INFO - Processing file /home/airflow/.local/lib/python3.8/site-packages/airflow/example_dags/example_branch_day_of_week_operator.py for tasks to queue
[2026-01-15T10:43:34.478+0000] {logging_mixin.py:188} INFO - [2026-01-15T10:43:34.477+0000] {dagbag.py:538} INFO - Filling up the DagBag from /home/airflow/.local/lib/python3.8/site-packages/airflow/example_dags/example_branch_day_of_week_operator.py
[2026-01-15T10:43:34.487+0000] {processor.py:840} INFO - DAG(s) 'example_weekday_branch_operator' retrieved from /home/airflow/.local/lib/python3.8/site-packages/airflow/example_dags/example_branch_day_of_week_operator.py
[2026-01-15T10:43:34.515+0000] {logging_mixin.py:188} INFO - [2026-01-15T10:43:34.514+0000] {dag.py:3036} INFO - Sync 1 DAGs
[2026-01-15T10:43:34.539+0000] {logging_mixin.py:188} INFO - [2026-01-15T10:43:34.539+0000] {dag.py:3823} INFO - Setting next_dagrun for example_weekday_branch_operator to 2026-01-14 00:00:00+00:00, run_after=2026-01-15 00:00:00+00:00
[2026-01-15T10:43:34.561+0000] {processor.py:183} INFO - Processing /home/airflow/.local/lib/python3.8/site-packages/airflow/example_dags/example_branch_day_of_week_operator.py took 0.092 seconds
[2026-01-15T10:44:05.204+0000] {processor.py:161} INFO - Started process (PID=471) to work on /home/airflow/.local/lib/python3.8/site-packages/airflow/example_dags/example_branch_day_of_week_operator.py
[2026-01-15T10:44:05.206+0000] {processor.py:830} INFO - Processing file /home/airflow/.local/lib/python3.8/site-packages/airflow/example_dags/example_branch_day_of_week_operator.py for tasks to queue
[2026-01-15T10:44:05.208+0000] {logging_mixin.py:188} INFO - [2026-01-15T10:44:05.208+0000] {dagbag.py:538} INFO - Filling up the DagBag from /home/airflow/.local/lib/python3.8/site-packages/airflow/example_dags/example_branch_day_of_week_operator.py
[2026-01-15T10:44:05.218+0000] {processor.py:840} INFO - DAG(s) 'example_weekday_branch_operator' retrieved from /home/airflow/.local/lib/python3.8/site-packages/airflow/example_dags/example_branch_day_of_week_operator.py
[2026-01-15T10:44:05.249+0000] {logging_mixin.py:188} INFO - [2026-01-15T10:44:05.249+0000] {dag.py:3036} INFO - Sync 1 DAGs
[2026-01-15T10:44:05.276+0000] {logging_mixin.py:188} INFO - [2026-01-15T10:44:05.276+0000] {dag.py:3823} INFO - Setting next_dagrun for example_weekday_branch_operator to 2026-01-14 00:00:00+00:00, run_after=2026-01-15 00:00:00+00:00
[2026-01-15T10:44:05.301+0000] {processor.py:183} INFO - Processing /home/airflow/.local/lib/python3.8/site-packages/airflow/example_dags/example_branch_day_of_week_operator.py took 0.101 seconds
[2026-01-15T10:44:35.696+0000] {processor.py:161} INFO - Started process (PID=526) to work on /home/airflow/.local/lib/python3.8/site-packages/airflow/example_dags/example_branch_day_of_week_operator.py
[2026-01-15T10:44:35.698+0000] {processor.py:830} INFO - Processing file /home/airflow/.local/lib/python3.8/site-packages/airflow/example_dags/example_branch_day_of_week_operator.py for tasks to queue
[2026-01-15T10:44:35.701+0000] {logging_mixin.py:188} INFO - [2026-01-15T10:44:35.700+0000] {dagbag.py:538} INFO - Filling up the DagBag from /home/airflow/.local/lib/python3.8/site-packages/airflow/example_dags/example_branch_day_of_week_operator.py
[2026-01-15T10:44:35.710+0000] {processor.py:840} INFO - DAG(s) 'example_weekday_branch_operator' retrieved from /home/airflow/.local/lib/python3.8/site-packages/airflow/example_dags/example_branch_day_of_week_operator.py
[2026-01-15T10:44:35.742+0000] {logging_mixin.py:188} INFO - [2026-01-15T10:44:35.741+0000] {dag.py:3036} INFO - Sync 1 DAGs
[2026-01-15T10:44:35.768+0000] {logging_mixin.py:188} INFO - [2026-01-15T10:44:35.767+0000] {dag.py:3823} INFO - Setting next_dagrun for example_weekday_branch_operator to 2026-01-14 00:00:00+00:00, run_after=2026-01-15 00:00:00+00:00
[2026-01-15T10:44:35.792+0000] {processor.py:183} INFO - Processing /home/airflow/.local/lib/python3.8/site-packages/airflow/example_dags/example_branch_day_of_week_operator.py took 0.100 seconds
[2026-01-15T10:45:05.958+0000] {processor.py:161} INFO - Started process (PID=581) to work on /home/airflow/.local/lib/python3.8/site-packages/airflow/example_dags/example_branch_day_of_week_operator.py
[2026-01-15T10:45:05.960+0000] {processor.py:830} INFO - Processing file /home/airflow/.local/lib/python3.8/site-packages/airflow/example_dags/example_branch_day_of_week_operator.py for tasks to queue
[2026-01-15T10:45:05.963+0000] {logging_mixin.py:188} INFO - [2026-01-15T10:45:05.962+0000] {dagbag.py:538} INFO - Filling up the DagBag from /home/airflow/.local/lib/python3.8/site-packages/airflow/example_dags/example_branch_day_of_week_operator.py
[2026-01-15T10:45:05.973+0000] {processor.py:840} INFO - DAG(s) 'example_weekday_branch_operator' retrieved from /home/airflow/.local/lib/python3.8/site-packages/airflow/example_dags/example_branch_day_of_week_operator.py
[2026-01-15T10:45:06.006+0000] {logging_mixin.py:188} INFO - [2026-01-15T10:45:06.005+0000] {dag.py:3036} INFO - Sync 1 DAGs
[2026-01-15T10:45:06.035+0000] {logging_mixin.py:188} INFO - [2026-01-15T10:45:06.035+0000] {dag.py:3823} INFO - Setting next_dagrun for example_weekday_branch_operator to 2026-01-14 00:00:00+00:00, run_after=2026-01-15 00:00:00+00:00
[2026-01-15T10:45:06.063+0000] {processor.py:183} INFO - Processing /home/airflow/.local/lib/python3.8/site-packages/airflow/example_dags/example_branch_day_of_week_operator.py took 0.108 seconds
[2026-01-15T10:46:22.061+0000] {processor.py:161} INFO - Started process (PID=86) to work on /home/airflow/.local/lib/python3.8/site-packages/airflow/example_dags/example_branch_day_of_week_operator.py
[2026-01-15T10:46:22.063+0000] {processor.py:830} INFO - Processing file /home/airflow/.local/lib/python3.8/site-packages/airflow/example_dags/example_branch_day_of_week_operator.py for tasks to queue
[2026-01-15T10:46:22.066+0000] {logging_mixin.py:188} INFO - [2026-01-15T10:46:22.065+0000] {dagbag.py:538} INFO - Filling up the DagBag from /home/airflow/.local/lib/python3.8/site-packages/airflow/example_dags/example_branch_day_of_week_operator.py
[2026-01-15T10:46:22.079+0000] {processor.py:840} INFO - DAG(s) 'example_weekday_branch_operator' retrieved from /home/airflow/.local/lib/python3.8/site-packages/airflow/example_dags/example_branch_day_of_week_operator.py
[2026-01-15T10:46:22.105+0000] {logging_mixin.py:188} INFO - [2026-01-15T10:46:22.104+0000] {dag.py:3036} INFO - Sync 1 DAGs
[2026-01-15T10:46:22.144+0000] {logging_mixin.py:188} INFO - [2026-01-15T10:46:22.144+0000] {dag.py:3823} INFO - Setting next_dagrun for example_weekday_branch_operator to 2026-01-14 00:00:00+00:00, run_after=2026-01-15 00:00:00+00:00
[2026-01-15T10:46:22.192+0000] {processor.py:183} INFO - Processing /home/airflow/.local/lib/python3.8/site-packages/airflow/example_dags/example_branch_day_of_week_operator.py took 0.137 seconds
[2026-01-15T10:46:53.273+0000] {processor.py:161} INFO - Started process (PID=141) to work on /home/airflow/.local/lib/python3.8/site-packages/airflow/example_dags/example_branch_day_of_week_operator.py
[2026-01-15T10:46:53.275+0000] {processor.py:830} INFO - Processing file /home/airflow/.local/lib/python3.8/site-packages/airflow/example_dags/example_branch_day_of_week_operator.py for tasks to queue
[2026-01-15T10:46:53.278+0000] {logging_mixin.py:188} INFO - [2026-01-15T10:46:53.277+0000] {dagbag.py:538} INFO - Filling up the DagBag from /home/airflow/.local/lib/python3.8/site-packages/airflow/example_dags/example_branch_day_of_week_operator.py
[2026-01-15T10:46:53.290+0000] {processor.py:840} INFO - DAG(s) 'example_weekday_branch_operator' retrieved from /home/airflow/.local/lib/python3.8/site-packages/airflow/example_dags/example_branch_day_of_week_operator.py
[2026-01-15T10:46:53.439+0000] {logging_mixin.py:188} INFO - [2026-01-15T10:46:53.438+0000] {dag.py:3036} INFO - Sync 1 DAGs
[2026-01-15T10:46:53.465+0000] {logging_mixin.py:188} INFO - [2026-01-15T10:46:53.465+0000] {dag.py:3823} INFO - Setting next_dagrun for example_weekday_branch_operator to 2026-01-14 00:00:00+00:00, run_after=2026-01-15 00:00:00+00:00
[2026-01-15T10:46:53.493+0000] {processor.py:183} INFO - Processing /home/airflow/.local/lib/python3.8/site-packages/airflow/example_dags/example_branch_day_of_week_operator.py took 0.228 seconds
[2026-01-15T10:47:23.706+0000] {processor.py:161} INFO - Started process (PID=196) to work on /home/airflow/.local/lib/python3.8/site-packages/airflow/example_dags/example_branch_day_of_week_operator.py
[2026-01-15T10:47:23.708+0000] {processor.py:830} INFO - Processing file /home/airflow/.local/lib/python3.8/site-packages/airflow/example_dags/example_branch_day_of_week_operator.py for tasks to queue
[2026-01-15T10:47:23.710+0000] {logging_mixin.py:188} INFO - [2026-01-15T10:47:23.710+0000] {dagbag.py:538} INFO - Filling up the DagBag from /home/airflow/.local/lib/python3.8/site-packages/airflow/example_dags/example_branch_day_of_week_operator.py
[2026-01-15T10:47:23.720+0000] {processor.py:840} INFO - DAG(s) 'example_weekday_branch_operator' retrieved from /home/airflow/.local/lib/python3.8/site-packages/airflow/example_dags/example_branch_day_of_week_operator.py
[2026-01-15T10:47:23.749+0000] {logging_mixin.py:188} INFO - [2026-01-15T10:47:23.749+0000] {dag.py:3036} INFO - Sync 1 DAGs
[2026-01-15T10:47:23.774+0000] {logging_mixin.py:188} INFO - [2026-01-15T10:47:23.774+0000] {dag.py:3823} INFO - Setting next_dagrun for example_weekday_branch_operator to 2026-01-14 00:00:00+00:00, run_after=2026-01-15 00:00:00+00:00
[2026-01-15T10:47:23.797+0000] {processor.py:183} INFO - Processing /home/airflow/.local/lib/python3.8/site-packages/airflow/example_dags/example_branch_day_of_week_operator.py took 0.096 seconds
[2026-01-15T10:47:53.982+0000] {processor.py:161} INFO - Started process (PID=251) to work on /home/airflow/.local/lib/python3.8/site-packages/airflow/example_dags/example_branch_day_of_week_operator.py
[2026-01-15T10:47:53.984+0000] {processor.py:830} INFO - Processing file /home/airflow/.local/lib/python3.8/site-packages/airflow/example_dags/example_branch_day_of_week_operator.py for tasks to queue
[2026-01-15T10:47:53.987+0000] {logging_mixin.py:188} INFO - [2026-01-15T10:47:53.986+0000] {dagbag.py:538} INFO - Filling up the DagBag from /home/airflow/.local/lib/python3.8/site-packages/airflow/example_dags/example_branch_day_of_week_operator.py
[2026-01-15T10:47:53.997+0000] {processor.py:840} INFO - DAG(s) 'example_weekday_branch_operator' retrieved from /home/airflow/.local/lib/python3.8/site-packages/airflow/example_dags/example_branch_day_of_week_operator.py
[2026-01-15T10:47:54.028+0000] {logging_mixin.py:188} INFO - [2026-01-15T10:47:54.028+0000] {dag.py:3036} INFO - Sync 1 DAGs
[2026-01-15T10:47:54.056+0000] {logging_mixin.py:188} INFO - [2026-01-15T10:47:54.056+0000] {dag.py:3823} INFO - Setting next_dagrun for example_weekday_branch_operator to 2026-01-14 00:00:00+00:00, run_after=2026-01-15 00:00:00+00:00
[2026-01-15T10:47:54.085+0000] {processor.py:183} INFO - Processing /home/airflow/.local/lib/python3.8/site-packages/airflow/example_dags/example_branch_day_of_week_operator.py took 0.108 seconds
[2026-01-15T10:48:24.688+0000] {processor.py:161} INFO - Started process (PID=306) to work on /home/airflow/.local/lib/python3.8/site-packages/airflow/example_dags/example_branch_day_of_week_operator.py
[2026-01-15T10:48:24.690+0000] {processor.py:830} INFO - Processing file /home/airflow/.local/lib/python3.8/site-packages/airflow/example_dags/example_branch_day_of_week_operator.py for tasks to queue
[2026-01-15T10:48:24.692+0000] {logging_mixin.py:188} INFO - [2026-01-15T10:48:24.692+0000] {dagbag.py:538} INFO - Filling up the DagBag from /home/airflow/.local/lib/python3.8/site-packages/airflow/example_dags/example_branch_day_of_week_operator.py
[2026-01-15T10:48:24.703+0000] {processor.py:840} INFO - DAG(s) 'example_weekday_branch_operator' retrieved from /home/airflow/.local/lib/python3.8/site-packages/airflow/example_dags/example_branch_day_of_week_operator.py
[2026-01-15T10:48:24.739+0000] {logging_mixin.py:188} INFO - [2026-01-15T10:48:24.738+0000] {dag.py:3036} INFO - Sync 1 DAGs
[2026-01-15T10:48:24.764+0000] {logging_mixin.py:188} INFO - [2026-01-15T10:48:24.764+0000] {dag.py:3823} INFO - Setting next_dagrun for example_weekday_branch_operator to 2026-01-14 00:00:00+00:00, run_after=2026-01-15 00:00:00+00:00
[2026-01-15T10:48:24.787+0000] {processor.py:183} INFO - Processing /home/airflow/.local/lib/python3.8/site-packages/airflow/example_dags/example_branch_day_of_week_operator.py took 0.103 seconds
[2026-01-15T10:51:09.934+0000] {processor.py:161} INFO - Started process (PID=85) to work on /home/airflow/.local/lib/python3.8/site-packages/airflow/example_dags/example_branch_day_of_week_operator.py
[2026-01-15T10:51:09.936+0000] {processor.py:830} INFO - Processing file /home/airflow/.local/lib/python3.8/site-packages/airflow/example_dags/example_branch_day_of_week_operator.py for tasks to queue
[2026-01-15T10:51:09.940+0000] {logging_mixin.py:188} INFO - [2026-01-15T10:51:09.939+0000] {dagbag.py:538} INFO - Filling up the DagBag from /home/airflow/.local/lib/python3.8/site-packages/airflow/example_dags/example_branch_day_of_week_operator.py
[2026-01-15T10:51:09.955+0000] {processor.py:840} INFO - DAG(s) 'example_weekday_branch_operator' retrieved from /home/airflow/.local/lib/python3.8/site-packages/airflow/example_dags/example_branch_day_of_week_operator.py
[2026-01-15T10:51:09.982+0000] {logging_mixin.py:188} INFO - [2026-01-15T10:51:09.982+0000] {dag.py:3036} INFO - Sync 1 DAGs
[2026-01-15T10:51:10.033+0000] {logging_mixin.py:188} INFO - [2026-01-15T10:51:10.033+0000] {dag.py:3823} INFO - Setting next_dagrun for example_weekday_branch_operator to 2026-01-14 00:00:00+00:00, run_after=2026-01-15 00:00:00+00:00
[2026-01-15T10:51:10.080+0000] {processor.py:183} INFO - Processing /home/airflow/.local/lib/python3.8/site-packages/airflow/example_dags/example_branch_day_of_week_operator.py took 0.153 seconds
[2026-01-15T10:51:41.875+0000] {processor.py:161} INFO - Started process (PID=140) to work on /home/airflow/.local/lib/python3.8/site-packages/airflow/example_dags/example_branch_day_of_week_operator.py
[2026-01-15T10:51:41.876+0000] {processor.py:830} INFO - Processing file /home/airflow/.local/lib/python3.8/site-packages/airflow/example_dags/example_branch_day_of_week_operator.py for tasks to queue
[2026-01-15T10:51:41.880+0000] {logging_mixin.py:188} INFO - [2026-01-15T10:51:41.879+0000] {dagbag.py:538} INFO - Filling up the DagBag from /home/airflow/.local/lib/python3.8/site-packages/airflow/example_dags/example_branch_day_of_week_operator.py
[2026-01-15T10:51:41.891+0000] {processor.py:840} INFO - DAG(s) 'example_weekday_branch_operator' retrieved from /home/airflow/.local/lib/python3.8/site-packages/airflow/example_dags/example_branch_day_of_week_operator.py
[2026-01-15T10:51:42.023+0000] {logging_mixin.py:188} INFO - [2026-01-15T10:51:42.022+0000] {dag.py:3036} INFO - Sync 1 DAGs
[2026-01-15T10:51:42.052+0000] {logging_mixin.py:188} INFO - [2026-01-15T10:51:42.052+0000] {dag.py:3823} INFO - Setting next_dagrun for example_weekday_branch_operator to 2026-01-14 00:00:00+00:00, run_after=2026-01-15 00:00:00+00:00
[2026-01-15T10:51:42.083+0000] {processor.py:183} INFO - Processing /home/airflow/.local/lib/python3.8/site-packages/airflow/example_dags/example_branch_day_of_week_operator.py took 0.213 seconds
