[2026-01-15T10:40:30.370+0000] {processor.py:161} INFO - Started process (PID=87) to work on /home/airflow/.local/lib/python3.8/site-packages/airflow/example_dags/example_latest_only.py
[2026-01-15T10:40:30.372+0000] {processor.py:830} INFO - Processing file /home/airflow/.local/lib/python3.8/site-packages/airflow/example_dags/example_latest_only.py for tasks to queue
[2026-01-15T10:40:30.376+0000] {logging_mixin.py:188} INFO - [2026-01-15T10:40:30.375+0000] {dagbag.py:538} INFO - Filling up the DagBag from /home/airflow/.local/lib/python3.8/site-packages/airflow/example_dags/example_latest_only.py
[2026-01-15T10:40:30.386+0000] {processor.py:840} INFO - DAG(s) 'latest_only' retrieved from /home/airflow/.local/lib/python3.8/site-packages/airflow/example_dags/example_latest_only.py
[2026-01-15T10:40:30.410+0000] {logging_mixin.py:188} INFO - [2026-01-15T10:40:30.409+0000] {dag.py:3036} INFO - Sync 1 DAGs
[2026-01-15T10:40:30.442+0000] {logging_mixin.py:188} INFO - [2026-01-15T10:40:30.442+0000] {dag.py:3823} INFO - Setting next_dagrun for latest_only to 2026-01-15 04:00:00+00:00, run_after=2026-01-15 08:00:00+00:00
[2026-01-15T10:40:30.484+0000] {processor.py:183} INFO - Processing /home/airflow/.local/lib/python3.8/site-packages/airflow/example_dags/example_latest_only.py took 0.119 seconds
[2026-01-15T10:41:02.866+0000] {processor.py:161} INFO - Started process (PID=142) to work on /home/airflow/.local/lib/python3.8/site-packages/airflow/example_dags/example_latest_only.py
[2026-01-15T10:41:02.867+0000] {processor.py:830} INFO - Processing file /home/airflow/.local/lib/python3.8/site-packages/airflow/example_dags/example_latest_only.py for tasks to queue
[2026-01-15T10:41:02.870+0000] {logging_mixin.py:188} INFO - [2026-01-15T10:41:02.870+0000] {dagbag.py:538} INFO - Filling up the DagBag from /home/airflow/.local/lib/python3.8/site-packages/airflow/example_dags/example_latest_only.py
[2026-01-15T10:41:02.878+0000] {processor.py:840} INFO - DAG(s) 'latest_only' retrieved from /home/airflow/.local/lib/python3.8/site-packages/airflow/example_dags/example_latest_only.py
[2026-01-15T10:41:03.038+0000] {logging_mixin.py:188} INFO - [2026-01-15T10:41:03.037+0000] {dag.py:3036} INFO - Sync 1 DAGs
[2026-01-15T10:41:03.069+0000] {logging_mixin.py:188} INFO - [2026-01-15T10:41:03.068+0000] {dag.py:3823} INFO - Setting next_dagrun for latest_only to 2026-01-15 04:00:00+00:00, run_after=2026-01-15 08:00:00+00:00
[2026-01-15T10:41:03.138+0000] {processor.py:183} INFO - Processing /home/airflow/.local/lib/python3.8/site-packages/airflow/example_dags/example_latest_only.py took 0.277 seconds
[2026-01-15T10:41:33.534+0000] {processor.py:161} INFO - Started process (PID=197) to work on /home/airflow/.local/lib/python3.8/site-packages/airflow/example_dags/example_latest_only.py
[2026-01-15T10:41:33.535+0000] {processor.py:830} INFO - Processing file /home/airflow/.local/lib/python3.8/site-packages/airflow/example_dags/example_latest_only.py for tasks to queue
[2026-01-15T10:41:33.538+0000] {logging_mixin.py:188} INFO - [2026-01-15T10:41:33.537+0000] {dagbag.py:538} INFO - Filling up the DagBag from /home/airflow/.local/lib/python3.8/site-packages/airflow/example_dags/example_latest_only.py
[2026-01-15T10:41:33.544+0000] {processor.py:840} INFO - DAG(s) 'latest_only' retrieved from /home/airflow/.local/lib/python3.8/site-packages/airflow/example_dags/example_latest_only.py
[2026-01-15T10:41:33.574+0000] {logging_mixin.py:188} INFO - [2026-01-15T10:41:33.574+0000] {dag.py:3036} INFO - Sync 1 DAGs
[2026-01-15T10:41:33.601+0000] {logging_mixin.py:188} INFO - [2026-01-15T10:41:33.601+0000] {dag.py:3823} INFO - Setting next_dagrun for latest_only to 2026-01-15 04:00:00+00:00, run_after=2026-01-15 08:00:00+00:00
[2026-01-15T10:41:33.629+0000] {processor.py:183} INFO - Processing /home/airflow/.local/lib/python3.8/site-packages/airflow/example_dags/example_latest_only.py took 0.099 seconds
[2026-01-15T10:42:03.734+0000] {processor.py:161} INFO - Started process (PID=253) to work on /home/airflow/.local/lib/python3.8/site-packages/airflow/example_dags/example_latest_only.py
[2026-01-15T10:42:03.736+0000] {processor.py:830} INFO - Processing file /home/airflow/.local/lib/python3.8/site-packages/airflow/example_dags/example_latest_only.py for tasks to queue
[2026-01-15T10:42:03.740+0000] {logging_mixin.py:188} INFO - [2026-01-15T10:42:03.739+0000] {dagbag.py:538} INFO - Filling up the DagBag from /home/airflow/.local/lib/python3.8/site-packages/airflow/example_dags/example_latest_only.py
[2026-01-15T10:42:03.748+0000] {processor.py:840} INFO - DAG(s) 'latest_only' retrieved from /home/airflow/.local/lib/python3.8/site-packages/airflow/example_dags/example_latest_only.py
[2026-01-15T10:42:03.779+0000] {logging_mixin.py:188} INFO - [2026-01-15T10:42:03.778+0000] {dag.py:3036} INFO - Sync 1 DAGs
[2026-01-15T10:42:03.806+0000] {logging_mixin.py:188} INFO - [2026-01-15T10:42:03.806+0000] {dag.py:3823} INFO - Setting next_dagrun for latest_only to 2026-01-15 04:00:00+00:00, run_after=2026-01-15 08:00:00+00:00
[2026-01-15T10:42:03.835+0000] {processor.py:183} INFO - Processing /home/airflow/.local/lib/python3.8/site-packages/airflow/example_dags/example_latest_only.py took 0.107 seconds
[2026-01-15T10:42:34.077+0000] {processor.py:161} INFO - Started process (PID=308) to work on /home/airflow/.local/lib/python3.8/site-packages/airflow/example_dags/example_latest_only.py
[2026-01-15T10:42:34.079+0000] {processor.py:830} INFO - Processing file /home/airflow/.local/lib/python3.8/site-packages/airflow/example_dags/example_latest_only.py for tasks to queue
[2026-01-15T10:42:34.082+0000] {logging_mixin.py:188} INFO - [2026-01-15T10:42:34.082+0000] {dagbag.py:538} INFO - Filling up the DagBag from /home/airflow/.local/lib/python3.8/site-packages/airflow/example_dags/example_latest_only.py
[2026-01-15T10:42:34.089+0000] {processor.py:840} INFO - DAG(s) 'latest_only' retrieved from /home/airflow/.local/lib/python3.8/site-packages/airflow/example_dags/example_latest_only.py
[2026-01-15T10:42:34.119+0000] {logging_mixin.py:188} INFO - [2026-01-15T10:42:34.119+0000] {dag.py:3036} INFO - Sync 1 DAGs
[2026-01-15T10:42:34.145+0000] {logging_mixin.py:188} INFO - [2026-01-15T10:42:34.145+0000] {dag.py:3823} INFO - Setting next_dagrun for latest_only to 2026-01-15 04:00:00+00:00, run_after=2026-01-15 08:00:00+00:00
[2026-01-15T10:42:34.170+0000] {processor.py:183} INFO - Processing /home/airflow/.local/lib/python3.8/site-packages/airflow/example_dags/example_latest_only.py took 0.097 seconds
[2026-01-15T10:43:04.479+0000] {processor.py:161} INFO - Started process (PID=363) to work on /home/airflow/.local/lib/python3.8/site-packages/airflow/example_dags/example_latest_only.py
[2026-01-15T10:43:04.481+0000] {processor.py:830} INFO - Processing file /home/airflow/.local/lib/python3.8/site-packages/airflow/example_dags/example_latest_only.py for tasks to queue
[2026-01-15T10:43:04.483+0000] {logging_mixin.py:188} INFO - [2026-01-15T10:43:04.483+0000] {dagbag.py:538} INFO - Filling up the DagBag from /home/airflow/.local/lib/python3.8/site-packages/airflow/example_dags/example_latest_only.py
[2026-01-15T10:43:04.490+0000] {processor.py:840} INFO - DAG(s) 'latest_only' retrieved from /home/airflow/.local/lib/python3.8/site-packages/airflow/example_dags/example_latest_only.py
[2026-01-15T10:43:04.522+0000] {logging_mixin.py:188} INFO - [2026-01-15T10:43:04.522+0000] {dag.py:3036} INFO - Sync 1 DAGs
[2026-01-15T10:43:04.550+0000] {logging_mixin.py:188} INFO - [2026-01-15T10:43:04.549+0000] {dag.py:3823} INFO - Setting next_dagrun for latest_only to 2026-01-15 04:00:00+00:00, run_after=2026-01-15 08:00:00+00:00
[2026-01-15T10:43:04.579+0000] {processor.py:183} INFO - Processing /home/airflow/.local/lib/python3.8/site-packages/airflow/example_dags/example_latest_only.py took 0.104 seconds
[2026-01-15T10:43:34.750+0000] {processor.py:161} INFO - Started process (PID=418) to work on /home/airflow/.local/lib/python3.8/site-packages/airflow/example_dags/example_latest_only.py
[2026-01-15T10:43:34.752+0000] {processor.py:830} INFO - Processing file /home/airflow/.local/lib/python3.8/site-packages/airflow/example_dags/example_latest_only.py for tasks to queue
[2026-01-15T10:43:34.755+0000] {logging_mixin.py:188} INFO - [2026-01-15T10:43:34.754+0000] {dagbag.py:538} INFO - Filling up the DagBag from /home/airflow/.local/lib/python3.8/site-packages/airflow/example_dags/example_latest_only.py
[2026-01-15T10:43:34.761+0000] {processor.py:840} INFO - DAG(s) 'latest_only' retrieved from /home/airflow/.local/lib/python3.8/site-packages/airflow/example_dags/example_latest_only.py
[2026-01-15T10:43:34.790+0000] {logging_mixin.py:188} INFO - [2026-01-15T10:43:34.790+0000] {dag.py:3036} INFO - Sync 1 DAGs
[2026-01-15T10:43:34.814+0000] {logging_mixin.py:188} INFO - [2026-01-15T10:43:34.814+0000] {dag.py:3823} INFO - Setting next_dagrun for latest_only to 2026-01-15 04:00:00+00:00, run_after=2026-01-15 08:00:00+00:00
[2026-01-15T10:43:34.837+0000] {processor.py:183} INFO - Processing /home/airflow/.local/lib/python3.8/site-packages/airflow/example_dags/example_latest_only.py took 0.091 seconds
[2026-01-15T10:44:05.350+0000] {processor.py:161} INFO - Started process (PID=473) to work on /home/airflow/.local/lib/python3.8/site-packages/airflow/example_dags/example_latest_only.py
[2026-01-15T10:44:05.352+0000] {processor.py:830} INFO - Processing file /home/airflow/.local/lib/python3.8/site-packages/airflow/example_dags/example_latest_only.py for tasks to queue
[2026-01-15T10:44:05.355+0000] {logging_mixin.py:188} INFO - [2026-01-15T10:44:05.355+0000] {dagbag.py:538} INFO - Filling up the DagBag from /home/airflow/.local/lib/python3.8/site-packages/airflow/example_dags/example_latest_only.py
[2026-01-15T10:44:05.363+0000] {processor.py:840} INFO - DAG(s) 'latest_only' retrieved from /home/airflow/.local/lib/python3.8/site-packages/airflow/example_dags/example_latest_only.py
[2026-01-15T10:44:05.399+0000] {logging_mixin.py:188} INFO - [2026-01-15T10:44:05.399+0000] {dag.py:3036} INFO - Sync 1 DAGs
[2026-01-15T10:44:05.430+0000] {logging_mixin.py:188} INFO - [2026-01-15T10:44:05.430+0000] {dag.py:3823} INFO - Setting next_dagrun for latest_only to 2026-01-15 04:00:00+00:00, run_after=2026-01-15 08:00:00+00:00
[2026-01-15T10:44:05.457+0000] {processor.py:183} INFO - Processing /home/airflow/.local/lib/python3.8/site-packages/airflow/example_dags/example_latest_only.py took 0.111 seconds
[2026-01-15T10:44:35.844+0000] {processor.py:161} INFO - Started process (PID=528) to work on /home/airflow/.local/lib/python3.8/site-packages/airflow/example_dags/example_latest_only.py
[2026-01-15T10:44:35.845+0000] {processor.py:830} INFO - Processing file /home/airflow/.local/lib/python3.8/site-packages/airflow/example_dags/example_latest_only.py for tasks to queue
[2026-01-15T10:44:35.848+0000] {logging_mixin.py:188} INFO - [2026-01-15T10:44:35.847+0000] {dagbag.py:538} INFO - Filling up the DagBag from /home/airflow/.local/lib/python3.8/site-packages/airflow/example_dags/example_latest_only.py
[2026-01-15T10:44:35.856+0000] {processor.py:840} INFO - DAG(s) 'latest_only' retrieved from /home/airflow/.local/lib/python3.8/site-packages/airflow/example_dags/example_latest_only.py
[2026-01-15T10:44:35.885+0000] {logging_mixin.py:188} INFO - [2026-01-15T10:44:35.885+0000] {dag.py:3036} INFO - Sync 1 DAGs
[2026-01-15T10:44:35.912+0000] {logging_mixin.py:188} INFO - [2026-01-15T10:44:35.912+0000] {dag.py:3823} INFO - Setting next_dagrun for latest_only to 2026-01-15 04:00:00+00:00, run_after=2026-01-15 08:00:00+00:00
[2026-01-15T10:44:35.936+0000] {processor.py:183} INFO - Processing /home/airflow/.local/lib/python3.8/site-packages/airflow/example_dags/example_latest_only.py took 0.097 seconds
[2026-01-15T10:45:06.117+0000] {processor.py:161} INFO - Started process (PID=583) to work on /home/airflow/.local/lib/python3.8/site-packages/airflow/example_dags/example_latest_only.py
[2026-01-15T10:45:06.119+0000] {processor.py:830} INFO - Processing file /home/airflow/.local/lib/python3.8/site-packages/airflow/example_dags/example_latest_only.py for tasks to queue
[2026-01-15T10:45:06.122+0000] {logging_mixin.py:188} INFO - [2026-01-15T10:45:06.121+0000] {dagbag.py:538} INFO - Filling up the DagBag from /home/airflow/.local/lib/python3.8/site-packages/airflow/example_dags/example_latest_only.py
[2026-01-15T10:45:06.130+0000] {processor.py:840} INFO - DAG(s) 'latest_only' retrieved from /home/airflow/.local/lib/python3.8/site-packages/airflow/example_dags/example_latest_only.py
[2026-01-15T10:45:06.162+0000] {logging_mixin.py:188} INFO - [2026-01-15T10:45:06.161+0000] {dag.py:3036} INFO - Sync 1 DAGs
[2026-01-15T10:45:06.187+0000] {logging_mixin.py:188} INFO - [2026-01-15T10:45:06.186+0000] {dag.py:3823} INFO - Setting next_dagrun for latest_only to 2026-01-15 04:00:00+00:00, run_after=2026-01-15 08:00:00+00:00
[2026-01-15T10:45:06.211+0000] {processor.py:183} INFO - Processing /home/airflow/.local/lib/python3.8/site-packages/airflow/example_dags/example_latest_only.py took 0.099 seconds
[2026-01-15T10:46:22.258+0000] {processor.py:161} INFO - Started process (PID=88) to work on /home/airflow/.local/lib/python3.8/site-packages/airflow/example_dags/example_latest_only.py
[2026-01-15T10:46:22.260+0000] {processor.py:830} INFO - Processing file /home/airflow/.local/lib/python3.8/site-packages/airflow/example_dags/example_latest_only.py for tasks to queue
[2026-01-15T10:46:22.263+0000] {logging_mixin.py:188} INFO - [2026-01-15T10:46:22.262+0000] {dagbag.py:538} INFO - Filling up the DagBag from /home/airflow/.local/lib/python3.8/site-packages/airflow/example_dags/example_latest_only.py
[2026-01-15T10:46:22.272+0000] {processor.py:840} INFO - DAG(s) 'latest_only' retrieved from /home/airflow/.local/lib/python3.8/site-packages/airflow/example_dags/example_latest_only.py
[2026-01-15T10:46:22.296+0000] {logging_mixin.py:188} INFO - [2026-01-15T10:46:22.296+0000] {dag.py:3036} INFO - Sync 1 DAGs
[2026-01-15T10:46:22.339+0000] {logging_mixin.py:188} INFO - [2026-01-15T10:46:22.339+0000] {dag.py:3823} INFO - Setting next_dagrun for latest_only to 2026-01-15 04:00:00+00:00, run_after=2026-01-15 08:00:00+00:00
[2026-01-15T10:46:22.405+0000] {processor.py:183} INFO - Processing /home/airflow/.local/lib/python3.8/site-packages/airflow/example_dags/example_latest_only.py took 0.153 seconds
[2026-01-15T10:46:53.776+0000] {processor.py:161} INFO - Started process (PID=143) to work on /home/airflow/.local/lib/python3.8/site-packages/airflow/example_dags/example_latest_only.py
[2026-01-15T10:46:53.778+0000] {processor.py:830} INFO - Processing file /home/airflow/.local/lib/python3.8/site-packages/airflow/example_dags/example_latest_only.py for tasks to queue
[2026-01-15T10:46:53.781+0000] {logging_mixin.py:188} INFO - [2026-01-15T10:46:53.781+0000] {dagbag.py:538} INFO - Filling up the DagBag from /home/airflow/.local/lib/python3.8/site-packages/airflow/example_dags/example_latest_only.py
[2026-01-15T10:46:53.788+0000] {processor.py:840} INFO - DAG(s) 'latest_only' retrieved from /home/airflow/.local/lib/python3.8/site-packages/airflow/example_dags/example_latest_only.py
[2026-01-15T10:46:53.910+0000] {logging_mixin.py:188} INFO - [2026-01-15T10:46:53.910+0000] {dag.py:3036} INFO - Sync 1 DAGs
[2026-01-15T10:46:53.934+0000] {logging_mixin.py:188} INFO - [2026-01-15T10:46:53.933+0000] {dag.py:3823} INFO - Setting next_dagrun for latest_only to 2026-01-15 04:00:00+00:00, run_after=2026-01-15 08:00:00+00:00
[2026-01-15T10:46:53.961+0000] {processor.py:183} INFO - Processing /home/airflow/.local/lib/python3.8/site-packages/airflow/example_dags/example_latest_only.py took 0.190 seconds
[2026-01-15T10:47:24.851+0000] {processor.py:161} INFO - Started process (PID=198) to work on /home/airflow/.local/lib/python3.8/site-packages/airflow/example_dags/example_latest_only.py
[2026-01-15T10:47:24.853+0000] {processor.py:830} INFO - Processing file /home/airflow/.local/lib/python3.8/site-packages/airflow/example_dags/example_latest_only.py for tasks to queue
[2026-01-15T10:47:24.856+0000] {logging_mixin.py:188} INFO - [2026-01-15T10:47:24.855+0000] {dagbag.py:538} INFO - Filling up the DagBag from /home/airflow/.local/lib/python3.8/site-packages/airflow/example_dags/example_latest_only.py
[2026-01-15T10:47:24.862+0000] {processor.py:840} INFO - DAG(s) 'latest_only' retrieved from /home/airflow/.local/lib/python3.8/site-packages/airflow/example_dags/example_latest_only.py
[2026-01-15T10:47:24.897+0000] {logging_mixin.py:188} INFO - [2026-01-15T10:47:24.896+0000] {dag.py:3036} INFO - Sync 1 DAGs
[2026-01-15T10:47:24.925+0000] {logging_mixin.py:188} INFO - [2026-01-15T10:47:24.924+0000] {dag.py:3823} INFO - Setting next_dagrun for latest_only to 2026-01-15 04:00:00+00:00, run_after=2026-01-15 08:00:00+00:00
[2026-01-15T10:47:24.951+0000] {processor.py:183} INFO - Processing /home/airflow/.local/lib/python3.8/site-packages/airflow/example_dags/example_latest_only.py took 0.104 seconds
[2026-01-15T10:47:55.143+0000] {processor.py:161} INFO - Started process (PID=253) to work on /home/airflow/.local/lib/python3.8/site-packages/airflow/example_dags/example_latest_only.py
[2026-01-15T10:47:55.145+0000] {processor.py:830} INFO - Processing file /home/airflow/.local/lib/python3.8/site-packages/airflow/example_dags/example_latest_only.py for tasks to queue
[2026-01-15T10:47:55.148+0000] {logging_mixin.py:188} INFO - [2026-01-15T10:47:55.147+0000] {dagbag.py:538} INFO - Filling up the DagBag from /home/airflow/.local/lib/python3.8/site-packages/airflow/example_dags/example_latest_only.py
[2026-01-15T10:47:55.156+0000] {processor.py:840} INFO - DAG(s) 'latest_only' retrieved from /home/airflow/.local/lib/python3.8/site-packages/airflow/example_dags/example_latest_only.py
[2026-01-15T10:47:55.192+0000] {logging_mixin.py:188} INFO - [2026-01-15T10:47:55.192+0000] {dag.py:3036} INFO - Sync 1 DAGs
[2026-01-15T10:47:55.226+0000] {logging_mixin.py:188} INFO - [2026-01-15T10:47:55.225+0000] {dag.py:3823} INFO - Setting next_dagrun for latest_only to 2026-01-15 04:00:00+00:00, run_after=2026-01-15 08:00:00+00:00
[2026-01-15T10:47:55.260+0000] {processor.py:183} INFO - Processing /home/airflow/.local/lib/python3.8/site-packages/airflow/example_dags/example_latest_only.py took 0.121 seconds
[2026-01-15T10:48:25.839+0000] {processor.py:161} INFO - Started process (PID=308) to work on /home/airflow/.local/lib/python3.8/site-packages/airflow/example_dags/example_latest_only.py
[2026-01-15T10:48:25.840+0000] {processor.py:830} INFO - Processing file /home/airflow/.local/lib/python3.8/site-packages/airflow/example_dags/example_latest_only.py for tasks to queue
[2026-01-15T10:48:25.843+0000] {logging_mixin.py:188} INFO - [2026-01-15T10:48:25.842+0000] {dagbag.py:538} INFO - Filling up the DagBag from /home/airflow/.local/lib/python3.8/site-packages/airflow/example_dags/example_latest_only.py
[2026-01-15T10:48:25.849+0000] {processor.py:840} INFO - DAG(s) 'latest_only' retrieved from /home/airflow/.local/lib/python3.8/site-packages/airflow/example_dags/example_latest_only.py
[2026-01-15T10:48:25.878+0000] {logging_mixin.py:188} INFO - [2026-01-15T10:48:25.877+0000] {dag.py:3036} INFO - Sync 1 DAGs
[2026-01-15T10:48:25.902+0000] {logging_mixin.py:188} INFO - [2026-01-15T10:48:25.902+0000] {dag.py:3823} INFO - Setting next_dagrun for latest_only to 2026-01-15 04:00:00+00:00, run_after=2026-01-15 08:00:00+00:00
[2026-01-15T10:48:25.925+0000] {processor.py:183} INFO - Processing /home/airflow/.local/lib/python3.8/site-packages/airflow/example_dags/example_latest_only.py took 0.090 seconds
[2026-01-15T10:51:10.138+0000] {processor.py:161} INFO - Started process (PID=87) to work on /home/airflow/.local/lib/python3.8/site-packages/airflow/example_dags/example_latest_only.py
[2026-01-15T10:51:10.140+0000] {processor.py:830} INFO - Processing file /home/airflow/.local/lib/python3.8/site-packages/airflow/example_dags/example_latest_only.py for tasks to queue
[2026-01-15T10:51:10.144+0000] {logging_mixin.py:188} INFO - [2026-01-15T10:51:10.143+0000] {dagbag.py:538} INFO - Filling up the DagBag from /home/airflow/.local/lib/python3.8/site-packages/airflow/example_dags/example_latest_only.py
[2026-01-15T10:51:10.157+0000] {processor.py:840} INFO - DAG(s) 'latest_only' retrieved from /home/airflow/.local/lib/python3.8/site-packages/airflow/example_dags/example_latest_only.py
[2026-01-15T10:51:10.183+0000] {logging_mixin.py:188} INFO - [2026-01-15T10:51:10.183+0000] {dag.py:3036} INFO - Sync 1 DAGs
[2026-01-15T10:51:10.230+0000] {logging_mixin.py:188} INFO - [2026-01-15T10:51:10.230+0000] {dag.py:3823} INFO - Setting next_dagrun for latest_only to 2026-01-15 04:00:00+00:00, run_after=2026-01-15 08:00:00+00:00
[2026-01-15T10:51:10.278+0000] {processor.py:183} INFO - Processing /home/airflow/.local/lib/python3.8/site-packages/airflow/example_dags/example_latest_only.py took 0.146 seconds
[2026-01-15T10:51:42.128+0000] {processor.py:161} INFO - Started process (PID=142) to work on /home/airflow/.local/lib/python3.8/site-packages/airflow/example_dags/example_latest_only.py
[2026-01-15T10:51:42.130+0000] {processor.py:830} INFO - Processing file /home/airflow/.local/lib/python3.8/site-packages/airflow/example_dags/example_latest_only.py for tasks to queue
[2026-01-15T10:51:42.132+0000] {logging_mixin.py:188} INFO - [2026-01-15T10:51:42.132+0000] {dagbag.py:538} INFO - Filling up the DagBag from /home/airflow/.local/lib/python3.8/site-packages/airflow/example_dags/example_latest_only.py
[2026-01-15T10:51:42.140+0000] {processor.py:840} INFO - DAG(s) 'latest_only' retrieved from /home/airflow/.local/lib/python3.8/site-packages/airflow/example_dags/example_latest_only.py
[2026-01-15T10:51:42.292+0000] {logging_mixin.py:188} INFO - [2026-01-15T10:51:42.291+0000] {dag.py:3036} INFO - Sync 1 DAGs
[2026-01-15T10:51:42.326+0000] {logging_mixin.py:188} INFO - [2026-01-15T10:51:42.325+0000] {dag.py:3823} INFO - Setting next_dagrun for latest_only to 2026-01-15 04:00:00+00:00, run_after=2026-01-15 08:00:00+00:00
[2026-01-15T10:51:42.356+0000] {processor.py:183} INFO - Processing /home/airflow/.local/lib/python3.8/site-packages/airflow/example_dags/example_latest_only.py took 0.233 seconds
