[2026-01-15T10:40:29.384+0000] {processor.py:161} INFO - Started process (PID=76) to work on /home/airflow/.local/lib/python3.8/site-packages/airflow/example_dags/example_local_kubernetes_executor.py
[2026-01-15T10:40:29.386+0000] {processor.py:830} INFO - Processing file /home/airflow/.local/lib/python3.8/site-packages/airflow/example_dags/example_local_kubernetes_executor.py for tasks to queue
[2026-01-15T10:40:29.389+0000] {logging_mixin.py:188} INFO - [2026-01-15T10:40:29.389+0000] {dagbag.py:538} INFO - Filling up the DagBag from /home/airflow/.local/lib/python3.8/site-packages/airflow/example_dags/example_local_kubernetes_executor.py
[2026-01-15T10:40:29.412+0000] {processor.py:840} INFO - DAG(s) 'example_local_kubernetes_executor' retrieved from /home/airflow/.local/lib/python3.8/site-packages/airflow/example_dags/example_local_kubernetes_executor.py
[2026-01-15T10:40:29.435+0000] {logging_mixin.py:188} INFO - [2026-01-15T10:40:29.435+0000] {dag.py:3036} INFO - Sync 1 DAGs
[2026-01-15T10:40:29.455+0000] {logging_mixin.py:188} INFO - [2026-01-15T10:40:29.455+0000] {dag.py:3823} INFO - Setting next_dagrun for example_local_kubernetes_executor to None, run_after=None
[2026-01-15T10:40:29.513+0000] {processor.py:183} INFO - Processing /home/airflow/.local/lib/python3.8/site-packages/airflow/example_dags/example_local_kubernetes_executor.py took 0.136 seconds
[2026-01-15T10:41:01.018+0000] {processor.py:161} INFO - Started process (PID=131) to work on /home/airflow/.local/lib/python3.8/site-packages/airflow/example_dags/example_local_kubernetes_executor.py
[2026-01-15T10:41:01.019+0000] {processor.py:830} INFO - Processing file /home/airflow/.local/lib/python3.8/site-packages/airflow/example_dags/example_local_kubernetes_executor.py for tasks to queue
[2026-01-15T10:41:01.022+0000] {logging_mixin.py:188} INFO - [2026-01-15T10:41:01.022+0000] {dagbag.py:538} INFO - Filling up the DagBag from /home/airflow/.local/lib/python3.8/site-packages/airflow/example_dags/example_local_kubernetes_executor.py
[2026-01-15T10:41:01.035+0000] {processor.py:840} INFO - DAG(s) 'example_local_kubernetes_executor' retrieved from /home/airflow/.local/lib/python3.8/site-packages/airflow/example_dags/example_local_kubernetes_executor.py
[2026-01-15T10:41:01.207+0000] {logging_mixin.py:188} INFO - [2026-01-15T10:41:01.206+0000] {dag.py:3036} INFO - Sync 1 DAGs
[2026-01-15T10:41:01.223+0000] {logging_mixin.py:188} INFO - [2026-01-15T10:41:01.222+0000] {dag.py:3823} INFO - Setting next_dagrun for example_local_kubernetes_executor to None, run_after=None
[2026-01-15T10:41:01.278+0000] {processor.py:183} INFO - Processing /home/airflow/.local/lib/python3.8/site-packages/airflow/example_dags/example_local_kubernetes_executor.py took 0.265 seconds
[2026-01-15T10:41:31.336+0000] {processor.py:161} INFO - Started process (PID=186) to work on /home/airflow/.local/lib/python3.8/site-packages/airflow/example_dags/example_local_kubernetes_executor.py
[2026-01-15T10:41:31.338+0000] {processor.py:830} INFO - Processing file /home/airflow/.local/lib/python3.8/site-packages/airflow/example_dags/example_local_kubernetes_executor.py for tasks to queue
[2026-01-15T10:41:31.341+0000] {logging_mixin.py:188} INFO - [2026-01-15T10:41:31.340+0000] {dagbag.py:538} INFO - Filling up the DagBag from /home/airflow/.local/lib/python3.8/site-packages/airflow/example_dags/example_local_kubernetes_executor.py
[2026-01-15T10:41:31.352+0000] {processor.py:840} INFO - DAG(s) 'example_local_kubernetes_executor' retrieved from /home/airflow/.local/lib/python3.8/site-packages/airflow/example_dags/example_local_kubernetes_executor.py
[2026-01-15T10:41:31.398+0000] {logging_mixin.py:188} INFO - [2026-01-15T10:41:31.397+0000] {dag.py:3036} INFO - Sync 1 DAGs
[2026-01-15T10:41:31.412+0000] {logging_mixin.py:188} INFO - [2026-01-15T10:41:31.411+0000] {dag.py:3823} INFO - Setting next_dagrun for example_local_kubernetes_executor to None, run_after=None
[2026-01-15T10:41:31.437+0000] {processor.py:183} INFO - Processing /home/airflow/.local/lib/python3.8/site-packages/airflow/example_dags/example_local_kubernetes_executor.py took 0.105 seconds
[2026-01-15T10:42:01.616+0000] {processor.py:161} INFO - Started process (PID=242) to work on /home/airflow/.local/lib/python3.8/site-packages/airflow/example_dags/example_local_kubernetes_executor.py
[2026-01-15T10:42:01.618+0000] {processor.py:830} INFO - Processing file /home/airflow/.local/lib/python3.8/site-packages/airflow/example_dags/example_local_kubernetes_executor.py for tasks to queue
[2026-01-15T10:42:01.621+0000] {logging_mixin.py:188} INFO - [2026-01-15T10:42:01.621+0000] {dagbag.py:538} INFO - Filling up the DagBag from /home/airflow/.local/lib/python3.8/site-packages/airflow/example_dags/example_local_kubernetes_executor.py
[2026-01-15T10:42:01.635+0000] {processor.py:840} INFO - DAG(s) 'example_local_kubernetes_executor' retrieved from /home/airflow/.local/lib/python3.8/site-packages/airflow/example_dags/example_local_kubernetes_executor.py
[2026-01-15T10:42:01.684+0000] {logging_mixin.py:188} INFO - [2026-01-15T10:42:01.684+0000] {dag.py:3036} INFO - Sync 1 DAGs
[2026-01-15T10:42:01.699+0000] {logging_mixin.py:188} INFO - [2026-01-15T10:42:01.698+0000] {dag.py:3823} INFO - Setting next_dagrun for example_local_kubernetes_executor to None, run_after=None
[2026-01-15T10:42:01.722+0000] {processor.py:183} INFO - Processing /home/airflow/.local/lib/python3.8/site-packages/airflow/example_dags/example_local_kubernetes_executor.py took 0.114 seconds
[2026-01-15T10:42:31.800+0000] {processor.py:161} INFO - Started process (PID=297) to work on /home/airflow/.local/lib/python3.8/site-packages/airflow/example_dags/example_local_kubernetes_executor.py
[2026-01-15T10:42:31.802+0000] {processor.py:830} INFO - Processing file /home/airflow/.local/lib/python3.8/site-packages/airflow/example_dags/example_local_kubernetes_executor.py for tasks to queue
[2026-01-15T10:42:31.804+0000] {logging_mixin.py:188} INFO - [2026-01-15T10:42:31.804+0000] {dagbag.py:538} INFO - Filling up the DagBag from /home/airflow/.local/lib/python3.8/site-packages/airflow/example_dags/example_local_kubernetes_executor.py
[2026-01-15T10:42:31.814+0000] {processor.py:840} INFO - DAG(s) 'example_local_kubernetes_executor' retrieved from /home/airflow/.local/lib/python3.8/site-packages/airflow/example_dags/example_local_kubernetes_executor.py
[2026-01-15T10:42:31.858+0000] {logging_mixin.py:188} INFO - [2026-01-15T10:42:31.857+0000] {dag.py:3036} INFO - Sync 1 DAGs
[2026-01-15T10:42:31.872+0000] {logging_mixin.py:188} INFO - [2026-01-15T10:42:31.871+0000] {dag.py:3823} INFO - Setting next_dagrun for example_local_kubernetes_executor to None, run_after=None
[2026-01-15T10:42:31.894+0000] {processor.py:183} INFO - Processing /home/airflow/.local/lib/python3.8/site-packages/airflow/example_dags/example_local_kubernetes_executor.py took 0.098 seconds
[2026-01-15T10:43:02.045+0000] {processor.py:161} INFO - Started process (PID=352) to work on /home/airflow/.local/lib/python3.8/site-packages/airflow/example_dags/example_local_kubernetes_executor.py
[2026-01-15T10:43:02.047+0000] {processor.py:830} INFO - Processing file /home/airflow/.local/lib/python3.8/site-packages/airflow/example_dags/example_local_kubernetes_executor.py for tasks to queue
[2026-01-15T10:43:02.049+0000] {logging_mixin.py:188} INFO - [2026-01-15T10:43:02.049+0000] {dagbag.py:538} INFO - Filling up the DagBag from /home/airflow/.local/lib/python3.8/site-packages/airflow/example_dags/example_local_kubernetes_executor.py
[2026-01-15T10:43:02.060+0000] {processor.py:840} INFO - DAG(s) 'example_local_kubernetes_executor' retrieved from /home/airflow/.local/lib/python3.8/site-packages/airflow/example_dags/example_local_kubernetes_executor.py
[2026-01-15T10:43:02.113+0000] {logging_mixin.py:188} INFO - [2026-01-15T10:43:02.113+0000] {dag.py:3036} INFO - Sync 1 DAGs
[2026-01-15T10:43:02.128+0000] {logging_mixin.py:188} INFO - [2026-01-15T10:43:02.127+0000] {dag.py:3823} INFO - Setting next_dagrun for example_local_kubernetes_executor to None, run_after=None
[2026-01-15T10:43:02.153+0000] {processor.py:183} INFO - Processing /home/airflow/.local/lib/python3.8/site-packages/airflow/example_dags/example_local_kubernetes_executor.py took 0.112 seconds
[2026-01-15T10:43:32.567+0000] {processor.py:161} INFO - Started process (PID=407) to work on /home/airflow/.local/lib/python3.8/site-packages/airflow/example_dags/example_local_kubernetes_executor.py
[2026-01-15T10:43:32.569+0000] {processor.py:830} INFO - Processing file /home/airflow/.local/lib/python3.8/site-packages/airflow/example_dags/example_local_kubernetes_executor.py for tasks to queue
[2026-01-15T10:43:32.572+0000] {logging_mixin.py:188} INFO - [2026-01-15T10:43:32.571+0000] {dagbag.py:538} INFO - Filling up the DagBag from /home/airflow/.local/lib/python3.8/site-packages/airflow/example_dags/example_local_kubernetes_executor.py
[2026-01-15T10:43:32.582+0000] {processor.py:840} INFO - DAG(s) 'example_local_kubernetes_executor' retrieved from /home/airflow/.local/lib/python3.8/site-packages/airflow/example_dags/example_local_kubernetes_executor.py
[2026-01-15T10:43:32.627+0000] {logging_mixin.py:188} INFO - [2026-01-15T10:43:32.626+0000] {dag.py:3036} INFO - Sync 1 DAGs
[2026-01-15T10:43:32.641+0000] {logging_mixin.py:188} INFO - [2026-01-15T10:43:32.641+0000] {dag.py:3823} INFO - Setting next_dagrun for example_local_kubernetes_executor to None, run_after=None
[2026-01-15T10:43:32.665+0000] {processor.py:183} INFO - Processing /home/airflow/.local/lib/python3.8/site-packages/airflow/example_dags/example_local_kubernetes_executor.py took 0.102 seconds
[2026-01-15T10:44:03.275+0000] {processor.py:161} INFO - Started process (PID=462) to work on /home/airflow/.local/lib/python3.8/site-packages/airflow/example_dags/example_local_kubernetes_executor.py
[2026-01-15T10:44:03.277+0000] {processor.py:830} INFO - Processing file /home/airflow/.local/lib/python3.8/site-packages/airflow/example_dags/example_local_kubernetes_executor.py for tasks to queue
[2026-01-15T10:44:03.280+0000] {logging_mixin.py:188} INFO - [2026-01-15T10:44:03.280+0000] {dagbag.py:538} INFO - Filling up the DagBag from /home/airflow/.local/lib/python3.8/site-packages/airflow/example_dags/example_local_kubernetes_executor.py
[2026-01-15T10:44:03.292+0000] {processor.py:840} INFO - DAG(s) 'example_local_kubernetes_executor' retrieved from /home/airflow/.local/lib/python3.8/site-packages/airflow/example_dags/example_local_kubernetes_executor.py
[2026-01-15T10:44:03.341+0000] {logging_mixin.py:188} INFO - [2026-01-15T10:44:03.340+0000] {dag.py:3036} INFO - Sync 1 DAGs
[2026-01-15T10:44:03.355+0000] {logging_mixin.py:188} INFO - [2026-01-15T10:44:03.355+0000] {dag.py:3823} INFO - Setting next_dagrun for example_local_kubernetes_executor to None, run_after=None
[2026-01-15T10:44:03.380+0000] {processor.py:183} INFO - Processing /home/airflow/.local/lib/python3.8/site-packages/airflow/example_dags/example_local_kubernetes_executor.py took 0.110 seconds
[2026-01-15T10:44:33.783+0000] {processor.py:161} INFO - Started process (PID=517) to work on /home/airflow/.local/lib/python3.8/site-packages/airflow/example_dags/example_local_kubernetes_executor.py
[2026-01-15T10:44:33.785+0000] {processor.py:830} INFO - Processing file /home/airflow/.local/lib/python3.8/site-packages/airflow/example_dags/example_local_kubernetes_executor.py for tasks to queue
[2026-01-15T10:44:33.787+0000] {logging_mixin.py:188} INFO - [2026-01-15T10:44:33.787+0000] {dagbag.py:538} INFO - Filling up the DagBag from /home/airflow/.local/lib/python3.8/site-packages/airflow/example_dags/example_local_kubernetes_executor.py
[2026-01-15T10:44:33.798+0000] {processor.py:840} INFO - DAG(s) 'example_local_kubernetes_executor' retrieved from /home/airflow/.local/lib/python3.8/site-packages/airflow/example_dags/example_local_kubernetes_executor.py
[2026-01-15T10:44:33.843+0000] {logging_mixin.py:188} INFO - [2026-01-15T10:44:33.843+0000] {dag.py:3036} INFO - Sync 1 DAGs
[2026-01-15T10:44:33.857+0000] {logging_mixin.py:188} INFO - [2026-01-15T10:44:33.857+0000] {dag.py:3823} INFO - Setting next_dagrun for example_local_kubernetes_executor to None, run_after=None
[2026-01-15T10:44:33.884+0000] {processor.py:183} INFO - Processing /home/airflow/.local/lib/python3.8/site-packages/airflow/example_dags/example_local_kubernetes_executor.py took 0.105 seconds
[2026-01-15T10:45:04.185+0000] {processor.py:161} INFO - Started process (PID=572) to work on /home/airflow/.local/lib/python3.8/site-packages/airflow/example_dags/example_local_kubernetes_executor.py
[2026-01-15T10:45:04.186+0000] {processor.py:830} INFO - Processing file /home/airflow/.local/lib/python3.8/site-packages/airflow/example_dags/example_local_kubernetes_executor.py for tasks to queue
[2026-01-15T10:45:04.189+0000] {logging_mixin.py:188} INFO - [2026-01-15T10:45:04.189+0000] {dagbag.py:538} INFO - Filling up the DagBag from /home/airflow/.local/lib/python3.8/site-packages/airflow/example_dags/example_local_kubernetes_executor.py
[2026-01-15T10:45:04.200+0000] {processor.py:840} INFO - DAG(s) 'example_local_kubernetes_executor' retrieved from /home/airflow/.local/lib/python3.8/site-packages/airflow/example_dags/example_local_kubernetes_executor.py
[2026-01-15T10:45:04.245+0000] {logging_mixin.py:188} INFO - [2026-01-15T10:45:04.245+0000] {dag.py:3036} INFO - Sync 1 DAGs
[2026-01-15T10:45:04.259+0000] {logging_mixin.py:188} INFO - [2026-01-15T10:45:04.259+0000] {dag.py:3823} INFO - Setting next_dagrun for example_local_kubernetes_executor to None, run_after=None
[2026-01-15T10:45:04.282+0000] {processor.py:183} INFO - Processing /home/airflow/.local/lib/python3.8/site-packages/airflow/example_dags/example_local_kubernetes_executor.py took 0.102 seconds
[2026-01-15T10:46:21.204+0000] {processor.py:161} INFO - Started process (PID=77) to work on /home/airflow/.local/lib/python3.8/site-packages/airflow/example_dags/example_local_kubernetes_executor.py
[2026-01-15T10:46:21.206+0000] {processor.py:830} INFO - Processing file /home/airflow/.local/lib/python3.8/site-packages/airflow/example_dags/example_local_kubernetes_executor.py for tasks to queue
[2026-01-15T10:46:21.209+0000] {logging_mixin.py:188} INFO - [2026-01-15T10:46:21.209+0000] {dagbag.py:538} INFO - Filling up the DagBag from /home/airflow/.local/lib/python3.8/site-packages/airflow/example_dags/example_local_kubernetes_executor.py
[2026-01-15T10:46:21.222+0000] {processor.py:840} INFO - DAG(s) 'example_local_kubernetes_executor' retrieved from /home/airflow/.local/lib/python3.8/site-packages/airflow/example_dags/example_local_kubernetes_executor.py
[2026-01-15T10:46:21.248+0000] {logging_mixin.py:188} INFO - [2026-01-15T10:46:21.247+0000] {dag.py:3036} INFO - Sync 1 DAGs
[2026-01-15T10:46:21.268+0000] {logging_mixin.py:188} INFO - [2026-01-15T10:46:21.268+0000] {dag.py:3823} INFO - Setting next_dagrun for example_local_kubernetes_executor to None, run_after=None
[2026-01-15T10:46:21.312+0000] {processor.py:183} INFO - Processing /home/airflow/.local/lib/python3.8/site-packages/airflow/example_dags/example_local_kubernetes_executor.py took 0.113 seconds
[2026-01-15T10:46:52.051+0000] {processor.py:161} INFO - Started process (PID=132) to work on /home/airflow/.local/lib/python3.8/site-packages/airflow/example_dags/example_local_kubernetes_executor.py
[2026-01-15T10:46:52.052+0000] {processor.py:830} INFO - Processing file /home/airflow/.local/lib/python3.8/site-packages/airflow/example_dags/example_local_kubernetes_executor.py for tasks to queue
[2026-01-15T10:46:52.055+0000] {logging_mixin.py:188} INFO - [2026-01-15T10:46:52.054+0000] {dagbag.py:538} INFO - Filling up the DagBag from /home/airflow/.local/lib/python3.8/site-packages/airflow/example_dags/example_local_kubernetes_executor.py
[2026-01-15T10:46:52.065+0000] {processor.py:840} INFO - DAG(s) 'example_local_kubernetes_executor' retrieved from /home/airflow/.local/lib/python3.8/site-packages/airflow/example_dags/example_local_kubernetes_executor.py
[2026-01-15T10:46:52.192+0000] {logging_mixin.py:188} INFO - [2026-01-15T10:46:52.191+0000] {dag.py:3036} INFO - Sync 1 DAGs
[2026-01-15T10:46:52.205+0000] {logging_mixin.py:188} INFO - [2026-01-15T10:46:52.204+0000] {dag.py:3823} INFO - Setting next_dagrun for example_local_kubernetes_executor to None, run_after=None
[2026-01-15T10:46:52.229+0000] {processor.py:183} INFO - Processing /home/airflow/.local/lib/python3.8/site-packages/airflow/example_dags/example_local_kubernetes_executor.py took 0.183 seconds
[2026-01-15T10:47:23.075+0000] {processor.py:161} INFO - Started process (PID=187) to work on /home/airflow/.local/lib/python3.8/site-packages/airflow/example_dags/example_local_kubernetes_executor.py
[2026-01-15T10:47:23.076+0000] {processor.py:830} INFO - Processing file /home/airflow/.local/lib/python3.8/site-packages/airflow/example_dags/example_local_kubernetes_executor.py for tasks to queue
[2026-01-15T10:47:23.079+0000] {logging_mixin.py:188} INFO - [2026-01-15T10:47:23.079+0000] {dagbag.py:538} INFO - Filling up the DagBag from /home/airflow/.local/lib/python3.8/site-packages/airflow/example_dags/example_local_kubernetes_executor.py
[2026-01-15T10:47:23.090+0000] {processor.py:840} INFO - DAG(s) 'example_local_kubernetes_executor' retrieved from /home/airflow/.local/lib/python3.8/site-packages/airflow/example_dags/example_local_kubernetes_executor.py
[2026-01-15T10:47:23.137+0000] {logging_mixin.py:188} INFO - [2026-01-15T10:47:23.137+0000] {dag.py:3036} INFO - Sync 1 DAGs
[2026-01-15T10:47:23.152+0000] {logging_mixin.py:188} INFO - [2026-01-15T10:47:23.151+0000] {dag.py:3823} INFO - Setting next_dagrun for example_local_kubernetes_executor to None, run_after=None
[2026-01-15T10:47:23.181+0000] {processor.py:183} INFO - Processing /home/airflow/.local/lib/python3.8/site-packages/airflow/example_dags/example_local_kubernetes_executor.py took 0.111 seconds
[2026-01-15T10:47:53.270+0000] {processor.py:161} INFO - Started process (PID=242) to work on /home/airflow/.local/lib/python3.8/site-packages/airflow/example_dags/example_local_kubernetes_executor.py
[2026-01-15T10:47:53.272+0000] {processor.py:830} INFO - Processing file /home/airflow/.local/lib/python3.8/site-packages/airflow/example_dags/example_local_kubernetes_executor.py for tasks to queue
[2026-01-15T10:47:53.276+0000] {logging_mixin.py:188} INFO - [2026-01-15T10:47:53.275+0000] {dagbag.py:538} INFO - Filling up the DagBag from /home/airflow/.local/lib/python3.8/site-packages/airflow/example_dags/example_local_kubernetes_executor.py
[2026-01-15T10:47:53.287+0000] {processor.py:840} INFO - DAG(s) 'example_local_kubernetes_executor' retrieved from /home/airflow/.local/lib/python3.8/site-packages/airflow/example_dags/example_local_kubernetes_executor.py
[2026-01-15T10:47:53.337+0000] {logging_mixin.py:188} INFO - [2026-01-15T10:47:53.337+0000] {dag.py:3036} INFO - Sync 1 DAGs
[2026-01-15T10:47:53.352+0000] {logging_mixin.py:188} INFO - [2026-01-15T10:47:53.352+0000] {dag.py:3823} INFO - Setting next_dagrun for example_local_kubernetes_executor to None, run_after=None
[2026-01-15T10:47:53.379+0000] {processor.py:183} INFO - Processing /home/airflow/.local/lib/python3.8/site-packages/airflow/example_dags/example_local_kubernetes_executor.py took 0.114 seconds
[2026-01-15T10:48:23.976+0000] {processor.py:161} INFO - Started process (PID=297) to work on /home/airflow/.local/lib/python3.8/site-packages/airflow/example_dags/example_local_kubernetes_executor.py
[2026-01-15T10:48:23.977+0000] {processor.py:830} INFO - Processing file /home/airflow/.local/lib/python3.8/site-packages/airflow/example_dags/example_local_kubernetes_executor.py for tasks to queue
[2026-01-15T10:48:23.980+0000] {logging_mixin.py:188} INFO - [2026-01-15T10:48:23.980+0000] {dagbag.py:538} INFO - Filling up the DagBag from /home/airflow/.local/lib/python3.8/site-packages/airflow/example_dags/example_local_kubernetes_executor.py
[2026-01-15T10:48:23.992+0000] {processor.py:840} INFO - DAG(s) 'example_local_kubernetes_executor' retrieved from /home/airflow/.local/lib/python3.8/site-packages/airflow/example_dags/example_local_kubernetes_executor.py
[2026-01-15T10:48:24.042+0000] {logging_mixin.py:188} INFO - [2026-01-15T10:48:24.041+0000] {dag.py:3036} INFO - Sync 1 DAGs
[2026-01-15T10:48:24.057+0000] {logging_mixin.py:188} INFO - [2026-01-15T10:48:24.056+0000] {dag.py:3823} INFO - Setting next_dagrun for example_local_kubernetes_executor to None, run_after=None
[2026-01-15T10:48:24.085+0000] {processor.py:183} INFO - Processing /home/airflow/.local/lib/python3.8/site-packages/airflow/example_dags/example_local_kubernetes_executor.py took 0.115 seconds
[2026-01-15T10:51:09.006+0000] {processor.py:161} INFO - Started process (PID=76) to work on /home/airflow/.local/lib/python3.8/site-packages/airflow/example_dags/example_local_kubernetes_executor.py
[2026-01-15T10:51:09.008+0000] {processor.py:830} INFO - Processing file /home/airflow/.local/lib/python3.8/site-packages/airflow/example_dags/example_local_kubernetes_executor.py for tasks to queue
[2026-01-15T10:51:09.011+0000] {logging_mixin.py:188} INFO - [2026-01-15T10:51:09.011+0000] {dagbag.py:538} INFO - Filling up the DagBag from /home/airflow/.local/lib/python3.8/site-packages/airflow/example_dags/example_local_kubernetes_executor.py
[2026-01-15T10:51:09.027+0000] {processor.py:840} INFO - DAG(s) 'example_local_kubernetes_executor' retrieved from /home/airflow/.local/lib/python3.8/site-packages/airflow/example_dags/example_local_kubernetes_executor.py
[2026-01-15T10:51:09.061+0000] {logging_mixin.py:188} INFO - [2026-01-15T10:51:09.060+0000] {dag.py:3036} INFO - Sync 1 DAGs
[2026-01-15T10:51:09.088+0000] {logging_mixin.py:188} INFO - [2026-01-15T10:51:09.088+0000] {dag.py:3823} INFO - Setting next_dagrun for example_local_kubernetes_executor to None, run_after=None
[2026-01-15T10:51:09.146+0000] {processor.py:183} INFO - Processing /home/airflow/.local/lib/python3.8/site-packages/airflow/example_dags/example_local_kubernetes_executor.py took 0.146 seconds
[2026-01-15T10:51:40.404+0000] {processor.py:161} INFO - Started process (PID=131) to work on /home/airflow/.local/lib/python3.8/site-packages/airflow/example_dags/example_local_kubernetes_executor.py
[2026-01-15T10:51:40.406+0000] {processor.py:830} INFO - Processing file /home/airflow/.local/lib/python3.8/site-packages/airflow/example_dags/example_local_kubernetes_executor.py for tasks to queue
[2026-01-15T10:51:40.409+0000] {logging_mixin.py:188} INFO - [2026-01-15T10:51:40.409+0000] {dagbag.py:538} INFO - Filling up the DagBag from /home/airflow/.local/lib/python3.8/site-packages/airflow/example_dags/example_local_kubernetes_executor.py
[2026-01-15T10:51:40.421+0000] {processor.py:840} INFO - DAG(s) 'example_local_kubernetes_executor' retrieved from /home/airflow/.local/lib/python3.8/site-packages/airflow/example_dags/example_local_kubernetes_executor.py
[2026-01-15T10:51:40.601+0000] {logging_mixin.py:188} INFO - [2026-01-15T10:51:40.600+0000] {dag.py:3036} INFO - Sync 1 DAGs
[2026-01-15T10:51:40.616+0000] {logging_mixin.py:188} INFO - [2026-01-15T10:51:40.616+0000] {dag.py:3823} INFO - Setting next_dagrun for example_local_kubernetes_executor to None, run_after=None
[2026-01-15T10:51:40.688+0000] {processor.py:183} INFO - Processing /home/airflow/.local/lib/python3.8/site-packages/airflow/example_dags/example_local_kubernetes_executor.py took 0.289 seconds
