[2026-01-15T10:40:29.468+0000] {processor.py:161} INFO - Started process (PID=77) to work on /home/airflow/.local/lib/python3.8/site-packages/airflow/example_dags/example_external_task_marker_dag.py
[2026-01-15T10:40:29.470+0000] {processor.py:830} INFO - Processing file /home/airflow/.local/lib/python3.8/site-packages/airflow/example_dags/example_external_task_marker_dag.py for tasks to queue
[2026-01-15T10:40:29.473+0000] {logging_mixin.py:188} INFO - [2026-01-15T10:40:29.473+0000] {dagbag.py:538} INFO - Filling up the DagBag from /home/airflow/.local/lib/python3.8/site-packages/airflow/example_dags/example_external_task_marker_dag.py
[2026-01-15T10:40:29.493+0000] {processor.py:840} INFO - DAG(s) 'example_external_task_marker_child', 'example_external_task_marker_parent' retrieved from /home/airflow/.local/lib/python3.8/site-packages/airflow/example_dags/example_external_task_marker_dag.py
[2026-01-15T10:40:29.516+0000] {logging_mixin.py:188} INFO - [2026-01-15T10:40:29.515+0000] {dag.py:3036} INFO - Sync 2 DAGs
[2026-01-15T10:40:29.534+0000] {logging_mixin.py:188} INFO - [2026-01-15T10:40:29.533+0000] {dag.py:3823} INFO - Setting next_dagrun for example_external_task_marker_child to None, run_after=None
[2026-01-15T10:40:29.539+0000] {logging_mixin.py:188} INFO - [2026-01-15T10:40:29.539+0000] {dag.py:3823} INFO - Setting next_dagrun for example_external_task_marker_parent to None, run_after=None
[2026-01-15T10:40:29.591+0000] {processor.py:183} INFO - Processing /home/airflow/.local/lib/python3.8/site-packages/airflow/example_dags/example_external_task_marker_dag.py took 0.128 seconds
[2026-01-15T10:41:01.270+0000] {processor.py:161} INFO - Started process (PID=132) to work on /home/airflow/.local/lib/python3.8/site-packages/airflow/example_dags/example_external_task_marker_dag.py
[2026-01-15T10:41:01.272+0000] {processor.py:830} INFO - Processing file /home/airflow/.local/lib/python3.8/site-packages/airflow/example_dags/example_external_task_marker_dag.py for tasks to queue
[2026-01-15T10:41:01.275+0000] {logging_mixin.py:188} INFO - [2026-01-15T10:41:01.275+0000] {dagbag.py:538} INFO - Filling up the DagBag from /home/airflow/.local/lib/python3.8/site-packages/airflow/example_dags/example_external_task_marker_dag.py
[2026-01-15T10:41:01.285+0000] {processor.py:840} INFO - DAG(s) 'example_external_task_marker_parent', 'example_external_task_marker_child' retrieved from /home/airflow/.local/lib/python3.8/site-packages/airflow/example_dags/example_external_task_marker_dag.py
[2026-01-15T10:41:01.447+0000] {logging_mixin.py:188} INFO - [2026-01-15T10:41:01.446+0000] {dag.py:3036} INFO - Sync 2 DAGs
[2026-01-15T10:41:01.471+0000] {logging_mixin.py:188} INFO - [2026-01-15T10:41:01.471+0000] {dag.py:3823} INFO - Setting next_dagrun for example_external_task_marker_child to None, run_after=None
[2026-01-15T10:41:01.476+0000] {logging_mixin.py:188} INFO - [2026-01-15T10:41:01.476+0000] {dag.py:3823} INFO - Setting next_dagrun for example_external_task_marker_parent to None, run_after=None
[2026-01-15T10:41:01.524+0000] {processor.py:183} INFO - Processing /home/airflow/.local/lib/python3.8/site-packages/airflow/example_dags/example_external_task_marker_dag.py took 0.259 seconds
[2026-01-15T10:41:32.456+0000] {processor.py:161} INFO - Started process (PID=187) to work on /home/airflow/.local/lib/python3.8/site-packages/airflow/example_dags/example_external_task_marker_dag.py
[2026-01-15T10:41:32.457+0000] {processor.py:830} INFO - Processing file /home/airflow/.local/lib/python3.8/site-packages/airflow/example_dags/example_external_task_marker_dag.py for tasks to queue
[2026-01-15T10:41:32.461+0000] {logging_mixin.py:188} INFO - [2026-01-15T10:41:32.460+0000] {dagbag.py:538} INFO - Filling up the DagBag from /home/airflow/.local/lib/python3.8/site-packages/airflow/example_dags/example_external_task_marker_dag.py
[2026-01-15T10:41:32.469+0000] {processor.py:840} INFO - DAG(s) 'example_external_task_marker_parent', 'example_external_task_marker_child' retrieved from /home/airflow/.local/lib/python3.8/site-packages/airflow/example_dags/example_external_task_marker_dag.py
[2026-01-15T10:41:32.508+0000] {logging_mixin.py:188} INFO - [2026-01-15T10:41:32.508+0000] {dag.py:3036} INFO - Sync 2 DAGs
[2026-01-15T10:41:32.527+0000] {logging_mixin.py:188} INFO - [2026-01-15T10:41:32.527+0000] {dag.py:3823} INFO - Setting next_dagrun for example_external_task_marker_child to None, run_after=None
[2026-01-15T10:41:32.532+0000] {logging_mixin.py:188} INFO - [2026-01-15T10:41:32.532+0000] {dag.py:3823} INFO - Setting next_dagrun for example_external_task_marker_parent to None, run_after=None
[2026-01-15T10:41:32.558+0000] {processor.py:183} INFO - Processing /home/airflow/.local/lib/python3.8/site-packages/airflow/example_dags/example_external_task_marker_dag.py took 0.108 seconds
[2026-01-15T10:42:02.728+0000] {processor.py:161} INFO - Started process (PID=243) to work on /home/airflow/.local/lib/python3.8/site-packages/airflow/example_dags/example_external_task_marker_dag.py
[2026-01-15T10:42:02.730+0000] {processor.py:830} INFO - Processing file /home/airflow/.local/lib/python3.8/site-packages/airflow/example_dags/example_external_task_marker_dag.py for tasks to queue
[2026-01-15T10:42:02.735+0000] {logging_mixin.py:188} INFO - [2026-01-15T10:42:02.734+0000] {dagbag.py:538} INFO - Filling up the DagBag from /home/airflow/.local/lib/python3.8/site-packages/airflow/example_dags/example_external_task_marker_dag.py
[2026-01-15T10:42:02.751+0000] {processor.py:840} INFO - DAG(s) 'example_external_task_marker_child', 'example_external_task_marker_parent' retrieved from /home/airflow/.local/lib/python3.8/site-packages/airflow/example_dags/example_external_task_marker_dag.py
[2026-01-15T10:42:02.822+0000] {logging_mixin.py:188} INFO - [2026-01-15T10:42:02.821+0000] {dag.py:3036} INFO - Sync 2 DAGs
[2026-01-15T10:42:02.848+0000] {logging_mixin.py:188} INFO - [2026-01-15T10:42:02.847+0000] {dag.py:3823} INFO - Setting next_dagrun for example_external_task_marker_child to None, run_after=None
[2026-01-15T10:42:02.857+0000] {logging_mixin.py:188} INFO - [2026-01-15T10:42:02.857+0000] {dag.py:3823} INFO - Setting next_dagrun for example_external_task_marker_parent to None, run_after=None
[2026-01-15T10:42:02.894+0000] {processor.py:183} INFO - Processing /home/airflow/.local/lib/python3.8/site-packages/airflow/example_dags/example_external_task_marker_dag.py took 0.172 seconds
[2026-01-15T10:42:32.953+0000] {processor.py:161} INFO - Started process (PID=298) to work on /home/airflow/.local/lib/python3.8/site-packages/airflow/example_dags/example_external_task_marker_dag.py
[2026-01-15T10:42:32.956+0000] {processor.py:830} INFO - Processing file /home/airflow/.local/lib/python3.8/site-packages/airflow/example_dags/example_external_task_marker_dag.py for tasks to queue
[2026-01-15T10:42:32.959+0000] {logging_mixin.py:188} INFO - [2026-01-15T10:42:32.958+0000] {dagbag.py:538} INFO - Filling up the DagBag from /home/airflow/.local/lib/python3.8/site-packages/airflow/example_dags/example_external_task_marker_dag.py
[2026-01-15T10:42:32.970+0000] {processor.py:840} INFO - DAG(s) 'example_external_task_marker_child', 'example_external_task_marker_parent' retrieved from /home/airflow/.local/lib/python3.8/site-packages/airflow/example_dags/example_external_task_marker_dag.py
[2026-01-15T10:42:33.004+0000] {logging_mixin.py:188} INFO - [2026-01-15T10:42:33.004+0000] {dag.py:3036} INFO - Sync 2 DAGs
[2026-01-15T10:42:33.019+0000] {logging_mixin.py:188} INFO - [2026-01-15T10:42:33.018+0000] {dag.py:3823} INFO - Setting next_dagrun for example_external_task_marker_child to None, run_after=None
[2026-01-15T10:42:33.024+0000] {logging_mixin.py:188} INFO - [2026-01-15T10:42:33.024+0000] {dag.py:3823} INFO - Setting next_dagrun for example_external_task_marker_parent to None, run_after=None
[2026-01-15T10:42:33.050+0000] {processor.py:183} INFO - Processing /home/airflow/.local/lib/python3.8/site-packages/airflow/example_dags/example_external_task_marker_dag.py took 0.101 seconds
[2026-01-15T10:43:03.163+0000] {processor.py:161} INFO - Started process (PID=353) to work on /home/airflow/.local/lib/python3.8/site-packages/airflow/example_dags/example_external_task_marker_dag.py
[2026-01-15T10:43:03.164+0000] {processor.py:830} INFO - Processing file /home/airflow/.local/lib/python3.8/site-packages/airflow/example_dags/example_external_task_marker_dag.py for tasks to queue
[2026-01-15T10:43:03.168+0000] {logging_mixin.py:188} INFO - [2026-01-15T10:43:03.167+0000] {dagbag.py:538} INFO - Filling up the DagBag from /home/airflow/.local/lib/python3.8/site-packages/airflow/example_dags/example_external_task_marker_dag.py
[2026-01-15T10:43:03.175+0000] {processor.py:840} INFO - DAG(s) 'example_external_task_marker_parent', 'example_external_task_marker_child' retrieved from /home/airflow/.local/lib/python3.8/site-packages/airflow/example_dags/example_external_task_marker_dag.py
[2026-01-15T10:43:03.210+0000] {logging_mixin.py:188} INFO - [2026-01-15T10:43:03.210+0000] {dag.py:3036} INFO - Sync 2 DAGs
[2026-01-15T10:43:03.227+0000] {logging_mixin.py:188} INFO - [2026-01-15T10:43:03.226+0000] {dag.py:3823} INFO - Setting next_dagrun for example_external_task_marker_child to None, run_after=None
[2026-01-15T10:43:03.232+0000] {logging_mixin.py:188} INFO - [2026-01-15T10:43:03.232+0000] {dag.py:3823} INFO - Setting next_dagrun for example_external_task_marker_parent to None, run_after=None
[2026-01-15T10:43:03.266+0000] {processor.py:183} INFO - Processing /home/airflow/.local/lib/python3.8/site-packages/airflow/example_dags/example_external_task_marker_dag.py took 0.107 seconds
[2026-01-15T10:43:33.721+0000] {processor.py:161} INFO - Started process (PID=408) to work on /home/airflow/.local/lib/python3.8/site-packages/airflow/example_dags/example_external_task_marker_dag.py
[2026-01-15T10:43:33.723+0000] {processor.py:830} INFO - Processing file /home/airflow/.local/lib/python3.8/site-packages/airflow/example_dags/example_external_task_marker_dag.py for tasks to queue
[2026-01-15T10:43:33.728+0000] {logging_mixin.py:188} INFO - [2026-01-15T10:43:33.727+0000] {dagbag.py:538} INFO - Filling up the DagBag from /home/airflow/.local/lib/python3.8/site-packages/airflow/example_dags/example_external_task_marker_dag.py
[2026-01-15T10:43:33.740+0000] {processor.py:840} INFO - DAG(s) 'example_external_task_marker_child', 'example_external_task_marker_parent' retrieved from /home/airflow/.local/lib/python3.8/site-packages/airflow/example_dags/example_external_task_marker_dag.py
[2026-01-15T10:43:33.786+0000] {logging_mixin.py:188} INFO - [2026-01-15T10:43:33.786+0000] {dag.py:3036} INFO - Sync 2 DAGs
[2026-01-15T10:43:33.803+0000] {logging_mixin.py:188} INFO - [2026-01-15T10:43:33.802+0000] {dag.py:3823} INFO - Setting next_dagrun for example_external_task_marker_child to None, run_after=None
[2026-01-15T10:43:33.808+0000] {logging_mixin.py:188} INFO - [2026-01-15T10:43:33.808+0000] {dag.py:3823} INFO - Setting next_dagrun for example_external_task_marker_parent to None, run_after=None
[2026-01-15T10:43:33.832+0000] {processor.py:183} INFO - Processing /home/airflow/.local/lib/python3.8/site-packages/airflow/example_dags/example_external_task_marker_dag.py took 0.118 seconds
[2026-01-15T10:44:04.358+0000] {processor.py:161} INFO - Started process (PID=463) to work on /home/airflow/.local/lib/python3.8/site-packages/airflow/example_dags/example_external_task_marker_dag.py
[2026-01-15T10:44:04.360+0000] {processor.py:830} INFO - Processing file /home/airflow/.local/lib/python3.8/site-packages/airflow/example_dags/example_external_task_marker_dag.py for tasks to queue
[2026-01-15T10:44:04.364+0000] {logging_mixin.py:188} INFO - [2026-01-15T10:44:04.364+0000] {dagbag.py:538} INFO - Filling up the DagBag from /home/airflow/.local/lib/python3.8/site-packages/airflow/example_dags/example_external_task_marker_dag.py
[2026-01-15T10:44:04.373+0000] {processor.py:840} INFO - DAG(s) 'example_external_task_marker_child', 'example_external_task_marker_parent' retrieved from /home/airflow/.local/lib/python3.8/site-packages/airflow/example_dags/example_external_task_marker_dag.py
[2026-01-15T10:44:04.422+0000] {logging_mixin.py:188} INFO - [2026-01-15T10:44:04.422+0000] {dag.py:3036} INFO - Sync 2 DAGs
[2026-01-15T10:44:04.440+0000] {logging_mixin.py:188} INFO - [2026-01-15T10:44:04.440+0000] {dag.py:3823} INFO - Setting next_dagrun for example_external_task_marker_child to None, run_after=None
[2026-01-15T10:44:04.446+0000] {logging_mixin.py:188} INFO - [2026-01-15T10:44:04.446+0000] {dag.py:3823} INFO - Setting next_dagrun for example_external_task_marker_parent to None, run_after=None
[2026-01-15T10:44:04.475+0000] {processor.py:183} INFO - Processing /home/airflow/.local/lib/python3.8/site-packages/airflow/example_dags/example_external_task_marker_dag.py took 0.122 seconds
[2026-01-15T10:44:34.872+0000] {processor.py:161} INFO - Started process (PID=518) to work on /home/airflow/.local/lib/python3.8/site-packages/airflow/example_dags/example_external_task_marker_dag.py
[2026-01-15T10:44:34.874+0000] {processor.py:830} INFO - Processing file /home/airflow/.local/lib/python3.8/site-packages/airflow/example_dags/example_external_task_marker_dag.py for tasks to queue
[2026-01-15T10:44:34.878+0000] {logging_mixin.py:188} INFO - [2026-01-15T10:44:34.877+0000] {dagbag.py:538} INFO - Filling up the DagBag from /home/airflow/.local/lib/python3.8/site-packages/airflow/example_dags/example_external_task_marker_dag.py
[2026-01-15T10:44:34.888+0000] {processor.py:840} INFO - DAG(s) 'example_external_task_marker_parent', 'example_external_task_marker_child' retrieved from /home/airflow/.local/lib/python3.8/site-packages/airflow/example_dags/example_external_task_marker_dag.py
[2026-01-15T10:44:34.939+0000] {logging_mixin.py:188} INFO - [2026-01-15T10:44:34.938+0000] {dag.py:3036} INFO - Sync 2 DAGs
[2026-01-15T10:44:34.960+0000] {logging_mixin.py:188} INFO - [2026-01-15T10:44:34.959+0000] {dag.py:3823} INFO - Setting next_dagrun for example_external_task_marker_child to None, run_after=None
[2026-01-15T10:44:34.965+0000] {logging_mixin.py:188} INFO - [2026-01-15T10:44:34.965+0000] {dag.py:3823} INFO - Setting next_dagrun for example_external_task_marker_parent to None, run_after=None
[2026-01-15T10:44:34.991+0000] {processor.py:183} INFO - Processing /home/airflow/.local/lib/python3.8/site-packages/airflow/example_dags/example_external_task_marker_dag.py took 0.127 seconds
[2026-01-15T10:45:05.202+0000] {processor.py:161} INFO - Started process (PID=573) to work on /home/airflow/.local/lib/python3.8/site-packages/airflow/example_dags/example_external_task_marker_dag.py
[2026-01-15T10:45:05.203+0000] {processor.py:830} INFO - Processing file /home/airflow/.local/lib/python3.8/site-packages/airflow/example_dags/example_external_task_marker_dag.py for tasks to queue
[2026-01-15T10:45:05.206+0000] {logging_mixin.py:188} INFO - [2026-01-15T10:45:05.206+0000] {dagbag.py:538} INFO - Filling up the DagBag from /home/airflow/.local/lib/python3.8/site-packages/airflow/example_dags/example_external_task_marker_dag.py
[2026-01-15T10:45:05.215+0000] {processor.py:840} INFO - DAG(s) 'example_external_task_marker_parent', 'example_external_task_marker_child' retrieved from /home/airflow/.local/lib/python3.8/site-packages/airflow/example_dags/example_external_task_marker_dag.py
[2026-01-15T10:45:05.250+0000] {logging_mixin.py:188} INFO - [2026-01-15T10:45:05.249+0000] {dag.py:3036} INFO - Sync 2 DAGs
[2026-01-15T10:45:05.267+0000] {logging_mixin.py:188} INFO - [2026-01-15T10:45:05.266+0000] {dag.py:3823} INFO - Setting next_dagrun for example_external_task_marker_child to None, run_after=None
[2026-01-15T10:45:05.272+0000] {logging_mixin.py:188} INFO - [2026-01-15T10:45:05.272+0000] {dag.py:3823} INFO - Setting next_dagrun for example_external_task_marker_parent to None, run_after=None
[2026-01-15T10:45:05.295+0000] {processor.py:183} INFO - Processing /home/airflow/.local/lib/python3.8/site-packages/airflow/example_dags/example_external_task_marker_dag.py took 0.098 seconds
[2026-01-15T10:46:21.300+0000] {processor.py:161} INFO - Started process (PID=78) to work on /home/airflow/.local/lib/python3.8/site-packages/airflow/example_dags/example_external_task_marker_dag.py
[2026-01-15T10:46:21.302+0000] {processor.py:830} INFO - Processing file /home/airflow/.local/lib/python3.8/site-packages/airflow/example_dags/example_external_task_marker_dag.py for tasks to queue
[2026-01-15T10:46:21.305+0000] {logging_mixin.py:188} INFO - [2026-01-15T10:46:21.304+0000] {dagbag.py:538} INFO - Filling up the DagBag from /home/airflow/.local/lib/python3.8/site-packages/airflow/example_dags/example_external_task_marker_dag.py
[2026-01-15T10:46:21.318+0000] {processor.py:840} INFO - DAG(s) 'example_external_task_marker_parent', 'example_external_task_marker_child' retrieved from /home/airflow/.local/lib/python3.8/site-packages/airflow/example_dags/example_external_task_marker_dag.py
[2026-01-15T10:46:21.343+0000] {logging_mixin.py:188} INFO - [2026-01-15T10:46:21.343+0000] {dag.py:3036} INFO - Sync 2 DAGs
[2026-01-15T10:46:21.364+0000] {logging_mixin.py:188} INFO - [2026-01-15T10:46:21.363+0000] {dag.py:3823} INFO - Setting next_dagrun for example_external_task_marker_child to None, run_after=None
[2026-01-15T10:46:21.369+0000] {logging_mixin.py:188} INFO - [2026-01-15T10:46:21.369+0000] {dag.py:3823} INFO - Setting next_dagrun for example_external_task_marker_parent to None, run_after=None
[2026-01-15T10:46:21.415+0000] {processor.py:183} INFO - Processing /home/airflow/.local/lib/python3.8/site-packages/airflow/example_dags/example_external_task_marker_dag.py took 0.120 seconds
[2026-01-15T10:46:52.138+0000] {processor.py:161} INFO - Started process (PID=133) to work on /home/airflow/.local/lib/python3.8/site-packages/airflow/example_dags/example_external_task_marker_dag.py
[2026-01-15T10:46:52.140+0000] {processor.py:830} INFO - Processing file /home/airflow/.local/lib/python3.8/site-packages/airflow/example_dags/example_external_task_marker_dag.py for tasks to queue
[2026-01-15T10:46:52.143+0000] {logging_mixin.py:188} INFO - [2026-01-15T10:46:52.142+0000] {dagbag.py:538} INFO - Filling up the DagBag from /home/airflow/.local/lib/python3.8/site-packages/airflow/example_dags/example_external_task_marker_dag.py
[2026-01-15T10:46:52.151+0000] {processor.py:840} INFO - DAG(s) 'example_external_task_marker_child', 'example_external_task_marker_parent' retrieved from /home/airflow/.local/lib/python3.8/site-packages/airflow/example_dags/example_external_task_marker_dag.py
[2026-01-15T10:46:52.290+0000] {logging_mixin.py:188} INFO - [2026-01-15T10:46:52.290+0000] {dag.py:3036} INFO - Sync 2 DAGs
[2026-01-15T10:46:52.305+0000] {logging_mixin.py:188} INFO - [2026-01-15T10:46:52.304+0000] {dag.py:3823} INFO - Setting next_dagrun for example_external_task_marker_child to None, run_after=None
[2026-01-15T10:46:52.309+0000] {logging_mixin.py:188} INFO - [2026-01-15T10:46:52.308+0000] {dag.py:3823} INFO - Setting next_dagrun for example_external_task_marker_parent to None, run_after=None
[2026-01-15T10:46:52.334+0000] {processor.py:183} INFO - Processing /home/airflow/.local/lib/python3.8/site-packages/airflow/example_dags/example_external_task_marker_dag.py took 0.200 seconds
[2026-01-15T10:47:23.126+0000] {processor.py:161} INFO - Started process (PID=188) to work on /home/airflow/.local/lib/python3.8/site-packages/airflow/example_dags/example_external_task_marker_dag.py
[2026-01-15T10:47:23.127+0000] {processor.py:830} INFO - Processing file /home/airflow/.local/lib/python3.8/site-packages/airflow/example_dags/example_external_task_marker_dag.py for tasks to queue
[2026-01-15T10:47:23.130+0000] {logging_mixin.py:188} INFO - [2026-01-15T10:47:23.129+0000] {dagbag.py:538} INFO - Filling up the DagBag from /home/airflow/.local/lib/python3.8/site-packages/airflow/example_dags/example_external_task_marker_dag.py
[2026-01-15T10:47:23.138+0000] {processor.py:840} INFO - DAG(s) 'example_external_task_marker_parent', 'example_external_task_marker_child' retrieved from /home/airflow/.local/lib/python3.8/site-packages/airflow/example_dags/example_external_task_marker_dag.py
[2026-01-15T10:47:23.172+0000] {logging_mixin.py:188} INFO - [2026-01-15T10:47:23.172+0000] {dag.py:3036} INFO - Sync 2 DAGs
[2026-01-15T10:47:23.187+0000] {logging_mixin.py:188} INFO - [2026-01-15T10:47:23.187+0000] {dag.py:3823} INFO - Setting next_dagrun for example_external_task_marker_child to None, run_after=None
[2026-01-15T10:47:23.193+0000] {logging_mixin.py:188} INFO - [2026-01-15T10:47:23.192+0000] {dag.py:3823} INFO - Setting next_dagrun for example_external_task_marker_parent to None, run_after=None
[2026-01-15T10:47:23.215+0000] {processor.py:183} INFO - Processing /home/airflow/.local/lib/python3.8/site-packages/airflow/example_dags/example_external_task_marker_dag.py took 0.094 seconds
[2026-01-15T10:47:53.343+0000] {processor.py:161} INFO - Started process (PID=243) to work on /home/airflow/.local/lib/python3.8/site-packages/airflow/example_dags/example_external_task_marker_dag.py
[2026-01-15T10:47:53.345+0000] {processor.py:830} INFO - Processing file /home/airflow/.local/lib/python3.8/site-packages/airflow/example_dags/example_external_task_marker_dag.py for tasks to queue
[2026-01-15T10:47:53.348+0000] {logging_mixin.py:188} INFO - [2026-01-15T10:47:53.348+0000] {dagbag.py:538} INFO - Filling up the DagBag from /home/airflow/.local/lib/python3.8/site-packages/airflow/example_dags/example_external_task_marker_dag.py
[2026-01-15T10:47:53.359+0000] {processor.py:840} INFO - DAG(s) 'example_external_task_marker_parent', 'example_external_task_marker_child' retrieved from /home/airflow/.local/lib/python3.8/site-packages/airflow/example_dags/example_external_task_marker_dag.py
[2026-01-15T10:47:53.397+0000] {logging_mixin.py:188} INFO - [2026-01-15T10:47:53.397+0000] {dag.py:3036} INFO - Sync 2 DAGs
[2026-01-15T10:47:53.412+0000] {logging_mixin.py:188} INFO - [2026-01-15T10:47:53.412+0000] {dag.py:3823} INFO - Setting next_dagrun for example_external_task_marker_child to None, run_after=None
[2026-01-15T10:47:53.417+0000] {logging_mixin.py:188} INFO - [2026-01-15T10:47:53.417+0000] {dag.py:3823} INFO - Setting next_dagrun for example_external_task_marker_parent to None, run_after=None
[2026-01-15T10:47:53.442+0000] {processor.py:183} INFO - Processing /home/airflow/.local/lib/python3.8/site-packages/airflow/example_dags/example_external_task_marker_dag.py took 0.104 seconds
[2026-01-15T10:48:24.050+0000] {processor.py:161} INFO - Started process (PID=298) to work on /home/airflow/.local/lib/python3.8/site-packages/airflow/example_dags/example_external_task_marker_dag.py
[2026-01-15T10:48:24.051+0000] {processor.py:830} INFO - Processing file /home/airflow/.local/lib/python3.8/site-packages/airflow/example_dags/example_external_task_marker_dag.py for tasks to queue
[2026-01-15T10:48:24.054+0000] {logging_mixin.py:188} INFO - [2026-01-15T10:48:24.053+0000] {dagbag.py:538} INFO - Filling up the DagBag from /home/airflow/.local/lib/python3.8/site-packages/airflow/example_dags/example_external_task_marker_dag.py
[2026-01-15T10:48:24.063+0000] {processor.py:840} INFO - DAG(s) 'example_external_task_marker_child', 'example_external_task_marker_parent' retrieved from /home/airflow/.local/lib/python3.8/site-packages/airflow/example_dags/example_external_task_marker_dag.py
[2026-01-15T10:48:24.101+0000] {logging_mixin.py:188} INFO - [2026-01-15T10:48:24.101+0000] {dag.py:3036} INFO - Sync 2 DAGs
[2026-01-15T10:48:24.117+0000] {logging_mixin.py:188} INFO - [2026-01-15T10:48:24.117+0000] {dag.py:3823} INFO - Setting next_dagrun for example_external_task_marker_child to None, run_after=None
[2026-01-15T10:48:24.122+0000] {logging_mixin.py:188} INFO - [2026-01-15T10:48:24.122+0000] {dag.py:3823} INFO - Setting next_dagrun for example_external_task_marker_parent to None, run_after=None
[2026-01-15T10:48:24.148+0000] {processor.py:183} INFO - Processing /home/airflow/.local/lib/python3.8/site-packages/airflow/example_dags/example_external_task_marker_dag.py took 0.103 seconds
[2026-01-15T10:51:09.127+0000] {processor.py:161} INFO - Started process (PID=77) to work on /home/airflow/.local/lib/python3.8/site-packages/airflow/example_dags/example_external_task_marker_dag.py
[2026-01-15T10:51:09.130+0000] {processor.py:830} INFO - Processing file /home/airflow/.local/lib/python3.8/site-packages/airflow/example_dags/example_external_task_marker_dag.py for tasks to queue
[2026-01-15T10:51:09.134+0000] {logging_mixin.py:188} INFO - [2026-01-15T10:51:09.133+0000] {dagbag.py:538} INFO - Filling up the DagBag from /home/airflow/.local/lib/python3.8/site-packages/airflow/example_dags/example_external_task_marker_dag.py
[2026-01-15T10:51:09.145+0000] {processor.py:840} INFO - DAG(s) 'example_external_task_marker_child', 'example_external_task_marker_parent' retrieved from /home/airflow/.local/lib/python3.8/site-packages/airflow/example_dags/example_external_task_marker_dag.py
[2026-01-15T10:51:09.175+0000] {logging_mixin.py:188} INFO - [2026-01-15T10:51:09.175+0000] {dag.py:3036} INFO - Sync 2 DAGs
[2026-01-15T10:51:09.196+0000] {logging_mixin.py:188} INFO - [2026-01-15T10:51:09.196+0000] {dag.py:3823} INFO - Setting next_dagrun for example_external_task_marker_child to None, run_after=None
[2026-01-15T10:51:09.202+0000] {logging_mixin.py:188} INFO - [2026-01-15T10:51:09.202+0000] {dag.py:3823} INFO - Setting next_dagrun for example_external_task_marker_parent to None, run_after=None
[2026-01-15T10:51:09.255+0000] {processor.py:183} INFO - Processing /home/airflow/.local/lib/python3.8/site-packages/airflow/example_dags/example_external_task_marker_dag.py took 0.132 seconds
[2026-01-15T10:51:40.705+0000] {processor.py:161} INFO - Started process (PID=132) to work on /home/airflow/.local/lib/python3.8/site-packages/airflow/example_dags/example_external_task_marker_dag.py
[2026-01-15T10:51:40.707+0000] {processor.py:830} INFO - Processing file /home/airflow/.local/lib/python3.8/site-packages/airflow/example_dags/example_external_task_marker_dag.py for tasks to queue
[2026-01-15T10:51:40.710+0000] {logging_mixin.py:188} INFO - [2026-01-15T10:51:40.710+0000] {dagbag.py:538} INFO - Filling up the DagBag from /home/airflow/.local/lib/python3.8/site-packages/airflow/example_dags/example_external_task_marker_dag.py
[2026-01-15T10:51:40.720+0000] {processor.py:840} INFO - DAG(s) 'example_external_task_marker_parent', 'example_external_task_marker_child' retrieved from /home/airflow/.local/lib/python3.8/site-packages/airflow/example_dags/example_external_task_marker_dag.py
[2026-01-15T10:51:40.866+0000] {logging_mixin.py:188} INFO - [2026-01-15T10:51:40.865+0000] {dag.py:3036} INFO - Sync 2 DAGs
[2026-01-15T10:51:40.880+0000] {logging_mixin.py:188} INFO - [2026-01-15T10:51:40.879+0000] {dag.py:3823} INFO - Setting next_dagrun for example_external_task_marker_child to None, run_after=None
[2026-01-15T10:51:40.884+0000] {logging_mixin.py:188} INFO - [2026-01-15T10:51:40.883+0000] {dag.py:3823} INFO - Setting next_dagrun for example_external_task_marker_parent to None, run_after=None
[2026-01-15T10:51:40.916+0000] {processor.py:183} INFO - Processing /home/airflow/.local/lib/python3.8/site-packages/airflow/example_dags/example_external_task_marker_dag.py took 0.216 seconds
