[2026-01-15T10:40:27.398+0000] {processor.py:161} INFO - Started process (PID=52) to work on /home/airflow/.local/lib/python3.8/site-packages/airflow/example_dags/example_latest_only_with_trigger.py
[2026-01-15T10:40:27.400+0000] {processor.py:830} INFO - Processing file /home/airflow/.local/lib/python3.8/site-packages/airflow/example_dags/example_latest_only_with_trigger.py for tasks to queue
[2026-01-15T10:40:27.403+0000] {logging_mixin.py:188} INFO - [2026-01-15T10:40:27.403+0000] {dagbag.py:538} INFO - Filling up the DagBag from /home/airflow/.local/lib/python3.8/site-packages/airflow/example_dags/example_latest_only_with_trigger.py
[2026-01-15T10:40:27.419+0000] {processor.py:840} INFO - DAG(s) 'latest_only_with_trigger' retrieved from /home/airflow/.local/lib/python3.8/site-packages/airflow/example_dags/example_latest_only_with_trigger.py
[2026-01-15T10:40:27.446+0000] {logging_mixin.py:188} INFO - [2026-01-15T10:40:27.445+0000] {dag.py:3036} INFO - Sync 1 DAGs
[2026-01-15T10:40:27.484+0000] {logging_mixin.py:188} INFO - [2026-01-15T10:40:27.484+0000] {dag.py:3823} INFO - Setting next_dagrun for latest_only_with_trigger to 2026-01-15 04:00:00+00:00, run_after=2026-01-15 08:00:00+00:00
[2026-01-15T10:40:27.562+0000] {processor.py:183} INFO - Processing /home/airflow/.local/lib/python3.8/site-packages/airflow/example_dags/example_latest_only_with_trigger.py took 0.170 seconds
[2026-01-15T10:40:58.568+0000] {processor.py:161} INFO - Started process (PID=113) to work on /home/airflow/.local/lib/python3.8/site-packages/airflow/example_dags/example_latest_only_with_trigger.py
[2026-01-15T10:40:58.570+0000] {processor.py:830} INFO - Processing file /home/airflow/.local/lib/python3.8/site-packages/airflow/example_dags/example_latest_only_with_trigger.py for tasks to queue
[2026-01-15T10:40:58.573+0000] {logging_mixin.py:188} INFO - [2026-01-15T10:40:58.573+0000] {dagbag.py:538} INFO - Filling up the DagBag from /home/airflow/.local/lib/python3.8/site-packages/airflow/example_dags/example_latest_only_with_trigger.py
[2026-01-15T10:40:58.581+0000] {processor.py:840} INFO - DAG(s) 'latest_only_with_trigger' retrieved from /home/airflow/.local/lib/python3.8/site-packages/airflow/example_dags/example_latest_only_with_trigger.py
[2026-01-15T10:40:58.706+0000] {logging_mixin.py:188} INFO - [2026-01-15T10:40:58.705+0000] {dag.py:3036} INFO - Sync 1 DAGs
[2026-01-15T10:40:58.730+0000] {logging_mixin.py:188} INFO - [2026-01-15T10:40:58.730+0000] {dag.py:3823} INFO - Setting next_dagrun for latest_only_with_trigger to 2026-01-15 04:00:00+00:00, run_after=2026-01-15 08:00:00+00:00
[2026-01-15T10:40:58.765+0000] {processor.py:183} INFO - Processing /home/airflow/.local/lib/python3.8/site-packages/airflow/example_dags/example_latest_only_with_trigger.py took 0.201 seconds
[2026-01-15T10:41:28.882+0000] {processor.py:161} INFO - Started process (PID=168) to work on /home/airflow/.local/lib/python3.8/site-packages/airflow/example_dags/example_latest_only_with_trigger.py
[2026-01-15T10:41:28.883+0000] {processor.py:830} INFO - Processing file /home/airflow/.local/lib/python3.8/site-packages/airflow/example_dags/example_latest_only_with_trigger.py for tasks to queue
[2026-01-15T10:41:28.886+0000] {logging_mixin.py:188} INFO - [2026-01-15T10:41:28.885+0000] {dagbag.py:538} INFO - Filling up the DagBag from /home/airflow/.local/lib/python3.8/site-packages/airflow/example_dags/example_latest_only_with_trigger.py
[2026-01-15T10:41:28.893+0000] {processor.py:840} INFO - DAG(s) 'latest_only_with_trigger' retrieved from /home/airflow/.local/lib/python3.8/site-packages/airflow/example_dags/example_latest_only_with_trigger.py
[2026-01-15T10:41:28.925+0000] {logging_mixin.py:188} INFO - [2026-01-15T10:41:28.924+0000] {dag.py:3036} INFO - Sync 1 DAGs
[2026-01-15T10:41:28.950+0000] {logging_mixin.py:188} INFO - [2026-01-15T10:41:28.950+0000] {dag.py:3823} INFO - Setting next_dagrun for latest_only_with_trigger to 2026-01-15 04:00:00+00:00, run_after=2026-01-15 08:00:00+00:00
[2026-01-15T10:41:28.975+0000] {processor.py:183} INFO - Processing /home/airflow/.local/lib/python3.8/site-packages/airflow/example_dags/example_latest_only_with_trigger.py took 0.098 seconds
[2026-01-15T10:41:59.044+0000] {processor.py:161} INFO - Started process (PID=224) to work on /home/airflow/.local/lib/python3.8/site-packages/airflow/example_dags/example_latest_only_with_trigger.py
[2026-01-15T10:41:59.046+0000] {processor.py:830} INFO - Processing file /home/airflow/.local/lib/python3.8/site-packages/airflow/example_dags/example_latest_only_with_trigger.py for tasks to queue
[2026-01-15T10:41:59.048+0000] {logging_mixin.py:188} INFO - [2026-01-15T10:41:59.048+0000] {dagbag.py:538} INFO - Filling up the DagBag from /home/airflow/.local/lib/python3.8/site-packages/airflow/example_dags/example_latest_only_with_trigger.py
[2026-01-15T10:41:59.055+0000] {processor.py:840} INFO - DAG(s) 'latest_only_with_trigger' retrieved from /home/airflow/.local/lib/python3.8/site-packages/airflow/example_dags/example_latest_only_with_trigger.py
[2026-01-15T10:41:59.084+0000] {logging_mixin.py:188} INFO - [2026-01-15T10:41:59.084+0000] {dag.py:3036} INFO - Sync 1 DAGs
[2026-01-15T10:41:59.109+0000] {logging_mixin.py:188} INFO - [2026-01-15T10:41:59.109+0000] {dag.py:3823} INFO - Setting next_dagrun for latest_only_with_trigger to 2026-01-15 04:00:00+00:00, run_after=2026-01-15 08:00:00+00:00
[2026-01-15T10:41:59.130+0000] {processor.py:183} INFO - Processing /home/airflow/.local/lib/python3.8/site-packages/airflow/example_dags/example_latest_only_with_trigger.py took 0.090 seconds
[2026-01-15T10:42:29.320+0000] {processor.py:161} INFO - Started process (PID=279) to work on /home/airflow/.local/lib/python3.8/site-packages/airflow/example_dags/example_latest_only_with_trigger.py
[2026-01-15T10:42:29.321+0000] {processor.py:830} INFO - Processing file /home/airflow/.local/lib/python3.8/site-packages/airflow/example_dags/example_latest_only_with_trigger.py for tasks to queue
[2026-01-15T10:42:29.324+0000] {logging_mixin.py:188} INFO - [2026-01-15T10:42:29.324+0000] {dagbag.py:538} INFO - Filling up the DagBag from /home/airflow/.local/lib/python3.8/site-packages/airflow/example_dags/example_latest_only_with_trigger.py
[2026-01-15T10:42:29.331+0000] {processor.py:840} INFO - DAG(s) 'latest_only_with_trigger' retrieved from /home/airflow/.local/lib/python3.8/site-packages/airflow/example_dags/example_latest_only_with_trigger.py
[2026-01-15T10:42:29.359+0000] {logging_mixin.py:188} INFO - [2026-01-15T10:42:29.359+0000] {dag.py:3036} INFO - Sync 1 DAGs
[2026-01-15T10:42:29.382+0000] {logging_mixin.py:188} INFO - [2026-01-15T10:42:29.382+0000] {dag.py:3823} INFO - Setting next_dagrun for latest_only_with_trigger to 2026-01-15 04:00:00+00:00, run_after=2026-01-15 08:00:00+00:00
[2026-01-15T10:42:29.404+0000] {processor.py:183} INFO - Processing /home/airflow/.local/lib/python3.8/site-packages/airflow/example_dags/example_latest_only_with_trigger.py took 0.088 seconds
[2026-01-15T10:42:59.645+0000] {processor.py:161} INFO - Started process (PID=334) to work on /home/airflow/.local/lib/python3.8/site-packages/airflow/example_dags/example_latest_only_with_trigger.py
[2026-01-15T10:42:59.646+0000] {processor.py:830} INFO - Processing file /home/airflow/.local/lib/python3.8/site-packages/airflow/example_dags/example_latest_only_with_trigger.py for tasks to queue
[2026-01-15T10:42:59.649+0000] {logging_mixin.py:188} INFO - [2026-01-15T10:42:59.649+0000] {dagbag.py:538} INFO - Filling up the DagBag from /home/airflow/.local/lib/python3.8/site-packages/airflow/example_dags/example_latest_only_with_trigger.py
[2026-01-15T10:42:59.656+0000] {processor.py:840} INFO - DAG(s) 'latest_only_with_trigger' retrieved from /home/airflow/.local/lib/python3.8/site-packages/airflow/example_dags/example_latest_only_with_trigger.py
[2026-01-15T10:42:59.685+0000] {logging_mixin.py:188} INFO - [2026-01-15T10:42:59.684+0000] {dag.py:3036} INFO - Sync 1 DAGs
[2026-01-15T10:42:59.709+0000] {logging_mixin.py:188} INFO - [2026-01-15T10:42:59.709+0000] {dag.py:3823} INFO - Setting next_dagrun for latest_only_with_trigger to 2026-01-15 04:00:00+00:00, run_after=2026-01-15 08:00:00+00:00
[2026-01-15T10:42:59.732+0000] {processor.py:183} INFO - Processing /home/airflow/.local/lib/python3.8/site-packages/airflow/example_dags/example_latest_only_with_trigger.py took 0.091 seconds
[2026-01-15T10:43:30.133+0000] {processor.py:161} INFO - Started process (PID=389) to work on /home/airflow/.local/lib/python3.8/site-packages/airflow/example_dags/example_latest_only_with_trigger.py
[2026-01-15T10:43:30.135+0000] {processor.py:830} INFO - Processing file /home/airflow/.local/lib/python3.8/site-packages/airflow/example_dags/example_latest_only_with_trigger.py for tasks to queue
[2026-01-15T10:43:30.138+0000] {logging_mixin.py:188} INFO - [2026-01-15T10:43:30.138+0000] {dagbag.py:538} INFO - Filling up the DagBag from /home/airflow/.local/lib/python3.8/site-packages/airflow/example_dags/example_latest_only_with_trigger.py
[2026-01-15T10:43:30.146+0000] {processor.py:840} INFO - DAG(s) 'latest_only_with_trigger' retrieved from /home/airflow/.local/lib/python3.8/site-packages/airflow/example_dags/example_latest_only_with_trigger.py
[2026-01-15T10:43:30.176+0000] {logging_mixin.py:188} INFO - [2026-01-15T10:43:30.176+0000] {dag.py:3036} INFO - Sync 1 DAGs
[2026-01-15T10:43:30.201+0000] {logging_mixin.py:188} INFO - [2026-01-15T10:43:30.201+0000] {dag.py:3823} INFO - Setting next_dagrun for latest_only_with_trigger to 2026-01-15 04:00:00+00:00, run_after=2026-01-15 08:00:00+00:00
[2026-01-15T10:43:30.225+0000] {processor.py:183} INFO - Processing /home/airflow/.local/lib/python3.8/site-packages/airflow/example_dags/example_latest_only_with_trigger.py took 0.097 seconds
[2026-01-15T10:44:00.704+0000] {processor.py:161} INFO - Started process (PID=444) to work on /home/airflow/.local/lib/python3.8/site-packages/airflow/example_dags/example_latest_only_with_trigger.py
[2026-01-15T10:44:00.706+0000] {processor.py:830} INFO - Processing file /home/airflow/.local/lib/python3.8/site-packages/airflow/example_dags/example_latest_only_with_trigger.py for tasks to queue
[2026-01-15T10:44:00.709+0000] {logging_mixin.py:188} INFO - [2026-01-15T10:44:00.708+0000] {dagbag.py:538} INFO - Filling up the DagBag from /home/airflow/.local/lib/python3.8/site-packages/airflow/example_dags/example_latest_only_with_trigger.py
[2026-01-15T10:44:00.717+0000] {processor.py:840} INFO - DAG(s) 'latest_only_with_trigger' retrieved from /home/airflow/.local/lib/python3.8/site-packages/airflow/example_dags/example_latest_only_with_trigger.py
[2026-01-15T10:44:00.748+0000] {logging_mixin.py:188} INFO - [2026-01-15T10:44:00.747+0000] {dag.py:3036} INFO - Sync 1 DAGs
[2026-01-15T10:44:00.775+0000] {logging_mixin.py:188} INFO - [2026-01-15T10:44:00.775+0000] {dag.py:3823} INFO - Setting next_dagrun for latest_only_with_trigger to 2026-01-15 04:00:00+00:00, run_after=2026-01-15 08:00:00+00:00
[2026-01-15T10:44:00.804+0000] {processor.py:183} INFO - Processing /home/airflow/.local/lib/python3.8/site-packages/airflow/example_dags/example_latest_only_with_trigger.py took 0.105 seconds
[2026-01-15T10:44:31.062+0000] {processor.py:161} INFO - Started process (PID=498) to work on /home/airflow/.local/lib/python3.8/site-packages/airflow/example_dags/example_latest_only_with_trigger.py
[2026-01-15T10:44:31.063+0000] {processor.py:830} INFO - Processing file /home/airflow/.local/lib/python3.8/site-packages/airflow/example_dags/example_latest_only_with_trigger.py for tasks to queue
[2026-01-15T10:44:31.066+0000] {logging_mixin.py:188} INFO - [2026-01-15T10:44:31.065+0000] {dagbag.py:538} INFO - Filling up the DagBag from /home/airflow/.local/lib/python3.8/site-packages/airflow/example_dags/example_latest_only_with_trigger.py
[2026-01-15T10:44:31.073+0000] {processor.py:840} INFO - DAG(s) 'latest_only_with_trigger' retrieved from /home/airflow/.local/lib/python3.8/site-packages/airflow/example_dags/example_latest_only_with_trigger.py
[2026-01-15T10:44:31.103+0000] {logging_mixin.py:188} INFO - [2026-01-15T10:44:31.102+0000] {dag.py:3036} INFO - Sync 1 DAGs
[2026-01-15T10:44:31.126+0000] {logging_mixin.py:188} INFO - [2026-01-15T10:44:31.126+0000] {dag.py:3823} INFO - Setting next_dagrun for latest_only_with_trigger to 2026-01-15 04:00:00+00:00, run_after=2026-01-15 08:00:00+00:00
[2026-01-15T10:44:31.149+0000] {processor.py:183} INFO - Processing /home/airflow/.local/lib/python3.8/site-packages/airflow/example_dags/example_latest_only_with_trigger.py took 0.092 seconds
[2026-01-15T10:45:01.359+0000] {processor.py:161} INFO - Started process (PID=553) to work on /home/airflow/.local/lib/python3.8/site-packages/airflow/example_dags/example_latest_only_with_trigger.py
[2026-01-15T10:45:01.361+0000] {processor.py:830} INFO - Processing file /home/airflow/.local/lib/python3.8/site-packages/airflow/example_dags/example_latest_only_with_trigger.py for tasks to queue
[2026-01-15T10:45:01.363+0000] {logging_mixin.py:188} INFO - [2026-01-15T10:45:01.362+0000] {dagbag.py:538} INFO - Filling up the DagBag from /home/airflow/.local/lib/python3.8/site-packages/airflow/example_dags/example_latest_only_with_trigger.py
[2026-01-15T10:45:01.369+0000] {processor.py:840} INFO - DAG(s) 'latest_only_with_trigger' retrieved from /home/airflow/.local/lib/python3.8/site-packages/airflow/example_dags/example_latest_only_with_trigger.py
[2026-01-15T10:45:01.395+0000] {logging_mixin.py:188} INFO - [2026-01-15T10:45:01.395+0000] {dag.py:3036} INFO - Sync 1 DAGs
[2026-01-15T10:45:01.420+0000] {logging_mixin.py:188} INFO - [2026-01-15T10:45:01.420+0000] {dag.py:3823} INFO - Setting next_dagrun for latest_only_with_trigger to 2026-01-15 04:00:00+00:00, run_after=2026-01-15 08:00:00+00:00
[2026-01-15T10:45:01.443+0000] {processor.py:183} INFO - Processing /home/airflow/.local/lib/python3.8/site-packages/airflow/example_dags/example_latest_only_with_trigger.py took 0.087 seconds
[2026-01-15T10:46:19.187+0000] {processor.py:161} INFO - Started process (PID=53) to work on /home/airflow/.local/lib/python3.8/site-packages/airflow/example_dags/example_latest_only_with_trigger.py
[2026-01-15T10:46:19.189+0000] {processor.py:830} INFO - Processing file /home/airflow/.local/lib/python3.8/site-packages/airflow/example_dags/example_latest_only_with_trigger.py for tasks to queue
[2026-01-15T10:46:19.191+0000] {logging_mixin.py:188} INFO - [2026-01-15T10:46:19.191+0000] {dagbag.py:538} INFO - Filling up the DagBag from /home/airflow/.local/lib/python3.8/site-packages/airflow/example_dags/example_latest_only_with_trigger.py
[2026-01-15T10:46:19.203+0000] {processor.py:840} INFO - DAG(s) 'latest_only_with_trigger' retrieved from /home/airflow/.local/lib/python3.8/site-packages/airflow/example_dags/example_latest_only_with_trigger.py
[2026-01-15T10:46:19.229+0000] {logging_mixin.py:188} INFO - [2026-01-15T10:46:19.228+0000] {dag.py:3036} INFO - Sync 1 DAGs
[2026-01-15T10:46:19.264+0000] {logging_mixin.py:188} INFO - [2026-01-15T10:46:19.264+0000] {dag.py:3823} INFO - Setting next_dagrun for latest_only_with_trigger to 2026-01-15 04:00:00+00:00, run_after=2026-01-15 08:00:00+00:00
[2026-01-15T10:46:19.320+0000] {processor.py:183} INFO - Processing /home/airflow/.local/lib/python3.8/site-packages/airflow/example_dags/example_latest_only_with_trigger.py took 0.138 seconds
[2026-01-15T10:46:49.873+0000] {processor.py:161} INFO - Started process (PID=114) to work on /home/airflow/.local/lib/python3.8/site-packages/airflow/example_dags/example_latest_only_with_trigger.py
[2026-01-15T10:46:49.875+0000] {processor.py:830} INFO - Processing file /home/airflow/.local/lib/python3.8/site-packages/airflow/example_dags/example_latest_only_with_trigger.py for tasks to queue
[2026-01-15T10:46:49.879+0000] {logging_mixin.py:188} INFO - [2026-01-15T10:46:49.878+0000] {dagbag.py:538} INFO - Filling up the DagBag from /home/airflow/.local/lib/python3.8/site-packages/airflow/example_dags/example_latest_only_with_trigger.py
[2026-01-15T10:46:49.888+0000] {processor.py:840} INFO - DAG(s) 'latest_only_with_trigger' retrieved from /home/airflow/.local/lib/python3.8/site-packages/airflow/example_dags/example_latest_only_with_trigger.py
[2026-01-15T10:46:50.007+0000] {logging_mixin.py:188} INFO - [2026-01-15T10:46:50.007+0000] {dag.py:3036} INFO - Sync 1 DAGs
[2026-01-15T10:46:50.029+0000] {logging_mixin.py:188} INFO - [2026-01-15T10:46:50.029+0000] {dag.py:3823} INFO - Setting next_dagrun for latest_only_with_trigger to 2026-01-15 04:00:00+00:00, run_after=2026-01-15 08:00:00+00:00
[2026-01-15T10:46:50.056+0000] {processor.py:183} INFO - Processing /home/airflow/.local/lib/python3.8/site-packages/airflow/example_dags/example_latest_only_with_trigger.py took 0.188 seconds
[2026-01-15T10:47:20.458+0000] {processor.py:161} INFO - Started process (PID=169) to work on /home/airflow/.local/lib/python3.8/site-packages/airflow/example_dags/example_latest_only_with_trigger.py
[2026-01-15T10:47:20.460+0000] {processor.py:830} INFO - Processing file /home/airflow/.local/lib/python3.8/site-packages/airflow/example_dags/example_latest_only_with_trigger.py for tasks to queue
[2026-01-15T10:47:20.463+0000] {logging_mixin.py:188} INFO - [2026-01-15T10:47:20.462+0000] {dagbag.py:538} INFO - Filling up the DagBag from /home/airflow/.local/lib/python3.8/site-packages/airflow/example_dags/example_latest_only_with_trigger.py
[2026-01-15T10:47:20.470+0000] {processor.py:840} INFO - DAG(s) 'latest_only_with_trigger' retrieved from /home/airflow/.local/lib/python3.8/site-packages/airflow/example_dags/example_latest_only_with_trigger.py
[2026-01-15T10:47:20.503+0000] {logging_mixin.py:188} INFO - [2026-01-15T10:47:20.502+0000] {dag.py:3036} INFO - Sync 1 DAGs
[2026-01-15T10:47:20.528+0000] {logging_mixin.py:188} INFO - [2026-01-15T10:47:20.528+0000] {dag.py:3823} INFO - Setting next_dagrun for latest_only_with_trigger to 2026-01-15 04:00:00+00:00, run_after=2026-01-15 08:00:00+00:00
[2026-01-15T10:47:20.553+0000] {processor.py:183} INFO - Processing /home/airflow/.local/lib/python3.8/site-packages/airflow/example_dags/example_latest_only_with_trigger.py took 0.099 seconds
[2026-01-15T10:47:50.916+0000] {processor.py:161} INFO - Started process (PID=224) to work on /home/airflow/.local/lib/python3.8/site-packages/airflow/example_dags/example_latest_only_with_trigger.py
[2026-01-15T10:47:50.917+0000] {processor.py:830} INFO - Processing file /home/airflow/.local/lib/python3.8/site-packages/airflow/example_dags/example_latest_only_with_trigger.py for tasks to queue
[2026-01-15T10:47:50.920+0000] {logging_mixin.py:188} INFO - [2026-01-15T10:47:50.920+0000] {dagbag.py:538} INFO - Filling up the DagBag from /home/airflow/.local/lib/python3.8/site-packages/airflow/example_dags/example_latest_only_with_trigger.py
[2026-01-15T10:47:50.928+0000] {processor.py:840} INFO - DAG(s) 'latest_only_with_trigger' retrieved from /home/airflow/.local/lib/python3.8/site-packages/airflow/example_dags/example_latest_only_with_trigger.py
[2026-01-15T10:47:50.959+0000] {logging_mixin.py:188} INFO - [2026-01-15T10:47:50.959+0000] {dag.py:3036} INFO - Sync 1 DAGs
[2026-01-15T10:47:50.987+0000] {logging_mixin.py:188} INFO - [2026-01-15T10:47:50.987+0000] {dag.py:3823} INFO - Setting next_dagrun for latest_only_with_trigger to 2026-01-15 04:00:00+00:00, run_after=2026-01-15 08:00:00+00:00
[2026-01-15T10:47:51.012+0000] {processor.py:183} INFO - Processing /home/airflow/.local/lib/python3.8/site-packages/airflow/example_dags/example_latest_only_with_trigger.py took 0.101 seconds
[2026-01-15T10:48:21.413+0000] {processor.py:161} INFO - Started process (PID=279) to work on /home/airflow/.local/lib/python3.8/site-packages/airflow/example_dags/example_latest_only_with_trigger.py
[2026-01-15T10:48:21.415+0000] {processor.py:830} INFO - Processing file /home/airflow/.local/lib/python3.8/site-packages/airflow/example_dags/example_latest_only_with_trigger.py for tasks to queue
[2026-01-15T10:48:21.418+0000] {logging_mixin.py:188} INFO - [2026-01-15T10:48:21.418+0000] {dagbag.py:538} INFO - Filling up the DagBag from /home/airflow/.local/lib/python3.8/site-packages/airflow/example_dags/example_latest_only_with_trigger.py
[2026-01-15T10:48:21.426+0000] {processor.py:840} INFO - DAG(s) 'latest_only_with_trigger' retrieved from /home/airflow/.local/lib/python3.8/site-packages/airflow/example_dags/example_latest_only_with_trigger.py
[2026-01-15T10:48:21.460+0000] {logging_mixin.py:188} INFO - [2026-01-15T10:48:21.460+0000] {dag.py:3036} INFO - Sync 1 DAGs
[2026-01-15T10:48:21.488+0000] {logging_mixin.py:188} INFO - [2026-01-15T10:48:21.487+0000] {dag.py:3823} INFO - Setting next_dagrun for latest_only_with_trigger to 2026-01-15 04:00:00+00:00, run_after=2026-01-15 08:00:00+00:00
[2026-01-15T10:48:21.519+0000] {processor.py:183} INFO - Processing /home/airflow/.local/lib/python3.8/site-packages/airflow/example_dags/example_latest_only_with_trigger.py took 0.110 seconds
[2026-01-15T10:51:06.969+0000] {processor.py:161} INFO - Started process (PID=52) to work on /home/airflow/.local/lib/python3.8/site-packages/airflow/example_dags/example_latest_only_with_trigger.py
[2026-01-15T10:51:06.973+0000] {processor.py:830} INFO - Processing file /home/airflow/.local/lib/python3.8/site-packages/airflow/example_dags/example_latest_only_with_trigger.py for tasks to queue
[2026-01-15T10:51:06.977+0000] {logging_mixin.py:188} INFO - [2026-01-15T10:51:06.976+0000] {dagbag.py:538} INFO - Filling up the DagBag from /home/airflow/.local/lib/python3.8/site-packages/airflow/example_dags/example_latest_only_with_trigger.py
[2026-01-15T10:51:07.002+0000] {processor.py:840} INFO - DAG(s) 'latest_only_with_trigger' retrieved from /home/airflow/.local/lib/python3.8/site-packages/airflow/example_dags/example_latest_only_with_trigger.py
[2026-01-15T10:51:07.037+0000] {logging_mixin.py:188} INFO - [2026-01-15T10:51:07.036+0000] {dag.py:3036} INFO - Sync 1 DAGs
[2026-01-15T10:51:07.089+0000] {logging_mixin.py:188} INFO - [2026-01-15T10:51:07.088+0000] {dag.py:3823} INFO - Setting next_dagrun for latest_only_with_trigger to 2026-01-15 04:00:00+00:00, run_after=2026-01-15 08:00:00+00:00
[2026-01-15T10:51:07.136+0000] {processor.py:183} INFO - Processing /home/airflow/.local/lib/python3.8/site-packages/airflow/example_dags/example_latest_only_with_trigger.py took 0.173 seconds
[2026-01-15T10:51:37.871+0000] {processor.py:161} INFO - Started process (PID=113) to work on /home/airflow/.local/lib/python3.8/site-packages/airflow/example_dags/example_latest_only_with_trigger.py
[2026-01-15T10:51:37.873+0000] {processor.py:830} INFO - Processing file /home/airflow/.local/lib/python3.8/site-packages/airflow/example_dags/example_latest_only_with_trigger.py for tasks to queue
[2026-01-15T10:51:37.876+0000] {logging_mixin.py:188} INFO - [2026-01-15T10:51:37.875+0000] {dagbag.py:538} INFO - Filling up the DagBag from /home/airflow/.local/lib/python3.8/site-packages/airflow/example_dags/example_latest_only_with_trigger.py
[2026-01-15T10:51:37.884+0000] {processor.py:840} INFO - DAG(s) 'latest_only_with_trigger' retrieved from /home/airflow/.local/lib/python3.8/site-packages/airflow/example_dags/example_latest_only_with_trigger.py
[2026-01-15T10:51:38.016+0000] {logging_mixin.py:188} INFO - [2026-01-15T10:51:38.015+0000] {dag.py:3036} INFO - Sync 1 DAGs
[2026-01-15T10:51:38.045+0000] {logging_mixin.py:188} INFO - [2026-01-15T10:51:38.045+0000] {dag.py:3823} INFO - Setting next_dagrun for latest_only_with_trigger to 2026-01-15 04:00:00+00:00, run_after=2026-01-15 08:00:00+00:00
[2026-01-15T10:51:38.099+0000] {processor.py:183} INFO - Processing /home/airflow/.local/lib/python3.8/site-packages/airflow/example_dags/example_latest_only_with_trigger.py took 0.233 seconds
