[2026-01-15T10:40:29.562+0000] {processor.py:161} INFO - Started process (PID=78) to work on /home/airflow/.local/lib/python3.8/site-packages/airflow/example_dags/example_python_operator.py
[2026-01-15T10:40:29.564+0000] {processor.py:830} INFO - Processing file /home/airflow/.local/lib/python3.8/site-packages/airflow/example_dags/example_python_operator.py for tasks to queue
[2026-01-15T10:40:29.566+0000] {logging_mixin.py:188} INFO - [2026-01-15T10:40:29.566+0000] {dagbag.py:538} INFO - Filling up the DagBag from /home/airflow/.local/lib/python3.8/site-packages/airflow/example_dags/example_python_operator.py
[2026-01-15T10:40:29.589+0000] {processor.py:840} INFO - DAG(s) 'example_python_operator' retrieved from /home/airflow/.local/lib/python3.8/site-packages/airflow/example_dags/example_python_operator.py
[2026-01-15T10:40:29.614+0000] {logging_mixin.py:188} INFO - [2026-01-15T10:40:29.614+0000] {dag.py:3036} INFO - Sync 1 DAGs
[2026-01-15T10:40:29.631+0000] {logging_mixin.py:188} INFO - [2026-01-15T10:40:29.631+0000] {dag.py:3823} INFO - Setting next_dagrun for example_python_operator to None, run_after=None
[2026-01-15T10:40:29.677+0000] {processor.py:183} INFO - Processing /home/airflow/.local/lib/python3.8/site-packages/airflow/example_dags/example_python_operator.py took 0.120 seconds
[2026-01-15T10:41:01.329+0000] {processor.py:161} INFO - Started process (PID=133) to work on /home/airflow/.local/lib/python3.8/site-packages/airflow/example_dags/example_python_operator.py
[2026-01-15T10:41:01.330+0000] {processor.py:830} INFO - Processing file /home/airflow/.local/lib/python3.8/site-packages/airflow/example_dags/example_python_operator.py for tasks to queue
[2026-01-15T10:41:01.333+0000] {logging_mixin.py:188} INFO - [2026-01-15T10:41:01.333+0000] {dagbag.py:538} INFO - Filling up the DagBag from /home/airflow/.local/lib/python3.8/site-packages/airflow/example_dags/example_python_operator.py
[2026-01-15T10:41:01.347+0000] {processor.py:840} INFO - DAG(s) 'example_python_operator' retrieved from /home/airflow/.local/lib/python3.8/site-packages/airflow/example_dags/example_python_operator.py
[2026-01-15T10:41:01.487+0000] {logging_mixin.py:188} INFO - [2026-01-15T10:41:01.487+0000] {dag.py:3036} INFO - Sync 1 DAGs
[2026-01-15T10:41:01.500+0000] {logging_mixin.py:188} INFO - [2026-01-15T10:41:01.500+0000] {dag.py:3823} INFO - Setting next_dagrun for example_python_operator to None, run_after=None
[2026-01-15T10:41:01.547+0000] {processor.py:183} INFO - Processing /home/airflow/.local/lib/python3.8/site-packages/airflow/example_dags/example_python_operator.py took 0.223 seconds
[2026-01-15T10:41:32.457+0000] {processor.py:161} INFO - Started process (PID=188) to work on /home/airflow/.local/lib/python3.8/site-packages/airflow/example_dags/example_python_operator.py
[2026-01-15T10:41:32.459+0000] {processor.py:830} INFO - Processing file /home/airflow/.local/lib/python3.8/site-packages/airflow/example_dags/example_python_operator.py for tasks to queue
[2026-01-15T10:41:32.462+0000] {logging_mixin.py:188} INFO - [2026-01-15T10:41:32.462+0000] {dagbag.py:538} INFO - Filling up the DagBag from /home/airflow/.local/lib/python3.8/site-packages/airflow/example_dags/example_python_operator.py
[2026-01-15T10:41:32.478+0000] {processor.py:840} INFO - DAG(s) 'example_python_operator' retrieved from /home/airflow/.local/lib/python3.8/site-packages/airflow/example_dags/example_python_operator.py
[2026-01-15T10:41:32.512+0000] {logging_mixin.py:188} INFO - [2026-01-15T10:41:32.512+0000] {dag.py:3036} INFO - Sync 1 DAGs
[2026-01-15T10:41:32.528+0000] {logging_mixin.py:188} INFO - [2026-01-15T10:41:32.528+0000] {dag.py:3823} INFO - Setting next_dagrun for example_python_operator to None, run_after=None
[2026-01-15T10:41:32.556+0000] {processor.py:183} INFO - Processing /home/airflow/.local/lib/python3.8/site-packages/airflow/example_dags/example_python_operator.py took 0.104 seconds
[2026-01-15T10:42:02.730+0000] {processor.py:161} INFO - Started process (PID=244) to work on /home/airflow/.local/lib/python3.8/site-packages/airflow/example_dags/example_python_operator.py
[2026-01-15T10:42:02.733+0000] {processor.py:830} INFO - Processing file /home/airflow/.local/lib/python3.8/site-packages/airflow/example_dags/example_python_operator.py for tasks to queue
[2026-01-15T10:42:02.738+0000] {logging_mixin.py:188} INFO - [2026-01-15T10:42:02.737+0000] {dagbag.py:538} INFO - Filling up the DagBag from /home/airflow/.local/lib/python3.8/site-packages/airflow/example_dags/example_python_operator.py
[2026-01-15T10:42:02.766+0000] {processor.py:840} INFO - DAG(s) 'example_python_operator' retrieved from /home/airflow/.local/lib/python3.8/site-packages/airflow/example_dags/example_python_operator.py
[2026-01-15T10:42:02.828+0000] {logging_mixin.py:188} INFO - [2026-01-15T10:42:02.828+0000] {dag.py:3036} INFO - Sync 1 DAGs
[2026-01-15T10:42:02.855+0000] {logging_mixin.py:188} INFO - [2026-01-15T10:42:02.854+0000] {dag.py:3823} INFO - Setting next_dagrun for example_python_operator to None, run_after=None
[2026-01-15T10:42:02.895+0000] {processor.py:183} INFO - Processing /home/airflow/.local/lib/python3.8/site-packages/airflow/example_dags/example_python_operator.py took 0.171 seconds
[2026-01-15T10:42:33.108+0000] {processor.py:161} INFO - Started process (PID=299) to work on /home/airflow/.local/lib/python3.8/site-packages/airflow/example_dags/example_python_operator.py
[2026-01-15T10:42:33.110+0000] {processor.py:830} INFO - Processing file /home/airflow/.local/lib/python3.8/site-packages/airflow/example_dags/example_python_operator.py for tasks to queue
[2026-01-15T10:42:33.114+0000] {logging_mixin.py:188} INFO - [2026-01-15T10:42:33.113+0000] {dagbag.py:538} INFO - Filling up the DagBag from /home/airflow/.local/lib/python3.8/site-packages/airflow/example_dags/example_python_operator.py
[2026-01-15T10:42:33.131+0000] {processor.py:840} INFO - DAG(s) 'example_python_operator' retrieved from /home/airflow/.local/lib/python3.8/site-packages/airflow/example_dags/example_python_operator.py
[2026-01-15T10:42:33.165+0000] {logging_mixin.py:188} INFO - [2026-01-15T10:42:33.165+0000] {dag.py:3036} INFO - Sync 1 DAGs
[2026-01-15T10:42:33.180+0000] {logging_mixin.py:188} INFO - [2026-01-15T10:42:33.179+0000] {dag.py:3823} INFO - Setting next_dagrun for example_python_operator to None, run_after=None
[2026-01-15T10:42:33.207+0000] {processor.py:183} INFO - Processing /home/airflow/.local/lib/python3.8/site-packages/airflow/example_dags/example_python_operator.py took 0.106 seconds
[2026-01-15T10:43:03.333+0000] {processor.py:161} INFO - Started process (PID=354) to work on /home/airflow/.local/lib/python3.8/site-packages/airflow/example_dags/example_python_operator.py
[2026-01-15T10:43:03.335+0000] {processor.py:830} INFO - Processing file /home/airflow/.local/lib/python3.8/site-packages/airflow/example_dags/example_python_operator.py for tasks to queue
[2026-01-15T10:43:03.338+0000] {logging_mixin.py:188} INFO - [2026-01-15T10:43:03.337+0000] {dagbag.py:538} INFO - Filling up the DagBag from /home/airflow/.local/lib/python3.8/site-packages/airflow/example_dags/example_python_operator.py
[2026-01-15T10:43:03.353+0000] {processor.py:840} INFO - DAG(s) 'example_python_operator' retrieved from /home/airflow/.local/lib/python3.8/site-packages/airflow/example_dags/example_python_operator.py
[2026-01-15T10:43:03.398+0000] {logging_mixin.py:188} INFO - [2026-01-15T10:43:03.398+0000] {dag.py:3036} INFO - Sync 1 DAGs
[2026-01-15T10:43:03.418+0000] {logging_mixin.py:188} INFO - [2026-01-15T10:43:03.417+0000] {dag.py:3823} INFO - Setting next_dagrun for example_python_operator to None, run_after=None
[2026-01-15T10:43:03.453+0000] {processor.py:183} INFO - Processing /home/airflow/.local/lib/python3.8/site-packages/airflow/example_dags/example_python_operator.py took 0.125 seconds
[2026-01-15T10:43:33.722+0000] {processor.py:161} INFO - Started process (PID=409) to work on /home/airflow/.local/lib/python3.8/site-packages/airflow/example_dags/example_python_operator.py
[2026-01-15T10:43:33.724+0000] {processor.py:830} INFO - Processing file /home/airflow/.local/lib/python3.8/site-packages/airflow/example_dags/example_python_operator.py for tasks to queue
[2026-01-15T10:43:33.729+0000] {logging_mixin.py:188} INFO - [2026-01-15T10:43:33.728+0000] {dagbag.py:538} INFO - Filling up the DagBag from /home/airflow/.local/lib/python3.8/site-packages/airflow/example_dags/example_python_operator.py
[2026-01-15T10:43:33.749+0000] {processor.py:840} INFO - DAG(s) 'example_python_operator' retrieved from /home/airflow/.local/lib/python3.8/site-packages/airflow/example_dags/example_python_operator.py
[2026-01-15T10:43:33.786+0000] {logging_mixin.py:188} INFO - [2026-01-15T10:43:33.785+0000] {dag.py:3036} INFO - Sync 1 DAGs
[2026-01-15T10:43:33.801+0000] {logging_mixin.py:188} INFO - [2026-01-15T10:43:33.801+0000] {dag.py:3823} INFO - Setting next_dagrun for example_python_operator to None, run_after=None
[2026-01-15T10:43:33.827+0000] {processor.py:183} INFO - Processing /home/airflow/.local/lib/python3.8/site-packages/airflow/example_dags/example_python_operator.py took 0.111 seconds
[2026-01-15T10:44:04.360+0000] {processor.py:161} INFO - Started process (PID=464) to work on /home/airflow/.local/lib/python3.8/site-packages/airflow/example_dags/example_python_operator.py
[2026-01-15T10:44:04.363+0000] {processor.py:830} INFO - Processing file /home/airflow/.local/lib/python3.8/site-packages/airflow/example_dags/example_python_operator.py for tasks to queue
[2026-01-15T10:44:04.366+0000] {logging_mixin.py:188} INFO - [2026-01-15T10:44:04.366+0000] {dagbag.py:538} INFO - Filling up the DagBag from /home/airflow/.local/lib/python3.8/site-packages/airflow/example_dags/example_python_operator.py
[2026-01-15T10:44:04.382+0000] {processor.py:840} INFO - DAG(s) 'example_python_operator' retrieved from /home/airflow/.local/lib/python3.8/site-packages/airflow/example_dags/example_python_operator.py
[2026-01-15T10:44:04.426+0000] {logging_mixin.py:188} INFO - [2026-01-15T10:44:04.426+0000] {dag.py:3036} INFO - Sync 1 DAGs
[2026-01-15T10:44:04.445+0000] {logging_mixin.py:188} INFO - [2026-01-15T10:44:04.444+0000] {dag.py:3823} INFO - Setting next_dagrun for example_python_operator to None, run_after=None
[2026-01-15T10:44:04.475+0000] {processor.py:183} INFO - Processing /home/airflow/.local/lib/python3.8/site-packages/airflow/example_dags/example_python_operator.py took 0.120 seconds
[2026-01-15T10:44:34.873+0000] {processor.py:161} INFO - Started process (PID=519) to work on /home/airflow/.local/lib/python3.8/site-packages/airflow/example_dags/example_python_operator.py
[2026-01-15T10:44:34.875+0000] {processor.py:830} INFO - Processing file /home/airflow/.local/lib/python3.8/site-packages/airflow/example_dags/example_python_operator.py for tasks to queue
[2026-01-15T10:44:34.879+0000] {logging_mixin.py:188} INFO - [2026-01-15T10:44:34.878+0000] {dagbag.py:538} INFO - Filling up the DagBag from /home/airflow/.local/lib/python3.8/site-packages/airflow/example_dags/example_python_operator.py
[2026-01-15T10:44:34.894+0000] {processor.py:840} INFO - DAG(s) 'example_python_operator' retrieved from /home/airflow/.local/lib/python3.8/site-packages/airflow/example_dags/example_python_operator.py
[2026-01-15T10:44:34.939+0000] {logging_mixin.py:188} INFO - [2026-01-15T10:44:34.939+0000] {dag.py:3036} INFO - Sync 1 DAGs
[2026-01-15T10:44:34.960+0000] {logging_mixin.py:188} INFO - [2026-01-15T10:44:34.959+0000] {dag.py:3823} INFO - Setting next_dagrun for example_python_operator to None, run_after=None
[2026-01-15T10:44:34.989+0000] {processor.py:183} INFO - Processing /home/airflow/.local/lib/python3.8/site-packages/airflow/example_dags/example_python_operator.py took 0.122 seconds
[2026-01-15T10:45:05.203+0000] {processor.py:161} INFO - Started process (PID=574) to work on /home/airflow/.local/lib/python3.8/site-packages/airflow/example_dags/example_python_operator.py
[2026-01-15T10:45:05.205+0000] {processor.py:830} INFO - Processing file /home/airflow/.local/lib/python3.8/site-packages/airflow/example_dags/example_python_operator.py for tasks to queue
[2026-01-15T10:45:05.208+0000] {logging_mixin.py:188} INFO - [2026-01-15T10:45:05.207+0000] {dagbag.py:538} INFO - Filling up the DagBag from /home/airflow/.local/lib/python3.8/site-packages/airflow/example_dags/example_python_operator.py
[2026-01-15T10:45:05.222+0000] {processor.py:840} INFO - DAG(s) 'example_python_operator' retrieved from /home/airflow/.local/lib/python3.8/site-packages/airflow/example_dags/example_python_operator.py
[2026-01-15T10:45:05.255+0000] {logging_mixin.py:188} INFO - [2026-01-15T10:45:05.255+0000] {dag.py:3036} INFO - Sync 1 DAGs
[2026-01-15T10:45:05.270+0000] {logging_mixin.py:188} INFO - [2026-01-15T10:45:05.269+0000] {dag.py:3823} INFO - Setting next_dagrun for example_python_operator to None, run_after=None
[2026-01-15T10:45:05.293+0000] {processor.py:183} INFO - Processing /home/airflow/.local/lib/python3.8/site-packages/airflow/example_dags/example_python_operator.py took 0.094 seconds
[2026-01-15T10:46:21.362+0000] {processor.py:161} INFO - Started process (PID=79) to work on /home/airflow/.local/lib/python3.8/site-packages/airflow/example_dags/example_python_operator.py
[2026-01-15T10:46:21.364+0000] {processor.py:830} INFO - Processing file /home/airflow/.local/lib/python3.8/site-packages/airflow/example_dags/example_python_operator.py for tasks to queue
[2026-01-15T10:46:21.367+0000] {logging_mixin.py:188} INFO - [2026-01-15T10:46:21.367+0000] {dagbag.py:538} INFO - Filling up the DagBag from /home/airflow/.local/lib/python3.8/site-packages/airflow/example_dags/example_python_operator.py
[2026-01-15T10:46:21.386+0000] {processor.py:840} INFO - DAG(s) 'example_python_operator' retrieved from /home/airflow/.local/lib/python3.8/site-packages/airflow/example_dags/example_python_operator.py
[2026-01-15T10:46:21.413+0000] {logging_mixin.py:188} INFO - [2026-01-15T10:46:21.413+0000] {dag.py:3036} INFO - Sync 1 DAGs
[2026-01-15T10:46:21.432+0000] {logging_mixin.py:188} INFO - [2026-01-15T10:46:21.432+0000] {dag.py:3823} INFO - Setting next_dagrun for example_python_operator to None, run_after=None
[2026-01-15T10:46:21.470+0000] {processor.py:183} INFO - Processing /home/airflow/.local/lib/python3.8/site-packages/airflow/example_dags/example_python_operator.py took 0.113 seconds
[2026-01-15T10:46:52.274+0000] {processor.py:161} INFO - Started process (PID=134) to work on /home/airflow/.local/lib/python3.8/site-packages/airflow/example_dags/example_python_operator.py
[2026-01-15T10:46:52.275+0000] {processor.py:830} INFO - Processing file /home/airflow/.local/lib/python3.8/site-packages/airflow/example_dags/example_python_operator.py for tasks to queue
[2026-01-15T10:46:52.278+0000] {logging_mixin.py:188} INFO - [2026-01-15T10:46:52.278+0000] {dagbag.py:538} INFO - Filling up the DagBag from /home/airflow/.local/lib/python3.8/site-packages/airflow/example_dags/example_python_operator.py
[2026-01-15T10:46:52.292+0000] {processor.py:840} INFO - DAG(s) 'example_python_operator' retrieved from /home/airflow/.local/lib/python3.8/site-packages/airflow/example_dags/example_python_operator.py
[2026-01-15T10:46:52.430+0000] {logging_mixin.py:188} INFO - [2026-01-15T10:46:52.429+0000] {dag.py:3036} INFO - Sync 1 DAGs
[2026-01-15T10:46:52.442+0000] {logging_mixin.py:188} INFO - [2026-01-15T10:46:52.442+0000] {dag.py:3823} INFO - Setting next_dagrun for example_python_operator to None, run_after=None
[2026-01-15T10:46:52.482+0000] {processor.py:183} INFO - Processing /home/airflow/.local/lib/python3.8/site-packages/airflow/example_dags/example_python_operator.py took 0.213 seconds
[2026-01-15T10:47:23.225+0000] {processor.py:161} INFO - Started process (PID=189) to work on /home/airflow/.local/lib/python3.8/site-packages/airflow/example_dags/example_python_operator.py
[2026-01-15T10:47:23.227+0000] {processor.py:830} INFO - Processing file /home/airflow/.local/lib/python3.8/site-packages/airflow/example_dags/example_python_operator.py for tasks to queue
[2026-01-15T10:47:23.229+0000] {logging_mixin.py:188} INFO - [2026-01-15T10:47:23.229+0000] {dagbag.py:538} INFO - Filling up the DagBag from /home/airflow/.local/lib/python3.8/site-packages/airflow/example_dags/example_python_operator.py
[2026-01-15T10:47:23.242+0000] {processor.py:840} INFO - DAG(s) 'example_python_operator' retrieved from /home/airflow/.local/lib/python3.8/site-packages/airflow/example_dags/example_python_operator.py
[2026-01-15T10:47:23.272+0000] {logging_mixin.py:188} INFO - [2026-01-15T10:47:23.271+0000] {dag.py:3036} INFO - Sync 1 DAGs
[2026-01-15T10:47:23.285+0000] {logging_mixin.py:188} INFO - [2026-01-15T10:47:23.285+0000] {dag.py:3823} INFO - Setting next_dagrun for example_python_operator to None, run_after=None
[2026-01-15T10:47:23.309+0000] {processor.py:183} INFO - Processing /home/airflow/.local/lib/python3.8/site-packages/airflow/example_dags/example_python_operator.py took 0.088 seconds
[2026-01-15T10:47:53.424+0000] {processor.py:161} INFO - Started process (PID=244) to work on /home/airflow/.local/lib/python3.8/site-packages/airflow/example_dags/example_python_operator.py
[2026-01-15T10:47:53.426+0000] {processor.py:830} INFO - Processing file /home/airflow/.local/lib/python3.8/site-packages/airflow/example_dags/example_python_operator.py for tasks to queue
[2026-01-15T10:47:53.429+0000] {logging_mixin.py:188} INFO - [2026-01-15T10:47:53.428+0000] {dagbag.py:538} INFO - Filling up the DagBag from /home/airflow/.local/lib/python3.8/site-packages/airflow/example_dags/example_python_operator.py
[2026-01-15T10:47:53.444+0000] {processor.py:840} INFO - DAG(s) 'example_python_operator' retrieved from /home/airflow/.local/lib/python3.8/site-packages/airflow/example_dags/example_python_operator.py
[2026-01-15T10:47:53.477+0000] {logging_mixin.py:188} INFO - [2026-01-15T10:47:53.477+0000] {dag.py:3036} INFO - Sync 1 DAGs
[2026-01-15T10:47:53.492+0000] {logging_mixin.py:188} INFO - [2026-01-15T10:47:53.492+0000] {dag.py:3823} INFO - Setting next_dagrun for example_python_operator to None, run_after=None
[2026-01-15T10:47:53.520+0000] {processor.py:183} INFO - Processing /home/airflow/.local/lib/python3.8/site-packages/airflow/example_dags/example_python_operator.py took 0.100 seconds
[2026-01-15T10:48:24.130+0000] {processor.py:161} INFO - Started process (PID=299) to work on /home/airflow/.local/lib/python3.8/site-packages/airflow/example_dags/example_python_operator.py
[2026-01-15T10:48:24.131+0000] {processor.py:830} INFO - Processing file /home/airflow/.local/lib/python3.8/site-packages/airflow/example_dags/example_python_operator.py for tasks to queue
[2026-01-15T10:48:24.134+0000] {logging_mixin.py:188} INFO - [2026-01-15T10:48:24.134+0000] {dagbag.py:538} INFO - Filling up the DagBag from /home/airflow/.local/lib/python3.8/site-packages/airflow/example_dags/example_python_operator.py
[2026-01-15T10:48:24.147+0000] {processor.py:840} INFO - DAG(s) 'example_python_operator' retrieved from /home/airflow/.local/lib/python3.8/site-packages/airflow/example_dags/example_python_operator.py
[2026-01-15T10:48:24.182+0000] {logging_mixin.py:188} INFO - [2026-01-15T10:48:24.181+0000] {dag.py:3036} INFO - Sync 1 DAGs
[2026-01-15T10:48:24.200+0000] {logging_mixin.py:188} INFO - [2026-01-15T10:48:24.199+0000] {dag.py:3823} INFO - Setting next_dagrun for example_python_operator to None, run_after=None
[2026-01-15T10:48:24.229+0000] {processor.py:183} INFO - Processing /home/airflow/.local/lib/python3.8/site-packages/airflow/example_dags/example_python_operator.py took 0.104 seconds
[2026-01-15T10:51:09.205+0000] {processor.py:161} INFO - Started process (PID=78) to work on /home/airflow/.local/lib/python3.8/site-packages/airflow/example_dags/example_python_operator.py
[2026-01-15T10:51:09.207+0000] {processor.py:830} INFO - Processing file /home/airflow/.local/lib/python3.8/site-packages/airflow/example_dags/example_python_operator.py for tasks to queue
[2026-01-15T10:51:09.210+0000] {logging_mixin.py:188} INFO - [2026-01-15T10:51:09.209+0000] {dagbag.py:538} INFO - Filling up the DagBag from /home/airflow/.local/lib/python3.8/site-packages/airflow/example_dags/example_python_operator.py
[2026-01-15T10:51:09.228+0000] {processor.py:840} INFO - DAG(s) 'example_python_operator' retrieved from /home/airflow/.local/lib/python3.8/site-packages/airflow/example_dags/example_python_operator.py
[2026-01-15T10:51:09.257+0000] {logging_mixin.py:188} INFO - [2026-01-15T10:51:09.257+0000] {dag.py:3036} INFO - Sync 1 DAGs
[2026-01-15T10:51:09.282+0000] {logging_mixin.py:188} INFO - [2026-01-15T10:51:09.282+0000] {dag.py:3823} INFO - Setting next_dagrun for example_python_operator to None, run_after=None
[2026-01-15T10:51:09.336+0000] {processor.py:183} INFO - Processing /home/airflow/.local/lib/python3.8/site-packages/airflow/example_dags/example_python_operator.py took 0.138 seconds
[2026-01-15T10:51:40.742+0000] {processor.py:161} INFO - Started process (PID=133) to work on /home/airflow/.local/lib/python3.8/site-packages/airflow/example_dags/example_python_operator.py
[2026-01-15T10:51:40.743+0000] {processor.py:830} INFO - Processing file /home/airflow/.local/lib/python3.8/site-packages/airflow/example_dags/example_python_operator.py for tasks to queue
[2026-01-15T10:51:40.746+0000] {logging_mixin.py:188} INFO - [2026-01-15T10:51:40.746+0000] {dagbag.py:538} INFO - Filling up the DagBag from /home/airflow/.local/lib/python3.8/site-packages/airflow/example_dags/example_python_operator.py
[2026-01-15T10:51:40.761+0000] {processor.py:840} INFO - DAG(s) 'example_python_operator' retrieved from /home/airflow/.local/lib/python3.8/site-packages/airflow/example_dags/example_python_operator.py
[2026-01-15T10:51:40.882+0000] {logging_mixin.py:188} INFO - [2026-01-15T10:51:40.882+0000] {dag.py:3036} INFO - Sync 1 DAGs
[2026-01-15T10:51:40.896+0000] {logging_mixin.py:188} INFO - [2026-01-15T10:51:40.896+0000] {dag.py:3823} INFO - Setting next_dagrun for example_python_operator to None, run_after=None
[2026-01-15T10:51:40.960+0000] {processor.py:183} INFO - Processing /home/airflow/.local/lib/python3.8/site-packages/airflow/example_dags/example_python_operator.py took 0.223 seconds
