[2026-01-15T10:40:27.239+0000] {processor.py:161} INFO - Started process (PID=50) to work on /home/airflow/.local/lib/python3.8/site-packages/airflow/example_dags/example_kubernetes_executor.py
[2026-01-15T10:40:27.241+0000] {processor.py:830} INFO - Processing file /home/airflow/.local/lib/python3.8/site-packages/airflow/example_dags/example_kubernetes_executor.py for tasks to queue
[2026-01-15T10:40:27.244+0000] {logging_mixin.py:188} INFO - [2026-01-15T10:40:27.244+0000] {dagbag.py:538} INFO - Filling up the DagBag from /home/airflow/.local/lib/python3.8/site-packages/airflow/example_dags/example_kubernetes_executor.py
[2026-01-15T10:40:27.268+0000] {processor.py:840} INFO - DAG(s) 'example_kubernetes_executor' retrieved from /home/airflow/.local/lib/python3.8/site-packages/airflow/example_dags/example_kubernetes_executor.py
[2026-01-15T10:40:27.288+0000] {logging_mixin.py:188} INFO - [2026-01-15T10:40:27.288+0000] {dag.py:3036} INFO - Sync 1 DAGs
[2026-01-15T10:40:27.305+0000] {logging_mixin.py:188} INFO - [2026-01-15T10:40:27.304+0000] {dag.py:3823} INFO - Setting next_dagrun for example_kubernetes_executor to None, run_after=None
[2026-01-15T10:40:27.346+0000] {processor.py:183} INFO - Processing /home/airflow/.local/lib/python3.8/site-packages/airflow/example_dags/example_kubernetes_executor.py took 0.112 seconds
[2026-01-15T10:40:58.281+0000] {processor.py:161} INFO - Started process (PID=111) to work on /home/airflow/.local/lib/python3.8/site-packages/airflow/example_dags/example_kubernetes_executor.py
[2026-01-15T10:40:58.283+0000] {processor.py:830} INFO - Processing file /home/airflow/.local/lib/python3.8/site-packages/airflow/example_dags/example_kubernetes_executor.py for tasks to queue
[2026-01-15T10:40:58.285+0000] {logging_mixin.py:188} INFO - [2026-01-15T10:40:58.285+0000] {dagbag.py:538} INFO - Filling up the DagBag from /home/airflow/.local/lib/python3.8/site-packages/airflow/example_dags/example_kubernetes_executor.py
[2026-01-15T10:40:58.305+0000] {processor.py:840} INFO - DAG(s) 'example_kubernetes_executor' retrieved from /home/airflow/.local/lib/python3.8/site-packages/airflow/example_dags/example_kubernetes_executor.py
[2026-01-15T10:40:58.457+0000] {logging_mixin.py:188} INFO - [2026-01-15T10:40:58.456+0000] {dag.py:3036} INFO - Sync 1 DAGs
[2026-01-15T10:40:58.468+0000] {logging_mixin.py:188} INFO - [2026-01-15T10:40:58.468+0000] {dag.py:3823} INFO - Setting next_dagrun for example_kubernetes_executor to None, run_after=None
[2026-01-15T10:40:58.510+0000] {processor.py:183} INFO - Processing /home/airflow/.local/lib/python3.8/site-packages/airflow/example_dags/example_kubernetes_executor.py took 0.234 seconds
[2026-01-15T10:41:28.568+0000] {processor.py:161} INFO - Started process (PID=166) to work on /home/airflow/.local/lib/python3.8/site-packages/airflow/example_dags/example_kubernetes_executor.py
[2026-01-15T10:41:28.570+0000] {processor.py:830} INFO - Processing file /home/airflow/.local/lib/python3.8/site-packages/airflow/example_dags/example_kubernetes_executor.py for tasks to queue
[2026-01-15T10:41:28.572+0000] {logging_mixin.py:188} INFO - [2026-01-15T10:41:28.572+0000] {dagbag.py:538} INFO - Filling up the DagBag from /home/airflow/.local/lib/python3.8/site-packages/airflow/example_dags/example_kubernetes_executor.py
[2026-01-15T10:41:28.589+0000] {processor.py:840} INFO - DAG(s) 'example_kubernetes_executor' retrieved from /home/airflow/.local/lib/python3.8/site-packages/airflow/example_dags/example_kubernetes_executor.py
[2026-01-15T10:41:28.638+0000] {logging_mixin.py:188} INFO - [2026-01-15T10:41:28.638+0000] {dag.py:3036} INFO - Sync 1 DAGs
[2026-01-15T10:41:28.652+0000] {logging_mixin.py:188} INFO - [2026-01-15T10:41:28.651+0000] {dag.py:3823} INFO - Setting next_dagrun for example_kubernetes_executor to None, run_after=None
[2026-01-15T10:41:28.676+0000] {processor.py:183} INFO - Processing /home/airflow/.local/lib/python3.8/site-packages/airflow/example_dags/example_kubernetes_executor.py took 0.112 seconds
[2026-01-15T10:41:58.894+0000] {processor.py:161} INFO - Started process (PID=222) to work on /home/airflow/.local/lib/python3.8/site-packages/airflow/example_dags/example_kubernetes_executor.py
[2026-01-15T10:41:58.895+0000] {processor.py:830} INFO - Processing file /home/airflow/.local/lib/python3.8/site-packages/airflow/example_dags/example_kubernetes_executor.py for tasks to queue
[2026-01-15T10:41:58.898+0000] {logging_mixin.py:188} INFO - [2026-01-15T10:41:58.898+0000] {dagbag.py:538} INFO - Filling up the DagBag from /home/airflow/.local/lib/python3.8/site-packages/airflow/example_dags/example_kubernetes_executor.py
[2026-01-15T10:41:58.913+0000] {processor.py:840} INFO - DAG(s) 'example_kubernetes_executor' retrieved from /home/airflow/.local/lib/python3.8/site-packages/airflow/example_dags/example_kubernetes_executor.py
[2026-01-15T10:41:58.962+0000] {logging_mixin.py:188} INFO - [2026-01-15T10:41:58.962+0000] {dag.py:3036} INFO - Sync 1 DAGs
[2026-01-15T10:41:58.975+0000] {logging_mixin.py:188} INFO - [2026-01-15T10:41:58.975+0000] {dag.py:3823} INFO - Setting next_dagrun for example_kubernetes_executor to None, run_after=None
[2026-01-15T10:41:58.998+0000] {processor.py:183} INFO - Processing /home/airflow/.local/lib/python3.8/site-packages/airflow/example_dags/example_kubernetes_executor.py took 0.109 seconds
[2026-01-15T10:42:29.171+0000] {processor.py:161} INFO - Started process (PID=277) to work on /home/airflow/.local/lib/python3.8/site-packages/airflow/example_dags/example_kubernetes_executor.py
[2026-01-15T10:42:29.173+0000] {processor.py:830} INFO - Processing file /home/airflow/.local/lib/python3.8/site-packages/airflow/example_dags/example_kubernetes_executor.py for tasks to queue
[2026-01-15T10:42:29.176+0000] {logging_mixin.py:188} INFO - [2026-01-15T10:42:29.176+0000] {dagbag.py:538} INFO - Filling up the DagBag from /home/airflow/.local/lib/python3.8/site-packages/airflow/example_dags/example_kubernetes_executor.py
[2026-01-15T10:42:29.193+0000] {processor.py:840} INFO - DAG(s) 'example_kubernetes_executor' retrieved from /home/airflow/.local/lib/python3.8/site-packages/airflow/example_dags/example_kubernetes_executor.py
[2026-01-15T10:42:29.240+0000] {logging_mixin.py:188} INFO - [2026-01-15T10:42:29.239+0000] {dag.py:3036} INFO - Sync 1 DAGs
[2026-01-15T10:42:29.254+0000] {logging_mixin.py:188} INFO - [2026-01-15T10:42:29.253+0000] {dag.py:3823} INFO - Setting next_dagrun for example_kubernetes_executor to None, run_after=None
[2026-01-15T10:42:29.278+0000] {processor.py:183} INFO - Processing /home/airflow/.local/lib/python3.8/site-packages/airflow/example_dags/example_kubernetes_executor.py took 0.111 seconds
[2026-01-15T10:42:59.356+0000] {processor.py:161} INFO - Started process (PID=332) to work on /home/airflow/.local/lib/python3.8/site-packages/airflow/example_dags/example_kubernetes_executor.py
[2026-01-15T10:42:59.358+0000] {processor.py:830} INFO - Processing file /home/airflow/.local/lib/python3.8/site-packages/airflow/example_dags/example_kubernetes_executor.py for tasks to queue
[2026-01-15T10:42:59.361+0000] {logging_mixin.py:188} INFO - [2026-01-15T10:42:59.361+0000] {dagbag.py:538} INFO - Filling up the DagBag from /home/airflow/.local/lib/python3.8/site-packages/airflow/example_dags/example_kubernetes_executor.py
[2026-01-15T10:42:59.378+0000] {processor.py:840} INFO - DAG(s) 'example_kubernetes_executor' retrieved from /home/airflow/.local/lib/python3.8/site-packages/airflow/example_dags/example_kubernetes_executor.py
[2026-01-15T10:42:59.427+0000] {logging_mixin.py:188} INFO - [2026-01-15T10:42:59.427+0000] {dag.py:3036} INFO - Sync 1 DAGs
[2026-01-15T10:42:59.441+0000] {logging_mixin.py:188} INFO - [2026-01-15T10:42:59.441+0000] {dag.py:3823} INFO - Setting next_dagrun for example_kubernetes_executor to None, run_after=None
[2026-01-15T10:42:59.464+0000] {processor.py:183} INFO - Processing /home/airflow/.local/lib/python3.8/site-packages/airflow/example_dags/example_kubernetes_executor.py took 0.113 seconds
[2026-01-15T10:43:29.844+0000] {processor.py:161} INFO - Started process (PID=386) to work on /home/airflow/.local/lib/python3.8/site-packages/airflow/example_dags/example_kubernetes_executor.py
[2026-01-15T10:43:29.846+0000] {processor.py:830} INFO - Processing file /home/airflow/.local/lib/python3.8/site-packages/airflow/example_dags/example_kubernetes_executor.py for tasks to queue
[2026-01-15T10:43:29.849+0000] {logging_mixin.py:188} INFO - [2026-01-15T10:43:29.848+0000] {dagbag.py:538} INFO - Filling up the DagBag from /home/airflow/.local/lib/python3.8/site-packages/airflow/example_dags/example_kubernetes_executor.py
[2026-01-15T10:43:29.864+0000] {processor.py:840} INFO - DAG(s) 'example_kubernetes_executor' retrieved from /home/airflow/.local/lib/python3.8/site-packages/airflow/example_dags/example_kubernetes_executor.py
[2026-01-15T10:43:29.911+0000] {logging_mixin.py:188} INFO - [2026-01-15T10:43:29.910+0000] {dag.py:3036} INFO - Sync 1 DAGs
[2026-01-15T10:43:29.925+0000] {logging_mixin.py:188} INFO - [2026-01-15T10:43:29.925+0000] {dag.py:3823} INFO - Setting next_dagrun for example_kubernetes_executor to None, run_after=None
[2026-01-15T10:43:29.947+0000] {processor.py:183} INFO - Processing /home/airflow/.local/lib/python3.8/site-packages/airflow/example_dags/example_kubernetes_executor.py took 0.107 seconds
[2026-01-15T10:44:00.529+0000] {processor.py:161} INFO - Started process (PID=441) to work on /home/airflow/.local/lib/python3.8/site-packages/airflow/example_dags/example_kubernetes_executor.py
[2026-01-15T10:44:00.531+0000] {processor.py:830} INFO - Processing file /home/airflow/.local/lib/python3.8/site-packages/airflow/example_dags/example_kubernetes_executor.py for tasks to queue
[2026-01-15T10:44:00.534+0000] {logging_mixin.py:188} INFO - [2026-01-15T10:44:00.533+0000] {dagbag.py:538} INFO - Filling up the DagBag from /home/airflow/.local/lib/python3.8/site-packages/airflow/example_dags/example_kubernetes_executor.py
[2026-01-15T10:44:00.554+0000] {processor.py:840} INFO - DAG(s) 'example_kubernetes_executor' retrieved from /home/airflow/.local/lib/python3.8/site-packages/airflow/example_dags/example_kubernetes_executor.py
[2026-01-15T10:44:00.611+0000] {logging_mixin.py:188} INFO - [2026-01-15T10:44:00.610+0000] {dag.py:3036} INFO - Sync 1 DAGs
[2026-01-15T10:44:00.629+0000] {logging_mixin.py:188} INFO - [2026-01-15T10:44:00.628+0000] {dag.py:3823} INFO - Setting next_dagrun for example_kubernetes_executor to None, run_after=None
[2026-01-15T10:44:00.655+0000] {processor.py:183} INFO - Processing /home/airflow/.local/lib/python3.8/site-packages/airflow/example_dags/example_kubernetes_executor.py took 0.132 seconds
[2026-01-15T10:44:30.916+0000] {processor.py:161} INFO - Started process (PID=496) to work on /home/airflow/.local/lib/python3.8/site-packages/airflow/example_dags/example_kubernetes_executor.py
[2026-01-15T10:44:30.918+0000] {processor.py:830} INFO - Processing file /home/airflow/.local/lib/python3.8/site-packages/airflow/example_dags/example_kubernetes_executor.py for tasks to queue
[2026-01-15T10:44:30.921+0000] {logging_mixin.py:188} INFO - [2026-01-15T10:44:30.920+0000] {dagbag.py:538} INFO - Filling up the DagBag from /home/airflow/.local/lib/python3.8/site-packages/airflow/example_dags/example_kubernetes_executor.py
[2026-01-15T10:44:30.938+0000] {processor.py:840} INFO - DAG(s) 'example_kubernetes_executor' retrieved from /home/airflow/.local/lib/python3.8/site-packages/airflow/example_dags/example_kubernetes_executor.py
[2026-01-15T10:44:30.984+0000] {logging_mixin.py:188} INFO - [2026-01-15T10:44:30.984+0000] {dag.py:3036} INFO - Sync 1 DAGs
[2026-01-15T10:44:30.999+0000] {logging_mixin.py:188} INFO - [2026-01-15T10:44:30.999+0000] {dag.py:3823} INFO - Setting next_dagrun for example_kubernetes_executor to None, run_after=None
[2026-01-15T10:44:31.023+0000] {processor.py:183} INFO - Processing /home/airflow/.local/lib/python3.8/site-packages/airflow/example_dags/example_kubernetes_executor.py took 0.112 seconds
[2026-01-15T10:45:01.214+0000] {processor.py:161} INFO - Started process (PID=551) to work on /home/airflow/.local/lib/python3.8/site-packages/airflow/example_dags/example_kubernetes_executor.py
[2026-01-15T10:45:01.215+0000] {processor.py:830} INFO - Processing file /home/airflow/.local/lib/python3.8/site-packages/airflow/example_dags/example_kubernetes_executor.py for tasks to queue
[2026-01-15T10:45:01.218+0000] {logging_mixin.py:188} INFO - [2026-01-15T10:45:01.218+0000] {dagbag.py:538} INFO - Filling up the DagBag from /home/airflow/.local/lib/python3.8/site-packages/airflow/example_dags/example_kubernetes_executor.py
[2026-01-15T10:45:01.236+0000] {processor.py:840} INFO - DAG(s) 'example_kubernetes_executor' retrieved from /home/airflow/.local/lib/python3.8/site-packages/airflow/example_dags/example_kubernetes_executor.py
[2026-01-15T10:45:01.287+0000] {logging_mixin.py:188} INFO - [2026-01-15T10:45:01.286+0000] {dag.py:3036} INFO - Sync 1 DAGs
[2026-01-15T10:45:01.302+0000] {logging_mixin.py:188} INFO - [2026-01-15T10:45:01.301+0000] {dag.py:3823} INFO - Setting next_dagrun for example_kubernetes_executor to None, run_after=None
[2026-01-15T10:45:01.333+0000] {processor.py:183} INFO - Processing /home/airflow/.local/lib/python3.8/site-packages/airflow/example_dags/example_kubernetes_executor.py took 0.124 seconds
[2026-01-15T10:46:19.026+0000] {processor.py:161} INFO - Started process (PID=51) to work on /home/airflow/.local/lib/python3.8/site-packages/airflow/example_dags/example_kubernetes_executor.py
[2026-01-15T10:46:19.028+0000] {processor.py:830} INFO - Processing file /home/airflow/.local/lib/python3.8/site-packages/airflow/example_dags/example_kubernetes_executor.py for tasks to queue
[2026-01-15T10:46:19.031+0000] {logging_mixin.py:188} INFO - [2026-01-15T10:46:19.030+0000] {dagbag.py:538} INFO - Filling up the DagBag from /home/airflow/.local/lib/python3.8/site-packages/airflow/example_dags/example_kubernetes_executor.py
[2026-01-15T10:46:19.057+0000] {processor.py:840} INFO - DAG(s) 'example_kubernetes_executor' retrieved from /home/airflow/.local/lib/python3.8/site-packages/airflow/example_dags/example_kubernetes_executor.py
[2026-01-15T10:46:19.077+0000] {logging_mixin.py:188} INFO - [2026-01-15T10:46:19.077+0000] {dag.py:3036} INFO - Sync 1 DAGs
[2026-01-15T10:46:19.096+0000] {logging_mixin.py:188} INFO - [2026-01-15T10:46:19.095+0000] {dag.py:3823} INFO - Setting next_dagrun for example_kubernetes_executor to None, run_after=None
[2026-01-15T10:46:19.139+0000] {processor.py:183} INFO - Processing /home/airflow/.local/lib/python3.8/site-packages/airflow/example_dags/example_kubernetes_executor.py took 0.119 seconds
[2026-01-15T10:46:49.566+0000] {processor.py:161} INFO - Started process (PID=106) to work on /home/airflow/.local/lib/python3.8/site-packages/airflow/example_dags/example_kubernetes_executor.py
[2026-01-15T10:46:49.568+0000] {processor.py:830} INFO - Processing file /home/airflow/.local/lib/python3.8/site-packages/airflow/example_dags/example_kubernetes_executor.py for tasks to queue
[2026-01-15T10:46:49.570+0000] {logging_mixin.py:188} INFO - [2026-01-15T10:46:49.570+0000] {dagbag.py:538} INFO - Filling up the DagBag from /home/airflow/.local/lib/python3.8/site-packages/airflow/example_dags/example_kubernetes_executor.py
[2026-01-15T10:46:49.602+0000] {processor.py:840} INFO - DAG(s) 'example_kubernetes_executor' retrieved from /home/airflow/.local/lib/python3.8/site-packages/airflow/example_dags/example_kubernetes_executor.py
[2026-01-15T10:46:49.777+0000] {logging_mixin.py:188} INFO - [2026-01-15T10:46:49.777+0000] {dag.py:3036} INFO - Sync 1 DAGs
[2026-01-15T10:46:49.797+0000] {logging_mixin.py:188} INFO - [2026-01-15T10:46:49.796+0000] {dag.py:3823} INFO - Setting next_dagrun for example_kubernetes_executor to None, run_after=None
[2026-01-15T10:46:49.826+0000] {processor.py:183} INFO - Processing /home/airflow/.local/lib/python3.8/site-packages/airflow/example_dags/example_kubernetes_executor.py took 0.266 seconds
[2026-01-15T10:47:20.305+0000] {processor.py:161} INFO - Started process (PID=167) to work on /home/airflow/.local/lib/python3.8/site-packages/airflow/example_dags/example_kubernetes_executor.py
[2026-01-15T10:47:20.307+0000] {processor.py:830} INFO - Processing file /home/airflow/.local/lib/python3.8/site-packages/airflow/example_dags/example_kubernetes_executor.py for tasks to queue
[2026-01-15T10:47:20.310+0000] {logging_mixin.py:188} INFO - [2026-01-15T10:47:20.309+0000] {dagbag.py:538} INFO - Filling up the DagBag from /home/airflow/.local/lib/python3.8/site-packages/airflow/example_dags/example_kubernetes_executor.py
[2026-01-15T10:47:20.326+0000] {processor.py:840} INFO - DAG(s) 'example_kubernetes_executor' retrieved from /home/airflow/.local/lib/python3.8/site-packages/airflow/example_dags/example_kubernetes_executor.py
[2026-01-15T10:47:20.375+0000] {logging_mixin.py:188} INFO - [2026-01-15T10:47:20.375+0000] {dag.py:3036} INFO - Sync 1 DAGs
[2026-01-15T10:47:20.389+0000] {logging_mixin.py:188} INFO - [2026-01-15T10:47:20.389+0000] {dag.py:3823} INFO - Setting next_dagrun for example_kubernetes_executor to None, run_after=None
[2026-01-15T10:47:20.415+0000] {processor.py:183} INFO - Processing /home/airflow/.local/lib/python3.8/site-packages/airflow/example_dags/example_kubernetes_executor.py took 0.114 seconds
[2026-01-15T10:47:50.759+0000] {processor.py:161} INFO - Started process (PID=222) to work on /home/airflow/.local/lib/python3.8/site-packages/airflow/example_dags/example_kubernetes_executor.py
[2026-01-15T10:47:50.760+0000] {processor.py:830} INFO - Processing file /home/airflow/.local/lib/python3.8/site-packages/airflow/example_dags/example_kubernetes_executor.py for tasks to queue
[2026-01-15T10:47:50.763+0000] {logging_mixin.py:188} INFO - [2026-01-15T10:47:50.763+0000] {dagbag.py:538} INFO - Filling up the DagBag from /home/airflow/.local/lib/python3.8/site-packages/airflow/example_dags/example_kubernetes_executor.py
[2026-01-15T10:47:50.781+0000] {processor.py:840} INFO - DAG(s) 'example_kubernetes_executor' retrieved from /home/airflow/.local/lib/python3.8/site-packages/airflow/example_dags/example_kubernetes_executor.py
[2026-01-15T10:47:50.831+0000] {logging_mixin.py:188} INFO - [2026-01-15T10:47:50.831+0000] {dag.py:3036} INFO - Sync 1 DAGs
[2026-01-15T10:47:50.846+0000] {logging_mixin.py:188} INFO - [2026-01-15T10:47:50.845+0000] {dag.py:3823} INFO - Setting next_dagrun for example_kubernetes_executor to None, run_after=None
[2026-01-15T10:47:50.872+0000] {processor.py:183} INFO - Processing /home/airflow/.local/lib/python3.8/site-packages/airflow/example_dags/example_kubernetes_executor.py took 0.118 seconds
[2026-01-15T10:48:21.250+0000] {processor.py:161} INFO - Started process (PID=277) to work on /home/airflow/.local/lib/python3.8/site-packages/airflow/example_dags/example_kubernetes_executor.py
[2026-01-15T10:48:21.252+0000] {processor.py:830} INFO - Processing file /home/airflow/.local/lib/python3.8/site-packages/airflow/example_dags/example_kubernetes_executor.py for tasks to queue
[2026-01-15T10:48:21.255+0000] {logging_mixin.py:188} INFO - [2026-01-15T10:48:21.254+0000] {dagbag.py:538} INFO - Filling up the DagBag from /home/airflow/.local/lib/python3.8/site-packages/airflow/example_dags/example_kubernetes_executor.py
[2026-01-15T10:48:21.273+0000] {processor.py:840} INFO - DAG(s) 'example_kubernetes_executor' retrieved from /home/airflow/.local/lib/python3.8/site-packages/airflow/example_dags/example_kubernetes_executor.py
[2026-01-15T10:48:21.327+0000] {logging_mixin.py:188} INFO - [2026-01-15T10:48:21.327+0000] {dag.py:3036} INFO - Sync 1 DAGs
[2026-01-15T10:48:21.342+0000] {logging_mixin.py:188} INFO - [2026-01-15T10:48:21.342+0000] {dag.py:3823} INFO - Setting next_dagrun for example_kubernetes_executor to None, run_after=None
[2026-01-15T10:48:21.369+0000] {processor.py:183} INFO - Processing /home/airflow/.local/lib/python3.8/site-packages/airflow/example_dags/example_kubernetes_executor.py took 0.123 seconds
[2026-01-15T10:51:06.802+0000] {processor.py:161} INFO - Started process (PID=50) to work on /home/airflow/.local/lib/python3.8/site-packages/airflow/example_dags/example_kubernetes_executor.py
[2026-01-15T10:51:06.803+0000] {processor.py:830} INFO - Processing file /home/airflow/.local/lib/python3.8/site-packages/airflow/example_dags/example_kubernetes_executor.py for tasks to queue
[2026-01-15T10:51:06.806+0000] {logging_mixin.py:188} INFO - [2026-01-15T10:51:06.806+0000] {dagbag.py:538} INFO - Filling up the DagBag from /home/airflow/.local/lib/python3.8/site-packages/airflow/example_dags/example_kubernetes_executor.py
[2026-01-15T10:51:06.827+0000] {processor.py:840} INFO - DAG(s) 'example_kubernetes_executor' retrieved from /home/airflow/.local/lib/python3.8/site-packages/airflow/example_dags/example_kubernetes_executor.py
[2026-01-15T10:51:06.847+0000] {logging_mixin.py:188} INFO - [2026-01-15T10:51:06.846+0000] {dag.py:3036} INFO - Sync 1 DAGs
[2026-01-15T10:51:06.864+0000] {logging_mixin.py:188} INFO - [2026-01-15T10:51:06.864+0000] {dag.py:3823} INFO - Setting next_dagrun for example_kubernetes_executor to None, run_after=None
[2026-01-15T10:51:06.914+0000] {processor.py:183} INFO - Processing /home/airflow/.local/lib/python3.8/site-packages/airflow/example_dags/example_kubernetes_executor.py took 0.118 seconds
[2026-01-15T10:51:37.590+0000] {processor.py:161} INFO - Started process (PID=111) to work on /home/airflow/.local/lib/python3.8/site-packages/airflow/example_dags/example_kubernetes_executor.py
[2026-01-15T10:51:37.591+0000] {processor.py:830} INFO - Processing file /home/airflow/.local/lib/python3.8/site-packages/airflow/example_dags/example_kubernetes_executor.py for tasks to queue
[2026-01-15T10:51:37.594+0000] {logging_mixin.py:188} INFO - [2026-01-15T10:51:37.594+0000] {dagbag.py:538} INFO - Filling up the DagBag from /home/airflow/.local/lib/python3.8/site-packages/airflow/example_dags/example_kubernetes_executor.py
[2026-01-15T10:51:37.612+0000] {processor.py:840} INFO - DAG(s) 'example_kubernetes_executor' retrieved from /home/airflow/.local/lib/python3.8/site-packages/airflow/example_dags/example_kubernetes_executor.py
[2026-01-15T10:51:37.774+0000] {logging_mixin.py:188} INFO - [2026-01-15T10:51:37.774+0000] {dag.py:3036} INFO - Sync 1 DAGs
[2026-01-15T10:51:37.787+0000] {logging_mixin.py:188} INFO - [2026-01-15T10:51:37.787+0000] {dag.py:3823} INFO - Setting next_dagrun for example_kubernetes_executor to None, run_after=None
[2026-01-15T10:51:37.826+0000] {processor.py:183} INFO - Processing /home/airflow/.local/lib/python3.8/site-packages/airflow/example_dags/example_kubernetes_executor.py took 0.241 seconds
