[2026-01-15T10:40:30.905+0000] {processor.py:161} INFO - Started process (PID=93) to work on /home/airflow/.local/lib/python3.8/site-packages/airflow/example_dags/example_xcomargs.py
[2026-01-15T10:40:30.907+0000] {processor.py:830} INFO - Processing file /home/airflow/.local/lib/python3.8/site-packages/airflow/example_dags/example_xcomargs.py for tasks to queue
[2026-01-15T10:40:30.910+0000] {logging_mixin.py:188} INFO - [2026-01-15T10:40:30.909+0000] {dagbag.py:538} INFO - Filling up the DagBag from /home/airflow/.local/lib/python3.8/site-packages/airflow/example_dags/example_xcomargs.py
[2026-01-15T10:40:30.922+0000] {processor.py:840} INFO - DAG(s) 'example_xcom_args_with_operators', 'example_xcom_args' retrieved from /home/airflow/.local/lib/python3.8/site-packages/airflow/example_dags/example_xcomargs.py
[2026-01-15T10:40:30.943+0000] {logging_mixin.py:188} INFO - [2026-01-15T10:40:30.943+0000] {dag.py:3036} INFO - Sync 2 DAGs
[2026-01-15T10:40:30.959+0000] {logging_mixin.py:188} INFO - [2026-01-15T10:40:30.959+0000] {dag.py:3823} INFO - Setting next_dagrun for example_xcom_args to None, run_after=None
[2026-01-15T10:40:30.966+0000] {logging_mixin.py:188} INFO - [2026-01-15T10:40:30.966+0000] {dag.py:3823} INFO - Setting next_dagrun for example_xcom_args_with_operators to None, run_after=None
[2026-01-15T10:40:31.015+0000] {processor.py:183} INFO - Processing /home/airflow/.local/lib/python3.8/site-packages/airflow/example_dags/example_xcomargs.py took 0.115 seconds
[2026-01-15T10:41:03.911+0000] {processor.py:161} INFO - Started process (PID=148) to work on /home/airflow/.local/lib/python3.8/site-packages/airflow/example_dags/example_xcomargs.py
[2026-01-15T10:41:03.913+0000] {processor.py:830} INFO - Processing file /home/airflow/.local/lib/python3.8/site-packages/airflow/example_dags/example_xcomargs.py for tasks to queue
[2026-01-15T10:41:03.917+0000] {logging_mixin.py:188} INFO - [2026-01-15T10:41:03.917+0000] {dagbag.py:538} INFO - Filling up the DagBag from /home/airflow/.local/lib/python3.8/site-packages/airflow/example_dags/example_xcomargs.py
[2026-01-15T10:41:03.931+0000] {processor.py:840} INFO - DAG(s) 'example_xcom_args', 'example_xcom_args_with_operators' retrieved from /home/airflow/.local/lib/python3.8/site-packages/airflow/example_dags/example_xcomargs.py
[2026-01-15T10:41:04.113+0000] {logging_mixin.py:188} INFO - [2026-01-15T10:41:04.113+0000] {dag.py:3036} INFO - Sync 2 DAGs
[2026-01-15T10:41:04.127+0000] {logging_mixin.py:188} INFO - [2026-01-15T10:41:04.127+0000] {dag.py:3823} INFO - Setting next_dagrun for example_xcom_args to None, run_after=None
[2026-01-15T10:41:04.132+0000] {logging_mixin.py:188} INFO - [2026-01-15T10:41:04.132+0000] {dag.py:3823} INFO - Setting next_dagrun for example_xcom_args_with_operators to None, run_after=None
[2026-01-15T10:41:04.184+0000] {processor.py:183} INFO - Processing /home/airflow/.local/lib/python3.8/site-packages/airflow/example_dags/example_xcomargs.py took 0.278 seconds
[2026-01-15T10:41:34.997+0000] {processor.py:161} INFO - Started process (PID=203) to work on /home/airflow/.local/lib/python3.8/site-packages/airflow/example_dags/example_xcomargs.py
[2026-01-15T10:41:34.999+0000] {processor.py:830} INFO - Processing file /home/airflow/.local/lib/python3.8/site-packages/airflow/example_dags/example_xcomargs.py for tasks to queue
[2026-01-15T10:41:35.002+0000] {logging_mixin.py:188} INFO - [2026-01-15T10:41:35.001+0000] {dagbag.py:538} INFO - Filling up the DagBag from /home/airflow/.local/lib/python3.8/site-packages/airflow/example_dags/example_xcomargs.py
[2026-01-15T10:41:35.012+0000] {processor.py:840} INFO - DAG(s) 'example_xcom_args', 'example_xcom_args_with_operators' retrieved from /home/airflow/.local/lib/python3.8/site-packages/airflow/example_dags/example_xcomargs.py
[2026-01-15T10:41:35.047+0000] {logging_mixin.py:188} INFO - [2026-01-15T10:41:35.047+0000] {dag.py:3036} INFO - Sync 2 DAGs
[2026-01-15T10:41:35.063+0000] {logging_mixin.py:188} INFO - [2026-01-15T10:41:35.063+0000] {dag.py:3823} INFO - Setting next_dagrun for example_xcom_args to None, run_after=None
[2026-01-15T10:41:35.070+0000] {logging_mixin.py:188} INFO - [2026-01-15T10:41:35.070+0000] {dag.py:3823} INFO - Setting next_dagrun for example_xcom_args_with_operators to None, run_after=None
[2026-01-15T10:41:35.095+0000] {processor.py:183} INFO - Processing /home/airflow/.local/lib/python3.8/site-packages/airflow/example_dags/example_xcomargs.py took 0.102 seconds
[2026-01-15T10:42:05.202+0000] {processor.py:161} INFO - Started process (PID=259) to work on /home/airflow/.local/lib/python3.8/site-packages/airflow/example_dags/example_xcomargs.py
[2026-01-15T10:42:05.204+0000] {processor.py:830} INFO - Processing file /home/airflow/.local/lib/python3.8/site-packages/airflow/example_dags/example_xcomargs.py for tasks to queue
[2026-01-15T10:42:05.207+0000] {logging_mixin.py:188} INFO - [2026-01-15T10:42:05.206+0000] {dagbag.py:538} INFO - Filling up the DagBag from /home/airflow/.local/lib/python3.8/site-packages/airflow/example_dags/example_xcomargs.py
[2026-01-15T10:42:05.217+0000] {processor.py:840} INFO - DAG(s) 'example_xcom_args_with_operators', 'example_xcom_args' retrieved from /home/airflow/.local/lib/python3.8/site-packages/airflow/example_dags/example_xcomargs.py
[2026-01-15T10:42:05.252+0000] {logging_mixin.py:188} INFO - [2026-01-15T10:42:05.251+0000] {dag.py:3036} INFO - Sync 2 DAGs
[2026-01-15T10:42:05.270+0000] {logging_mixin.py:188} INFO - [2026-01-15T10:42:05.269+0000] {dag.py:3823} INFO - Setting next_dagrun for example_xcom_args to None, run_after=None
[2026-01-15T10:42:05.275+0000] {logging_mixin.py:188} INFO - [2026-01-15T10:42:05.274+0000] {dag.py:3823} INFO - Setting next_dagrun for example_xcom_args_with_operators to None, run_after=None
[2026-01-15T10:42:05.301+0000] {processor.py:183} INFO - Processing /home/airflow/.local/lib/python3.8/site-packages/airflow/example_dags/example_xcomargs.py took 0.103 seconds
[2026-01-15T10:42:35.525+0000] {processor.py:161} INFO - Started process (PID=314) to work on /home/airflow/.local/lib/python3.8/site-packages/airflow/example_dags/example_xcomargs.py
[2026-01-15T10:42:35.526+0000] {processor.py:830} INFO - Processing file /home/airflow/.local/lib/python3.8/site-packages/airflow/example_dags/example_xcomargs.py for tasks to queue
[2026-01-15T10:42:35.531+0000] {logging_mixin.py:188} INFO - [2026-01-15T10:42:35.530+0000] {dagbag.py:538} INFO - Filling up the DagBag from /home/airflow/.local/lib/python3.8/site-packages/airflow/example_dags/example_xcomargs.py
[2026-01-15T10:42:35.541+0000] {processor.py:840} INFO - DAG(s) 'example_xcom_args', 'example_xcom_args_with_operators' retrieved from /home/airflow/.local/lib/python3.8/site-packages/airflow/example_dags/example_xcomargs.py
[2026-01-15T10:42:35.573+0000] {logging_mixin.py:188} INFO - [2026-01-15T10:42:35.573+0000] {dag.py:3036} INFO - Sync 2 DAGs
[2026-01-15T10:42:35.589+0000] {logging_mixin.py:188} INFO - [2026-01-15T10:42:35.589+0000] {dag.py:3823} INFO - Setting next_dagrun for example_xcom_args to None, run_after=None
[2026-01-15T10:42:35.594+0000] {logging_mixin.py:188} INFO - [2026-01-15T10:42:35.593+0000] {dag.py:3823} INFO - Setting next_dagrun for example_xcom_args_with_operators to None, run_after=None
[2026-01-15T10:42:35.615+0000] {processor.py:183} INFO - Processing /home/airflow/.local/lib/python3.8/site-packages/airflow/example_dags/example_xcomargs.py took 0.093 seconds
[2026-01-15T10:43:05.942+0000] {processor.py:161} INFO - Started process (PID=369) to work on /home/airflow/.local/lib/python3.8/site-packages/airflow/example_dags/example_xcomargs.py
[2026-01-15T10:43:05.944+0000] {processor.py:830} INFO - Processing file /home/airflow/.local/lib/python3.8/site-packages/airflow/example_dags/example_xcomargs.py for tasks to queue
[2026-01-15T10:43:05.947+0000] {logging_mixin.py:188} INFO - [2026-01-15T10:43:05.946+0000] {dagbag.py:538} INFO - Filling up the DagBag from /home/airflow/.local/lib/python3.8/site-packages/airflow/example_dags/example_xcomargs.py
[2026-01-15T10:43:05.959+0000] {processor.py:840} INFO - DAG(s) 'example_xcom_args_with_operators', 'example_xcom_args' retrieved from /home/airflow/.local/lib/python3.8/site-packages/airflow/example_dags/example_xcomargs.py
[2026-01-15T10:43:06.000+0000] {logging_mixin.py:188} INFO - [2026-01-15T10:43:05.999+0000] {dag.py:3036} INFO - Sync 2 DAGs
[2026-01-15T10:43:06.016+0000] {logging_mixin.py:188} INFO - [2026-01-15T10:43:06.016+0000] {dag.py:3823} INFO - Setting next_dagrun for example_xcom_args to None, run_after=None
[2026-01-15T10:43:06.021+0000] {logging_mixin.py:188} INFO - [2026-01-15T10:43:06.021+0000] {dag.py:3823} INFO - Setting next_dagrun for example_xcom_args_with_operators to None, run_after=None
[2026-01-15T10:43:06.046+0000] {processor.py:183} INFO - Processing /home/airflow/.local/lib/python3.8/site-packages/airflow/example_dags/example_xcomargs.py took 0.109 seconds
[2026-01-15T10:43:36.180+0000] {processor.py:161} INFO - Started process (PID=424) to work on /home/airflow/.local/lib/python3.8/site-packages/airflow/example_dags/example_xcomargs.py
[2026-01-15T10:43:36.181+0000] {processor.py:830} INFO - Processing file /home/airflow/.local/lib/python3.8/site-packages/airflow/example_dags/example_xcomargs.py for tasks to queue
[2026-01-15T10:43:36.184+0000] {logging_mixin.py:188} INFO - [2026-01-15T10:43:36.183+0000] {dagbag.py:538} INFO - Filling up the DagBag from /home/airflow/.local/lib/python3.8/site-packages/airflow/example_dags/example_xcomargs.py
[2026-01-15T10:43:36.195+0000] {processor.py:840} INFO - DAG(s) 'example_xcom_args', 'example_xcom_args_with_operators' retrieved from /home/airflow/.local/lib/python3.8/site-packages/airflow/example_dags/example_xcomargs.py
[2026-01-15T10:43:36.228+0000] {logging_mixin.py:188} INFO - [2026-01-15T10:43:36.227+0000] {dag.py:3036} INFO - Sync 2 DAGs
[2026-01-15T10:43:36.242+0000] {logging_mixin.py:188} INFO - [2026-01-15T10:43:36.242+0000] {dag.py:3823} INFO - Setting next_dagrun for example_xcom_args to None, run_after=None
[2026-01-15T10:43:36.246+0000] {logging_mixin.py:188} INFO - [2026-01-15T10:43:36.246+0000] {dag.py:3823} INFO - Setting next_dagrun for example_xcom_args_with_operators to None, run_after=None
[2026-01-15T10:43:36.266+0000] {processor.py:183} INFO - Processing /home/airflow/.local/lib/python3.8/site-packages/airflow/example_dags/example_xcomargs.py took 0.091 seconds
[2026-01-15T10:44:07.058+0000] {processor.py:161} INFO - Started process (PID=479) to work on /home/airflow/.local/lib/python3.8/site-packages/airflow/example_dags/example_xcomargs.py
[2026-01-15T10:44:07.059+0000] {processor.py:830} INFO - Processing file /home/airflow/.local/lib/python3.8/site-packages/airflow/example_dags/example_xcomargs.py for tasks to queue
[2026-01-15T10:44:07.062+0000] {logging_mixin.py:188} INFO - [2026-01-15T10:44:07.062+0000] {dagbag.py:538} INFO - Filling up the DagBag from /home/airflow/.local/lib/python3.8/site-packages/airflow/example_dags/example_xcomargs.py
[2026-01-15T10:44:07.073+0000] {processor.py:840} INFO - DAG(s) 'example_xcom_args', 'example_xcom_args_with_operators' retrieved from /home/airflow/.local/lib/python3.8/site-packages/airflow/example_dags/example_xcomargs.py
[2026-01-15T10:44:07.110+0000] {logging_mixin.py:188} INFO - [2026-01-15T10:44:07.110+0000] {dag.py:3036} INFO - Sync 2 DAGs
[2026-01-15T10:44:07.128+0000] {logging_mixin.py:188} INFO - [2026-01-15T10:44:07.128+0000] {dag.py:3823} INFO - Setting next_dagrun for example_xcom_args to None, run_after=None
[2026-01-15T10:44:07.133+0000] {logging_mixin.py:188} INFO - [2026-01-15T10:44:07.133+0000] {dag.py:3823} INFO - Setting next_dagrun for example_xcom_args_with_operators to None, run_after=None
[2026-01-15T10:44:07.158+0000] {processor.py:183} INFO - Processing /home/airflow/.local/lib/python3.8/site-packages/airflow/example_dags/example_xcomargs.py took 0.105 seconds
[2026-01-15T10:44:37.403+0000] {processor.py:161} INFO - Started process (PID=534) to work on /home/airflow/.local/lib/python3.8/site-packages/airflow/example_dags/example_xcomargs.py
[2026-01-15T10:44:37.405+0000] {processor.py:830} INFO - Processing file /home/airflow/.local/lib/python3.8/site-packages/airflow/example_dags/example_xcomargs.py for tasks to queue
[2026-01-15T10:44:37.407+0000] {logging_mixin.py:188} INFO - [2026-01-15T10:44:37.407+0000] {dagbag.py:538} INFO - Filling up the DagBag from /home/airflow/.local/lib/python3.8/site-packages/airflow/example_dags/example_xcomargs.py
[2026-01-15T10:44:37.417+0000] {processor.py:840} INFO - DAG(s) 'example_xcom_args', 'example_xcom_args_with_operators' retrieved from /home/airflow/.local/lib/python3.8/site-packages/airflow/example_dags/example_xcomargs.py
[2026-01-15T10:44:37.452+0000] {logging_mixin.py:188} INFO - [2026-01-15T10:44:37.452+0000] {dag.py:3036} INFO - Sync 2 DAGs
[2026-01-15T10:44:37.467+0000] {logging_mixin.py:188} INFO - [2026-01-15T10:44:37.467+0000] {dag.py:3823} INFO - Setting next_dagrun for example_xcom_args to None, run_after=None
[2026-01-15T10:44:37.472+0000] {logging_mixin.py:188} INFO - [2026-01-15T10:44:37.471+0000] {dag.py:3823} INFO - Setting next_dagrun for example_xcom_args_with_operators to None, run_after=None
[2026-01-15T10:44:37.495+0000] {processor.py:183} INFO - Processing /home/airflow/.local/lib/python3.8/site-packages/airflow/example_dags/example_xcomargs.py took 0.096 seconds
[2026-01-15T10:45:07.761+0000] {processor.py:161} INFO - Started process (PID=589) to work on /home/airflow/.local/lib/python3.8/site-packages/airflow/example_dags/example_xcomargs.py
[2026-01-15T10:45:07.762+0000] {processor.py:830} INFO - Processing file /home/airflow/.local/lib/python3.8/site-packages/airflow/example_dags/example_xcomargs.py for tasks to queue
[2026-01-15T10:45:07.765+0000] {logging_mixin.py:188} INFO - [2026-01-15T10:45:07.764+0000] {dagbag.py:538} INFO - Filling up the DagBag from /home/airflow/.local/lib/python3.8/site-packages/airflow/example_dags/example_xcomargs.py
[2026-01-15T10:45:07.775+0000] {processor.py:840} INFO - DAG(s) 'example_xcom_args', 'example_xcom_args_with_operators' retrieved from /home/airflow/.local/lib/python3.8/site-packages/airflow/example_dags/example_xcomargs.py
[2026-01-15T10:45:07.805+0000] {logging_mixin.py:188} INFO - [2026-01-15T10:45:07.805+0000] {dag.py:3036} INFO - Sync 2 DAGs
[2026-01-15T10:45:07.819+0000] {logging_mixin.py:188} INFO - [2026-01-15T10:45:07.819+0000] {dag.py:3823} INFO - Setting next_dagrun for example_xcom_args to None, run_after=None
[2026-01-15T10:45:07.823+0000] {logging_mixin.py:188} INFO - [2026-01-15T10:45:07.823+0000] {dag.py:3823} INFO - Setting next_dagrun for example_xcom_args_with_operators to None, run_after=None
[2026-01-15T10:45:07.843+0000] {processor.py:183} INFO - Processing /home/airflow/.local/lib/python3.8/site-packages/airflow/example_dags/example_xcomargs.py took 0.086 seconds
[2026-01-15T10:46:22.920+0000] {processor.py:161} INFO - Started process (PID=94) to work on /home/airflow/.local/lib/python3.8/site-packages/airflow/example_dags/example_xcomargs.py
[2026-01-15T10:46:22.923+0000] {processor.py:830} INFO - Processing file /home/airflow/.local/lib/python3.8/site-packages/airflow/example_dags/example_xcomargs.py for tasks to queue
[2026-01-15T10:46:22.927+0000] {logging_mixin.py:188} INFO - [2026-01-15T10:46:22.926+0000] {dagbag.py:538} INFO - Filling up the DagBag from /home/airflow/.local/lib/python3.8/site-packages/airflow/example_dags/example_xcomargs.py
[2026-01-15T10:46:22.946+0000] {processor.py:840} INFO - DAG(s) 'example_xcom_args', 'example_xcom_args_with_operators' retrieved from /home/airflow/.local/lib/python3.8/site-packages/airflow/example_dags/example_xcomargs.py
[2026-01-15T10:46:22.977+0000] {logging_mixin.py:188} INFO - [2026-01-15T10:46:22.976+0000] {dag.py:3036} INFO - Sync 2 DAGs
[2026-01-15T10:46:22.997+0000] {logging_mixin.py:188} INFO - [2026-01-15T10:46:22.997+0000] {dag.py:3823} INFO - Setting next_dagrun for example_xcom_args to None, run_after=None
[2026-01-15T10:46:23.004+0000] {logging_mixin.py:188} INFO - [2026-01-15T10:46:23.003+0000] {dag.py:3823} INFO - Setting next_dagrun for example_xcom_args_with_operators to None, run_after=None
[2026-01-15T10:46:23.041+0000] {processor.py:183} INFO - Processing /home/airflow/.local/lib/python3.8/site-packages/airflow/example_dags/example_xcomargs.py took 0.129 seconds
[2026-01-15T10:46:54.523+0000] {processor.py:161} INFO - Started process (PID=149) to work on /home/airflow/.local/lib/python3.8/site-packages/airflow/example_dags/example_xcomargs.py
[2026-01-15T10:46:54.524+0000] {processor.py:830} INFO - Processing file /home/airflow/.local/lib/python3.8/site-packages/airflow/example_dags/example_xcomargs.py for tasks to queue
[2026-01-15T10:46:54.527+0000] {logging_mixin.py:188} INFO - [2026-01-15T10:46:54.526+0000] {dagbag.py:538} INFO - Filling up the DagBag from /home/airflow/.local/lib/python3.8/site-packages/airflow/example_dags/example_xcomargs.py
[2026-01-15T10:46:54.538+0000] {processor.py:840} INFO - DAG(s) 'example_xcom_args_with_operators', 'example_xcom_args' retrieved from /home/airflow/.local/lib/python3.8/site-packages/airflow/example_dags/example_xcomargs.py
[2026-01-15T10:46:54.724+0000] {logging_mixin.py:188} INFO - [2026-01-15T10:46:54.723+0000] {dag.py:3036} INFO - Sync 2 DAGs
[2026-01-15T10:46:54.744+0000] {logging_mixin.py:188} INFO - [2026-01-15T10:46:54.743+0000] {dag.py:3823} INFO - Setting next_dagrun for example_xcom_args to None, run_after=None
[2026-01-15T10:46:54.748+0000] {logging_mixin.py:188} INFO - [2026-01-15T10:46:54.748+0000] {dag.py:3823} INFO - Setting next_dagrun for example_xcom_args_with_operators to None, run_after=None
[2026-01-15T10:46:54.779+0000] {processor.py:183} INFO - Processing /home/airflow/.local/lib/python3.8/site-packages/airflow/example_dags/example_xcomargs.py took 0.261 seconds
[2026-01-15T10:47:25.443+0000] {processor.py:161} INFO - Started process (PID=204) to work on /home/airflow/.local/lib/python3.8/site-packages/airflow/example_dags/example_xcomargs.py
[2026-01-15T10:47:25.445+0000] {processor.py:830} INFO - Processing file /home/airflow/.local/lib/python3.8/site-packages/airflow/example_dags/example_xcomargs.py for tasks to queue
[2026-01-15T10:47:25.448+0000] {logging_mixin.py:188} INFO - [2026-01-15T10:47:25.447+0000] {dagbag.py:538} INFO - Filling up the DagBag from /home/airflow/.local/lib/python3.8/site-packages/airflow/example_dags/example_xcomargs.py
[2026-01-15T10:47:25.458+0000] {processor.py:840} INFO - DAG(s) 'example_xcom_args_with_operators', 'example_xcom_args' retrieved from /home/airflow/.local/lib/python3.8/site-packages/airflow/example_dags/example_xcomargs.py
[2026-01-15T10:47:25.495+0000] {logging_mixin.py:188} INFO - [2026-01-15T10:47:25.494+0000] {dag.py:3036} INFO - Sync 2 DAGs
[2026-01-15T10:47:25.510+0000] {logging_mixin.py:188} INFO - [2026-01-15T10:47:25.510+0000] {dag.py:3823} INFO - Setting next_dagrun for example_xcom_args to None, run_after=None
[2026-01-15T10:47:25.515+0000] {logging_mixin.py:188} INFO - [2026-01-15T10:47:25.515+0000] {dag.py:3823} INFO - Setting next_dagrun for example_xcom_args_with_operators to None, run_after=None
[2026-01-15T10:47:25.545+0000] {processor.py:183} INFO - Processing /home/airflow/.local/lib/python3.8/site-packages/airflow/example_dags/example_xcomargs.py took 0.106 seconds
[2026-01-15T10:47:55.683+0000] {processor.py:161} INFO - Started process (PID=259) to work on /home/airflow/.local/lib/python3.8/site-packages/airflow/example_dags/example_xcomargs.py
[2026-01-15T10:47:55.685+0000] {processor.py:830} INFO - Processing file /home/airflow/.local/lib/python3.8/site-packages/airflow/example_dags/example_xcomargs.py for tasks to queue
[2026-01-15T10:47:55.688+0000] {logging_mixin.py:188} INFO - [2026-01-15T10:47:55.687+0000] {dagbag.py:538} INFO - Filling up the DagBag from /home/airflow/.local/lib/python3.8/site-packages/airflow/example_dags/example_xcomargs.py
[2026-01-15T10:47:55.700+0000] {processor.py:840} INFO - DAG(s) 'example_xcom_args_with_operators', 'example_xcom_args' retrieved from /home/airflow/.local/lib/python3.8/site-packages/airflow/example_dags/example_xcomargs.py
[2026-01-15T10:47:55.740+0000] {logging_mixin.py:188} INFO - [2026-01-15T10:47:55.739+0000] {dag.py:3036} INFO - Sync 2 DAGs
[2026-01-15T10:47:55.756+0000] {logging_mixin.py:188} INFO - [2026-01-15T10:47:55.756+0000] {dag.py:3823} INFO - Setting next_dagrun for example_xcom_args to None, run_after=None
[2026-01-15T10:47:55.761+0000] {logging_mixin.py:188} INFO - [2026-01-15T10:47:55.761+0000] {dag.py:3823} INFO - Setting next_dagrun for example_xcom_args_with_operators to None, run_after=None
[2026-01-15T10:47:55.789+0000] {processor.py:183} INFO - Processing /home/airflow/.local/lib/python3.8/site-packages/airflow/example_dags/example_xcomargs.py took 0.111 seconds
[2026-01-15T10:48:26.437+0000] {processor.py:161} INFO - Started process (PID=314) to work on /home/airflow/.local/lib/python3.8/site-packages/airflow/example_dags/example_xcomargs.py
[2026-01-15T10:48:26.439+0000] {processor.py:830} INFO - Processing file /home/airflow/.local/lib/python3.8/site-packages/airflow/example_dags/example_xcomargs.py for tasks to queue
[2026-01-15T10:48:26.442+0000] {logging_mixin.py:188} INFO - [2026-01-15T10:48:26.442+0000] {dagbag.py:538} INFO - Filling up the DagBag from /home/airflow/.local/lib/python3.8/site-packages/airflow/example_dags/example_xcomargs.py
[2026-01-15T10:48:26.454+0000] {processor.py:840} INFO - DAG(s) 'example_xcom_args', 'example_xcom_args_with_operators' retrieved from /home/airflow/.local/lib/python3.8/site-packages/airflow/example_dags/example_xcomargs.py
[2026-01-15T10:48:26.489+0000] {logging_mixin.py:188} INFO - [2026-01-15T10:48:26.489+0000] {dag.py:3036} INFO - Sync 2 DAGs
[2026-01-15T10:48:26.508+0000] {logging_mixin.py:188} INFO - [2026-01-15T10:48:26.507+0000] {dag.py:3823} INFO - Setting next_dagrun for example_xcom_args to None, run_after=None
[2026-01-15T10:48:26.512+0000] {logging_mixin.py:188} INFO - [2026-01-15T10:48:26.512+0000] {dag.py:3823} INFO - Setting next_dagrun for example_xcom_args_with_operators to None, run_after=None
[2026-01-15T10:48:26.542+0000] {processor.py:183} INFO - Processing /home/airflow/.local/lib/python3.8/site-packages/airflow/example_dags/example_xcomargs.py took 0.109 seconds
[2026-01-15T10:51:10.704+0000] {processor.py:161} INFO - Started process (PID=93) to work on /home/airflow/.local/lib/python3.8/site-packages/airflow/example_dags/example_xcomargs.py
[2026-01-15T10:51:10.706+0000] {processor.py:830} INFO - Processing file /home/airflow/.local/lib/python3.8/site-packages/airflow/example_dags/example_xcomargs.py for tasks to queue
[2026-01-15T10:51:10.709+0000] {logging_mixin.py:188} INFO - [2026-01-15T10:51:10.709+0000] {dagbag.py:538} INFO - Filling up the DagBag from /home/airflow/.local/lib/python3.8/site-packages/airflow/example_dags/example_xcomargs.py
[2026-01-15T10:51:10.726+0000] {processor.py:840} INFO - DAG(s) 'example_xcom_args_with_operators', 'example_xcom_args' retrieved from /home/airflow/.local/lib/python3.8/site-packages/airflow/example_dags/example_xcomargs.py
[2026-01-15T10:51:10.757+0000] {logging_mixin.py:188} INFO - [2026-01-15T10:51:10.757+0000] {dag.py:3036} INFO - Sync 2 DAGs
[2026-01-15T10:51:10.781+0000] {logging_mixin.py:188} INFO - [2026-01-15T10:51:10.780+0000] {dag.py:3823} INFO - Setting next_dagrun for example_xcom_args to None, run_after=None
[2026-01-15T10:51:10.787+0000] {logging_mixin.py:188} INFO - [2026-01-15T10:51:10.787+0000] {dag.py:3823} INFO - Setting next_dagrun for example_xcom_args_with_operators to None, run_after=None
[2026-01-15T10:51:10.837+0000] {processor.py:183} INFO - Processing /home/airflow/.local/lib/python3.8/site-packages/airflow/example_dags/example_xcomargs.py took 0.139 seconds
[2026-01-15T10:51:42.934+0000] {processor.py:161} INFO - Started process (PID=148) to work on /home/airflow/.local/lib/python3.8/site-packages/airflow/example_dags/example_xcomargs.py
[2026-01-15T10:51:42.936+0000] {processor.py:830} INFO - Processing file /home/airflow/.local/lib/python3.8/site-packages/airflow/example_dags/example_xcomargs.py for tasks to queue
[2026-01-15T10:51:42.939+0000] {logging_mixin.py:188} INFO - [2026-01-15T10:51:42.938+0000] {dagbag.py:538} INFO - Filling up the DagBag from /home/airflow/.local/lib/python3.8/site-packages/airflow/example_dags/example_xcomargs.py
[2026-01-15T10:51:42.955+0000] {processor.py:840} INFO - DAG(s) 'example_xcom_args', 'example_xcom_args_with_operators' retrieved from /home/airflow/.local/lib/python3.8/site-packages/airflow/example_dags/example_xcomargs.py
[2026-01-15T10:51:43.100+0000] {logging_mixin.py:188} INFO - [2026-01-15T10:51:43.099+0000] {dag.py:3036} INFO - Sync 2 DAGs
[2026-01-15T10:51:43.114+0000] {logging_mixin.py:188} INFO - [2026-01-15T10:51:43.113+0000] {dag.py:3823} INFO - Setting next_dagrun for example_xcom_args to None, run_after=None
[2026-01-15T10:51:43.118+0000] {logging_mixin.py:188} INFO - [2026-01-15T10:51:43.118+0000] {dag.py:3823} INFO - Setting next_dagrun for example_xcom_args_with_operators to None, run_after=None
[2026-01-15T10:51:43.142+0000] {processor.py:183} INFO - Processing /home/airflow/.local/lib/python3.8/site-packages/airflow/example_dags/example_xcomargs.py took 0.213 seconds
