[2026-01-15T10:40:30.620+0000] {processor.py:161} INFO - Started process (PID=90) to work on /home/airflow/.local/lib/python3.8/site-packages/airflow/example_dags/example_task_group.py
[2026-01-15T10:40:30.622+0000] {processor.py:830} INFO - Processing file /home/airflow/.local/lib/python3.8/site-packages/airflow/example_dags/example_task_group.py for tasks to queue
[2026-01-15T10:40:30.625+0000] {logging_mixin.py:188} INFO - [2026-01-15T10:40:30.624+0000] {dagbag.py:538} INFO - Filling up the DagBag from /home/airflow/.local/lib/python3.8/site-packages/airflow/example_dags/example_task_group.py
[2026-01-15T10:40:30.654+0000] {processor.py:840} INFO - DAG(s) 'example_task_group' retrieved from /home/airflow/.local/lib/python3.8/site-packages/airflow/example_dags/example_task_group.py
[2026-01-15T10:40:30.686+0000] {logging_mixin.py:188} INFO - [2026-01-15T10:40:30.686+0000] {dag.py:3036} INFO - Sync 1 DAGs
[2026-01-15T10:40:30.724+0000] {logging_mixin.py:188} INFO - [2026-01-15T10:40:30.723+0000] {dag.py:3823} INFO - Setting next_dagrun for example_task_group to 2026-01-14 00:00:00+00:00, run_after=2026-01-15 00:00:00+00:00
[2026-01-15T10:40:30.793+0000] {processor.py:183} INFO - Processing /home/airflow/.local/lib/python3.8/site-packages/airflow/example_dags/example_task_group.py took 0.179 seconds
[2026-01-15T10:41:03.296+0000] {processor.py:161} INFO - Started process (PID=145) to work on /home/airflow/.local/lib/python3.8/site-packages/airflow/example_dags/example_task_group.py
[2026-01-15T10:41:03.298+0000] {processor.py:830} INFO - Processing file /home/airflow/.local/lib/python3.8/site-packages/airflow/example_dags/example_task_group.py for tasks to queue
[2026-01-15T10:41:03.301+0000] {logging_mixin.py:188} INFO - [2026-01-15T10:41:03.301+0000] {dagbag.py:538} INFO - Filling up the DagBag from /home/airflow/.local/lib/python3.8/site-packages/airflow/example_dags/example_task_group.py
[2026-01-15T10:41:03.315+0000] {processor.py:840} INFO - DAG(s) 'example_task_group' retrieved from /home/airflow/.local/lib/python3.8/site-packages/airflow/example_dags/example_task_group.py
[2026-01-15T10:41:03.487+0000] {logging_mixin.py:188} INFO - [2026-01-15T10:41:03.486+0000] {dag.py:3036} INFO - Sync 1 DAGs
[2026-01-15T10:41:03.517+0000] {logging_mixin.py:188} INFO - [2026-01-15T10:41:03.517+0000] {dag.py:3823} INFO - Setting next_dagrun for example_task_group to 2026-01-14 00:00:00+00:00, run_after=2026-01-15 00:00:00+00:00
[2026-01-15T10:41:03.565+0000] {processor.py:183} INFO - Processing /home/airflow/.local/lib/python3.8/site-packages/airflow/example_dags/example_task_group.py took 0.275 seconds
[2026-01-15T10:41:33.711+0000] {processor.py:161} INFO - Started process (PID=200) to work on /home/airflow/.local/lib/python3.8/site-packages/airflow/example_dags/example_task_group.py
[2026-01-15T10:41:33.712+0000] {processor.py:830} INFO - Processing file /home/airflow/.local/lib/python3.8/site-packages/airflow/example_dags/example_task_group.py for tasks to queue
[2026-01-15T10:41:33.716+0000] {logging_mixin.py:188} INFO - [2026-01-15T10:41:33.715+0000] {dagbag.py:538} INFO - Filling up the DagBag from /home/airflow/.local/lib/python3.8/site-packages/airflow/example_dags/example_task_group.py
[2026-01-15T10:41:33.727+0000] {processor.py:840} INFO - DAG(s) 'example_task_group' retrieved from /home/airflow/.local/lib/python3.8/site-packages/airflow/example_dags/example_task_group.py
[2026-01-15T10:41:33.758+0000] {logging_mixin.py:188} INFO - [2026-01-15T10:41:33.757+0000] {dag.py:3036} INFO - Sync 1 DAGs
[2026-01-15T10:41:33.784+0000] {logging_mixin.py:188} INFO - [2026-01-15T10:41:33.783+0000] {dag.py:3823} INFO - Setting next_dagrun for example_task_group to 2026-01-14 00:00:00+00:00, run_after=2026-01-15 00:00:00+00:00
[2026-01-15T10:41:33.810+0000] {processor.py:183} INFO - Processing /home/airflow/.local/lib/python3.8/site-packages/airflow/example_dags/example_task_group.py took 0.105 seconds
[2026-01-15T10:42:03.922+0000] {processor.py:161} INFO - Started process (PID=256) to work on /home/airflow/.local/lib/python3.8/site-packages/airflow/example_dags/example_task_group.py
[2026-01-15T10:42:03.925+0000] {processor.py:830} INFO - Processing file /home/airflow/.local/lib/python3.8/site-packages/airflow/example_dags/example_task_group.py for tasks to queue
[2026-01-15T10:42:03.928+0000] {logging_mixin.py:188} INFO - [2026-01-15T10:42:03.928+0000] {dagbag.py:538} INFO - Filling up the DagBag from /home/airflow/.local/lib/python3.8/site-packages/airflow/example_dags/example_task_group.py
[2026-01-15T10:42:03.938+0000] {processor.py:840} INFO - DAG(s) 'example_task_group' retrieved from /home/airflow/.local/lib/python3.8/site-packages/airflow/example_dags/example_task_group.py
[2026-01-15T10:42:03.968+0000] {logging_mixin.py:188} INFO - [2026-01-15T10:42:03.967+0000] {dag.py:3036} INFO - Sync 1 DAGs
[2026-01-15T10:42:03.993+0000] {logging_mixin.py:188} INFO - [2026-01-15T10:42:03.993+0000] {dag.py:3823} INFO - Setting next_dagrun for example_task_group to 2026-01-14 00:00:00+00:00, run_after=2026-01-15 00:00:00+00:00
[2026-01-15T10:42:04.019+0000] {processor.py:183} INFO - Processing /home/airflow/.local/lib/python3.8/site-packages/airflow/example_dags/example_task_group.py took 0.103 seconds
[2026-01-15T10:42:34.366+0000] {processor.py:161} INFO - Started process (PID=311) to work on /home/airflow/.local/lib/python3.8/site-packages/airflow/example_dags/example_task_group.py
[2026-01-15T10:42:34.367+0000] {processor.py:830} INFO - Processing file /home/airflow/.local/lib/python3.8/site-packages/airflow/example_dags/example_task_group.py for tasks to queue
[2026-01-15T10:42:34.370+0000] {logging_mixin.py:188} INFO - [2026-01-15T10:42:34.369+0000] {dagbag.py:538} INFO - Filling up the DagBag from /home/airflow/.local/lib/python3.8/site-packages/airflow/example_dags/example_task_group.py
[2026-01-15T10:42:34.379+0000] {processor.py:840} INFO - DAG(s) 'example_task_group' retrieved from /home/airflow/.local/lib/python3.8/site-packages/airflow/example_dags/example_task_group.py
[2026-01-15T10:42:34.408+0000] {logging_mixin.py:188} INFO - [2026-01-15T10:42:34.407+0000] {dag.py:3036} INFO - Sync 1 DAGs
[2026-01-15T10:42:34.433+0000] {logging_mixin.py:188} INFO - [2026-01-15T10:42:34.433+0000] {dag.py:3823} INFO - Setting next_dagrun for example_task_group to 2026-01-14 00:00:00+00:00, run_after=2026-01-15 00:00:00+00:00
[2026-01-15T10:42:34.458+0000] {processor.py:183} INFO - Processing /home/airflow/.local/lib/python3.8/site-packages/airflow/example_dags/example_task_group.py took 0.097 seconds
[2026-01-15T10:43:04.797+0000] {processor.py:161} INFO - Started process (PID=366) to work on /home/airflow/.local/lib/python3.8/site-packages/airflow/example_dags/example_task_group.py
[2026-01-15T10:43:04.799+0000] {processor.py:830} INFO - Processing file /home/airflow/.local/lib/python3.8/site-packages/airflow/example_dags/example_task_group.py for tasks to queue
[2026-01-15T10:43:04.802+0000] {logging_mixin.py:188} INFO - [2026-01-15T10:43:04.802+0000] {dagbag.py:538} INFO - Filling up the DagBag from /home/airflow/.local/lib/python3.8/site-packages/airflow/example_dags/example_task_group.py
[2026-01-15T10:43:04.811+0000] {processor.py:840} INFO - DAG(s) 'example_task_group' retrieved from /home/airflow/.local/lib/python3.8/site-packages/airflow/example_dags/example_task_group.py
[2026-01-15T10:43:04.841+0000] {logging_mixin.py:188} INFO - [2026-01-15T10:43:04.840+0000] {dag.py:3036} INFO - Sync 1 DAGs
[2026-01-15T10:43:04.872+0000] {logging_mixin.py:188} INFO - [2026-01-15T10:43:04.872+0000] {dag.py:3823} INFO - Setting next_dagrun for example_task_group to 2026-01-14 00:00:00+00:00, run_after=2026-01-15 00:00:00+00:00
[2026-01-15T10:43:04.895+0000] {processor.py:183} INFO - Processing /home/airflow/.local/lib/python3.8/site-packages/airflow/example_dags/example_task_group.py took 0.102 seconds
[2026-01-15T10:43:35.045+0000] {processor.py:161} INFO - Started process (PID=421) to work on /home/airflow/.local/lib/python3.8/site-packages/airflow/example_dags/example_task_group.py
[2026-01-15T10:43:35.047+0000] {processor.py:830} INFO - Processing file /home/airflow/.local/lib/python3.8/site-packages/airflow/example_dags/example_task_group.py for tasks to queue
[2026-01-15T10:43:35.050+0000] {logging_mixin.py:188} INFO - [2026-01-15T10:43:35.049+0000] {dagbag.py:538} INFO - Filling up the DagBag from /home/airflow/.local/lib/python3.8/site-packages/airflow/example_dags/example_task_group.py
[2026-01-15T10:43:35.058+0000] {processor.py:840} INFO - DAG(s) 'example_task_group' retrieved from /home/airflow/.local/lib/python3.8/site-packages/airflow/example_dags/example_task_group.py
[2026-01-15T10:43:35.088+0000] {logging_mixin.py:188} INFO - [2026-01-15T10:43:35.087+0000] {dag.py:3036} INFO - Sync 1 DAGs
[2026-01-15T10:43:35.114+0000] {logging_mixin.py:188} INFO - [2026-01-15T10:43:35.114+0000] {dag.py:3823} INFO - Setting next_dagrun for example_task_group to 2026-01-14 00:00:00+00:00, run_after=2026-01-15 00:00:00+00:00
[2026-01-15T10:43:35.137+0000] {processor.py:183} INFO - Processing /home/airflow/.local/lib/python3.8/site-packages/airflow/example_dags/example_task_group.py took 0.096 seconds
[2026-01-15T10:44:05.883+0000] {processor.py:161} INFO - Started process (PID=476) to work on /home/airflow/.local/lib/python3.8/site-packages/airflow/example_dags/example_task_group.py
[2026-01-15T10:44:05.885+0000] {processor.py:830} INFO - Processing file /home/airflow/.local/lib/python3.8/site-packages/airflow/example_dags/example_task_group.py for tasks to queue
[2026-01-15T10:44:05.888+0000] {logging_mixin.py:188} INFO - [2026-01-15T10:44:05.888+0000] {dagbag.py:538} INFO - Filling up the DagBag from /home/airflow/.local/lib/python3.8/site-packages/airflow/example_dags/example_task_group.py
[2026-01-15T10:44:05.897+0000] {processor.py:840} INFO - DAG(s) 'example_task_group' retrieved from /home/airflow/.local/lib/python3.8/site-packages/airflow/example_dags/example_task_group.py
[2026-01-15T10:44:05.929+0000] {logging_mixin.py:188} INFO - [2026-01-15T10:44:05.929+0000] {dag.py:3036} INFO - Sync 1 DAGs
[2026-01-15T10:44:05.955+0000] {logging_mixin.py:188} INFO - [2026-01-15T10:44:05.955+0000] {dag.py:3823} INFO - Setting next_dagrun for example_task_group to 2026-01-14 00:00:00+00:00, run_after=2026-01-15 00:00:00+00:00
[2026-01-15T10:44:05.982+0000] {processor.py:183} INFO - Processing /home/airflow/.local/lib/python3.8/site-packages/airflow/example_dags/example_task_group.py took 0.103 seconds
[2026-01-15T10:44:36.136+0000] {processor.py:161} INFO - Started process (PID=531) to work on /home/airflow/.local/lib/python3.8/site-packages/airflow/example_dags/example_task_group.py
[2026-01-15T10:44:36.137+0000] {processor.py:830} INFO - Processing file /home/airflow/.local/lib/python3.8/site-packages/airflow/example_dags/example_task_group.py for tasks to queue
[2026-01-15T10:44:36.140+0000] {logging_mixin.py:188} INFO - [2026-01-15T10:44:36.139+0000] {dagbag.py:538} INFO - Filling up the DagBag from /home/airflow/.local/lib/python3.8/site-packages/airflow/example_dags/example_task_group.py
[2026-01-15T10:44:36.148+0000] {processor.py:840} INFO - DAG(s) 'example_task_group' retrieved from /home/airflow/.local/lib/python3.8/site-packages/airflow/example_dags/example_task_group.py
[2026-01-15T10:44:36.180+0000] {logging_mixin.py:188} INFO - [2026-01-15T10:44:36.179+0000] {dag.py:3036} INFO - Sync 1 DAGs
[2026-01-15T10:44:36.203+0000] {logging_mixin.py:188} INFO - [2026-01-15T10:44:36.203+0000] {dag.py:3823} INFO - Setting next_dagrun for example_task_group to 2026-01-14 00:00:00+00:00, run_after=2026-01-15 00:00:00+00:00
[2026-01-15T10:44:36.227+0000] {processor.py:183} INFO - Processing /home/airflow/.local/lib/python3.8/site-packages/airflow/example_dags/example_task_group.py took 0.096 seconds
[2026-01-15T10:45:06.423+0000] {processor.py:161} INFO - Started process (PID=586) to work on /home/airflow/.local/lib/python3.8/site-packages/airflow/example_dags/example_task_group.py
[2026-01-15T10:45:06.424+0000] {processor.py:830} INFO - Processing file /home/airflow/.local/lib/python3.8/site-packages/airflow/example_dags/example_task_group.py for tasks to queue
[2026-01-15T10:45:06.428+0000] {logging_mixin.py:188} INFO - [2026-01-15T10:45:06.427+0000] {dagbag.py:538} INFO - Filling up the DagBag from /home/airflow/.local/lib/python3.8/site-packages/airflow/example_dags/example_task_group.py
[2026-01-15T10:45:06.438+0000] {processor.py:840} INFO - DAG(s) 'example_task_group' retrieved from /home/airflow/.local/lib/python3.8/site-packages/airflow/example_dags/example_task_group.py
[2026-01-15T10:45:06.470+0000] {logging_mixin.py:188} INFO - [2026-01-15T10:45:06.470+0000] {dag.py:3036} INFO - Sync 1 DAGs
[2026-01-15T10:45:06.495+0000] {logging_mixin.py:188} INFO - [2026-01-15T10:45:06.495+0000] {dag.py:3823} INFO - Setting next_dagrun for example_task_group to 2026-01-14 00:00:00+00:00, run_after=2026-01-15 00:00:00+00:00
[2026-01-15T10:45:06.519+0000] {processor.py:183} INFO - Processing /home/airflow/.local/lib/python3.8/site-packages/airflow/example_dags/example_task_group.py took 0.101 seconds
[2026-01-15T10:46:22.697+0000] {processor.py:161} INFO - Started process (PID=91) to work on /home/airflow/.local/lib/python3.8/site-packages/airflow/example_dags/example_task_group.py
[2026-01-15T10:46:22.699+0000] {processor.py:830} INFO - Processing file /home/airflow/.local/lib/python3.8/site-packages/airflow/example_dags/example_task_group.py for tasks to queue
[2026-01-15T10:46:22.703+0000] {logging_mixin.py:188} INFO - [2026-01-15T10:46:22.702+0000] {dagbag.py:538} INFO - Filling up the DagBag from /home/airflow/.local/lib/python3.8/site-packages/airflow/example_dags/example_task_group.py
[2026-01-15T10:46:22.714+0000] {processor.py:840} INFO - DAG(s) 'example_task_group' retrieved from /home/airflow/.local/lib/python3.8/site-packages/airflow/example_dags/example_task_group.py
[2026-01-15T10:46:22.736+0000] {logging_mixin.py:188} INFO - [2026-01-15T10:46:22.736+0000] {dag.py:3036} INFO - Sync 1 DAGs
[2026-01-15T10:46:22.766+0000] {logging_mixin.py:188} INFO - [2026-01-15T10:46:22.766+0000] {dag.py:3823} INFO - Setting next_dagrun for example_task_group to 2026-01-14 00:00:00+00:00, run_after=2026-01-15 00:00:00+00:00
[2026-01-15T10:46:22.821+0000] {processor.py:183} INFO - Processing /home/airflow/.local/lib/python3.8/site-packages/airflow/example_dags/example_task_group.py took 0.129 seconds
[2026-01-15T10:46:54.023+0000] {processor.py:161} INFO - Started process (PID=146) to work on /home/airflow/.local/lib/python3.8/site-packages/airflow/example_dags/example_task_group.py
[2026-01-15T10:46:54.024+0000] {processor.py:830} INFO - Processing file /home/airflow/.local/lib/python3.8/site-packages/airflow/example_dags/example_task_group.py for tasks to queue
[2026-01-15T10:46:54.027+0000] {logging_mixin.py:188} INFO - [2026-01-15T10:46:54.027+0000] {dagbag.py:538} INFO - Filling up the DagBag from /home/airflow/.local/lib/python3.8/site-packages/airflow/example_dags/example_task_group.py
[2026-01-15T10:46:54.037+0000] {processor.py:840} INFO - DAG(s) 'example_task_group' retrieved from /home/airflow/.local/lib/python3.8/site-packages/airflow/example_dags/example_task_group.py
[2026-01-15T10:46:54.157+0000] {logging_mixin.py:188} INFO - [2026-01-15T10:46:54.157+0000] {dag.py:3036} INFO - Sync 1 DAGs
[2026-01-15T10:46:54.179+0000] {logging_mixin.py:188} INFO - [2026-01-15T10:46:54.178+0000] {dag.py:3823} INFO - Setting next_dagrun for example_task_group to 2026-01-14 00:00:00+00:00, run_after=2026-01-15 00:00:00+00:00
[2026-01-15T10:46:54.207+0000] {processor.py:183} INFO - Processing /home/airflow/.local/lib/python3.8/site-packages/airflow/example_dags/example_task_group.py took 0.189 seconds
[2026-01-15T10:47:25.165+0000] {processor.py:161} INFO - Started process (PID=201) to work on /home/airflow/.local/lib/python3.8/site-packages/airflow/example_dags/example_task_group.py
[2026-01-15T10:47:25.166+0000] {processor.py:830} INFO - Processing file /home/airflow/.local/lib/python3.8/site-packages/airflow/example_dags/example_task_group.py for tasks to queue
[2026-01-15T10:47:25.168+0000] {logging_mixin.py:188} INFO - [2026-01-15T10:47:25.168+0000] {dagbag.py:538} INFO - Filling up the DagBag from /home/airflow/.local/lib/python3.8/site-packages/airflow/example_dags/example_task_group.py
[2026-01-15T10:47:25.178+0000] {processor.py:840} INFO - DAG(s) 'example_task_group' retrieved from /home/airflow/.local/lib/python3.8/site-packages/airflow/example_dags/example_task_group.py
[2026-01-15T10:47:25.209+0000] {logging_mixin.py:188} INFO - [2026-01-15T10:47:25.209+0000] {dag.py:3036} INFO - Sync 1 DAGs
[2026-01-15T10:47:25.235+0000] {logging_mixin.py:188} INFO - [2026-01-15T10:47:25.235+0000] {dag.py:3823} INFO - Setting next_dagrun for example_task_group to 2026-01-14 00:00:00+00:00, run_after=2026-01-15 00:00:00+00:00
[2026-01-15T10:47:25.260+0000] {processor.py:183} INFO - Processing /home/airflow/.local/lib/python3.8/site-packages/airflow/example_dags/example_task_group.py took 0.100 seconds
[2026-01-15T10:47:55.332+0000] {processor.py:161} INFO - Started process (PID=256) to work on /home/airflow/.local/lib/python3.8/site-packages/airflow/example_dags/example_task_group.py
[2026-01-15T10:47:55.334+0000] {processor.py:830} INFO - Processing file /home/airflow/.local/lib/python3.8/site-packages/airflow/example_dags/example_task_group.py for tasks to queue
[2026-01-15T10:47:55.338+0000] {logging_mixin.py:188} INFO - [2026-01-15T10:47:55.337+0000] {dagbag.py:538} INFO - Filling up the DagBag from /home/airflow/.local/lib/python3.8/site-packages/airflow/example_dags/example_task_group.py
[2026-01-15T10:47:55.349+0000] {processor.py:840} INFO - DAG(s) 'example_task_group' retrieved from /home/airflow/.local/lib/python3.8/site-packages/airflow/example_dags/example_task_group.py
[2026-01-15T10:47:55.385+0000] {logging_mixin.py:188} INFO - [2026-01-15T10:47:55.385+0000] {dag.py:3036} INFO - Sync 1 DAGs
[2026-01-15T10:47:55.416+0000] {logging_mixin.py:188} INFO - [2026-01-15T10:47:55.416+0000] {dag.py:3823} INFO - Setting next_dagrun for example_task_group to 2026-01-14 00:00:00+00:00, run_after=2026-01-15 00:00:00+00:00
[2026-01-15T10:47:55.452+0000] {processor.py:183} INFO - Processing /home/airflow/.local/lib/python3.8/site-packages/airflow/example_dags/example_task_group.py took 0.125 seconds
[2026-01-15T10:48:26.140+0000] {processor.py:161} INFO - Started process (PID=311) to work on /home/airflow/.local/lib/python3.8/site-packages/airflow/example_dags/example_task_group.py
[2026-01-15T10:48:26.142+0000] {processor.py:830} INFO - Processing file /home/airflow/.local/lib/python3.8/site-packages/airflow/example_dags/example_task_group.py for tasks to queue
[2026-01-15T10:48:26.145+0000] {logging_mixin.py:188} INFO - [2026-01-15T10:48:26.144+0000] {dagbag.py:538} INFO - Filling up the DagBag from /home/airflow/.local/lib/python3.8/site-packages/airflow/example_dags/example_task_group.py
[2026-01-15T10:48:26.155+0000] {processor.py:840} INFO - DAG(s) 'example_task_group' retrieved from /home/airflow/.local/lib/python3.8/site-packages/airflow/example_dags/example_task_group.py
[2026-01-15T10:48:26.189+0000] {logging_mixin.py:188} INFO - [2026-01-15T10:48:26.188+0000] {dag.py:3036} INFO - Sync 1 DAGs
[2026-01-15T10:48:26.214+0000] {logging_mixin.py:188} INFO - [2026-01-15T10:48:26.214+0000] {dag.py:3823} INFO - Setting next_dagrun for example_task_group to 2026-01-14 00:00:00+00:00, run_after=2026-01-15 00:00:00+00:00
[2026-01-15T10:48:26.242+0000] {processor.py:183} INFO - Processing /home/airflow/.local/lib/python3.8/site-packages/airflow/example_dags/example_task_group.py took 0.106 seconds
[2026-01-15T10:51:10.371+0000] {processor.py:161} INFO - Started process (PID=90) to work on /home/airflow/.local/lib/python3.8/site-packages/airflow/example_dags/example_task_group.py
[2026-01-15T10:51:10.373+0000] {processor.py:830} INFO - Processing file /home/airflow/.local/lib/python3.8/site-packages/airflow/example_dags/example_task_group.py for tasks to queue
[2026-01-15T10:51:10.376+0000] {logging_mixin.py:188} INFO - [2026-01-15T10:51:10.376+0000] {dagbag.py:538} INFO - Filling up the DagBag from /home/airflow/.local/lib/python3.8/site-packages/airflow/example_dags/example_task_group.py
[2026-01-15T10:51:10.389+0000] {processor.py:840} INFO - DAG(s) 'example_task_group' retrieved from /home/airflow/.local/lib/python3.8/site-packages/airflow/example_dags/example_task_group.py
[2026-01-15T10:51:10.417+0000] {logging_mixin.py:188} INFO - [2026-01-15T10:51:10.416+0000] {dag.py:3036} INFO - Sync 1 DAGs
[2026-01-15T10:51:10.452+0000] {logging_mixin.py:188} INFO - [2026-01-15T10:51:10.451+0000] {dag.py:3823} INFO - Setting next_dagrun for example_task_group to 2026-01-14 00:00:00+00:00, run_after=2026-01-15 00:00:00+00:00
[2026-01-15T10:51:10.496+0000] {processor.py:183} INFO - Processing /home/airflow/.local/lib/python3.8/site-packages/airflow/example_dags/example_task_group.py took 0.131 seconds
[2026-01-15T10:51:42.477+0000] {processor.py:161} INFO - Started process (PID=145) to work on /home/airflow/.local/lib/python3.8/site-packages/airflow/example_dags/example_task_group.py
[2026-01-15T10:51:42.479+0000] {processor.py:830} INFO - Processing file /home/airflow/.local/lib/python3.8/site-packages/airflow/example_dags/example_task_group.py for tasks to queue
[2026-01-15T10:51:42.482+0000] {logging_mixin.py:188} INFO - [2026-01-15T10:51:42.482+0000] {dagbag.py:538} INFO - Filling up the DagBag from /home/airflow/.local/lib/python3.8/site-packages/airflow/example_dags/example_task_group.py
[2026-01-15T10:51:42.492+0000] {processor.py:840} INFO - DAG(s) 'example_task_group' retrieved from /home/airflow/.local/lib/python3.8/site-packages/airflow/example_dags/example_task_group.py
[2026-01-15T10:51:42.626+0000] {logging_mixin.py:188} INFO - [2026-01-15T10:51:42.625+0000] {dag.py:3036} INFO - Sync 1 DAGs
[2026-01-15T10:51:42.648+0000] {logging_mixin.py:188} INFO - [2026-01-15T10:51:42.648+0000] {dag.py:3823} INFO - Setting next_dagrun for example_task_group to 2026-01-14 00:00:00+00:00, run_after=2026-01-15 00:00:00+00:00
[2026-01-15T10:51:42.675+0000] {processor.py:183} INFO - Processing /home/airflow/.local/lib/python3.8/site-packages/airflow/example_dags/example_task_group.py took 0.203 seconds
