[2026-01-15T10:40:31.067+0000] {processor.py:161} INFO - Started process (PID=95) to work on /home/airflow/.local/lib/python3.8/site-packages/airflow/example_dags/example_branch_datetime_operator.py
[2026-01-15T10:40:31.068+0000] {processor.py:830} INFO - Processing file /home/airflow/.local/lib/python3.8/site-packages/airflow/example_dags/example_branch_datetime_operator.py for tasks to queue
[2026-01-15T10:40:31.071+0000] {logging_mixin.py:188} INFO - [2026-01-15T10:40:31.071+0000] {dagbag.py:538} INFO - Filling up the DagBag from /home/airflow/.local/lib/python3.8/site-packages/airflow/example_dags/example_branch_datetime_operator.py
[2026-01-15T10:40:31.087+0000] {processor.py:840} INFO - DAG(s) 'example_branch_datetime_operator_2', 'example_branch_datetime_operator', 'example_branch_datetime_operator_3' retrieved from /home/airflow/.local/lib/python3.8/site-packages/airflow/example_dags/example_branch_datetime_operator.py
[2026-01-15T10:40:31.112+0000] {logging_mixin.py:188} INFO - [2026-01-15T10:40:31.112+0000] {dag.py:3036} INFO - Sync 3 DAGs
[2026-01-15T10:40:31.148+0000] {logging_mixin.py:188} INFO - [2026-01-15T10:40:31.148+0000] {dag.py:3823} INFO - Setting next_dagrun for example_branch_datetime_operator to 2026-01-14 00:00:00+00:00, run_after=2026-01-15 00:00:00+00:00
[2026-01-15T10:40:31.156+0000] {logging_mixin.py:188} INFO - [2026-01-15T10:40:31.155+0000] {dag.py:3823} INFO - Setting next_dagrun for example_branch_datetime_operator_2 to 2026-01-14 00:00:00+00:00, run_after=2026-01-15 00:00:00+00:00
[2026-01-15T10:40:31.160+0000] {logging_mixin.py:188} INFO - [2026-01-15T10:40:31.160+0000] {dag.py:3823} INFO - Setting next_dagrun for example_branch_datetime_operator_3 to 2026-01-14 00:00:00+00:00, run_after=2026-01-15 00:00:00+00:00
[2026-01-15T10:40:31.220+0000] {processor.py:183} INFO - Processing /home/airflow/.local/lib/python3.8/site-packages/airflow/example_dags/example_branch_datetime_operator.py took 0.159 seconds
[2026-01-15T10:41:04.240+0000] {processor.py:161} INFO - Started process (PID=150) to work on /home/airflow/.local/lib/python3.8/site-packages/airflow/example_dags/example_branch_datetime_operator.py
[2026-01-15T10:41:04.242+0000] {processor.py:830} INFO - Processing file /home/airflow/.local/lib/python3.8/site-packages/airflow/example_dags/example_branch_datetime_operator.py for tasks to queue
[2026-01-15T10:41:04.245+0000] {logging_mixin.py:188} INFO - [2026-01-15T10:41:04.244+0000] {dagbag.py:538} INFO - Filling up the DagBag from /home/airflow/.local/lib/python3.8/site-packages/airflow/example_dags/example_branch_datetime_operator.py
[2026-01-15T10:41:04.261+0000] {processor.py:840} INFO - DAG(s) 'example_branch_datetime_operator_2', 'example_branch_datetime_operator', 'example_branch_datetime_operator_3' retrieved from /home/airflow/.local/lib/python3.8/site-packages/airflow/example_dags/example_branch_datetime_operator.py
[2026-01-15T10:41:04.449+0000] {logging_mixin.py:188} INFO - [2026-01-15T10:41:04.448+0000] {dag.py:3036} INFO - Sync 3 DAGs
[2026-01-15T10:41:04.476+0000] {logging_mixin.py:188} INFO - [2026-01-15T10:41:04.476+0000] {dag.py:3823} INFO - Setting next_dagrun for example_branch_datetime_operator to 2026-01-14 00:00:00+00:00, run_after=2026-01-15 00:00:00+00:00
[2026-01-15T10:41:04.483+0000] {logging_mixin.py:188} INFO - [2026-01-15T10:41:04.482+0000] {dag.py:3823} INFO - Setting next_dagrun for example_branch_datetime_operator_2 to 2026-01-14 00:00:00+00:00, run_after=2026-01-15 00:00:00+00:00
[2026-01-15T10:41:04.486+0000] {logging_mixin.py:188} INFO - [2026-01-15T10:41:04.486+0000] {dag.py:3823} INFO - Setting next_dagrun for example_branch_datetime_operator_3 to 2026-01-14 00:00:00+00:00, run_after=2026-01-15 00:00:00+00:00
[2026-01-15T10:41:04.529+0000] {processor.py:183} INFO - Processing /home/airflow/.local/lib/python3.8/site-packages/airflow/example_dags/example_branch_datetime_operator.py took 0.293 seconds
[2026-01-15T10:41:35.145+0000] {processor.py:161} INFO - Started process (PID=205) to work on /home/airflow/.local/lib/python3.8/site-packages/airflow/example_dags/example_branch_datetime_operator.py
[2026-01-15T10:41:35.147+0000] {processor.py:830} INFO - Processing file /home/airflow/.local/lib/python3.8/site-packages/airflow/example_dags/example_branch_datetime_operator.py for tasks to queue
[2026-01-15T10:41:35.151+0000] {logging_mixin.py:188} INFO - [2026-01-15T10:41:35.150+0000] {dagbag.py:538} INFO - Filling up the DagBag from /home/airflow/.local/lib/python3.8/site-packages/airflow/example_dags/example_branch_datetime_operator.py
[2026-01-15T10:41:35.164+0000] {processor.py:840} INFO - DAG(s) 'example_branch_datetime_operator', 'example_branch_datetime_operator_2', 'example_branch_datetime_operator_3' retrieved from /home/airflow/.local/lib/python3.8/site-packages/airflow/example_dags/example_branch_datetime_operator.py
[2026-01-15T10:41:35.209+0000] {logging_mixin.py:188} INFO - [2026-01-15T10:41:35.209+0000] {dag.py:3036} INFO - Sync 3 DAGs
[2026-01-15T10:41:35.236+0000] {logging_mixin.py:188} INFO - [2026-01-15T10:41:35.236+0000] {dag.py:3823} INFO - Setting next_dagrun for example_branch_datetime_operator to 2026-01-14 00:00:00+00:00, run_after=2026-01-15 00:00:00+00:00
[2026-01-15T10:41:35.242+0000] {logging_mixin.py:188} INFO - [2026-01-15T10:41:35.242+0000] {dag.py:3823} INFO - Setting next_dagrun for example_branch_datetime_operator_2 to 2026-01-14 00:00:00+00:00, run_after=2026-01-15 00:00:00+00:00
[2026-01-15T10:41:35.245+0000] {logging_mixin.py:188} INFO - [2026-01-15T10:41:35.245+0000] {dag.py:3823} INFO - Setting next_dagrun for example_branch_datetime_operator_3 to 2026-01-14 00:00:00+00:00, run_after=2026-01-15 00:00:00+00:00
[2026-01-15T10:41:35.268+0000] {processor.py:183} INFO - Processing /home/airflow/.local/lib/python3.8/site-packages/airflow/example_dags/example_branch_datetime_operator.py took 0.127 seconds
[2026-01-15T10:42:05.343+0000] {processor.py:161} INFO - Started process (PID=261) to work on /home/airflow/.local/lib/python3.8/site-packages/airflow/example_dags/example_branch_datetime_operator.py
[2026-01-15T10:42:05.345+0000] {processor.py:830} INFO - Processing file /home/airflow/.local/lib/python3.8/site-packages/airflow/example_dags/example_branch_datetime_operator.py for tasks to queue
[2026-01-15T10:42:05.347+0000] {logging_mixin.py:188} INFO - [2026-01-15T10:42:05.347+0000] {dagbag.py:538} INFO - Filling up the DagBag from /home/airflow/.local/lib/python3.8/site-packages/airflow/example_dags/example_branch_datetime_operator.py
[2026-01-15T10:42:05.358+0000] {processor.py:840} INFO - DAG(s) 'example_branch_datetime_operator_3', 'example_branch_datetime_operator_2', 'example_branch_datetime_operator' retrieved from /home/airflow/.local/lib/python3.8/site-packages/airflow/example_dags/example_branch_datetime_operator.py
[2026-01-15T10:42:05.393+0000] {logging_mixin.py:188} INFO - [2026-01-15T10:42:05.393+0000] {dag.py:3036} INFO - Sync 3 DAGs
[2026-01-15T10:42:05.420+0000] {logging_mixin.py:188} INFO - [2026-01-15T10:42:05.420+0000] {dag.py:3823} INFO - Setting next_dagrun for example_branch_datetime_operator to 2026-01-14 00:00:00+00:00, run_after=2026-01-15 00:00:00+00:00
[2026-01-15T10:42:05.426+0000] {logging_mixin.py:188} INFO - [2026-01-15T10:42:05.426+0000] {dag.py:3823} INFO - Setting next_dagrun for example_branch_datetime_operator_2 to 2026-01-14 00:00:00+00:00, run_after=2026-01-15 00:00:00+00:00
[2026-01-15T10:42:05.429+0000] {logging_mixin.py:188} INFO - [2026-01-15T10:42:05.429+0000] {dag.py:3823} INFO - Setting next_dagrun for example_branch_datetime_operator_3 to 2026-01-14 00:00:00+00:00, run_after=2026-01-15 00:00:00+00:00
[2026-01-15T10:42:05.451+0000] {processor.py:183} INFO - Processing /home/airflow/.local/lib/python3.8/site-packages/airflow/example_dags/example_branch_datetime_operator.py took 0.112 seconds
[2026-01-15T10:42:35.663+0000] {processor.py:161} INFO - Started process (PID=316) to work on /home/airflow/.local/lib/python3.8/site-packages/airflow/example_dags/example_branch_datetime_operator.py
[2026-01-15T10:42:35.665+0000] {processor.py:830} INFO - Processing file /home/airflow/.local/lib/python3.8/site-packages/airflow/example_dags/example_branch_datetime_operator.py for tasks to queue
[2026-01-15T10:42:35.668+0000] {logging_mixin.py:188} INFO - [2026-01-15T10:42:35.667+0000] {dagbag.py:538} INFO - Filling up the DagBag from /home/airflow/.local/lib/python3.8/site-packages/airflow/example_dags/example_branch_datetime_operator.py
[2026-01-15T10:42:35.679+0000] {processor.py:840} INFO - DAG(s) 'example_branch_datetime_operator_2', 'example_branch_datetime_operator_3', 'example_branch_datetime_operator' retrieved from /home/airflow/.local/lib/python3.8/site-packages/airflow/example_dags/example_branch_datetime_operator.py
[2026-01-15T10:42:35.717+0000] {logging_mixin.py:188} INFO - [2026-01-15T10:42:35.716+0000] {dag.py:3036} INFO - Sync 3 DAGs
[2026-01-15T10:42:35.743+0000] {logging_mixin.py:188} INFO - [2026-01-15T10:42:35.743+0000] {dag.py:3823} INFO - Setting next_dagrun for example_branch_datetime_operator to 2026-01-14 00:00:00+00:00, run_after=2026-01-15 00:00:00+00:00
[2026-01-15T10:42:35.749+0000] {logging_mixin.py:188} INFO - [2026-01-15T10:42:35.748+0000] {dag.py:3823} INFO - Setting next_dagrun for example_branch_datetime_operator_2 to 2026-01-14 00:00:00+00:00, run_after=2026-01-15 00:00:00+00:00
[2026-01-15T10:42:35.752+0000] {logging_mixin.py:188} INFO - [2026-01-15T10:42:35.751+0000] {dag.py:3823} INFO - Setting next_dagrun for example_branch_datetime_operator_3 to 2026-01-14 00:00:00+00:00, run_after=2026-01-15 00:00:00+00:00
[2026-01-15T10:42:35.771+0000] {processor.py:183} INFO - Processing /home/airflow/.local/lib/python3.8/site-packages/airflow/example_dags/example_branch_datetime_operator.py took 0.112 seconds
[2026-01-15T10:43:06.215+0000] {processor.py:161} INFO - Started process (PID=371) to work on /home/airflow/.local/lib/python3.8/site-packages/airflow/example_dags/example_branch_datetime_operator.py
[2026-01-15T10:43:06.217+0000] {processor.py:830} INFO - Processing file /home/airflow/.local/lib/python3.8/site-packages/airflow/example_dags/example_branch_datetime_operator.py for tasks to queue
[2026-01-15T10:43:06.220+0000] {logging_mixin.py:188} INFO - [2026-01-15T10:43:06.220+0000] {dagbag.py:538} INFO - Filling up the DagBag from /home/airflow/.local/lib/python3.8/site-packages/airflow/example_dags/example_branch_datetime_operator.py
[2026-01-15T10:43:06.232+0000] {processor.py:840} INFO - DAG(s) 'example_branch_datetime_operator_2', 'example_branch_datetime_operator', 'example_branch_datetime_operator_3' retrieved from /home/airflow/.local/lib/python3.8/site-packages/airflow/example_dags/example_branch_datetime_operator.py
[2026-01-15T10:43:06.270+0000] {logging_mixin.py:188} INFO - [2026-01-15T10:43:06.269+0000] {dag.py:3036} INFO - Sync 3 DAGs
[2026-01-15T10:43:06.295+0000] {logging_mixin.py:188} INFO - [2026-01-15T10:43:06.295+0000] {dag.py:3823} INFO - Setting next_dagrun for example_branch_datetime_operator to 2026-01-14 00:00:00+00:00, run_after=2026-01-15 00:00:00+00:00
[2026-01-15T10:43:06.301+0000] {logging_mixin.py:188} INFO - [2026-01-15T10:43:06.300+0000] {dag.py:3823} INFO - Setting next_dagrun for example_branch_datetime_operator_2 to 2026-01-14 00:00:00+00:00, run_after=2026-01-15 00:00:00+00:00
[2026-01-15T10:43:06.304+0000] {logging_mixin.py:188} INFO - [2026-01-15T10:43:06.304+0000] {dag.py:3823} INFO - Setting next_dagrun for example_branch_datetime_operator_3 to 2026-01-14 00:00:00+00:00, run_after=2026-01-15 00:00:00+00:00
[2026-01-15T10:43:06.326+0000] {processor.py:183} INFO - Processing /home/airflow/.local/lib/python3.8/site-packages/airflow/example_dags/example_branch_datetime_operator.py took 0.115 seconds
[2026-01-15T10:43:36.389+0000] {processor.py:161} INFO - Started process (PID=427) to work on /home/airflow/.local/lib/python3.8/site-packages/airflow/example_dags/example_branch_datetime_operator.py
[2026-01-15T10:43:36.390+0000] {processor.py:830} INFO - Processing file /home/airflow/.local/lib/python3.8/site-packages/airflow/example_dags/example_branch_datetime_operator.py for tasks to queue
[2026-01-15T10:43:36.394+0000] {logging_mixin.py:188} INFO - [2026-01-15T10:43:36.393+0000] {dagbag.py:538} INFO - Filling up the DagBag from /home/airflow/.local/lib/python3.8/site-packages/airflow/example_dags/example_branch_datetime_operator.py
[2026-01-15T10:43:36.407+0000] {processor.py:840} INFO - DAG(s) 'example_branch_datetime_operator', 'example_branch_datetime_operator_3', 'example_branch_datetime_operator_2' retrieved from /home/airflow/.local/lib/python3.8/site-packages/airflow/example_dags/example_branch_datetime_operator.py
[2026-01-15T10:43:36.444+0000] {logging_mixin.py:188} INFO - [2026-01-15T10:43:36.444+0000] {dag.py:3036} INFO - Sync 3 DAGs
[2026-01-15T10:43:36.472+0000] {logging_mixin.py:188} INFO - [2026-01-15T10:43:36.471+0000] {dag.py:3823} INFO - Setting next_dagrun for example_branch_datetime_operator to 2026-01-14 00:00:00+00:00, run_after=2026-01-15 00:00:00+00:00
[2026-01-15T10:43:36.477+0000] {logging_mixin.py:188} INFO - [2026-01-15T10:43:36.477+0000] {dag.py:3823} INFO - Setting next_dagrun for example_branch_datetime_operator_2 to 2026-01-14 00:00:00+00:00, run_after=2026-01-15 00:00:00+00:00
[2026-01-15T10:43:36.481+0000] {logging_mixin.py:188} INFO - [2026-01-15T10:43:36.480+0000] {dag.py:3823} INFO - Setting next_dagrun for example_branch_datetime_operator_3 to 2026-01-14 00:00:00+00:00, run_after=2026-01-15 00:00:00+00:00
[2026-01-15T10:43:36.503+0000] {processor.py:183} INFO - Processing /home/airflow/.local/lib/python3.8/site-packages/airflow/example_dags/example_branch_datetime_operator.py took 0.119 seconds
[2026-01-15T10:44:07.211+0000] {processor.py:161} INFO - Started process (PID=481) to work on /home/airflow/.local/lib/python3.8/site-packages/airflow/example_dags/example_branch_datetime_operator.py
[2026-01-15T10:44:07.213+0000] {processor.py:830} INFO - Processing file /home/airflow/.local/lib/python3.8/site-packages/airflow/example_dags/example_branch_datetime_operator.py for tasks to queue
[2026-01-15T10:44:07.215+0000] {logging_mixin.py:188} INFO - [2026-01-15T10:44:07.215+0000] {dagbag.py:538} INFO - Filling up the DagBag from /home/airflow/.local/lib/python3.8/site-packages/airflow/example_dags/example_branch_datetime_operator.py
[2026-01-15T10:44:07.230+0000] {processor.py:840} INFO - DAG(s) 'example_branch_datetime_operator', 'example_branch_datetime_operator_2', 'example_branch_datetime_operator_3' retrieved from /home/airflow/.local/lib/python3.8/site-packages/airflow/example_dags/example_branch_datetime_operator.py
[2026-01-15T10:44:07.271+0000] {logging_mixin.py:188} INFO - [2026-01-15T10:44:07.271+0000] {dag.py:3036} INFO - Sync 3 DAGs
[2026-01-15T10:44:07.304+0000] {logging_mixin.py:188} INFO - [2026-01-15T10:44:07.304+0000] {dag.py:3823} INFO - Setting next_dagrun for example_branch_datetime_operator to 2026-01-14 00:00:00+00:00, run_after=2026-01-15 00:00:00+00:00
[2026-01-15T10:44:07.312+0000] {logging_mixin.py:188} INFO - [2026-01-15T10:44:07.311+0000] {dag.py:3823} INFO - Setting next_dagrun for example_branch_datetime_operator_2 to 2026-01-14 00:00:00+00:00, run_after=2026-01-15 00:00:00+00:00
[2026-01-15T10:44:07.316+0000] {logging_mixin.py:188} INFO - [2026-01-15T10:44:07.316+0000] {dag.py:3823} INFO - Setting next_dagrun for example_branch_datetime_operator_3 to 2026-01-14 00:00:00+00:00, run_after=2026-01-15 00:00:00+00:00
[2026-01-15T10:44:07.351+0000] {processor.py:183} INFO - Processing /home/airflow/.local/lib/python3.8/site-packages/airflow/example_dags/example_branch_datetime_operator.py took 0.144 seconds
[2026-01-15T10:44:37.544+0000] {processor.py:161} INFO - Started process (PID=536) to work on /home/airflow/.local/lib/python3.8/site-packages/airflow/example_dags/example_branch_datetime_operator.py
[2026-01-15T10:44:37.546+0000] {processor.py:830} INFO - Processing file /home/airflow/.local/lib/python3.8/site-packages/airflow/example_dags/example_branch_datetime_operator.py for tasks to queue
[2026-01-15T10:44:37.548+0000] {logging_mixin.py:188} INFO - [2026-01-15T10:44:37.548+0000] {dagbag.py:538} INFO - Filling up the DagBag from /home/airflow/.local/lib/python3.8/site-packages/airflow/example_dags/example_branch_datetime_operator.py
[2026-01-15T10:44:37.561+0000] {processor.py:840} INFO - DAG(s) 'example_branch_datetime_operator_2', 'example_branch_datetime_operator_3', 'example_branch_datetime_operator' retrieved from /home/airflow/.local/lib/python3.8/site-packages/airflow/example_dags/example_branch_datetime_operator.py
[2026-01-15T10:44:37.597+0000] {logging_mixin.py:188} INFO - [2026-01-15T10:44:37.597+0000] {dag.py:3036} INFO - Sync 3 DAGs
[2026-01-15T10:44:37.624+0000] {logging_mixin.py:188} INFO - [2026-01-15T10:44:37.623+0000] {dag.py:3823} INFO - Setting next_dagrun for example_branch_datetime_operator to 2026-01-14 00:00:00+00:00, run_after=2026-01-15 00:00:00+00:00
[2026-01-15T10:44:37.630+0000] {logging_mixin.py:188} INFO - [2026-01-15T10:44:37.629+0000] {dag.py:3823} INFO - Setting next_dagrun for example_branch_datetime_operator_2 to 2026-01-14 00:00:00+00:00, run_after=2026-01-15 00:00:00+00:00
[2026-01-15T10:44:37.633+0000] {logging_mixin.py:188} INFO - [2026-01-15T10:44:37.633+0000] {dag.py:3823} INFO - Setting next_dagrun for example_branch_datetime_operator_3 to 2026-01-14 00:00:00+00:00, run_after=2026-01-15 00:00:00+00:00
[2026-01-15T10:44:37.655+0000] {processor.py:183} INFO - Processing /home/airflow/.local/lib/python3.8/site-packages/airflow/example_dags/example_branch_datetime_operator.py took 0.115 seconds
[2026-01-15T10:45:07.890+0000] {processor.py:161} INFO - Started process (PID=591) to work on /home/airflow/.local/lib/python3.8/site-packages/airflow/example_dags/example_branch_datetime_operator.py
[2026-01-15T10:45:07.891+0000] {processor.py:830} INFO - Processing file /home/airflow/.local/lib/python3.8/site-packages/airflow/example_dags/example_branch_datetime_operator.py for tasks to queue
[2026-01-15T10:45:07.894+0000] {logging_mixin.py:188} INFO - [2026-01-15T10:45:07.894+0000] {dagbag.py:538} INFO - Filling up the DagBag from /home/airflow/.local/lib/python3.8/site-packages/airflow/example_dags/example_branch_datetime_operator.py
[2026-01-15T10:45:07.908+0000] {processor.py:840} INFO - DAG(s) 'example_branch_datetime_operator', 'example_branch_datetime_operator_2', 'example_branch_datetime_operator_3' retrieved from /home/airflow/.local/lib/python3.8/site-packages/airflow/example_dags/example_branch_datetime_operator.py
[2026-01-15T10:45:07.944+0000] {logging_mixin.py:188} INFO - [2026-01-15T10:45:07.944+0000] {dag.py:3036} INFO - Sync 3 DAGs
[2026-01-15T10:45:07.971+0000] {logging_mixin.py:188} INFO - [2026-01-15T10:45:07.971+0000] {dag.py:3823} INFO - Setting next_dagrun for example_branch_datetime_operator to 2026-01-14 00:00:00+00:00, run_after=2026-01-15 00:00:00+00:00
[2026-01-15T10:45:07.977+0000] {logging_mixin.py:188} INFO - [2026-01-15T10:45:07.976+0000] {dag.py:3823} INFO - Setting next_dagrun for example_branch_datetime_operator_2 to 2026-01-14 00:00:00+00:00, run_after=2026-01-15 00:00:00+00:00
[2026-01-15T10:45:07.980+0000] {logging_mixin.py:188} INFO - [2026-01-15T10:45:07.980+0000] {dag.py:3823} INFO - Setting next_dagrun for example_branch_datetime_operator_3 to 2026-01-14 00:00:00+00:00, run_after=2026-01-15 00:00:00+00:00
[2026-01-15T10:45:08.001+0000] {processor.py:183} INFO - Processing /home/airflow/.local/lib/python3.8/site-packages/airflow/example_dags/example_branch_datetime_operator.py took 0.115 seconds
[2026-01-15T10:46:23.096+0000] {processor.py:161} INFO - Started process (PID=96) to work on /home/airflow/.local/lib/python3.8/site-packages/airflow/example_dags/example_branch_datetime_operator.py
[2026-01-15T10:46:23.098+0000] {processor.py:830} INFO - Processing file /home/airflow/.local/lib/python3.8/site-packages/airflow/example_dags/example_branch_datetime_operator.py for tasks to queue
[2026-01-15T10:46:23.102+0000] {logging_mixin.py:188} INFO - [2026-01-15T10:46:23.101+0000] {dagbag.py:538} INFO - Filling up the DagBag from /home/airflow/.local/lib/python3.8/site-packages/airflow/example_dags/example_branch_datetime_operator.py
[2026-01-15T10:46:23.120+0000] {processor.py:840} INFO - DAG(s) 'example_branch_datetime_operator', 'example_branch_datetime_operator_2', 'example_branch_datetime_operator_3' retrieved from /home/airflow/.local/lib/python3.8/site-packages/airflow/example_dags/example_branch_datetime_operator.py
[2026-01-15T10:46:23.143+0000] {logging_mixin.py:188} INFO - [2026-01-15T10:46:23.143+0000] {dag.py:3036} INFO - Sync 3 DAGs
[2026-01-15T10:46:23.175+0000] {logging_mixin.py:188} INFO - [2026-01-15T10:46:23.174+0000] {dag.py:3823} INFO - Setting next_dagrun for example_branch_datetime_operator to 2026-01-14 00:00:00+00:00, run_after=2026-01-15 00:00:00+00:00
[2026-01-15T10:46:23.181+0000] {logging_mixin.py:188} INFO - [2026-01-15T10:46:23.181+0000] {dag.py:3823} INFO - Setting next_dagrun for example_branch_datetime_operator_2 to 2026-01-14 00:00:00+00:00, run_after=2026-01-15 00:00:00+00:00
[2026-01-15T10:46:23.184+0000] {logging_mixin.py:188} INFO - [2026-01-15T10:46:23.184+0000] {dag.py:3823} INFO - Setting next_dagrun for example_branch_datetime_operator_3 to 2026-01-14 00:00:00+00:00, run_after=2026-01-15 00:00:00+00:00
[2026-01-15T10:46:23.233+0000] {processor.py:183} INFO - Processing /home/airflow/.local/lib/python3.8/site-packages/airflow/example_dags/example_branch_datetime_operator.py took 0.142 seconds
[2026-01-15T10:46:54.833+0000] {processor.py:161} INFO - Started process (PID=151) to work on /home/airflow/.local/lib/python3.8/site-packages/airflow/example_dags/example_branch_datetime_operator.py
[2026-01-15T10:46:54.835+0000] {processor.py:830} INFO - Processing file /home/airflow/.local/lib/python3.8/site-packages/airflow/example_dags/example_branch_datetime_operator.py for tasks to queue
[2026-01-15T10:46:54.837+0000] {logging_mixin.py:188} INFO - [2026-01-15T10:46:54.837+0000] {dagbag.py:538} INFO - Filling up the DagBag from /home/airflow/.local/lib/python3.8/site-packages/airflow/example_dags/example_branch_datetime_operator.py
[2026-01-15T10:46:54.851+0000] {processor.py:840} INFO - DAG(s) 'example_branch_datetime_operator_2', 'example_branch_datetime_operator', 'example_branch_datetime_operator_3' retrieved from /home/airflow/.local/lib/python3.8/site-packages/airflow/example_dags/example_branch_datetime_operator.py
[2026-01-15T10:46:55.019+0000] {logging_mixin.py:188} INFO - [2026-01-15T10:46:55.019+0000] {dag.py:3036} INFO - Sync 3 DAGs
[2026-01-15T10:46:55.046+0000] {logging_mixin.py:188} INFO - [2026-01-15T10:46:55.046+0000] {dag.py:3823} INFO - Setting next_dagrun for example_branch_datetime_operator to 2026-01-14 00:00:00+00:00, run_after=2026-01-15 00:00:00+00:00
[2026-01-15T10:46:55.053+0000] {logging_mixin.py:188} INFO - [2026-01-15T10:46:55.052+0000] {dag.py:3823} INFO - Setting next_dagrun for example_branch_datetime_operator_2 to 2026-01-14 00:00:00+00:00, run_after=2026-01-15 00:00:00+00:00
[2026-01-15T10:46:55.056+0000] {logging_mixin.py:188} INFO - [2026-01-15T10:46:55.056+0000] {dag.py:3823} INFO - Setting next_dagrun for example_branch_datetime_operator_3 to 2026-01-14 00:00:00+00:00, run_after=2026-01-15 00:00:00+00:00
[2026-01-15T10:46:55.084+0000] {processor.py:183} INFO - Processing /home/airflow/.local/lib/python3.8/site-packages/airflow/example_dags/example_branch_datetime_operator.py took 0.256 seconds
[2026-01-15T10:47:25.571+0000] {processor.py:161} INFO - Started process (PID=206) to work on /home/airflow/.local/lib/python3.8/site-packages/airflow/example_dags/example_branch_datetime_operator.py
[2026-01-15T10:47:25.572+0000] {processor.py:830} INFO - Processing file /home/airflow/.local/lib/python3.8/site-packages/airflow/example_dags/example_branch_datetime_operator.py for tasks to queue
[2026-01-15T10:47:25.575+0000] {logging_mixin.py:188} INFO - [2026-01-15T10:47:25.575+0000] {dagbag.py:538} INFO - Filling up the DagBag from /home/airflow/.local/lib/python3.8/site-packages/airflow/example_dags/example_branch_datetime_operator.py
[2026-01-15T10:47:25.588+0000] {processor.py:840} INFO - DAG(s) 'example_branch_datetime_operator_2', 'example_branch_datetime_operator_3', 'example_branch_datetime_operator' retrieved from /home/airflow/.local/lib/python3.8/site-packages/airflow/example_dags/example_branch_datetime_operator.py
[2026-01-15T10:47:25.627+0000] {logging_mixin.py:188} INFO - [2026-01-15T10:47:25.627+0000] {dag.py:3036} INFO - Sync 3 DAGs
[2026-01-15T10:47:25.656+0000] {logging_mixin.py:188} INFO - [2026-01-15T10:47:25.655+0000] {dag.py:3823} INFO - Setting next_dagrun for example_branch_datetime_operator to 2026-01-14 00:00:00+00:00, run_after=2026-01-15 00:00:00+00:00
[2026-01-15T10:47:25.661+0000] {logging_mixin.py:188} INFO - [2026-01-15T10:47:25.661+0000] {dag.py:3823} INFO - Setting next_dagrun for example_branch_datetime_operator_2 to 2026-01-14 00:00:00+00:00, run_after=2026-01-15 00:00:00+00:00
[2026-01-15T10:47:25.665+0000] {logging_mixin.py:188} INFO - [2026-01-15T10:47:25.665+0000] {dag.py:3823} INFO - Setting next_dagrun for example_branch_datetime_operator_3 to 2026-01-14 00:00:00+00:00, run_after=2026-01-15 00:00:00+00:00
[2026-01-15T10:47:25.690+0000] {processor.py:183} INFO - Processing /home/airflow/.local/lib/python3.8/site-packages/airflow/example_dags/example_branch_datetime_operator.py took 0.123 seconds
[2026-01-15T10:47:56.093+0000] {processor.py:161} INFO - Started process (PID=262) to work on /home/airflow/.local/lib/python3.8/site-packages/airflow/example_dags/example_branch_datetime_operator.py
[2026-01-15T10:47:56.095+0000] {processor.py:830} INFO - Processing file /home/airflow/.local/lib/python3.8/site-packages/airflow/example_dags/example_branch_datetime_operator.py for tasks to queue
[2026-01-15T10:47:56.098+0000] {logging_mixin.py:188} INFO - [2026-01-15T10:47:56.097+0000] {dagbag.py:538} INFO - Filling up the DagBag from /home/airflow/.local/lib/python3.8/site-packages/airflow/example_dags/example_branch_datetime_operator.py
[2026-01-15T10:47:56.120+0000] {processor.py:840} INFO - DAG(s) 'example_branch_datetime_operator', 'example_branch_datetime_operator_3', 'example_branch_datetime_operator_2' retrieved from /home/airflow/.local/lib/python3.8/site-packages/airflow/example_dags/example_branch_datetime_operator.py
[2026-01-15T10:47:56.173+0000] {logging_mixin.py:188} INFO - [2026-01-15T10:47:56.173+0000] {dag.py:3036} INFO - Sync 3 DAGs
[2026-01-15T10:47:56.202+0000] {logging_mixin.py:188} INFO - [2026-01-15T10:47:56.202+0000] {dag.py:3823} INFO - Setting next_dagrun for example_branch_datetime_operator to 2026-01-14 00:00:00+00:00, run_after=2026-01-15 00:00:00+00:00
[2026-01-15T10:47:56.209+0000] {logging_mixin.py:188} INFO - [2026-01-15T10:47:56.209+0000] {dag.py:3823} INFO - Setting next_dagrun for example_branch_datetime_operator_2 to 2026-01-14 00:00:00+00:00, run_after=2026-01-15 00:00:00+00:00
[2026-01-15T10:47:56.212+0000] {logging_mixin.py:188} INFO - [2026-01-15T10:47:56.212+0000] {dag.py:3823} INFO - Setting next_dagrun for example_branch_datetime_operator_3 to 2026-01-14 00:00:00+00:00, run_after=2026-01-15 00:00:00+00:00
[2026-01-15T10:47:56.237+0000] {processor.py:183} INFO - Processing /home/airflow/.local/lib/python3.8/site-packages/airflow/example_dags/example_branch_datetime_operator.py took 0.149 seconds
[2026-01-15T10:48:26.598+0000] {processor.py:161} INFO - Started process (PID=316) to work on /home/airflow/.local/lib/python3.8/site-packages/airflow/example_dags/example_branch_datetime_operator.py
[2026-01-15T10:48:26.600+0000] {processor.py:830} INFO - Processing file /home/airflow/.local/lib/python3.8/site-packages/airflow/example_dags/example_branch_datetime_operator.py for tasks to queue
[2026-01-15T10:48:26.603+0000] {logging_mixin.py:188} INFO - [2026-01-15T10:48:26.602+0000] {dagbag.py:538} INFO - Filling up the DagBag from /home/airflow/.local/lib/python3.8/site-packages/airflow/example_dags/example_branch_datetime_operator.py
[2026-01-15T10:48:26.615+0000] {processor.py:840} INFO - DAG(s) 'example_branch_datetime_operator_3', 'example_branch_datetime_operator_2', 'example_branch_datetime_operator' retrieved from /home/airflow/.local/lib/python3.8/site-packages/airflow/example_dags/example_branch_datetime_operator.py
[2026-01-15T10:48:26.665+0000] {logging_mixin.py:188} INFO - [2026-01-15T10:48:26.664+0000] {dag.py:3036} INFO - Sync 3 DAGs
[2026-01-15T10:48:26.697+0000] {logging_mixin.py:188} INFO - [2026-01-15T10:48:26.696+0000] {dag.py:3823} INFO - Setting next_dagrun for example_branch_datetime_operator to 2026-01-14 00:00:00+00:00, run_after=2026-01-15 00:00:00+00:00
[2026-01-15T10:48:26.704+0000] {logging_mixin.py:188} INFO - [2026-01-15T10:48:26.703+0000] {dag.py:3823} INFO - Setting next_dagrun for example_branch_datetime_operator_2 to 2026-01-14 00:00:00+00:00, run_after=2026-01-15 00:00:00+00:00
[2026-01-15T10:48:26.707+0000] {logging_mixin.py:188} INFO - [2026-01-15T10:48:26.707+0000] {dag.py:3823} INFO - Setting next_dagrun for example_branch_datetime_operator_3 to 2026-01-14 00:00:00+00:00, run_after=2026-01-15 00:00:00+00:00
[2026-01-15T10:48:26.733+0000] {processor.py:183} INFO - Processing /home/airflow/.local/lib/python3.8/site-packages/airflow/example_dags/example_branch_datetime_operator.py took 0.139 seconds
[2026-01-15T10:51:10.890+0000] {processor.py:161} INFO - Started process (PID=95) to work on /home/airflow/.local/lib/python3.8/site-packages/airflow/example_dags/example_branch_datetime_operator.py
[2026-01-15T10:51:10.892+0000] {processor.py:830} INFO - Processing file /home/airflow/.local/lib/python3.8/site-packages/airflow/example_dags/example_branch_datetime_operator.py for tasks to queue
[2026-01-15T10:51:10.896+0000] {logging_mixin.py:188} INFO - [2026-01-15T10:51:10.896+0000] {dagbag.py:538} INFO - Filling up the DagBag from /home/airflow/.local/lib/python3.8/site-packages/airflow/example_dags/example_branch_datetime_operator.py
[2026-01-15T10:51:10.913+0000] {processor.py:840} INFO - DAG(s) 'example_branch_datetime_operator_3', 'example_branch_datetime_operator', 'example_branch_datetime_operator_2' retrieved from /home/airflow/.local/lib/python3.8/site-packages/airflow/example_dags/example_branch_datetime_operator.py
[2026-01-15T10:51:10.938+0000] {logging_mixin.py:188} INFO - [2026-01-15T10:51:10.938+0000] {dag.py:3036} INFO - Sync 3 DAGs
[2026-01-15T10:51:10.973+0000] {logging_mixin.py:188} INFO - [2026-01-15T10:51:10.973+0000] {dag.py:3823} INFO - Setting next_dagrun for example_branch_datetime_operator to 2026-01-14 00:00:00+00:00, run_after=2026-01-15 00:00:00+00:00
[2026-01-15T10:51:10.980+0000] {logging_mixin.py:188} INFO - [2026-01-15T10:51:10.980+0000] {dag.py:3823} INFO - Setting next_dagrun for example_branch_datetime_operator_2 to 2026-01-14 00:00:00+00:00, run_after=2026-01-15 00:00:00+00:00
[2026-01-15T10:51:10.984+0000] {logging_mixin.py:188} INFO - [2026-01-15T10:51:10.983+0000] {dag.py:3823} INFO - Setting next_dagrun for example_branch_datetime_operator_3 to 2026-01-14 00:00:00+00:00, run_after=2026-01-15 00:00:00+00:00
[2026-01-15T10:51:11.027+0000] {processor.py:183} INFO - Processing /home/airflow/.local/lib/python3.8/site-packages/airflow/example_dags/example_branch_datetime_operator.py took 0.142 seconds
[2026-01-15T10:51:43.192+0000] {processor.py:161} INFO - Started process (PID=150) to work on /home/airflow/.local/lib/python3.8/site-packages/airflow/example_dags/example_branch_datetime_operator.py
[2026-01-15T10:51:43.194+0000] {processor.py:830} INFO - Processing file /home/airflow/.local/lib/python3.8/site-packages/airflow/example_dags/example_branch_datetime_operator.py for tasks to queue
[2026-01-15T10:51:43.197+0000] {logging_mixin.py:188} INFO - [2026-01-15T10:51:43.196+0000] {dagbag.py:538} INFO - Filling up the DagBag from /home/airflow/.local/lib/python3.8/site-packages/airflow/example_dags/example_branch_datetime_operator.py
[2026-01-15T10:51:43.210+0000] {processor.py:840} INFO - DAG(s) 'example_branch_datetime_operator', 'example_branch_datetime_operator_3', 'example_branch_datetime_operator_2' retrieved from /home/airflow/.local/lib/python3.8/site-packages/airflow/example_dags/example_branch_datetime_operator.py
[2026-01-15T10:51:43.365+0000] {logging_mixin.py:188} INFO - [2026-01-15T10:51:43.365+0000] {dag.py:3036} INFO - Sync 3 DAGs
[2026-01-15T10:51:43.388+0000] {logging_mixin.py:188} INFO - [2026-01-15T10:51:43.388+0000] {dag.py:3823} INFO - Setting next_dagrun for example_branch_datetime_operator to 2026-01-14 00:00:00+00:00, run_after=2026-01-15 00:00:00+00:00
[2026-01-15T10:51:43.394+0000] {logging_mixin.py:188} INFO - [2026-01-15T10:51:43.394+0000] {dag.py:3823} INFO - Setting next_dagrun for example_branch_datetime_operator_2 to 2026-01-14 00:00:00+00:00, run_after=2026-01-15 00:00:00+00:00
[2026-01-15T10:51:43.397+0000] {logging_mixin.py:188} INFO - [2026-01-15T10:51:43.397+0000] {dag.py:3823} INFO - Setting next_dagrun for example_branch_datetime_operator_3 to 2026-01-14 00:00:00+00:00, run_after=2026-01-15 00:00:00+00:00
[2026-01-15T10:51:43.423+0000] {processor.py:183} INFO - Processing /home/airflow/.local/lib/python3.8/site-packages/airflow/example_dags/example_branch_datetime_operator.py took 0.235 seconds
