[2026-01-15T10:40:30.107+0000] {processor.py:161} INFO - Started process (PID=84) to work on /home/airflow/.local/lib/python3.8/site-packages/airflow/example_dags/example_xcom.py
[2026-01-15T10:40:30.109+0000] {processor.py:830} INFO - Processing file /home/airflow/.local/lib/python3.8/site-packages/airflow/example_dags/example_xcom.py for tasks to queue
[2026-01-15T10:40:30.112+0000] {logging_mixin.py:188} INFO - [2026-01-15T10:40:30.112+0000] {dagbag.py:538} INFO - Filling up the DagBag from /home/airflow/.local/lib/python3.8/site-packages/airflow/example_dags/example_xcom.py
[2026-01-15T10:40:30.126+0000] {processor.py:840} INFO - DAG(s) 'example_xcom' retrieved from /home/airflow/.local/lib/python3.8/site-packages/airflow/example_dags/example_xcom.py
[2026-01-15T10:40:30.152+0000] {logging_mixin.py:188} INFO - [2026-01-15T10:40:30.151+0000] {dag.py:3036} INFO - Sync 1 DAGs
[2026-01-15T10:40:30.187+0000] {logging_mixin.py:188} INFO - [2026-01-15T10:40:30.187+0000] {dag.py:3823} INFO - Setting next_dagrun for example_xcom to 2021-01-01 00:00:00+00:00, run_after=2021-01-01 00:00:00+00:00
[2026-01-15T10:40:30.229+0000] {processor.py:183} INFO - Processing /home/airflow/.local/lib/python3.8/site-packages/airflow/example_dags/example_xcom.py took 0.127 seconds
[2026-01-15T10:41:02.359+0000] {processor.py:161} INFO - Started process (PID=139) to work on /home/airflow/.local/lib/python3.8/site-packages/airflow/example_dags/example_xcom.py
[2026-01-15T10:41:02.360+0000] {processor.py:830} INFO - Processing file /home/airflow/.local/lib/python3.8/site-packages/airflow/example_dags/example_xcom.py for tasks to queue
[2026-01-15T10:41:02.363+0000] {logging_mixin.py:188} INFO - [2026-01-15T10:41:02.362+0000] {dagbag.py:538} INFO - Filling up the DagBag from /home/airflow/.local/lib/python3.8/site-packages/airflow/example_dags/example_xcom.py
[2026-01-15T10:41:02.375+0000] {processor.py:840} INFO - DAG(s) 'example_xcom' retrieved from /home/airflow/.local/lib/python3.8/site-packages/airflow/example_dags/example_xcom.py
[2026-01-15T10:41:02.518+0000] {logging_mixin.py:188} INFO - [2026-01-15T10:41:02.517+0000] {dag.py:3036} INFO - Sync 1 DAGs
[2026-01-15T10:41:02.543+0000] {logging_mixin.py:188} INFO - [2026-01-15T10:41:02.542+0000] {dag.py:3823} INFO - Setting next_dagrun for example_xcom to 2021-01-01 00:00:00+00:00, run_after=2021-01-01 00:00:00+00:00
[2026-01-15T10:41:02.581+0000] {processor.py:183} INFO - Processing /home/airflow/.local/lib/python3.8/site-packages/airflow/example_dags/example_xcom.py took 0.228 seconds
[2026-01-15T10:41:33.096+0000] {processor.py:161} INFO - Started process (PID=194) to work on /home/airflow/.local/lib/python3.8/site-packages/airflow/example_dags/example_xcom.py
[2026-01-15T10:41:33.097+0000] {processor.py:830} INFO - Processing file /home/airflow/.local/lib/python3.8/site-packages/airflow/example_dags/example_xcom.py for tasks to queue
[2026-01-15T10:41:33.100+0000] {logging_mixin.py:188} INFO - [2026-01-15T10:41:33.100+0000] {dagbag.py:538} INFO - Filling up the DagBag from /home/airflow/.local/lib/python3.8/site-packages/airflow/example_dags/example_xcom.py
[2026-01-15T10:41:33.110+0000] {processor.py:840} INFO - DAG(s) 'example_xcom' retrieved from /home/airflow/.local/lib/python3.8/site-packages/airflow/example_dags/example_xcom.py
[2026-01-15T10:41:33.140+0000] {logging_mixin.py:188} INFO - [2026-01-15T10:41:33.140+0000] {dag.py:3036} INFO - Sync 1 DAGs
[2026-01-15T10:41:33.165+0000] {logging_mixin.py:188} INFO - [2026-01-15T10:41:33.165+0000] {dag.py:3823} INFO - Setting next_dagrun for example_xcom to 2021-01-01 00:00:00+00:00, run_after=2021-01-01 00:00:00+00:00
[2026-01-15T10:41:33.191+0000] {processor.py:183} INFO - Processing /home/airflow/.local/lib/python3.8/site-packages/airflow/example_dags/example_xcom.py took 0.100 seconds
[2026-01-15T10:42:03.465+0000] {processor.py:161} INFO - Started process (PID=250) to work on /home/airflow/.local/lib/python3.8/site-packages/airflow/example_dags/example_xcom.py
[2026-01-15T10:42:03.467+0000] {processor.py:830} INFO - Processing file /home/airflow/.local/lib/python3.8/site-packages/airflow/example_dags/example_xcom.py for tasks to queue
[2026-01-15T10:42:03.469+0000] {logging_mixin.py:188} INFO - [2026-01-15T10:42:03.469+0000] {dagbag.py:538} INFO - Filling up the DagBag from /home/airflow/.local/lib/python3.8/site-packages/airflow/example_dags/example_xcom.py
[2026-01-15T10:42:03.479+0000] {processor.py:840} INFO - DAG(s) 'example_xcom' retrieved from /home/airflow/.local/lib/python3.8/site-packages/airflow/example_dags/example_xcom.py
[2026-01-15T10:42:03.509+0000] {logging_mixin.py:188} INFO - [2026-01-15T10:42:03.509+0000] {dag.py:3036} INFO - Sync 1 DAGs
[2026-01-15T10:42:03.539+0000] {logging_mixin.py:188} INFO - [2026-01-15T10:42:03.538+0000] {dag.py:3823} INFO - Setting next_dagrun for example_xcom to 2021-01-01 00:00:00+00:00, run_after=2021-01-01 00:00:00+00:00
[2026-01-15T10:42:03.572+0000] {processor.py:183} INFO - Processing /home/airflow/.local/lib/python3.8/site-packages/airflow/example_dags/example_xcom.py took 0.111 seconds
[2026-01-15T10:42:33.790+0000] {processor.py:161} INFO - Started process (PID=305) to work on /home/airflow/.local/lib/python3.8/site-packages/airflow/example_dags/example_xcom.py
[2026-01-15T10:42:33.792+0000] {processor.py:830} INFO - Processing file /home/airflow/.local/lib/python3.8/site-packages/airflow/example_dags/example_xcom.py for tasks to queue
[2026-01-15T10:42:33.796+0000] {logging_mixin.py:188} INFO - [2026-01-15T10:42:33.795+0000] {dagbag.py:538} INFO - Filling up the DagBag from /home/airflow/.local/lib/python3.8/site-packages/airflow/example_dags/example_xcom.py
[2026-01-15T10:42:33.806+0000] {processor.py:840} INFO - DAG(s) 'example_xcom' retrieved from /home/airflow/.local/lib/python3.8/site-packages/airflow/example_dags/example_xcom.py
[2026-01-15T10:42:33.835+0000] {logging_mixin.py:188} INFO - [2026-01-15T10:42:33.835+0000] {dag.py:3036} INFO - Sync 1 DAGs
[2026-01-15T10:42:33.860+0000] {logging_mixin.py:188} INFO - [2026-01-15T10:42:33.859+0000] {dag.py:3823} INFO - Setting next_dagrun for example_xcom to 2021-01-01 00:00:00+00:00, run_after=2021-01-01 00:00:00+00:00
[2026-01-15T10:42:33.886+0000] {processor.py:183} INFO - Processing /home/airflow/.local/lib/python3.8/site-packages/airflow/example_dags/example_xcom.py took 0.101 seconds
[2026-01-15T10:43:04.174+0000] {processor.py:161} INFO - Started process (PID=360) to work on /home/airflow/.local/lib/python3.8/site-packages/airflow/example_dags/example_xcom.py
[2026-01-15T10:43:04.176+0000] {processor.py:830} INFO - Processing file /home/airflow/.local/lib/python3.8/site-packages/airflow/example_dags/example_xcom.py for tasks to queue
[2026-01-15T10:43:04.179+0000] {logging_mixin.py:188} INFO - [2026-01-15T10:43:04.178+0000] {dagbag.py:538} INFO - Filling up the DagBag from /home/airflow/.local/lib/python3.8/site-packages/airflow/example_dags/example_xcom.py
[2026-01-15T10:43:04.189+0000] {processor.py:840} INFO - DAG(s) 'example_xcom' retrieved from /home/airflow/.local/lib/python3.8/site-packages/airflow/example_dags/example_xcom.py
[2026-01-15T10:43:04.222+0000] {logging_mixin.py:188} INFO - [2026-01-15T10:43:04.221+0000] {dag.py:3036} INFO - Sync 1 DAGs
[2026-01-15T10:43:04.251+0000] {logging_mixin.py:188} INFO - [2026-01-15T10:43:04.251+0000] {dag.py:3823} INFO - Setting next_dagrun for example_xcom to 2021-01-01 00:00:00+00:00, run_after=2021-01-01 00:00:00+00:00
[2026-01-15T10:43:04.282+0000] {processor.py:183} INFO - Processing /home/airflow/.local/lib/python3.8/site-packages/airflow/example_dags/example_xcom.py took 0.113 seconds
[2026-01-15T10:43:34.338+0000] {processor.py:161} INFO - Started process (PID=415) to work on /home/airflow/.local/lib/python3.8/site-packages/airflow/example_dags/example_xcom.py
[2026-01-15T10:43:34.340+0000] {processor.py:830} INFO - Processing file /home/airflow/.local/lib/python3.8/site-packages/airflow/example_dags/example_xcom.py for tasks to queue
[2026-01-15T10:43:34.342+0000] {logging_mixin.py:188} INFO - [2026-01-15T10:43:34.342+0000] {dagbag.py:538} INFO - Filling up the DagBag from /home/airflow/.local/lib/python3.8/site-packages/airflow/example_dags/example_xcom.py
[2026-01-15T10:43:34.352+0000] {processor.py:840} INFO - DAG(s) 'example_xcom' retrieved from /home/airflow/.local/lib/python3.8/site-packages/airflow/example_dags/example_xcom.py
[2026-01-15T10:43:34.381+0000] {logging_mixin.py:188} INFO - [2026-01-15T10:43:34.381+0000] {dag.py:3036} INFO - Sync 1 DAGs
[2026-01-15T10:43:34.405+0000] {logging_mixin.py:188} INFO - [2026-01-15T10:43:34.405+0000] {dag.py:3823} INFO - Setting next_dagrun for example_xcom to 2021-01-01 00:00:00+00:00, run_after=2021-01-01 00:00:00+00:00
[2026-01-15T10:43:34.429+0000] {processor.py:183} INFO - Processing /home/airflow/.local/lib/python3.8/site-packages/airflow/example_dags/example_xcom.py took 0.096 seconds
[2026-01-15T10:44:05.055+0000] {processor.py:161} INFO - Started process (PID=470) to work on /home/airflow/.local/lib/python3.8/site-packages/airflow/example_dags/example_xcom.py
[2026-01-15T10:44:05.056+0000] {processor.py:830} INFO - Processing file /home/airflow/.local/lib/python3.8/site-packages/airflow/example_dags/example_xcom.py for tasks to queue
[2026-01-15T10:44:05.059+0000] {logging_mixin.py:188} INFO - [2026-01-15T10:44:05.059+0000] {dagbag.py:538} INFO - Filling up the DagBag from /home/airflow/.local/lib/python3.8/site-packages/airflow/example_dags/example_xcom.py
[2026-01-15T10:44:05.070+0000] {processor.py:840} INFO - DAG(s) 'example_xcom' retrieved from /home/airflow/.local/lib/python3.8/site-packages/airflow/example_dags/example_xcom.py
[2026-01-15T10:44:05.103+0000] {logging_mixin.py:188} INFO - [2026-01-15T10:44:05.103+0000] {dag.py:3036} INFO - Sync 1 DAGs
[2026-01-15T10:44:05.130+0000] {logging_mixin.py:188} INFO - [2026-01-15T10:44:05.130+0000] {dag.py:3823} INFO - Setting next_dagrun for example_xcom to 2021-01-01 00:00:00+00:00, run_after=2021-01-01 00:00:00+00:00
[2026-01-15T10:44:05.156+0000] {processor.py:183} INFO - Processing /home/airflow/.local/lib/python3.8/site-packages/airflow/example_dags/example_xcom.py took 0.106 seconds
[2026-01-15T10:44:35.553+0000] {processor.py:161} INFO - Started process (PID=525) to work on /home/airflow/.local/lib/python3.8/site-packages/airflow/example_dags/example_xcom.py
[2026-01-15T10:44:35.555+0000] {processor.py:830} INFO - Processing file /home/airflow/.local/lib/python3.8/site-packages/airflow/example_dags/example_xcom.py for tasks to queue
[2026-01-15T10:44:35.557+0000] {logging_mixin.py:188} INFO - [2026-01-15T10:44:35.557+0000] {dagbag.py:538} INFO - Filling up the DagBag from /home/airflow/.local/lib/python3.8/site-packages/airflow/example_dags/example_xcom.py
[2026-01-15T10:44:35.567+0000] {processor.py:840} INFO - DAG(s) 'example_xcom' retrieved from /home/airflow/.local/lib/python3.8/site-packages/airflow/example_dags/example_xcom.py
[2026-01-15T10:44:35.598+0000] {logging_mixin.py:188} INFO - [2026-01-15T10:44:35.598+0000] {dag.py:3036} INFO - Sync 1 DAGs
[2026-01-15T10:44:35.624+0000] {logging_mixin.py:188} INFO - [2026-01-15T10:44:35.624+0000] {dag.py:3823} INFO - Setting next_dagrun for example_xcom to 2021-01-01 00:00:00+00:00, run_after=2021-01-01 00:00:00+00:00
[2026-01-15T10:44:35.651+0000] {processor.py:183} INFO - Processing /home/airflow/.local/lib/python3.8/site-packages/airflow/example_dags/example_xcom.py took 0.103 seconds
[2026-01-15T10:45:05.819+0000] {processor.py:161} INFO - Started process (PID=580) to work on /home/airflow/.local/lib/python3.8/site-packages/airflow/example_dags/example_xcom.py
[2026-01-15T10:45:05.821+0000] {processor.py:830} INFO - Processing file /home/airflow/.local/lib/python3.8/site-packages/airflow/example_dags/example_xcom.py for tasks to queue
[2026-01-15T10:45:05.824+0000] {logging_mixin.py:188} INFO - [2026-01-15T10:45:05.824+0000] {dagbag.py:538} INFO - Filling up the DagBag from /home/airflow/.local/lib/python3.8/site-packages/airflow/example_dags/example_xcom.py
[2026-01-15T10:45:05.833+0000] {processor.py:840} INFO - DAG(s) 'example_xcom' retrieved from /home/airflow/.local/lib/python3.8/site-packages/airflow/example_dags/example_xcom.py
[2026-01-15T10:45:05.866+0000] {logging_mixin.py:188} INFO - [2026-01-15T10:45:05.865+0000] {dag.py:3036} INFO - Sync 1 DAGs
[2026-01-15T10:45:05.891+0000] {logging_mixin.py:188} INFO - [2026-01-15T10:45:05.891+0000] {dag.py:3823} INFO - Setting next_dagrun for example_xcom to 2021-01-01 00:00:00+00:00, run_after=2021-01-01 00:00:00+00:00
[2026-01-15T10:45:05.917+0000] {processor.py:183} INFO - Processing /home/airflow/.local/lib/python3.8/site-packages/airflow/example_dags/example_xcom.py took 0.102 seconds
[2026-01-15T10:46:22.057+0000] {processor.py:161} INFO - Started process (PID=85) to work on /home/airflow/.local/lib/python3.8/site-packages/airflow/example_dags/example_xcom.py
[2026-01-15T10:46:22.059+0000] {processor.py:830} INFO - Processing file /home/airflow/.local/lib/python3.8/site-packages/airflow/example_dags/example_xcom.py for tasks to queue
[2026-01-15T10:46:22.062+0000] {logging_mixin.py:188} INFO - [2026-01-15T10:46:22.061+0000] {dagbag.py:538} INFO - Filling up the DagBag from /home/airflow/.local/lib/python3.8/site-packages/airflow/example_dags/example_xcom.py
[2026-01-15T10:46:22.073+0000] {processor.py:840} INFO - DAG(s) 'example_xcom' retrieved from /home/airflow/.local/lib/python3.8/site-packages/airflow/example_dags/example_xcom.py
[2026-01-15T10:46:22.099+0000] {logging_mixin.py:188} INFO - [2026-01-15T10:46:22.098+0000] {dag.py:3036} INFO - Sync 1 DAGs
[2026-01-15T10:46:22.136+0000] {logging_mixin.py:188} INFO - [2026-01-15T10:46:22.135+0000] {dag.py:3823} INFO - Setting next_dagrun for example_xcom to 2021-01-01 00:00:00+00:00, run_after=2021-01-01 00:00:00+00:00
[2026-01-15T10:46:22.191+0000] {processor.py:183} INFO - Processing /home/airflow/.local/lib/python3.8/site-packages/airflow/example_dags/example_xcom.py took 0.139 seconds
[2026-01-15T10:46:53.268+0000] {processor.py:161} INFO - Started process (PID=140) to work on /home/airflow/.local/lib/python3.8/site-packages/airflow/example_dags/example_xcom.py
[2026-01-15T10:46:53.270+0000] {processor.py:830} INFO - Processing file /home/airflow/.local/lib/python3.8/site-packages/airflow/example_dags/example_xcom.py for tasks to queue
[2026-01-15T10:46:53.274+0000] {logging_mixin.py:188} INFO - [2026-01-15T10:46:53.273+0000] {dagbag.py:538} INFO - Filling up the DagBag from /home/airflow/.local/lib/python3.8/site-packages/airflow/example_dags/example_xcom.py
[2026-01-15T10:46:53.285+0000] {processor.py:840} INFO - DAG(s) 'example_xcom' retrieved from /home/airflow/.local/lib/python3.8/site-packages/airflow/example_dags/example_xcom.py
[2026-01-15T10:46:53.432+0000] {logging_mixin.py:188} INFO - [2026-01-15T10:46:53.431+0000] {dag.py:3036} INFO - Sync 1 DAGs
[2026-01-15T10:46:53.455+0000] {logging_mixin.py:188} INFO - [2026-01-15T10:46:53.455+0000] {dag.py:3823} INFO - Setting next_dagrun for example_xcom to 2021-01-01 00:00:00+00:00, run_after=2021-01-01 00:00:00+00:00
[2026-01-15T10:46:53.483+0000] {processor.py:183} INFO - Processing /home/airflow/.local/lib/python3.8/site-packages/airflow/example_dags/example_xcom.py took 0.220 seconds
[2026-01-15T10:47:23.637+0000] {processor.py:161} INFO - Started process (PID=195) to work on /home/airflow/.local/lib/python3.8/site-packages/airflow/example_dags/example_xcom.py
[2026-01-15T10:47:23.639+0000] {processor.py:830} INFO - Processing file /home/airflow/.local/lib/python3.8/site-packages/airflow/example_dags/example_xcom.py for tasks to queue
[2026-01-15T10:47:23.642+0000] {logging_mixin.py:188} INFO - [2026-01-15T10:47:23.641+0000] {dagbag.py:538} INFO - Filling up the DagBag from /home/airflow/.local/lib/python3.8/site-packages/airflow/example_dags/example_xcom.py
[2026-01-15T10:47:23.651+0000] {processor.py:840} INFO - DAG(s) 'example_xcom' retrieved from /home/airflow/.local/lib/python3.8/site-packages/airflow/example_dags/example_xcom.py
[2026-01-15T10:47:23.682+0000] {logging_mixin.py:188} INFO - [2026-01-15T10:47:23.682+0000] {dag.py:3036} INFO - Sync 1 DAGs
[2026-01-15T10:47:23.709+0000] {logging_mixin.py:188} INFO - [2026-01-15T10:47:23.709+0000] {dag.py:3823} INFO - Setting next_dagrun for example_xcom to 2021-01-01 00:00:00+00:00, run_after=2021-01-01 00:00:00+00:00
[2026-01-15T10:47:23.735+0000] {processor.py:183} INFO - Processing /home/airflow/.local/lib/python3.8/site-packages/airflow/example_dags/example_xcom.py took 0.103 seconds
[2026-01-15T10:47:53.870+0000] {processor.py:161} INFO - Started process (PID=250) to work on /home/airflow/.local/lib/python3.8/site-packages/airflow/example_dags/example_xcom.py
[2026-01-15T10:47:53.872+0000] {processor.py:830} INFO - Processing file /home/airflow/.local/lib/python3.8/site-packages/airflow/example_dags/example_xcom.py for tasks to queue
[2026-01-15T10:47:53.875+0000] {logging_mixin.py:188} INFO - [2026-01-15T10:47:53.874+0000] {dagbag.py:538} INFO - Filling up the DagBag from /home/airflow/.local/lib/python3.8/site-packages/airflow/example_dags/example_xcom.py
[2026-01-15T10:47:53.885+0000] {processor.py:840} INFO - DAG(s) 'example_xcom' retrieved from /home/airflow/.local/lib/python3.8/site-packages/airflow/example_dags/example_xcom.py
[2026-01-15T10:47:53.918+0000] {logging_mixin.py:188} INFO - [2026-01-15T10:47:53.918+0000] {dag.py:3036} INFO - Sync 1 DAGs
[2026-01-15T10:47:53.947+0000] {logging_mixin.py:188} INFO - [2026-01-15T10:47:53.946+0000] {dag.py:3823} INFO - Setting next_dagrun for example_xcom to 2021-01-01 00:00:00+00:00, run_after=2021-01-01 00:00:00+00:00
[2026-01-15T10:47:53.977+0000] {processor.py:183} INFO - Processing /home/airflow/.local/lib/python3.8/site-packages/airflow/example_dags/example_xcom.py took 0.112 seconds
[2026-01-15T10:48:24.580+0000] {processor.py:161} INFO - Started process (PID=305) to work on /home/airflow/.local/lib/python3.8/site-packages/airflow/example_dags/example_xcom.py
[2026-01-15T10:48:24.582+0000] {processor.py:830} INFO - Processing file /home/airflow/.local/lib/python3.8/site-packages/airflow/example_dags/example_xcom.py for tasks to queue
[2026-01-15T10:48:24.585+0000] {logging_mixin.py:188} INFO - [2026-01-15T10:48:24.584+0000] {dagbag.py:538} INFO - Filling up the DagBag from /home/airflow/.local/lib/python3.8/site-packages/airflow/example_dags/example_xcom.py
[2026-01-15T10:48:24.594+0000] {processor.py:840} INFO - DAG(s) 'example_xcom' retrieved from /home/airflow/.local/lib/python3.8/site-packages/airflow/example_dags/example_xcom.py
[2026-01-15T10:48:24.624+0000] {logging_mixin.py:188} INFO - [2026-01-15T10:48:24.623+0000] {dag.py:3036} INFO - Sync 1 DAGs
[2026-01-15T10:48:24.647+0000] {logging_mixin.py:188} INFO - [2026-01-15T10:48:24.647+0000] {dag.py:3823} INFO - Setting next_dagrun for example_xcom to 2021-01-01 00:00:00+00:00, run_after=2021-01-01 00:00:00+00:00
[2026-01-15T10:48:24.673+0000] {processor.py:183} INFO - Processing /home/airflow/.local/lib/python3.8/site-packages/airflow/example_dags/example_xcom.py took 0.097 seconds
[2026-01-15T10:51:09.760+0000] {processor.py:161} INFO - Started process (PID=84) to work on /home/airflow/.local/lib/python3.8/site-packages/airflow/example_dags/example_xcom.py
[2026-01-15T10:51:09.762+0000] {processor.py:830} INFO - Processing file /home/airflow/.local/lib/python3.8/site-packages/airflow/example_dags/example_xcom.py for tasks to queue
[2026-01-15T10:51:09.765+0000] {logging_mixin.py:188} INFO - [2026-01-15T10:51:09.765+0000] {dagbag.py:538} INFO - Filling up the DagBag from /home/airflow/.local/lib/python3.8/site-packages/airflow/example_dags/example_xcom.py
[2026-01-15T10:51:09.780+0000] {processor.py:840} INFO - DAG(s) 'example_xcom' retrieved from /home/airflow/.local/lib/python3.8/site-packages/airflow/example_dags/example_xcom.py
[2026-01-15T10:51:09.812+0000] {logging_mixin.py:188} INFO - [2026-01-15T10:51:09.812+0000] {dag.py:3036} INFO - Sync 1 DAGs
[2026-01-15T10:51:09.866+0000] {logging_mixin.py:188} INFO - [2026-01-15T10:51:09.866+0000] {dag.py:3823} INFO - Setting next_dagrun for example_xcom to 2021-01-01 00:00:00+00:00, run_after=2021-01-01 00:00:00+00:00
[2026-01-15T10:51:09.923+0000] {processor.py:183} INFO - Processing /home/airflow/.local/lib/python3.8/site-packages/airflow/example_dags/example_xcom.py took 0.168 seconds
[2026-01-15T10:51:41.668+0000] {processor.py:161} INFO - Started process (PID=139) to work on /home/airflow/.local/lib/python3.8/site-packages/airflow/example_dags/example_xcom.py
[2026-01-15T10:51:41.670+0000] {processor.py:830} INFO - Processing file /home/airflow/.local/lib/python3.8/site-packages/airflow/example_dags/example_xcom.py for tasks to queue
[2026-01-15T10:51:41.673+0000] {logging_mixin.py:188} INFO - [2026-01-15T10:51:41.672+0000] {dagbag.py:538} INFO - Filling up the DagBag from /home/airflow/.local/lib/python3.8/site-packages/airflow/example_dags/example_xcom.py
[2026-01-15T10:51:41.683+0000] {processor.py:840} INFO - DAG(s) 'example_xcom' retrieved from /home/airflow/.local/lib/python3.8/site-packages/airflow/example_dags/example_xcom.py
[2026-01-15T10:51:41.809+0000] {logging_mixin.py:188} INFO - [2026-01-15T10:51:41.809+0000] {dag.py:3036} INFO - Sync 1 DAGs
[2026-01-15T10:51:41.833+0000] {logging_mixin.py:188} INFO - [2026-01-15T10:51:41.833+0000] {dag.py:3823} INFO - Setting next_dagrun for example_xcom to 2021-01-01 00:00:00+00:00, run_after=2021-01-01 00:00:00+00:00
[2026-01-15T10:51:41.879+0000] {processor.py:183} INFO - Processing /home/airflow/.local/lib/python3.8/site-packages/airflow/example_dags/example_xcom.py took 0.216 seconds
