[2026-01-15T10:40:29.640+0000] {processor.py:161} INFO - Started process (PID=79) to work on /home/airflow/.local/lib/python3.8/site-packages/airflow/example_dags/example_datasets.py
[2026-01-15T10:40:29.642+0000] {processor.py:830} INFO - Processing file /home/airflow/.local/lib/python3.8/site-packages/airflow/example_dags/example_datasets.py for tasks to queue
[2026-01-15T10:40:29.646+0000] {logging_mixin.py:188} INFO - [2026-01-15T10:40:29.645+0000] {dagbag.py:538} INFO - Filling up the DagBag from /home/airflow/.local/lib/python3.8/site-packages/airflow/example_dags/example_datasets.py
[2026-01-15T10:40:29.662+0000] {processor.py:840} INFO - DAG(s) 'dataset_consumes_1', 'dataset_consumes_1_and_2', 'dataset_consumes_1_never_scheduled', 'dataset_produces_2', 'dataset_produces_1', 'dataset_consumes_unknown_never_scheduled' retrieved from /home/airflow/.local/lib/python3.8/site-packages/airflow/example_dags/example_datasets.py
[2026-01-15T10:40:29.690+0000] {logging_mixin.py:188} INFO - [2026-01-15T10:40:29.690+0000] {dag.py:3036} INFO - Sync 6 DAGs
[2026-01-15T10:40:29.722+0000] {logging_mixin.py:188} INFO - [2026-01-15T10:40:29.721+0000] {dag.py:3823} INFO - Setting next_dagrun for dataset_consumes_1 to None, run_after=None
[2026-01-15T10:40:29.726+0000] {logging_mixin.py:188} INFO - [2026-01-15T10:40:29.726+0000] {dag.py:3823} INFO - Setting next_dagrun for dataset_consumes_1_and_2 to None, run_after=None
[2026-01-15T10:40:29.729+0000] {logging_mixin.py:188} INFO - [2026-01-15T10:40:29.728+0000] {dag.py:3823} INFO - Setting next_dagrun for dataset_consumes_1_never_scheduled to None, run_after=None
[2026-01-15T10:40:29.731+0000] {logging_mixin.py:188} INFO - [2026-01-15T10:40:29.730+0000] {dag.py:3823} INFO - Setting next_dagrun for dataset_consumes_unknown_never_scheduled to None, run_after=None
[2026-01-15T10:40:29.734+0000] {logging_mixin.py:188} INFO - [2026-01-15T10:40:29.734+0000] {dag.py:3823} INFO - Setting next_dagrun for dataset_produces_1 to 2026-01-14 00:00:00+00:00, run_after=2026-01-15 00:00:00+00:00
[2026-01-15T10:40:29.736+0000] {logging_mixin.py:188} INFO - [2026-01-15T10:40:29.736+0000] {dag.py:3823} INFO - Setting next_dagrun for dataset_produces_2 to None, run_after=None
[2026-01-15T10:40:29.811+0000] {processor.py:183} INFO - Processing /home/airflow/.local/lib/python3.8/site-packages/airflow/example_dags/example_datasets.py took 0.176 seconds
[2026-01-15T10:41:01.576+0000] {processor.py:161} INFO - Started process (PID=134) to work on /home/airflow/.local/lib/python3.8/site-packages/airflow/example_dags/example_datasets.py
[2026-01-15T10:41:01.577+0000] {processor.py:830} INFO - Processing file /home/airflow/.local/lib/python3.8/site-packages/airflow/example_dags/example_datasets.py for tasks to queue
[2026-01-15T10:41:01.580+0000] {logging_mixin.py:188} INFO - [2026-01-15T10:41:01.580+0000] {dagbag.py:538} INFO - Filling up the DagBag from /home/airflow/.local/lib/python3.8/site-packages/airflow/example_dags/example_datasets.py
[2026-01-15T10:41:01.599+0000] {processor.py:840} INFO - DAG(s) 'dataset_consumes_1_never_scheduled', 'dataset_produces_2', 'dataset_consumes_1_and_2', 'dataset_consumes_unknown_never_scheduled', 'dataset_consumes_1', 'dataset_produces_1' retrieved from /home/airflow/.local/lib/python3.8/site-packages/airflow/example_dags/example_datasets.py
[2026-01-15T10:41:01.857+0000] {logging_mixin.py:188} INFO - [2026-01-15T10:41:01.856+0000] {dag.py:3036} INFO - Sync 6 DAGs
[2026-01-15T10:41:01.883+0000] {logging_mixin.py:188} INFO - [2026-01-15T10:41:01.883+0000] {dag.py:3823} INFO - Setting next_dagrun for dataset_consumes_1 to None, run_after=None
[2026-01-15T10:41:01.888+0000] {logging_mixin.py:188} INFO - [2026-01-15T10:41:01.887+0000] {dag.py:3823} INFO - Setting next_dagrun for dataset_consumes_1_and_2 to None, run_after=None
[2026-01-15T10:41:01.891+0000] {logging_mixin.py:188} INFO - [2026-01-15T10:41:01.891+0000] {dag.py:3823} INFO - Setting next_dagrun for dataset_consumes_1_never_scheduled to None, run_after=None
[2026-01-15T10:41:01.893+0000] {logging_mixin.py:188} INFO - [2026-01-15T10:41:01.893+0000] {dag.py:3823} INFO - Setting next_dagrun for dataset_consumes_unknown_never_scheduled to None, run_after=None
[2026-01-15T10:41:01.898+0000] {logging_mixin.py:188} INFO - [2026-01-15T10:41:01.898+0000] {dag.py:3823} INFO - Setting next_dagrun for dataset_produces_1 to 2026-01-14 00:00:00+00:00, run_after=2026-01-15 00:00:00+00:00
[2026-01-15T10:41:01.901+0000] {logging_mixin.py:188} INFO - [2026-01-15T10:41:01.901+0000] {dag.py:3823} INFO - Setting next_dagrun for dataset_produces_2 to None, run_after=None
[2026-01-15T10:41:01.983+0000] {processor.py:183} INFO - Processing /home/airflow/.local/lib/python3.8/site-packages/airflow/example_dags/example_datasets.py took 0.412 seconds
[2026-01-15T10:41:32.603+0000] {processor.py:161} INFO - Started process (PID=189) to work on /home/airflow/.local/lib/python3.8/site-packages/airflow/example_dags/example_datasets.py
[2026-01-15T10:41:32.605+0000] {processor.py:830} INFO - Processing file /home/airflow/.local/lib/python3.8/site-packages/airflow/example_dags/example_datasets.py for tasks to queue
[2026-01-15T10:41:32.608+0000] {logging_mixin.py:188} INFO - [2026-01-15T10:41:32.608+0000] {dagbag.py:538} INFO - Filling up the DagBag from /home/airflow/.local/lib/python3.8/site-packages/airflow/example_dags/example_datasets.py
[2026-01-15T10:41:32.619+0000] {processor.py:840} INFO - DAG(s) 'dataset_produces_1', 'dataset_consumes_unknown_never_scheduled', 'dataset_consumes_1', 'dataset_consumes_1_never_scheduled', 'dataset_produces_2', 'dataset_consumes_1_and_2' retrieved from /home/airflow/.local/lib/python3.8/site-packages/airflow/example_dags/example_datasets.py
[2026-01-15T10:41:32.675+0000] {logging_mixin.py:188} INFO - [2026-01-15T10:41:32.674+0000] {dag.py:3036} INFO - Sync 6 DAGs
[2026-01-15T10:41:32.699+0000] {logging_mixin.py:188} INFO - [2026-01-15T10:41:32.699+0000] {dag.py:3823} INFO - Setting next_dagrun for dataset_consumes_1 to None, run_after=None
[2026-01-15T10:41:32.704+0000] {logging_mixin.py:188} INFO - [2026-01-15T10:41:32.704+0000] {dag.py:3823} INFO - Setting next_dagrun for dataset_consumes_1_and_2 to None, run_after=None
[2026-01-15T10:41:32.706+0000] {logging_mixin.py:188} INFO - [2026-01-15T10:41:32.706+0000] {dag.py:3823} INFO - Setting next_dagrun for dataset_consumes_1_never_scheduled to None, run_after=None
[2026-01-15T10:41:32.708+0000] {logging_mixin.py:188} INFO - [2026-01-15T10:41:32.708+0000] {dag.py:3823} INFO - Setting next_dagrun for dataset_consumes_unknown_never_scheduled to None, run_after=None
[2026-01-15T10:41:32.711+0000] {logging_mixin.py:188} INFO - [2026-01-15T10:41:32.711+0000] {dag.py:3823} INFO - Setting next_dagrun for dataset_produces_1 to 2026-01-14 00:00:00+00:00, run_after=2026-01-15 00:00:00+00:00
[2026-01-15T10:41:32.713+0000] {logging_mixin.py:188} INFO - [2026-01-15T10:41:32.713+0000] {dag.py:3823} INFO - Setting next_dagrun for dataset_produces_2 to None, run_after=None
[2026-01-15T10:41:32.754+0000] {processor.py:183} INFO - Processing /home/airflow/.local/lib/python3.8/site-packages/airflow/example_dags/example_datasets.py took 0.156 seconds
[2026-01-15T10:42:02.953+0000] {processor.py:161} INFO - Started process (PID=245) to work on /home/airflow/.local/lib/python3.8/site-packages/airflow/example_dags/example_datasets.py
[2026-01-15T10:42:02.955+0000] {processor.py:830} INFO - Processing file /home/airflow/.local/lib/python3.8/site-packages/airflow/example_dags/example_datasets.py for tasks to queue
[2026-01-15T10:42:02.958+0000] {logging_mixin.py:188} INFO - [2026-01-15T10:42:02.958+0000] {dagbag.py:538} INFO - Filling up the DagBag from /home/airflow/.local/lib/python3.8/site-packages/airflow/example_dags/example_datasets.py
[2026-01-15T10:42:02.972+0000] {processor.py:840} INFO - DAG(s) 'dataset_produces_1', 'dataset_consumes_1_never_scheduled', 'dataset_consumes_1', 'dataset_produces_2', 'dataset_consumes_unknown_never_scheduled', 'dataset_consumes_1_and_2' retrieved from /home/airflow/.local/lib/python3.8/site-packages/airflow/example_dags/example_datasets.py
[2026-01-15T10:42:03.020+0000] {logging_mixin.py:188} INFO - [2026-01-15T10:42:03.019+0000] {dag.py:3036} INFO - Sync 6 DAGs
[2026-01-15T10:42:03.046+0000] {logging_mixin.py:188} INFO - [2026-01-15T10:42:03.046+0000] {dag.py:3823} INFO - Setting next_dagrun for dataset_consumes_1 to None, run_after=None
[2026-01-15T10:42:03.052+0000] {logging_mixin.py:188} INFO - [2026-01-15T10:42:03.051+0000] {dag.py:3823} INFO - Setting next_dagrun for dataset_consumes_1_and_2 to None, run_after=None
[2026-01-15T10:42:03.054+0000] {logging_mixin.py:188} INFO - [2026-01-15T10:42:03.054+0000] {dag.py:3823} INFO - Setting next_dagrun for dataset_consumes_1_never_scheduled to None, run_after=None
[2026-01-15T10:42:03.056+0000] {logging_mixin.py:188} INFO - [2026-01-15T10:42:03.056+0000] {dag.py:3823} INFO - Setting next_dagrun for dataset_consumes_unknown_never_scheduled to None, run_after=None
[2026-01-15T10:42:03.059+0000] {logging_mixin.py:188} INFO - [2026-01-15T10:42:03.059+0000] {dag.py:3823} INFO - Setting next_dagrun for dataset_produces_1 to 2026-01-14 00:00:00+00:00, run_after=2026-01-15 00:00:00+00:00
[2026-01-15T10:42:03.062+0000] {logging_mixin.py:188} INFO - [2026-01-15T10:42:03.062+0000] {dag.py:3823} INFO - Setting next_dagrun for dataset_produces_2 to None, run_after=None
[2026-01-15T10:42:03.107+0000] {processor.py:183} INFO - Processing /home/airflow/.local/lib/python3.8/site-packages/airflow/example_dags/example_datasets.py took 0.160 seconds
[2026-01-15T10:42:33.257+0000] {processor.py:161} INFO - Started process (PID=300) to work on /home/airflow/.local/lib/python3.8/site-packages/airflow/example_dags/example_datasets.py
[2026-01-15T10:42:33.259+0000] {processor.py:830} INFO - Processing file /home/airflow/.local/lib/python3.8/site-packages/airflow/example_dags/example_datasets.py for tasks to queue
[2026-01-15T10:42:33.261+0000] {logging_mixin.py:188} INFO - [2026-01-15T10:42:33.261+0000] {dagbag.py:538} INFO - Filling up the DagBag from /home/airflow/.local/lib/python3.8/site-packages/airflow/example_dags/example_datasets.py
[2026-01-15T10:42:33.273+0000] {processor.py:840} INFO - DAG(s) 'dataset_produces_1', 'dataset_consumes_1_and_2', 'dataset_consumes_1', 'dataset_consumes_unknown_never_scheduled', 'dataset_consumes_1_never_scheduled', 'dataset_produces_2' retrieved from /home/airflow/.local/lib/python3.8/site-packages/airflow/example_dags/example_datasets.py
[2026-01-15T10:42:33.324+0000] {logging_mixin.py:188} INFO - [2026-01-15T10:42:33.324+0000] {dag.py:3036} INFO - Sync 6 DAGs
[2026-01-15T10:42:33.350+0000] {logging_mixin.py:188} INFO - [2026-01-15T10:42:33.350+0000] {dag.py:3823} INFO - Setting next_dagrun for dataset_consumes_1 to None, run_after=None
[2026-01-15T10:42:33.354+0000] {logging_mixin.py:188} INFO - [2026-01-15T10:42:33.354+0000] {dag.py:3823} INFO - Setting next_dagrun for dataset_consumes_1_and_2 to None, run_after=None
[2026-01-15T10:42:33.357+0000] {logging_mixin.py:188} INFO - [2026-01-15T10:42:33.356+0000] {dag.py:3823} INFO - Setting next_dagrun for dataset_consumes_1_never_scheduled to None, run_after=None
[2026-01-15T10:42:33.359+0000] {logging_mixin.py:188} INFO - [2026-01-15T10:42:33.358+0000] {dag.py:3823} INFO - Setting next_dagrun for dataset_consumes_unknown_never_scheduled to None, run_after=None
[2026-01-15T10:42:33.362+0000] {logging_mixin.py:188} INFO - [2026-01-15T10:42:33.362+0000] {dag.py:3823} INFO - Setting next_dagrun for dataset_produces_1 to 2026-01-14 00:00:00+00:00, run_after=2026-01-15 00:00:00+00:00
[2026-01-15T10:42:33.365+0000] {logging_mixin.py:188} INFO - [2026-01-15T10:42:33.365+0000] {dag.py:3823} INFO - Setting next_dagrun for dataset_produces_2 to None, run_after=None
[2026-01-15T10:42:33.407+0000] {processor.py:183} INFO - Processing /home/airflow/.local/lib/python3.8/site-packages/airflow/example_dags/example_datasets.py took 0.154 seconds
[2026-01-15T10:43:03.505+0000] {processor.py:161} INFO - Started process (PID=355) to work on /home/airflow/.local/lib/python3.8/site-packages/airflow/example_dags/example_datasets.py
[2026-01-15T10:43:03.506+0000] {processor.py:830} INFO - Processing file /home/airflow/.local/lib/python3.8/site-packages/airflow/example_dags/example_datasets.py for tasks to queue
[2026-01-15T10:43:03.509+0000] {logging_mixin.py:188} INFO - [2026-01-15T10:43:03.508+0000] {dagbag.py:538} INFO - Filling up the DagBag from /home/airflow/.local/lib/python3.8/site-packages/airflow/example_dags/example_datasets.py
[2026-01-15T10:43:03.519+0000] {processor.py:840} INFO - DAG(s) 'dataset_consumes_1_and_2', 'dataset_produces_2', 'dataset_consumes_unknown_never_scheduled', 'dataset_produces_1', 'dataset_consumes_1_never_scheduled', 'dataset_consumes_1' retrieved from /home/airflow/.local/lib/python3.8/site-packages/airflow/example_dags/example_datasets.py
[2026-01-15T10:43:03.567+0000] {logging_mixin.py:188} INFO - [2026-01-15T10:43:03.567+0000] {dag.py:3036} INFO - Sync 6 DAGs
[2026-01-15T10:43:03.594+0000] {logging_mixin.py:188} INFO - [2026-01-15T10:43:03.593+0000] {dag.py:3823} INFO - Setting next_dagrun for dataset_consumes_1 to None, run_after=None
[2026-01-15T10:43:03.598+0000] {logging_mixin.py:188} INFO - [2026-01-15T10:43:03.598+0000] {dag.py:3823} INFO - Setting next_dagrun for dataset_consumes_1_and_2 to None, run_after=None
[2026-01-15T10:43:03.600+0000] {logging_mixin.py:188} INFO - [2026-01-15T10:43:03.600+0000] {dag.py:3823} INFO - Setting next_dagrun for dataset_consumes_1_never_scheduled to None, run_after=None
[2026-01-15T10:43:03.603+0000] {logging_mixin.py:188} INFO - [2026-01-15T10:43:03.603+0000] {dag.py:3823} INFO - Setting next_dagrun for dataset_consumes_unknown_never_scheduled to None, run_after=None
[2026-01-15T10:43:03.607+0000] {logging_mixin.py:188} INFO - [2026-01-15T10:43:03.607+0000] {dag.py:3823} INFO - Setting next_dagrun for dataset_produces_1 to 2026-01-14 00:00:00+00:00, run_after=2026-01-15 00:00:00+00:00
[2026-01-15T10:43:03.610+0000] {logging_mixin.py:188} INFO - [2026-01-15T10:43:03.609+0000] {dag.py:3823} INFO - Setting next_dagrun for dataset_produces_2 to None, run_after=None
[2026-01-15T10:43:03.654+0000] {processor.py:183} INFO - Processing /home/airflow/.local/lib/python3.8/site-packages/airflow/example_dags/example_datasets.py took 0.153 seconds
[2026-01-15T10:43:33.879+0000] {processor.py:161} INFO - Started process (PID=410) to work on /home/airflow/.local/lib/python3.8/site-packages/airflow/example_dags/example_datasets.py
[2026-01-15T10:43:33.880+0000] {processor.py:830} INFO - Processing file /home/airflow/.local/lib/python3.8/site-packages/airflow/example_dags/example_datasets.py for tasks to queue
[2026-01-15T10:43:33.883+0000] {logging_mixin.py:188} INFO - [2026-01-15T10:43:33.883+0000] {dagbag.py:538} INFO - Filling up the DagBag from /home/airflow/.local/lib/python3.8/site-packages/airflow/example_dags/example_datasets.py
[2026-01-15T10:43:33.894+0000] {processor.py:840} INFO - DAG(s) 'dataset_consumes_unknown_never_scheduled', 'dataset_consumes_1_never_scheduled', 'dataset_produces_2', 'dataset_consumes_1_and_2', 'dataset_produces_1', 'dataset_consumes_1' retrieved from /home/airflow/.local/lib/python3.8/site-packages/airflow/example_dags/example_datasets.py
[2026-01-15T10:43:33.941+0000] {logging_mixin.py:188} INFO - [2026-01-15T10:43:33.941+0000] {dag.py:3036} INFO - Sync 6 DAGs
[2026-01-15T10:43:33.966+0000] {logging_mixin.py:188} INFO - [2026-01-15T10:43:33.966+0000] {dag.py:3823} INFO - Setting next_dagrun for dataset_consumes_1 to None, run_after=None
[2026-01-15T10:43:33.970+0000] {logging_mixin.py:188} INFO - [2026-01-15T10:43:33.970+0000] {dag.py:3823} INFO - Setting next_dagrun for dataset_consumes_1_and_2 to None, run_after=None
[2026-01-15T10:43:33.972+0000] {logging_mixin.py:188} INFO - [2026-01-15T10:43:33.972+0000] {dag.py:3823} INFO - Setting next_dagrun for dataset_consumes_1_never_scheduled to None, run_after=None
[2026-01-15T10:43:33.974+0000] {logging_mixin.py:188} INFO - [2026-01-15T10:43:33.974+0000] {dag.py:3823} INFO - Setting next_dagrun for dataset_consumes_unknown_never_scheduled to None, run_after=None
[2026-01-15T10:43:33.978+0000] {logging_mixin.py:188} INFO - [2026-01-15T10:43:33.977+0000] {dag.py:3823} INFO - Setting next_dagrun for dataset_produces_1 to 2026-01-14 00:00:00+00:00, run_after=2026-01-15 00:00:00+00:00
[2026-01-15T10:43:33.980+0000] {logging_mixin.py:188} INFO - [2026-01-15T10:43:33.979+0000] {dag.py:3823} INFO - Setting next_dagrun for dataset_produces_2 to None, run_after=None
[2026-01-15T10:43:34.017+0000] {processor.py:183} INFO - Processing /home/airflow/.local/lib/python3.8/site-packages/airflow/example_dags/example_datasets.py took 0.143 seconds
[2026-01-15T10:44:04.530+0000] {processor.py:161} INFO - Started process (PID=465) to work on /home/airflow/.local/lib/python3.8/site-packages/airflow/example_dags/example_datasets.py
[2026-01-15T10:44:04.532+0000] {processor.py:830} INFO - Processing file /home/airflow/.local/lib/python3.8/site-packages/airflow/example_dags/example_datasets.py for tasks to queue
[2026-01-15T10:44:04.535+0000] {logging_mixin.py:188} INFO - [2026-01-15T10:44:04.535+0000] {dagbag.py:538} INFO - Filling up the DagBag from /home/airflow/.local/lib/python3.8/site-packages/airflow/example_dags/example_datasets.py
[2026-01-15T10:44:04.549+0000] {processor.py:840} INFO - DAG(s) 'dataset_produces_1', 'dataset_consumes_unknown_never_scheduled', 'dataset_consumes_1', 'dataset_produces_2', 'dataset_consumes_1_never_scheduled', 'dataset_consumes_1_and_2' retrieved from /home/airflow/.local/lib/python3.8/site-packages/airflow/example_dags/example_datasets.py
[2026-01-15T10:44:04.602+0000] {logging_mixin.py:188} INFO - [2026-01-15T10:44:04.601+0000] {dag.py:3036} INFO - Sync 6 DAGs
[2026-01-15T10:44:04.629+0000] {logging_mixin.py:188} INFO - [2026-01-15T10:44:04.629+0000] {dag.py:3823} INFO - Setting next_dagrun for dataset_consumes_1 to None, run_after=None
[2026-01-15T10:44:04.634+0000] {logging_mixin.py:188} INFO - [2026-01-15T10:44:04.634+0000] {dag.py:3823} INFO - Setting next_dagrun for dataset_consumes_1_and_2 to None, run_after=None
[2026-01-15T10:44:04.636+0000] {logging_mixin.py:188} INFO - [2026-01-15T10:44:04.636+0000] {dag.py:3823} INFO - Setting next_dagrun for dataset_consumes_1_never_scheduled to None, run_after=None
[2026-01-15T10:44:04.639+0000] {logging_mixin.py:188} INFO - [2026-01-15T10:44:04.639+0000] {dag.py:3823} INFO - Setting next_dagrun for dataset_consumes_unknown_never_scheduled to None, run_after=None
[2026-01-15T10:44:04.642+0000] {logging_mixin.py:188} INFO - [2026-01-15T10:44:04.642+0000] {dag.py:3823} INFO - Setting next_dagrun for dataset_produces_1 to 2026-01-14 00:00:00+00:00, run_after=2026-01-15 00:00:00+00:00
[2026-01-15T10:44:04.645+0000] {logging_mixin.py:188} INFO - [2026-01-15T10:44:04.645+0000] {dag.py:3823} INFO - Setting next_dagrun for dataset_produces_2 to None, run_after=None
[2026-01-15T10:44:04.690+0000] {processor.py:183} INFO - Processing /home/airflow/.local/lib/python3.8/site-packages/airflow/example_dags/example_datasets.py took 0.165 seconds
[2026-01-15T10:44:35.040+0000] {processor.py:161} INFO - Started process (PID=520) to work on /home/airflow/.local/lib/python3.8/site-packages/airflow/example_dags/example_datasets.py
[2026-01-15T10:44:35.041+0000] {processor.py:830} INFO - Processing file /home/airflow/.local/lib/python3.8/site-packages/airflow/example_dags/example_datasets.py for tasks to queue
[2026-01-15T10:44:35.044+0000] {logging_mixin.py:188} INFO - [2026-01-15T10:44:35.044+0000] {dagbag.py:538} INFO - Filling up the DagBag from /home/airflow/.local/lib/python3.8/site-packages/airflow/example_dags/example_datasets.py
[2026-01-15T10:44:35.056+0000] {processor.py:840} INFO - DAG(s) 'dataset_produces_1', 'dataset_consumes_1', 'dataset_consumes_1_and_2', 'dataset_consumes_unknown_never_scheduled', 'dataset_consumes_1_never_scheduled', 'dataset_produces_2' retrieved from /home/airflow/.local/lib/python3.8/site-packages/airflow/example_dags/example_datasets.py
[2026-01-15T10:44:35.112+0000] {logging_mixin.py:188} INFO - [2026-01-15T10:44:35.111+0000] {dag.py:3036} INFO - Sync 6 DAGs
[2026-01-15T10:44:35.153+0000] {logging_mixin.py:188} INFO - [2026-01-15T10:44:35.152+0000] {dag.py:3823} INFO - Setting next_dagrun for dataset_consumes_1 to None, run_after=None
[2026-01-15T10:44:35.158+0000] {logging_mixin.py:188} INFO - [2026-01-15T10:44:35.158+0000] {dag.py:3823} INFO - Setting next_dagrun for dataset_consumes_1_and_2 to None, run_after=None
[2026-01-15T10:44:35.161+0000] {logging_mixin.py:188} INFO - [2026-01-15T10:44:35.160+0000] {dag.py:3823} INFO - Setting next_dagrun for dataset_consumes_1_never_scheduled to None, run_after=None
[2026-01-15T10:44:35.163+0000] {logging_mixin.py:188} INFO - [2026-01-15T10:44:35.163+0000] {dag.py:3823} INFO - Setting next_dagrun for dataset_consumes_unknown_never_scheduled to None, run_after=None
[2026-01-15T10:44:35.166+0000] {logging_mixin.py:188} INFO - [2026-01-15T10:44:35.166+0000] {dag.py:3823} INFO - Setting next_dagrun for dataset_produces_1 to 2026-01-14 00:00:00+00:00, run_after=2026-01-15 00:00:00+00:00
[2026-01-15T10:44:35.169+0000] {logging_mixin.py:188} INFO - [2026-01-15T10:44:35.169+0000] {dag.py:3823} INFO - Setting next_dagrun for dataset_produces_2 to None, run_after=None
[2026-01-15T10:44:35.206+0000] {processor.py:183} INFO - Processing /home/airflow/.local/lib/python3.8/site-packages/airflow/example_dags/example_datasets.py took 0.171 seconds
[2026-01-15T10:45:05.341+0000] {processor.py:161} INFO - Started process (PID=575) to work on /home/airflow/.local/lib/python3.8/site-packages/airflow/example_dags/example_datasets.py
[2026-01-15T10:45:05.343+0000] {processor.py:830} INFO - Processing file /home/airflow/.local/lib/python3.8/site-packages/airflow/example_dags/example_datasets.py for tasks to queue
[2026-01-15T10:45:05.346+0000] {logging_mixin.py:188} INFO - [2026-01-15T10:45:05.345+0000] {dagbag.py:538} INFO - Filling up the DagBag from /home/airflow/.local/lib/python3.8/site-packages/airflow/example_dags/example_datasets.py
[2026-01-15T10:45:05.357+0000] {processor.py:840} INFO - DAG(s) 'dataset_consumes_unknown_never_scheduled', 'dataset_produces_2', 'dataset_consumes_1_and_2', 'dataset_produces_1', 'dataset_consumes_1_never_scheduled', 'dataset_consumes_1' retrieved from /home/airflow/.local/lib/python3.8/site-packages/airflow/example_dags/example_datasets.py
[2026-01-15T10:45:05.405+0000] {logging_mixin.py:188} INFO - [2026-01-15T10:45:05.404+0000] {dag.py:3036} INFO - Sync 6 DAGs
[2026-01-15T10:45:05.430+0000] {logging_mixin.py:188} INFO - [2026-01-15T10:45:05.429+0000] {dag.py:3823} INFO - Setting next_dagrun for dataset_consumes_1 to None, run_after=None
[2026-01-15T10:45:05.434+0000] {logging_mixin.py:188} INFO - [2026-01-15T10:45:05.434+0000] {dag.py:3823} INFO - Setting next_dagrun for dataset_consumes_1_and_2 to None, run_after=None
[2026-01-15T10:45:05.436+0000] {logging_mixin.py:188} INFO - [2026-01-15T10:45:05.436+0000] {dag.py:3823} INFO - Setting next_dagrun for dataset_consumes_1_never_scheduled to None, run_after=None
[2026-01-15T10:45:05.438+0000] {logging_mixin.py:188} INFO - [2026-01-15T10:45:05.438+0000] {dag.py:3823} INFO - Setting next_dagrun for dataset_consumes_unknown_never_scheduled to None, run_after=None
[2026-01-15T10:45:05.442+0000] {logging_mixin.py:188} INFO - [2026-01-15T10:45:05.442+0000] {dag.py:3823} INFO - Setting next_dagrun for dataset_produces_1 to 2026-01-14 00:00:00+00:00, run_after=2026-01-15 00:00:00+00:00
[2026-01-15T10:45:05.444+0000] {logging_mixin.py:188} INFO - [2026-01-15T10:45:05.444+0000] {dag.py:3823} INFO - Setting next_dagrun for dataset_produces_2 to None, run_after=None
[2026-01-15T10:45:05.486+0000] {processor.py:183} INFO - Processing /home/airflow/.local/lib/python3.8/site-packages/airflow/example_dags/example_datasets.py took 0.150 seconds
[2026-01-15T10:46:21.461+0000] {processor.py:161} INFO - Started process (PID=80) to work on /home/airflow/.local/lib/python3.8/site-packages/airflow/example_dags/example_datasets.py
[2026-01-15T10:46:21.463+0000] {processor.py:830} INFO - Processing file /home/airflow/.local/lib/python3.8/site-packages/airflow/example_dags/example_datasets.py for tasks to queue
[2026-01-15T10:46:21.466+0000] {logging_mixin.py:188} INFO - [2026-01-15T10:46:21.465+0000] {dagbag.py:538} INFO - Filling up the DagBag from /home/airflow/.local/lib/python3.8/site-packages/airflow/example_dags/example_datasets.py
[2026-01-15T10:46:21.481+0000] {processor.py:840} INFO - DAG(s) 'dataset_consumes_unknown_never_scheduled', 'dataset_consumes_1_never_scheduled', 'dataset_consumes_1', 'dataset_produces_1', 'dataset_produces_2', 'dataset_consumes_1_and_2' retrieved from /home/airflow/.local/lib/python3.8/site-packages/airflow/example_dags/example_datasets.py
[2026-01-15T10:46:21.513+0000] {logging_mixin.py:188} INFO - [2026-01-15T10:46:21.513+0000] {dag.py:3036} INFO - Sync 6 DAGs
[2026-01-15T10:46:21.551+0000] {logging_mixin.py:188} INFO - [2026-01-15T10:46:21.550+0000] {dag.py:3823} INFO - Setting next_dagrun for dataset_consumes_1 to None, run_after=None
[2026-01-15T10:46:21.558+0000] {logging_mixin.py:188} INFO - [2026-01-15T10:46:21.557+0000] {dag.py:3823} INFO - Setting next_dagrun for dataset_consumes_1_and_2 to None, run_after=None
[2026-01-15T10:46:21.562+0000] {logging_mixin.py:188} INFO - [2026-01-15T10:46:21.561+0000] {dag.py:3823} INFO - Setting next_dagrun for dataset_consumes_1_never_scheduled to None, run_after=None
[2026-01-15T10:46:21.565+0000] {logging_mixin.py:188} INFO - [2026-01-15T10:46:21.565+0000] {dag.py:3823} INFO - Setting next_dagrun for dataset_consumes_unknown_never_scheduled to None, run_after=None
[2026-01-15T10:46:21.570+0000] {logging_mixin.py:188} INFO - [2026-01-15T10:46:21.570+0000] {dag.py:3823} INFO - Setting next_dagrun for dataset_produces_1 to 2026-01-14 00:00:00+00:00, run_after=2026-01-15 00:00:00+00:00
[2026-01-15T10:46:21.573+0000] {logging_mixin.py:188} INFO - [2026-01-15T10:46:21.573+0000] {dag.py:3823} INFO - Setting next_dagrun for dataset_produces_2 to None, run_after=None
[2026-01-15T10:46:21.642+0000] {processor.py:183} INFO - Processing /home/airflow/.local/lib/python3.8/site-packages/airflow/example_dags/example_datasets.py took 0.186 seconds
[2026-01-15T10:46:52.379+0000] {processor.py:161} INFO - Started process (PID=135) to work on /home/airflow/.local/lib/python3.8/site-packages/airflow/example_dags/example_datasets.py
[2026-01-15T10:46:52.380+0000] {processor.py:830} INFO - Processing file /home/airflow/.local/lib/python3.8/site-packages/airflow/example_dags/example_datasets.py for tasks to queue
[2026-01-15T10:46:52.383+0000] {logging_mixin.py:188} INFO - [2026-01-15T10:46:52.383+0000] {dagbag.py:538} INFO - Filling up the DagBag from /home/airflow/.local/lib/python3.8/site-packages/airflow/example_dags/example_datasets.py
[2026-01-15T10:46:52.396+0000] {processor.py:840} INFO - DAG(s) 'dataset_consumes_1', 'dataset_consumes_1_never_scheduled', 'dataset_consumes_unknown_never_scheduled', 'dataset_produces_1', 'dataset_consumes_1_and_2', 'dataset_produces_2' retrieved from /home/airflow/.local/lib/python3.8/site-packages/airflow/example_dags/example_datasets.py
[2026-01-15T10:46:52.657+0000] {logging_mixin.py:188} INFO - [2026-01-15T10:46:52.656+0000] {dag.py:3036} INFO - Sync 6 DAGs
[2026-01-15T10:46:52.681+0000] {logging_mixin.py:188} INFO - [2026-01-15T10:46:52.681+0000] {dag.py:3823} INFO - Setting next_dagrun for dataset_consumes_1 to None, run_after=None
[2026-01-15T10:46:52.685+0000] {logging_mixin.py:188} INFO - [2026-01-15T10:46:52.685+0000] {dag.py:3823} INFO - Setting next_dagrun for dataset_consumes_1_and_2 to None, run_after=None
[2026-01-15T10:46:52.687+0000] {logging_mixin.py:188} INFO - [2026-01-15T10:46:52.687+0000] {dag.py:3823} INFO - Setting next_dagrun for dataset_consumes_1_never_scheduled to None, run_after=None
[2026-01-15T10:46:52.690+0000] {logging_mixin.py:188} INFO - [2026-01-15T10:46:52.689+0000] {dag.py:3823} INFO - Setting next_dagrun for dataset_consumes_unknown_never_scheduled to None, run_after=None
[2026-01-15T10:46:52.694+0000] {logging_mixin.py:188} INFO - [2026-01-15T10:46:52.693+0000] {dag.py:3823} INFO - Setting next_dagrun for dataset_produces_1 to 2026-01-14 00:00:00+00:00, run_after=2026-01-15 00:00:00+00:00
[2026-01-15T10:46:52.696+0000] {logging_mixin.py:188} INFO - [2026-01-15T10:46:52.696+0000] {dag.py:3823} INFO - Setting next_dagrun for dataset_produces_2 to None, run_after=None
[2026-01-15T10:46:52.745+0000] {processor.py:183} INFO - Processing /home/airflow/.local/lib/python3.8/site-packages/airflow/example_dags/example_datasets.py took 0.371 seconds
[2026-01-15T10:47:23.259+0000] {processor.py:161} INFO - Started process (PID=190) to work on /home/airflow/.local/lib/python3.8/site-packages/airflow/example_dags/example_datasets.py
[2026-01-15T10:47:23.260+0000] {processor.py:830} INFO - Processing file /home/airflow/.local/lib/python3.8/site-packages/airflow/example_dags/example_datasets.py for tasks to queue
[2026-01-15T10:47:23.263+0000] {logging_mixin.py:188} INFO - [2026-01-15T10:47:23.263+0000] {dagbag.py:538} INFO - Filling up the DagBag from /home/airflow/.local/lib/python3.8/site-packages/airflow/example_dags/example_datasets.py
[2026-01-15T10:47:23.274+0000] {processor.py:840} INFO - DAG(s) 'dataset_consumes_unknown_never_scheduled', 'dataset_consumes_1', 'dataset_consumes_1_and_2', 'dataset_produces_1', 'dataset_produces_2', 'dataset_consumes_1_never_scheduled' retrieved from /home/airflow/.local/lib/python3.8/site-packages/airflow/example_dags/example_datasets.py
[2026-01-15T10:47:23.320+0000] {logging_mixin.py:188} INFO - [2026-01-15T10:47:23.319+0000] {dag.py:3036} INFO - Sync 6 DAGs
[2026-01-15T10:47:23.346+0000] {logging_mixin.py:188} INFO - [2026-01-15T10:47:23.345+0000] {dag.py:3823} INFO - Setting next_dagrun for dataset_consumes_1 to None, run_after=None
[2026-01-15T10:47:23.350+0000] {logging_mixin.py:188} INFO - [2026-01-15T10:47:23.350+0000] {dag.py:3823} INFO - Setting next_dagrun for dataset_consumes_1_and_2 to None, run_after=None
[2026-01-15T10:47:23.352+0000] {logging_mixin.py:188} INFO - [2026-01-15T10:47:23.352+0000] {dag.py:3823} INFO - Setting next_dagrun for dataset_consumes_1_never_scheduled to None, run_after=None
[2026-01-15T10:47:23.353+0000] {logging_mixin.py:188} INFO - [2026-01-15T10:47:23.353+0000] {dag.py:3823} INFO - Setting next_dagrun for dataset_consumes_unknown_never_scheduled to None, run_after=None
[2026-01-15T10:47:23.357+0000] {logging_mixin.py:188} INFO - [2026-01-15T10:47:23.357+0000] {dag.py:3823} INFO - Setting next_dagrun for dataset_produces_1 to 2026-01-14 00:00:00+00:00, run_after=2026-01-15 00:00:00+00:00
[2026-01-15T10:47:23.359+0000] {logging_mixin.py:188} INFO - [2026-01-15T10:47:23.359+0000] {dag.py:3823} INFO - Setting next_dagrun for dataset_produces_2 to None, run_after=None
[2026-01-15T10:47:23.398+0000] {processor.py:183} INFO - Processing /home/airflow/.local/lib/python3.8/site-packages/airflow/example_dags/example_datasets.py took 0.144 seconds
[2026-01-15T10:47:53.486+0000] {processor.py:161} INFO - Started process (PID=245) to work on /home/airflow/.local/lib/python3.8/site-packages/airflow/example_dags/example_datasets.py
[2026-01-15T10:47:53.487+0000] {processor.py:830} INFO - Processing file /home/airflow/.local/lib/python3.8/site-packages/airflow/example_dags/example_datasets.py for tasks to queue
[2026-01-15T10:47:53.490+0000] {logging_mixin.py:188} INFO - [2026-01-15T10:47:53.489+0000] {dagbag.py:538} INFO - Filling up the DagBag from /home/airflow/.local/lib/python3.8/site-packages/airflow/example_dags/example_datasets.py
[2026-01-15T10:47:53.502+0000] {processor.py:840} INFO - DAG(s) 'dataset_consumes_1_never_scheduled', 'dataset_consumes_1', 'dataset_produces_1', 'dataset_produces_2', 'dataset_consumes_1_and_2', 'dataset_consumes_unknown_never_scheduled' retrieved from /home/airflow/.local/lib/python3.8/site-packages/airflow/example_dags/example_datasets.py
[2026-01-15T10:47:53.555+0000] {logging_mixin.py:188} INFO - [2026-01-15T10:47:53.555+0000] {dag.py:3036} INFO - Sync 6 DAGs
[2026-01-15T10:47:53.580+0000] {logging_mixin.py:188} INFO - [2026-01-15T10:47:53.580+0000] {dag.py:3823} INFO - Setting next_dagrun for dataset_consumes_1 to None, run_after=None
[2026-01-15T10:47:53.586+0000] {logging_mixin.py:188} INFO - [2026-01-15T10:47:53.585+0000] {dag.py:3823} INFO - Setting next_dagrun for dataset_consumes_1_and_2 to None, run_after=None
[2026-01-15T10:47:53.587+0000] {logging_mixin.py:188} INFO - [2026-01-15T10:47:53.587+0000] {dag.py:3823} INFO - Setting next_dagrun for dataset_consumes_1_never_scheduled to None, run_after=None
[2026-01-15T10:47:53.589+0000] {logging_mixin.py:188} INFO - [2026-01-15T10:47:53.589+0000] {dag.py:3823} INFO - Setting next_dagrun for dataset_consumes_unknown_never_scheduled to None, run_after=None
[2026-01-15T10:47:53.593+0000] {logging_mixin.py:188} INFO - [2026-01-15T10:47:53.593+0000] {dag.py:3823} INFO - Setting next_dagrun for dataset_produces_1 to 2026-01-14 00:00:00+00:00, run_after=2026-01-15 00:00:00+00:00
[2026-01-15T10:47:53.595+0000] {logging_mixin.py:188} INFO - [2026-01-15T10:47:53.595+0000] {dag.py:3823} INFO - Setting next_dagrun for dataset_produces_2 to None, run_after=None
[2026-01-15T10:47:53.645+0000] {processor.py:183} INFO - Processing /home/airflow/.local/lib/python3.8/site-packages/airflow/example_dags/example_datasets.py took 0.164 seconds
[2026-01-15T10:48:24.194+0000] {processor.py:161} INFO - Started process (PID=300) to work on /home/airflow/.local/lib/python3.8/site-packages/airflow/example_dags/example_datasets.py
[2026-01-15T10:48:24.196+0000] {processor.py:830} INFO - Processing file /home/airflow/.local/lib/python3.8/site-packages/airflow/example_dags/example_datasets.py for tasks to queue
[2026-01-15T10:48:24.199+0000] {logging_mixin.py:188} INFO - [2026-01-15T10:48:24.199+0000] {dagbag.py:538} INFO - Filling up the DagBag from /home/airflow/.local/lib/python3.8/site-packages/airflow/example_dags/example_datasets.py
[2026-01-15T10:48:24.213+0000] {processor.py:840} INFO - DAG(s) 'dataset_produces_1', 'dataset_produces_2', 'dataset_consumes_1_never_scheduled', 'dataset_consumes_1_and_2', 'dataset_consumes_1', 'dataset_consumes_unknown_never_scheduled' retrieved from /home/airflow/.local/lib/python3.8/site-packages/airflow/example_dags/example_datasets.py
[2026-01-15T10:48:24.267+0000] {logging_mixin.py:188} INFO - [2026-01-15T10:48:24.266+0000] {dag.py:3036} INFO - Sync 6 DAGs
[2026-01-15T10:48:24.293+0000] {logging_mixin.py:188} INFO - [2026-01-15T10:48:24.293+0000] {dag.py:3823} INFO - Setting next_dagrun for dataset_consumes_1 to None, run_after=None
[2026-01-15T10:48:24.298+0000] {logging_mixin.py:188} INFO - [2026-01-15T10:48:24.297+0000] {dag.py:3823} INFO - Setting next_dagrun for dataset_consumes_1_and_2 to None, run_after=None
[2026-01-15T10:48:24.301+0000] {logging_mixin.py:188} INFO - [2026-01-15T10:48:24.301+0000] {dag.py:3823} INFO - Setting next_dagrun for dataset_consumes_1_never_scheduled to None, run_after=None
[2026-01-15T10:48:24.303+0000] {logging_mixin.py:188} INFO - [2026-01-15T10:48:24.303+0000] {dag.py:3823} INFO - Setting next_dagrun for dataset_consumes_unknown_never_scheduled to None, run_after=None
[2026-01-15T10:48:24.307+0000] {logging_mixin.py:188} INFO - [2026-01-15T10:48:24.306+0000] {dag.py:3823} INFO - Setting next_dagrun for dataset_produces_1 to 2026-01-14 00:00:00+00:00, run_after=2026-01-15 00:00:00+00:00
[2026-01-15T10:48:24.309+0000] {logging_mixin.py:188} INFO - [2026-01-15T10:48:24.309+0000] {dag.py:3823} INFO - Setting next_dagrun for dataset_produces_2 to None, run_after=None
[2026-01-15T10:48:24.353+0000] {processor.py:183} INFO - Processing /home/airflow/.local/lib/python3.8/site-packages/airflow/example_dags/example_datasets.py took 0.164 seconds
[2026-01-15T10:51:09.312+0000] {processor.py:161} INFO - Started process (PID=79) to work on /home/airflow/.local/lib/python3.8/site-packages/airflow/example_dags/example_datasets.py
[2026-01-15T10:51:09.314+0000] {processor.py:830} INFO - Processing file /home/airflow/.local/lib/python3.8/site-packages/airflow/example_dags/example_datasets.py for tasks to queue
[2026-01-15T10:51:09.317+0000] {logging_mixin.py:188} INFO - [2026-01-15T10:51:09.316+0000] {dagbag.py:538} INFO - Filling up the DagBag from /home/airflow/.local/lib/python3.8/site-packages/airflow/example_dags/example_datasets.py
[2026-01-15T10:51:09.333+0000] {processor.py:840} INFO - DAG(s) 'dataset_consumes_unknown_never_scheduled', 'dataset_consumes_1_never_scheduled', 'dataset_produces_2', 'dataset_consumes_1_and_2', 'dataset_produces_1', 'dataset_consumes_1' retrieved from /home/airflow/.local/lib/python3.8/site-packages/airflow/example_dags/example_datasets.py
[2026-01-15T10:51:09.363+0000] {logging_mixin.py:188} INFO - [2026-01-15T10:51:09.362+0000] {dag.py:3036} INFO - Sync 6 DAGs
[2026-01-15T10:51:09.397+0000] {logging_mixin.py:188} INFO - [2026-01-15T10:51:09.396+0000] {dag.py:3823} INFO - Setting next_dagrun for dataset_consumes_1 to None, run_after=None
[2026-01-15T10:51:09.402+0000] {logging_mixin.py:188} INFO - [2026-01-15T10:51:09.402+0000] {dag.py:3823} INFO - Setting next_dagrun for dataset_consumes_1_and_2 to None, run_after=None
[2026-01-15T10:51:09.405+0000] {logging_mixin.py:188} INFO - [2026-01-15T10:51:09.405+0000] {dag.py:3823} INFO - Setting next_dagrun for dataset_consumes_1_never_scheduled to None, run_after=None
[2026-01-15T10:51:09.407+0000] {logging_mixin.py:188} INFO - [2026-01-15T10:51:09.407+0000] {dag.py:3823} INFO - Setting next_dagrun for dataset_consumes_unknown_never_scheduled to None, run_after=None
[2026-01-15T10:51:09.413+0000] {logging_mixin.py:188} INFO - [2026-01-15T10:51:09.412+0000] {dag.py:3823} INFO - Setting next_dagrun for dataset_produces_1 to 2026-01-14 00:00:00+00:00, run_after=2026-01-15 00:00:00+00:00
[2026-01-15T10:51:09.415+0000] {logging_mixin.py:188} INFO - [2026-01-15T10:51:09.415+0000] {dag.py:3823} INFO - Setting next_dagrun for dataset_produces_2 to None, run_after=None
[2026-01-15T10:51:09.498+0000] {processor.py:183} INFO - Processing /home/airflow/.local/lib/python3.8/site-packages/airflow/example_dags/example_datasets.py took 0.191 seconds
[2026-01-15T10:51:40.963+0000] {processor.py:161} INFO - Started process (PID=134) to work on /home/airflow/.local/lib/python3.8/site-packages/airflow/example_dags/example_datasets.py
[2026-01-15T10:51:40.965+0000] {processor.py:830} INFO - Processing file /home/airflow/.local/lib/python3.8/site-packages/airflow/example_dags/example_datasets.py for tasks to queue
[2026-01-15T10:51:40.968+0000] {logging_mixin.py:188} INFO - [2026-01-15T10:51:40.967+0000] {dagbag.py:538} INFO - Filling up the DagBag from /home/airflow/.local/lib/python3.8/site-packages/airflow/example_dags/example_datasets.py
[2026-01-15T10:51:40.984+0000] {processor.py:840} INFO - DAG(s) 'dataset_consumes_1', 'dataset_produces_2', 'dataset_consumes_1_and_2', 'dataset_consumes_1_never_scheduled', 'dataset_produces_1', 'dataset_consumes_unknown_never_scheduled' retrieved from /home/airflow/.local/lib/python3.8/site-packages/airflow/example_dags/example_datasets.py
[2026-01-15T10:51:41.206+0000] {logging_mixin.py:188} INFO - [2026-01-15T10:51:41.206+0000] {dag.py:3036} INFO - Sync 6 DAGs
[2026-01-15T10:51:41.234+0000] {logging_mixin.py:188} INFO - [2026-01-15T10:51:41.234+0000] {dag.py:3823} INFO - Setting next_dagrun for dataset_consumes_1 to None, run_after=None
[2026-01-15T10:51:41.239+0000] {logging_mixin.py:188} INFO - [2026-01-15T10:51:41.238+0000] {dag.py:3823} INFO - Setting next_dagrun for dataset_consumes_1_and_2 to None, run_after=None
[2026-01-15T10:51:41.241+0000] {logging_mixin.py:188} INFO - [2026-01-15T10:51:41.241+0000] {dag.py:3823} INFO - Setting next_dagrun for dataset_consumes_1_never_scheduled to None, run_after=None
[2026-01-15T10:51:41.244+0000] {logging_mixin.py:188} INFO - [2026-01-15T10:51:41.244+0000] {dag.py:3823} INFO - Setting next_dagrun for dataset_consumes_unknown_never_scheduled to None, run_after=None
[2026-01-15T10:51:41.248+0000] {logging_mixin.py:188} INFO - [2026-01-15T10:51:41.248+0000] {dag.py:3823} INFO - Setting next_dagrun for dataset_produces_1 to 2026-01-14 00:00:00+00:00, run_after=2026-01-15 00:00:00+00:00
[2026-01-15T10:51:41.251+0000] {logging_mixin.py:188} INFO - [2026-01-15T10:51:41.251+0000] {dag.py:3823} INFO - Setting next_dagrun for dataset_produces_2 to None, run_after=None
[2026-01-15T10:51:41.334+0000] {processor.py:183} INFO - Processing /home/airflow/.local/lib/python3.8/site-packages/airflow/example_dags/example_datasets.py took 0.376 seconds
