[2026-01-15T10:40:27.365+0000] {processor.py:161} INFO - Started process (PID=51) to work on /home/airflow/.local/lib/python3.8/site-packages/airflow/example_dags/example_short_circuit_operator.py
[2026-01-15T10:40:27.366+0000] {processor.py:830} INFO - Processing file /home/airflow/.local/lib/python3.8/site-packages/airflow/example_dags/example_short_circuit_operator.py for tasks to queue
[2026-01-15T10:40:27.369+0000] {logging_mixin.py:188} INFO - [2026-01-15T10:40:27.368+0000] {dagbag.py:538} INFO - Filling up the DagBag from /home/airflow/.local/lib/python3.8/site-packages/airflow/example_dags/example_short_circuit_operator.py
[2026-01-15T10:40:27.381+0000] {processor.py:840} INFO - DAG(s) 'example_short_circuit_operator' retrieved from /home/airflow/.local/lib/python3.8/site-packages/airflow/example_dags/example_short_circuit_operator.py
[2026-01-15T10:40:27.403+0000] {logging_mixin.py:188} INFO - [2026-01-15T10:40:27.403+0000] {dag.py:3036} INFO - Sync 1 DAGs
[2026-01-15T10:40:27.438+0000] {logging_mixin.py:188} INFO - [2026-01-15T10:40:27.438+0000] {dag.py:3823} INFO - Setting next_dagrun for example_short_circuit_operator to 2026-01-14 00:00:00+00:00, run_after=2026-01-15 00:00:00+00:00
[2026-01-15T10:40:27.482+0000] {processor.py:183} INFO - Processing /home/airflow/.local/lib/python3.8/site-packages/airflow/example_dags/example_short_circuit_operator.py took 0.122 seconds
[2026-01-15T10:40:58.314+0000] {processor.py:161} INFO - Started process (PID=112) to work on /home/airflow/.local/lib/python3.8/site-packages/airflow/example_dags/example_short_circuit_operator.py
[2026-01-15T10:40:58.316+0000] {processor.py:830} INFO - Processing file /home/airflow/.local/lib/python3.8/site-packages/airflow/example_dags/example_short_circuit_operator.py for tasks to queue
[2026-01-15T10:40:58.319+0000] {logging_mixin.py:188} INFO - [2026-01-15T10:40:58.318+0000] {dagbag.py:538} INFO - Filling up the DagBag from /home/airflow/.local/lib/python3.8/site-packages/airflow/example_dags/example_short_circuit_operator.py
[2026-01-15T10:40:58.328+0000] {processor.py:840} INFO - DAG(s) 'example_short_circuit_operator' retrieved from /home/airflow/.local/lib/python3.8/site-packages/airflow/example_dags/example_short_circuit_operator.py
[2026-01-15T10:40:58.457+0000] {logging_mixin.py:188} INFO - [2026-01-15T10:40:58.456+0000] {dag.py:3036} INFO - Sync 1 DAGs
[2026-01-15T10:40:58.480+0000] {logging_mixin.py:188} INFO - [2026-01-15T10:40:58.479+0000] {dag.py:3823} INFO - Setting next_dagrun for example_short_circuit_operator to 2026-01-14 00:00:00+00:00, run_after=2026-01-15 00:00:00+00:00
[2026-01-15T10:40:58.514+0000] {processor.py:183} INFO - Processing /home/airflow/.local/lib/python3.8/site-packages/airflow/example_dags/example_short_circuit_operator.py took 0.205 seconds
[2026-01-15T10:41:28.726+0000] {processor.py:161} INFO - Started process (PID=167) to work on /home/airflow/.local/lib/python3.8/site-packages/airflow/example_dags/example_short_circuit_operator.py
[2026-01-15T10:41:28.728+0000] {processor.py:830} INFO - Processing file /home/airflow/.local/lib/python3.8/site-packages/airflow/example_dags/example_short_circuit_operator.py for tasks to queue
[2026-01-15T10:41:28.731+0000] {logging_mixin.py:188} INFO - [2026-01-15T10:41:28.731+0000] {dagbag.py:538} INFO - Filling up the DagBag from /home/airflow/.local/lib/python3.8/site-packages/airflow/example_dags/example_short_circuit_operator.py
[2026-01-15T10:41:28.741+0000] {processor.py:840} INFO - DAG(s) 'example_short_circuit_operator' retrieved from /home/airflow/.local/lib/python3.8/site-packages/airflow/example_dags/example_short_circuit_operator.py
[2026-01-15T10:41:28.779+0000] {logging_mixin.py:188} INFO - [2026-01-15T10:41:28.778+0000] {dag.py:3036} INFO - Sync 1 DAGs
[2026-01-15T10:41:28.809+0000] {logging_mixin.py:188} INFO - [2026-01-15T10:41:28.808+0000] {dag.py:3823} INFO - Setting next_dagrun for example_short_circuit_operator to 2026-01-14 00:00:00+00:00, run_after=2026-01-15 00:00:00+00:00
[2026-01-15T10:41:28.835+0000] {processor.py:183} INFO - Processing /home/airflow/.local/lib/python3.8/site-packages/airflow/example_dags/example_short_circuit_operator.py took 0.113 seconds
[2026-01-15T10:41:58.996+0000] {processor.py:161} INFO - Started process (PID=223) to work on /home/airflow/.local/lib/python3.8/site-packages/airflow/example_dags/example_short_circuit_operator.py
[2026-01-15T10:41:58.997+0000] {processor.py:830} INFO - Processing file /home/airflow/.local/lib/python3.8/site-packages/airflow/example_dags/example_short_circuit_operator.py for tasks to queue
[2026-01-15T10:41:59.000+0000] {logging_mixin.py:188} INFO - [2026-01-15T10:41:59.000+0000] {dagbag.py:538} INFO - Filling up the DagBag from /home/airflow/.local/lib/python3.8/site-packages/airflow/example_dags/example_short_circuit_operator.py
[2026-01-15T10:41:59.010+0000] {processor.py:840} INFO - DAG(s) 'example_short_circuit_operator' retrieved from /home/airflow/.local/lib/python3.8/site-packages/airflow/example_dags/example_short_circuit_operator.py
[2026-01-15T10:41:59.041+0000] {logging_mixin.py:188} INFO - [2026-01-15T10:41:59.041+0000] {dag.py:3036} INFO - Sync 1 DAGs
[2026-01-15T10:41:59.066+0000] {logging_mixin.py:188} INFO - [2026-01-15T10:41:59.066+0000] {dag.py:3823} INFO - Setting next_dagrun for example_short_circuit_operator to 2026-01-14 00:00:00+00:00, run_after=2026-01-15 00:00:00+00:00
[2026-01-15T10:41:59.089+0000] {processor.py:183} INFO - Processing /home/airflow/.local/lib/python3.8/site-packages/airflow/example_dags/example_short_circuit_operator.py took 0.098 seconds
[2026-01-15T10:42:29.219+0000] {processor.py:161} INFO - Started process (PID=278) to work on /home/airflow/.local/lib/python3.8/site-packages/airflow/example_dags/example_short_circuit_operator.py
[2026-01-15T10:42:29.220+0000] {processor.py:830} INFO - Processing file /home/airflow/.local/lib/python3.8/site-packages/airflow/example_dags/example_short_circuit_operator.py for tasks to queue
[2026-01-15T10:42:29.223+0000] {logging_mixin.py:188} INFO - [2026-01-15T10:42:29.222+0000] {dagbag.py:538} INFO - Filling up the DagBag from /home/airflow/.local/lib/python3.8/site-packages/airflow/example_dags/example_short_circuit_operator.py
[2026-01-15T10:42:29.231+0000] {processor.py:840} INFO - DAG(s) 'example_short_circuit_operator' retrieved from /home/airflow/.local/lib/python3.8/site-packages/airflow/example_dags/example_short_circuit_operator.py
[2026-01-15T10:42:29.263+0000] {logging_mixin.py:188} INFO - [2026-01-15T10:42:29.263+0000] {dag.py:3036} INFO - Sync 1 DAGs
[2026-01-15T10:42:29.288+0000] {logging_mixin.py:188} INFO - [2026-01-15T10:42:29.288+0000] {dag.py:3823} INFO - Setting next_dagrun for example_short_circuit_operator to 2026-01-14 00:00:00+00:00, run_after=2026-01-15 00:00:00+00:00
[2026-01-15T10:42:29.312+0000] {processor.py:183} INFO - Processing /home/airflow/.local/lib/python3.8/site-packages/airflow/example_dags/example_short_circuit_operator.py took 0.097 seconds
[2026-01-15T10:42:59.506+0000] {processor.py:161} INFO - Started process (PID=333) to work on /home/airflow/.local/lib/python3.8/site-packages/airflow/example_dags/example_short_circuit_operator.py
[2026-01-15T10:42:59.508+0000] {processor.py:830} INFO - Processing file /home/airflow/.local/lib/python3.8/site-packages/airflow/example_dags/example_short_circuit_operator.py for tasks to queue
[2026-01-15T10:42:59.511+0000] {logging_mixin.py:188} INFO - [2026-01-15T10:42:59.510+0000] {dagbag.py:538} INFO - Filling up the DagBag from /home/airflow/.local/lib/python3.8/site-packages/airflow/example_dags/example_short_circuit_operator.py
[2026-01-15T10:42:59.519+0000] {processor.py:840} INFO - DAG(s) 'example_short_circuit_operator' retrieved from /home/airflow/.local/lib/python3.8/site-packages/airflow/example_dags/example_short_circuit_operator.py
[2026-01-15T10:42:59.551+0000] {logging_mixin.py:188} INFO - [2026-01-15T10:42:59.551+0000] {dag.py:3036} INFO - Sync 1 DAGs
[2026-01-15T10:42:59.575+0000] {logging_mixin.py:188} INFO - [2026-01-15T10:42:59.575+0000] {dag.py:3823} INFO - Setting next_dagrun for example_short_circuit_operator to 2026-01-14 00:00:00+00:00, run_after=2026-01-15 00:00:00+00:00
[2026-01-15T10:42:59.599+0000] {processor.py:183} INFO - Processing /home/airflow/.local/lib/python3.8/site-packages/airflow/example_dags/example_short_circuit_operator.py took 0.097 seconds
[2026-01-15T10:43:29.995+0000] {processor.py:161} INFO - Started process (PID=388) to work on /home/airflow/.local/lib/python3.8/site-packages/airflow/example_dags/example_short_circuit_operator.py
[2026-01-15T10:43:29.997+0000] {processor.py:830} INFO - Processing file /home/airflow/.local/lib/python3.8/site-packages/airflow/example_dags/example_short_circuit_operator.py for tasks to queue
[2026-01-15T10:43:29.999+0000] {logging_mixin.py:188} INFO - [2026-01-15T10:43:29.999+0000] {dagbag.py:538} INFO - Filling up the DagBag from /home/airflow/.local/lib/python3.8/site-packages/airflow/example_dags/example_short_circuit_operator.py
[2026-01-15T10:43:30.008+0000] {processor.py:840} INFO - DAG(s) 'example_short_circuit_operator' retrieved from /home/airflow/.local/lib/python3.8/site-packages/airflow/example_dags/example_short_circuit_operator.py
[2026-01-15T10:43:30.041+0000] {logging_mixin.py:188} INFO - [2026-01-15T10:43:30.041+0000] {dag.py:3036} INFO - Sync 1 DAGs
[2026-01-15T10:43:30.066+0000] {logging_mixin.py:188} INFO - [2026-01-15T10:43:30.066+0000] {dag.py:3823} INFO - Setting next_dagrun for example_short_circuit_operator to 2026-01-14 00:00:00+00:00, run_after=2026-01-15 00:00:00+00:00
[2026-01-15T10:43:30.092+0000] {processor.py:183} INFO - Processing /home/airflow/.local/lib/python3.8/site-packages/airflow/example_dags/example_short_circuit_operator.py took 0.101 seconds
[2026-01-15T10:44:00.530+0000] {processor.py:161} INFO - Started process (PID=442) to work on /home/airflow/.local/lib/python3.8/site-packages/airflow/example_dags/example_short_circuit_operator.py
[2026-01-15T10:44:00.532+0000] {processor.py:830} INFO - Processing file /home/airflow/.local/lib/python3.8/site-packages/airflow/example_dags/example_short_circuit_operator.py for tasks to queue
[2026-01-15T10:44:00.535+0000] {logging_mixin.py:188} INFO - [2026-01-15T10:44:00.534+0000] {dagbag.py:538} INFO - Filling up the DagBag from /home/airflow/.local/lib/python3.8/site-packages/airflow/example_dags/example_short_circuit_operator.py
[2026-01-15T10:44:00.546+0000] {processor.py:840} INFO - DAG(s) 'example_short_circuit_operator' retrieved from /home/airflow/.local/lib/python3.8/site-packages/airflow/example_dags/example_short_circuit_operator.py
[2026-01-15T10:44:00.583+0000] {logging_mixin.py:188} INFO - [2026-01-15T10:44:00.582+0000] {dag.py:3036} INFO - Sync 1 DAGs
[2026-01-15T10:44:00.614+0000] {logging_mixin.py:188} INFO - [2026-01-15T10:44:00.613+0000] {dag.py:3823} INFO - Setting next_dagrun for example_short_circuit_operator to 2026-01-14 00:00:00+00:00, run_after=2026-01-15 00:00:00+00:00
[2026-01-15T10:44:00.640+0000] {processor.py:183} INFO - Processing /home/airflow/.local/lib/python3.8/site-packages/airflow/example_dags/example_short_circuit_operator.py took 0.116 seconds
[2026-01-15T10:44:30.919+0000] {processor.py:161} INFO - Started process (PID=497) to work on /home/airflow/.local/lib/python3.8/site-packages/airflow/example_dags/example_short_circuit_operator.py
[2026-01-15T10:44:30.921+0000] {processor.py:830} INFO - Processing file /home/airflow/.local/lib/python3.8/site-packages/airflow/example_dags/example_short_circuit_operator.py for tasks to queue
[2026-01-15T10:44:30.924+0000] {logging_mixin.py:188} INFO - [2026-01-15T10:44:30.923+0000] {dagbag.py:538} INFO - Filling up the DagBag from /home/airflow/.local/lib/python3.8/site-packages/airflow/example_dags/example_short_circuit_operator.py
[2026-01-15T10:44:30.934+0000] {processor.py:840} INFO - DAG(s) 'example_short_circuit_operator' retrieved from /home/airflow/.local/lib/python3.8/site-packages/airflow/example_dags/example_short_circuit_operator.py
[2026-01-15T10:44:30.968+0000] {logging_mixin.py:188} INFO - [2026-01-15T10:44:30.967+0000] {dag.py:3036} INFO - Sync 1 DAGs
[2026-01-15T10:44:30.991+0000] {logging_mixin.py:188} INFO - [2026-01-15T10:44:30.991+0000] {dag.py:3823} INFO - Setting next_dagrun for example_short_circuit_operator to 2026-01-14 00:00:00+00:00, run_after=2026-01-15 00:00:00+00:00
[2026-01-15T10:44:31.016+0000] {processor.py:183} INFO - Processing /home/airflow/.local/lib/python3.8/site-packages/airflow/example_dags/example_short_circuit_operator.py took 0.103 seconds
[2026-01-15T10:45:01.217+0000] {processor.py:161} INFO - Started process (PID=552) to work on /home/airflow/.local/lib/python3.8/site-packages/airflow/example_dags/example_short_circuit_operator.py
[2026-01-15T10:45:01.219+0000] {processor.py:830} INFO - Processing file /home/airflow/.local/lib/python3.8/site-packages/airflow/example_dags/example_short_circuit_operator.py for tasks to queue
[2026-01-15T10:45:01.221+0000] {logging_mixin.py:188} INFO - [2026-01-15T10:45:01.221+0000] {dagbag.py:538} INFO - Filling up the DagBag from /home/airflow/.local/lib/python3.8/site-packages/airflow/example_dags/example_short_circuit_operator.py
[2026-01-15T10:45:01.231+0000] {processor.py:840} INFO - DAG(s) 'example_short_circuit_operator' retrieved from /home/airflow/.local/lib/python3.8/site-packages/airflow/example_dags/example_short_circuit_operator.py
[2026-01-15T10:45:01.263+0000] {logging_mixin.py:188} INFO - [2026-01-15T10:45:01.263+0000] {dag.py:3036} INFO - Sync 1 DAGs
[2026-01-15T10:45:01.291+0000] {logging_mixin.py:188} INFO - [2026-01-15T10:45:01.290+0000] {dag.py:3823} INFO - Setting next_dagrun for example_short_circuit_operator to 2026-01-14 00:00:00+00:00, run_after=2026-01-15 00:00:00+00:00
[2026-01-15T10:45:01.319+0000] {processor.py:183} INFO - Processing /home/airflow/.local/lib/python3.8/site-packages/airflow/example_dags/example_short_circuit_operator.py took 0.106 seconds
[2026-01-15T10:46:19.150+0000] {processor.py:161} INFO - Started process (PID=52) to work on /home/airflow/.local/lib/python3.8/site-packages/airflow/example_dags/example_short_circuit_operator.py
[2026-01-15T10:46:19.152+0000] {processor.py:830} INFO - Processing file /home/airflow/.local/lib/python3.8/site-packages/airflow/example_dags/example_short_circuit_operator.py for tasks to queue
[2026-01-15T10:46:19.155+0000] {logging_mixin.py:188} INFO - [2026-01-15T10:46:19.155+0000] {dagbag.py:538} INFO - Filling up the DagBag from /home/airflow/.local/lib/python3.8/site-packages/airflow/example_dags/example_short_circuit_operator.py
[2026-01-15T10:46:19.171+0000] {processor.py:840} INFO - DAG(s) 'example_short_circuit_operator' retrieved from /home/airflow/.local/lib/python3.8/site-packages/airflow/example_dags/example_short_circuit_operator.py
[2026-01-15T10:46:19.191+0000] {logging_mixin.py:188} INFO - [2026-01-15T10:46:19.191+0000] {dag.py:3036} INFO - Sync 1 DAGs
[2026-01-15T10:46:19.226+0000] {logging_mixin.py:188} INFO - [2026-01-15T10:46:19.226+0000] {dag.py:3823} INFO - Setting next_dagrun for example_short_circuit_operator to 2026-01-14 00:00:00+00:00, run_after=2026-01-15 00:00:00+00:00
[2026-01-15T10:46:19.290+0000] {processor.py:183} INFO - Processing /home/airflow/.local/lib/python3.8/site-packages/airflow/example_dags/example_short_circuit_operator.py took 0.148 seconds
[2026-01-15T10:46:49.756+0000] {processor.py:161} INFO - Started process (PID=107) to work on /home/airflow/.local/lib/python3.8/site-packages/airflow/example_dags/example_short_circuit_operator.py
[2026-01-15T10:46:49.758+0000] {processor.py:830} INFO - Processing file /home/airflow/.local/lib/python3.8/site-packages/airflow/example_dags/example_short_circuit_operator.py for tasks to queue
[2026-01-15T10:46:49.762+0000] {logging_mixin.py:188} INFO - [2026-01-15T10:46:49.761+0000] {dagbag.py:538} INFO - Filling up the DagBag from /home/airflow/.local/lib/python3.8/site-packages/airflow/example_dags/example_short_circuit_operator.py
[2026-01-15T10:46:49.771+0000] {processor.py:840} INFO - DAG(s) 'example_short_circuit_operator' retrieved from /home/airflow/.local/lib/python3.8/site-packages/airflow/example_dags/example_short_circuit_operator.py
[2026-01-15T10:46:49.911+0000] {logging_mixin.py:188} INFO - [2026-01-15T10:46:49.910+0000] {dag.py:3036} INFO - Sync 1 DAGs
[2026-01-15T10:46:49.933+0000] {logging_mixin.py:188} INFO - [2026-01-15T10:46:49.933+0000] {dag.py:3823} INFO - Setting next_dagrun for example_short_circuit_operator to 2026-01-14 00:00:00+00:00, run_after=2026-01-15 00:00:00+00:00
[2026-01-15T10:46:49.962+0000] {processor.py:183} INFO - Processing /home/airflow/.local/lib/python3.8/site-packages/airflow/example_dags/example_short_circuit_operator.py took 0.210 seconds
[2026-01-15T10:47:20.390+0000] {processor.py:161} INFO - Started process (PID=168) to work on /home/airflow/.local/lib/python3.8/site-packages/airflow/example_dags/example_short_circuit_operator.py
[2026-01-15T10:47:20.391+0000] {processor.py:830} INFO - Processing file /home/airflow/.local/lib/python3.8/site-packages/airflow/example_dags/example_short_circuit_operator.py for tasks to queue
[2026-01-15T10:47:20.394+0000] {logging_mixin.py:188} INFO - [2026-01-15T10:47:20.394+0000] {dagbag.py:538} INFO - Filling up the DagBag from /home/airflow/.local/lib/python3.8/site-packages/airflow/example_dags/example_short_circuit_operator.py
[2026-01-15T10:47:20.403+0000] {processor.py:840} INFO - DAG(s) 'example_short_circuit_operator' retrieved from /home/airflow/.local/lib/python3.8/site-packages/airflow/example_dags/example_short_circuit_operator.py
[2026-01-15T10:47:20.433+0000] {logging_mixin.py:188} INFO - [2026-01-15T10:47:20.433+0000] {dag.py:3036} INFO - Sync 1 DAGs
[2026-01-15T10:47:20.460+0000] {logging_mixin.py:188} INFO - [2026-01-15T10:47:20.460+0000] {dag.py:3823} INFO - Setting next_dagrun for example_short_circuit_operator to 2026-01-14 00:00:00+00:00, run_after=2026-01-15 00:00:00+00:00
[2026-01-15T10:47:20.486+0000] {processor.py:183} INFO - Processing /home/airflow/.local/lib/python3.8/site-packages/airflow/example_dags/example_short_circuit_operator.py took 0.100 seconds
[2026-01-15T10:47:50.857+0000] {processor.py:161} INFO - Started process (PID=223) to work on /home/airflow/.local/lib/python3.8/site-packages/airflow/example_dags/example_short_circuit_operator.py
[2026-01-15T10:47:50.859+0000] {processor.py:830} INFO - Processing file /home/airflow/.local/lib/python3.8/site-packages/airflow/example_dags/example_short_circuit_operator.py for tasks to queue
[2026-01-15T10:47:50.862+0000] {logging_mixin.py:188} INFO - [2026-01-15T10:47:50.861+0000] {dagbag.py:538} INFO - Filling up the DagBag from /home/airflow/.local/lib/python3.8/site-packages/airflow/example_dags/example_short_circuit_operator.py
[2026-01-15T10:47:50.874+0000] {processor.py:840} INFO - DAG(s) 'example_short_circuit_operator' retrieved from /home/airflow/.local/lib/python3.8/site-packages/airflow/example_dags/example_short_circuit_operator.py
[2026-01-15T10:47:50.910+0000] {logging_mixin.py:188} INFO - [2026-01-15T10:47:50.910+0000] {dag.py:3036} INFO - Sync 1 DAGs
[2026-01-15T10:47:50.937+0000] {logging_mixin.py:188} INFO - [2026-01-15T10:47:50.937+0000] {dag.py:3823} INFO - Setting next_dagrun for example_short_circuit_operator to 2026-01-14 00:00:00+00:00, run_after=2026-01-15 00:00:00+00:00
[2026-01-15T10:47:50.963+0000] {processor.py:183} INFO - Processing /home/airflow/.local/lib/python3.8/site-packages/airflow/example_dags/example_short_circuit_operator.py took 0.111 seconds
[2026-01-15T10:48:21.342+0000] {processor.py:161} INFO - Started process (PID=278) to work on /home/airflow/.local/lib/python3.8/site-packages/airflow/example_dags/example_short_circuit_operator.py
[2026-01-15T10:48:21.343+0000] {processor.py:830} INFO - Processing file /home/airflow/.local/lib/python3.8/site-packages/airflow/example_dags/example_short_circuit_operator.py for tasks to queue
[2026-01-15T10:48:21.346+0000] {logging_mixin.py:188} INFO - [2026-01-15T10:48:21.345+0000] {dagbag.py:538} INFO - Filling up the DagBag from /home/airflow/.local/lib/python3.8/site-packages/airflow/example_dags/example_short_circuit_operator.py
[2026-01-15T10:48:21.356+0000] {processor.py:840} INFO - DAG(s) 'example_short_circuit_operator' retrieved from /home/airflow/.local/lib/python3.8/site-packages/airflow/example_dags/example_short_circuit_operator.py
[2026-01-15T10:48:21.389+0000] {logging_mixin.py:188} INFO - [2026-01-15T10:48:21.388+0000] {dag.py:3036} INFO - Sync 1 DAGs
[2026-01-15T10:48:21.415+0000] {logging_mixin.py:188} INFO - [2026-01-15T10:48:21.415+0000] {dag.py:3823} INFO - Setting next_dagrun for example_short_circuit_operator to 2026-01-14 00:00:00+00:00, run_after=2026-01-15 00:00:00+00:00
[2026-01-15T10:48:21.443+0000] {processor.py:183} INFO - Processing /home/airflow/.local/lib/python3.8/site-packages/airflow/example_dags/example_short_circuit_operator.py took 0.107 seconds
[2026-01-15T10:51:06.894+0000] {processor.py:161} INFO - Started process (PID=51) to work on /home/airflow/.local/lib/python3.8/site-packages/airflow/example_dags/example_short_circuit_operator.py
[2026-01-15T10:51:06.896+0000] {processor.py:830} INFO - Processing file /home/airflow/.local/lib/python3.8/site-packages/airflow/example_dags/example_short_circuit_operator.py for tasks to queue
[2026-01-15T10:51:06.899+0000] {logging_mixin.py:188} INFO - [2026-01-15T10:51:06.898+0000] {dagbag.py:538} INFO - Filling up the DagBag from /home/airflow/.local/lib/python3.8/site-packages/airflow/example_dags/example_short_circuit_operator.py
[2026-01-15T10:51:06.919+0000] {processor.py:840} INFO - DAG(s) 'example_short_circuit_operator' retrieved from /home/airflow/.local/lib/python3.8/site-packages/airflow/example_dags/example_short_circuit_operator.py
[2026-01-15T10:51:06.943+0000] {logging_mixin.py:188} INFO - [2026-01-15T10:51:06.943+0000] {dag.py:3036} INFO - Sync 1 DAGs
[2026-01-15T10:51:06.989+0000] {logging_mixin.py:188} INFO - [2026-01-15T10:51:06.989+0000] {dag.py:3823} INFO - Setting next_dagrun for example_short_circuit_operator to 2026-01-14 00:00:00+00:00, run_after=2026-01-15 00:00:00+00:00
[2026-01-15T10:51:07.042+0000] {processor.py:183} INFO - Processing /home/airflow/.local/lib/python3.8/site-packages/airflow/example_dags/example_short_circuit_operator.py took 0.154 seconds
[2026-01-15T10:51:37.679+0000] {processor.py:161} INFO - Started process (PID=112) to work on /home/airflow/.local/lib/python3.8/site-packages/airflow/example_dags/example_short_circuit_operator.py
[2026-01-15T10:51:37.682+0000] {processor.py:830} INFO - Processing file /home/airflow/.local/lib/python3.8/site-packages/airflow/example_dags/example_short_circuit_operator.py for tasks to queue
[2026-01-15T10:51:37.686+0000] {logging_mixin.py:188} INFO - [2026-01-15T10:51:37.685+0000] {dagbag.py:538} INFO - Filling up the DagBag from /home/airflow/.local/lib/python3.8/site-packages/airflow/example_dags/example_short_circuit_operator.py
[2026-01-15T10:51:37.697+0000] {processor.py:840} INFO - DAG(s) 'example_short_circuit_operator' retrieved from /home/airflow/.local/lib/python3.8/site-packages/airflow/example_dags/example_short_circuit_operator.py
[2026-01-15T10:51:37.823+0000] {logging_mixin.py:188} INFO - [2026-01-15T10:51:37.823+0000] {dag.py:3036} INFO - Sync 1 DAGs
[2026-01-15T10:51:37.847+0000] {logging_mixin.py:188} INFO - [2026-01-15T10:51:37.846+0000] {dag.py:3823} INFO - Setting next_dagrun for example_short_circuit_operator to 2026-01-14 00:00:00+00:00, run_after=2026-01-15 00:00:00+00:00
[2026-01-15T10:51:37.878+0000] {processor.py:183} INFO - Processing /home/airflow/.local/lib/python3.8/site-packages/airflow/example_dags/example_short_circuit_operator.py took 0.204 seconds
