[2026-01-15T10:40:29.951+0000] {processor.py:161} INFO - Started process (PID=82) to work on /home/airflow/.local/lib/python3.8/site-packages/airflow/example_dags/example_sensors.py
[2026-01-15T10:40:29.953+0000] {processor.py:830} INFO - Processing file /home/airflow/.local/lib/python3.8/site-packages/airflow/example_dags/example_sensors.py for tasks to queue
[2026-01-15T10:40:29.956+0000] {logging_mixin.py:188} INFO - [2026-01-15T10:40:29.955+0000] {dagbag.py:538} INFO - Filling up the DagBag from /home/airflow/.local/lib/python3.8/site-packages/airflow/example_dags/example_sensors.py
[2026-01-15T10:40:29.979+0000] {processor.py:840} INFO - DAG(s) 'example_sensors' retrieved from /home/airflow/.local/lib/python3.8/site-packages/airflow/example_dags/example_sensors.py
[2026-01-15T10:40:30.003+0000] {logging_mixin.py:188} INFO - [2026-01-15T10:40:30.003+0000] {dag.py:3036} INFO - Sync 1 DAGs
[2026-01-15T10:40:30.022+0000] {logging_mixin.py:188} INFO - [2026-01-15T10:40:30.021+0000] {dag.py:3823} INFO - Setting next_dagrun for example_sensors to None, run_after=None
[2026-01-15T10:40:30.058+0000] {processor.py:183} INFO - Processing /home/airflow/.local/lib/python3.8/site-packages/airflow/example_dags/example_sensors.py took 0.112 seconds
[2026-01-15T10:41:02.049+0000] {processor.py:161} INFO - Started process (PID=137) to work on /home/airflow/.local/lib/python3.8/site-packages/airflow/example_dags/example_sensors.py
[2026-01-15T10:41:02.052+0000] {processor.py:830} INFO - Processing file /home/airflow/.local/lib/python3.8/site-packages/airflow/example_dags/example_sensors.py for tasks to queue
[2026-01-15T10:41:02.057+0000] {logging_mixin.py:188} INFO - [2026-01-15T10:41:02.056+0000] {dagbag.py:538} INFO - Filling up the DagBag from /home/airflow/.local/lib/python3.8/site-packages/airflow/example_dags/example_sensors.py
[2026-01-15T10:41:02.085+0000] {processor.py:840} INFO - DAG(s) 'example_sensors' retrieved from /home/airflow/.local/lib/python3.8/site-packages/airflow/example_dags/example_sensors.py
[2026-01-15T10:41:02.259+0000] {logging_mixin.py:188} INFO - [2026-01-15T10:41:02.259+0000] {dag.py:3036} INFO - Sync 1 DAGs
[2026-01-15T10:41:02.275+0000] {logging_mixin.py:188} INFO - [2026-01-15T10:41:02.274+0000] {dag.py:3823} INFO - Setting next_dagrun for example_sensors to None, run_after=None
[2026-01-15T10:41:02.310+0000] {processor.py:183} INFO - Processing /home/airflow/.local/lib/python3.8/site-packages/airflow/example_dags/example_sensors.py took 0.270 seconds
[2026-01-15T10:41:32.953+0000] {processor.py:161} INFO - Started process (PID=192) to work on /home/airflow/.local/lib/python3.8/site-packages/airflow/example_dags/example_sensors.py
[2026-01-15T10:41:32.955+0000] {processor.py:830} INFO - Processing file /home/airflow/.local/lib/python3.8/site-packages/airflow/example_dags/example_sensors.py for tasks to queue
[2026-01-15T10:41:32.958+0000] {logging_mixin.py:188} INFO - [2026-01-15T10:41:32.957+0000] {dagbag.py:538} INFO - Filling up the DagBag from /home/airflow/.local/lib/python3.8/site-packages/airflow/example_dags/example_sensors.py
[2026-01-15T10:41:32.969+0000] {processor.py:840} INFO - DAG(s) 'example_sensors' retrieved from /home/airflow/.local/lib/python3.8/site-packages/airflow/example_dags/example_sensors.py
[2026-01-15T10:41:33.002+0000] {logging_mixin.py:188} INFO - [2026-01-15T10:41:33.002+0000] {dag.py:3036} INFO - Sync 1 DAGs
[2026-01-15T10:41:33.017+0000] {logging_mixin.py:188} INFO - [2026-01-15T10:41:33.017+0000] {dag.py:3823} INFO - Setting next_dagrun for example_sensors to None, run_after=None
[2026-01-15T10:41:33.044+0000] {processor.py:183} INFO - Processing /home/airflow/.local/lib/python3.8/site-packages/airflow/example_dags/example_sensors.py took 0.095 seconds
[2026-01-15T10:42:03.314+0000] {processor.py:161} INFO - Started process (PID=248) to work on /home/airflow/.local/lib/python3.8/site-packages/airflow/example_dags/example_sensors.py
[2026-01-15T10:42:03.315+0000] {processor.py:830} INFO - Processing file /home/airflow/.local/lib/python3.8/site-packages/airflow/example_dags/example_sensors.py for tasks to queue
[2026-01-15T10:42:03.318+0000] {logging_mixin.py:188} INFO - [2026-01-15T10:42:03.318+0000] {dagbag.py:538} INFO - Filling up the DagBag from /home/airflow/.local/lib/python3.8/site-packages/airflow/example_dags/example_sensors.py
[2026-01-15T10:42:03.332+0000] {processor.py:840} INFO - DAG(s) 'example_sensors' retrieved from /home/airflow/.local/lib/python3.8/site-packages/airflow/example_dags/example_sensors.py
[2026-01-15T10:42:03.365+0000] {logging_mixin.py:188} INFO - [2026-01-15T10:42:03.365+0000] {dag.py:3036} INFO - Sync 1 DAGs
[2026-01-15T10:42:03.379+0000] {logging_mixin.py:188} INFO - [2026-01-15T10:42:03.379+0000] {dag.py:3823} INFO - Setting next_dagrun for example_sensors to None, run_after=None
[2026-01-15T10:42:03.404+0000] {processor.py:183} INFO - Processing /home/airflow/.local/lib/python3.8/site-packages/airflow/example_dags/example_sensors.py took 0.095 seconds
[2026-01-15T10:42:33.456+0000] {processor.py:161} INFO - Started process (PID=302) to work on /home/airflow/.local/lib/python3.8/site-packages/airflow/example_dags/example_sensors.py
[2026-01-15T10:42:33.457+0000] {processor.py:830} INFO - Processing file /home/airflow/.local/lib/python3.8/site-packages/airflow/example_dags/example_sensors.py for tasks to queue
[2026-01-15T10:42:33.460+0000] {logging_mixin.py:188} INFO - [2026-01-15T10:42:33.460+0000] {dagbag.py:538} INFO - Filling up the DagBag from /home/airflow/.local/lib/python3.8/site-packages/airflow/example_dags/example_sensors.py
[2026-01-15T10:42:33.471+0000] {processor.py:840} INFO - DAG(s) 'example_sensors' retrieved from /home/airflow/.local/lib/python3.8/site-packages/airflow/example_dags/example_sensors.py
[2026-01-15T10:42:33.502+0000] {logging_mixin.py:188} INFO - [2026-01-15T10:42:33.502+0000] {dag.py:3036} INFO - Sync 1 DAGs
[2026-01-15T10:42:33.517+0000] {logging_mixin.py:188} INFO - [2026-01-15T10:42:33.517+0000] {dag.py:3823} INFO - Setting next_dagrun for example_sensors to None, run_after=None
[2026-01-15T10:42:33.542+0000] {processor.py:183} INFO - Processing /home/airflow/.local/lib/python3.8/site-packages/airflow/example_dags/example_sensors.py took 0.091 seconds
[2026-01-15T10:43:03.708+0000] {processor.py:161} INFO - Started process (PID=357) to work on /home/airflow/.local/lib/python3.8/site-packages/airflow/example_dags/example_sensors.py
[2026-01-15T10:43:03.710+0000] {processor.py:830} INFO - Processing file /home/airflow/.local/lib/python3.8/site-packages/airflow/example_dags/example_sensors.py for tasks to queue
[2026-01-15T10:43:03.713+0000] {logging_mixin.py:188} INFO - [2026-01-15T10:43:03.712+0000] {dagbag.py:538} INFO - Filling up the DagBag from /home/airflow/.local/lib/python3.8/site-packages/airflow/example_dags/example_sensors.py
[2026-01-15T10:43:03.724+0000] {processor.py:840} INFO - DAG(s) 'example_sensors' retrieved from /home/airflow/.local/lib/python3.8/site-packages/airflow/example_dags/example_sensors.py
[2026-01-15T10:43:03.762+0000] {logging_mixin.py:188} INFO - [2026-01-15T10:43:03.761+0000] {dag.py:3036} INFO - Sync 1 DAGs
[2026-01-15T10:43:03.777+0000] {logging_mixin.py:188} INFO - [2026-01-15T10:43:03.776+0000] {dag.py:3823} INFO - Setting next_dagrun for example_sensors to None, run_after=None
[2026-01-15T10:43:03.802+0000] {processor.py:183} INFO - Processing /home/airflow/.local/lib/python3.8/site-packages/airflow/example_dags/example_sensors.py took 0.098 seconds
[2026-01-15T10:43:34.204+0000] {processor.py:161} INFO - Started process (PID=413) to work on /home/airflow/.local/lib/python3.8/site-packages/airflow/example_dags/example_sensors.py
[2026-01-15T10:43:34.206+0000] {processor.py:830} INFO - Processing file /home/airflow/.local/lib/python3.8/site-packages/airflow/example_dags/example_sensors.py for tasks to queue
[2026-01-15T10:43:34.209+0000] {logging_mixin.py:188} INFO - [2026-01-15T10:43:34.208+0000] {dagbag.py:538} INFO - Filling up the DagBag from /home/airflow/.local/lib/python3.8/site-packages/airflow/example_dags/example_sensors.py
[2026-01-15T10:43:34.220+0000] {processor.py:840} INFO - DAG(s) 'example_sensors' retrieved from /home/airflow/.local/lib/python3.8/site-packages/airflow/example_dags/example_sensors.py
[2026-01-15T10:43:34.252+0000] {logging_mixin.py:188} INFO - [2026-01-15T10:43:34.252+0000] {dag.py:3036} INFO - Sync 1 DAGs
[2026-01-15T10:43:34.266+0000] {logging_mixin.py:188} INFO - [2026-01-15T10:43:34.266+0000] {dag.py:3823} INFO - Setting next_dagrun for example_sensors to None, run_after=None
[2026-01-15T10:43:34.288+0000] {processor.py:183} INFO - Processing /home/airflow/.local/lib/python3.8/site-packages/airflow/example_dags/example_sensors.py took 0.089 seconds
[2026-01-15T10:44:04.899+0000] {processor.py:161} INFO - Started process (PID=468) to work on /home/airflow/.local/lib/python3.8/site-packages/airflow/example_dags/example_sensors.py
[2026-01-15T10:44:04.900+0000] {processor.py:830} INFO - Processing file /home/airflow/.local/lib/python3.8/site-packages/airflow/example_dags/example_sensors.py for tasks to queue
[2026-01-15T10:44:04.904+0000] {logging_mixin.py:188} INFO - [2026-01-15T10:44:04.903+0000] {dagbag.py:538} INFO - Filling up the DagBag from /home/airflow/.local/lib/python3.8/site-packages/airflow/example_dags/example_sensors.py
[2026-01-15T10:44:04.915+0000] {processor.py:840} INFO - DAG(s) 'example_sensors' retrieved from /home/airflow/.local/lib/python3.8/site-packages/airflow/example_dags/example_sensors.py
[2026-01-15T10:44:04.956+0000] {logging_mixin.py:188} INFO - [2026-01-15T10:44:04.956+0000] {dag.py:3036} INFO - Sync 1 DAGs
[2026-01-15T10:44:04.972+0000] {logging_mixin.py:188} INFO - [2026-01-15T10:44:04.972+0000] {dag.py:3823} INFO - Setting next_dagrun for example_sensors to None, run_after=None
[2026-01-15T10:44:05.001+0000] {processor.py:183} INFO - Processing /home/airflow/.local/lib/python3.8/site-packages/airflow/example_dags/example_sensors.py took 0.107 seconds
[2026-01-15T10:44:35.407+0000] {processor.py:161} INFO - Started process (PID=523) to work on /home/airflow/.local/lib/python3.8/site-packages/airflow/example_dags/example_sensors.py
[2026-01-15T10:44:35.408+0000] {processor.py:830} INFO - Processing file /home/airflow/.local/lib/python3.8/site-packages/airflow/example_dags/example_sensors.py for tasks to queue
[2026-01-15T10:44:35.411+0000] {logging_mixin.py:188} INFO - [2026-01-15T10:44:35.411+0000] {dagbag.py:538} INFO - Filling up the DagBag from /home/airflow/.local/lib/python3.8/site-packages/airflow/example_dags/example_sensors.py
[2026-01-15T10:44:35.422+0000] {processor.py:840} INFO - DAG(s) 'example_sensors' retrieved from /home/airflow/.local/lib/python3.8/site-packages/airflow/example_dags/example_sensors.py
[2026-01-15T10:44:35.457+0000] {logging_mixin.py:188} INFO - [2026-01-15T10:44:35.457+0000] {dag.py:3036} INFO - Sync 1 DAGs
[2026-01-15T10:44:35.472+0000] {logging_mixin.py:188} INFO - [2026-01-15T10:44:35.472+0000] {dag.py:3823} INFO - Setting next_dagrun for example_sensors to None, run_after=None
[2026-01-15T10:44:35.499+0000] {processor.py:183} INFO - Processing /home/airflow/.local/lib/python3.8/site-packages/airflow/example_dags/example_sensors.py took 0.097 seconds
[2026-01-15T10:45:05.680+0000] {processor.py:161} INFO - Started process (PID=578) to work on /home/airflow/.local/lib/python3.8/site-packages/airflow/example_dags/example_sensors.py
[2026-01-15T10:45:05.682+0000] {processor.py:830} INFO - Processing file /home/airflow/.local/lib/python3.8/site-packages/airflow/example_dags/example_sensors.py for tasks to queue
[2026-01-15T10:45:05.685+0000] {logging_mixin.py:188} INFO - [2026-01-15T10:45:05.685+0000] {dagbag.py:538} INFO - Filling up the DagBag from /home/airflow/.local/lib/python3.8/site-packages/airflow/example_dags/example_sensors.py
[2026-01-15T10:45:05.697+0000] {processor.py:840} INFO - DAG(s) 'example_sensors' retrieved from /home/airflow/.local/lib/python3.8/site-packages/airflow/example_dags/example_sensors.py
[2026-01-15T10:45:05.731+0000] {logging_mixin.py:188} INFO - [2026-01-15T10:45:05.731+0000] {dag.py:3036} INFO - Sync 1 DAGs
[2026-01-15T10:45:05.745+0000] {logging_mixin.py:188} INFO - [2026-01-15T10:45:05.745+0000] {dag.py:3823} INFO - Setting next_dagrun for example_sensors to None, run_after=None
[2026-01-15T10:45:05.769+0000] {processor.py:183} INFO - Processing /home/airflow/.local/lib/python3.8/site-packages/airflow/example_dags/example_sensors.py took 0.093 seconds
[2026-01-15T10:46:21.732+0000] {processor.py:161} INFO - Started process (PID=83) to work on /home/airflow/.local/lib/python3.8/site-packages/airflow/example_dags/example_sensors.py
[2026-01-15T10:46:21.734+0000] {processor.py:830} INFO - Processing file /home/airflow/.local/lib/python3.8/site-packages/airflow/example_dags/example_sensors.py for tasks to queue
[2026-01-15T10:46:21.737+0000] {logging_mixin.py:188} INFO - [2026-01-15T10:46:21.737+0000] {dagbag.py:538} INFO - Filling up the DagBag from /home/airflow/.local/lib/python3.8/site-packages/airflow/example_dags/example_sensors.py
[2026-01-15T10:46:21.753+0000] {processor.py:840} INFO - DAG(s) 'example_sensors' retrieved from /home/airflow/.local/lib/python3.8/site-packages/airflow/example_dags/example_sensors.py
[2026-01-15T10:46:21.778+0000] {logging_mixin.py:188} INFO - [2026-01-15T10:46:21.778+0000] {dag.py:3036} INFO - Sync 1 DAGs
[2026-01-15T10:46:21.802+0000] {logging_mixin.py:188} INFO - [2026-01-15T10:46:21.802+0000] {dag.py:3823} INFO - Setting next_dagrun for example_sensors to None, run_after=None
[2026-01-15T10:46:21.840+0000] {processor.py:183} INFO - Processing /home/airflow/.local/lib/python3.8/site-packages/airflow/example_dags/example_sensors.py took 0.113 seconds
[2026-01-15T10:46:52.812+0000] {processor.py:161} INFO - Started process (PID=138) to work on /home/airflow/.local/lib/python3.8/site-packages/airflow/example_dags/example_sensors.py
[2026-01-15T10:46:52.814+0000] {processor.py:830} INFO - Processing file /home/airflow/.local/lib/python3.8/site-packages/airflow/example_dags/example_sensors.py for tasks to queue
[2026-01-15T10:46:52.817+0000] {logging_mixin.py:188} INFO - [2026-01-15T10:46:52.816+0000] {dagbag.py:538} INFO - Filling up the DagBag from /home/airflow/.local/lib/python3.8/site-packages/airflow/example_dags/example_sensors.py
[2026-01-15T10:46:52.829+0000] {processor.py:840} INFO - DAG(s) 'example_sensors' retrieved from /home/airflow/.local/lib/python3.8/site-packages/airflow/example_dags/example_sensors.py
[2026-01-15T10:46:52.957+0000] {logging_mixin.py:188} INFO - [2026-01-15T10:46:52.957+0000] {dag.py:3036} INFO - Sync 1 DAGs
[2026-01-15T10:46:52.969+0000] {logging_mixin.py:188} INFO - [2026-01-15T10:46:52.968+0000] {dag.py:3823} INFO - Setting next_dagrun for example_sensors to None, run_after=None
[2026-01-15T10:46:52.996+0000] {processor.py:183} INFO - Processing /home/airflow/.local/lib/python3.8/site-packages/airflow/example_dags/example_sensors.py took 0.188 seconds
[2026-01-15T10:47:23.501+0000] {processor.py:161} INFO - Started process (PID=193) to work on /home/airflow/.local/lib/python3.8/site-packages/airflow/example_dags/example_sensors.py
[2026-01-15T10:47:23.503+0000] {processor.py:830} INFO - Processing file /home/airflow/.local/lib/python3.8/site-packages/airflow/example_dags/example_sensors.py for tasks to queue
[2026-01-15T10:47:23.506+0000] {logging_mixin.py:188} INFO - [2026-01-15T10:47:23.505+0000] {dagbag.py:538} INFO - Filling up the DagBag from /home/airflow/.local/lib/python3.8/site-packages/airflow/example_dags/example_sensors.py
[2026-01-15T10:47:23.517+0000] {processor.py:840} INFO - DAG(s) 'example_sensors' retrieved from /home/airflow/.local/lib/python3.8/site-packages/airflow/example_dags/example_sensors.py
[2026-01-15T10:47:23.550+0000] {logging_mixin.py:188} INFO - [2026-01-15T10:47:23.550+0000] {dag.py:3036} INFO - Sync 1 DAGs
[2026-01-15T10:47:23.565+0000] {logging_mixin.py:188} INFO - [2026-01-15T10:47:23.565+0000] {dag.py:3823} INFO - Setting next_dagrun for example_sensors to None, run_after=None
[2026-01-15T10:47:23.593+0000] {processor.py:183} INFO - Processing /home/airflow/.local/lib/python3.8/site-packages/airflow/example_dags/example_sensors.py took 0.096 seconds
[2026-01-15T10:47:53.728+0000] {processor.py:161} INFO - Started process (PID=248) to work on /home/airflow/.local/lib/python3.8/site-packages/airflow/example_dags/example_sensors.py
[2026-01-15T10:47:53.730+0000] {processor.py:830} INFO - Processing file /home/airflow/.local/lib/python3.8/site-packages/airflow/example_dags/example_sensors.py for tasks to queue
[2026-01-15T10:47:53.734+0000] {logging_mixin.py:188} INFO - [2026-01-15T10:47:53.733+0000] {dagbag.py:538} INFO - Filling up the DagBag from /home/airflow/.local/lib/python3.8/site-packages/airflow/example_dags/example_sensors.py
[2026-01-15T10:47:53.745+0000] {processor.py:840} INFO - DAG(s) 'example_sensors' retrieved from /home/airflow/.local/lib/python3.8/site-packages/airflow/example_dags/example_sensors.py
[2026-01-15T10:47:53.781+0000] {logging_mixin.py:188} INFO - [2026-01-15T10:47:53.780+0000] {dag.py:3036} INFO - Sync 1 DAGs
[2026-01-15T10:47:53.796+0000] {logging_mixin.py:188} INFO - [2026-01-15T10:47:53.796+0000] {dag.py:3823} INFO - Setting next_dagrun for example_sensors to None, run_after=None
[2026-01-15T10:47:53.825+0000] {processor.py:183} INFO - Processing /home/airflow/.local/lib/python3.8/site-packages/airflow/example_dags/example_sensors.py took 0.101 seconds
[2026-01-15T10:48:24.436+0000] {processor.py:161} INFO - Started process (PID=303) to work on /home/airflow/.local/lib/python3.8/site-packages/airflow/example_dags/example_sensors.py
[2026-01-15T10:48:24.438+0000] {processor.py:830} INFO - Processing file /home/airflow/.local/lib/python3.8/site-packages/airflow/example_dags/example_sensors.py for tasks to queue
[2026-01-15T10:48:24.441+0000] {logging_mixin.py:188} INFO - [2026-01-15T10:48:24.441+0000] {dagbag.py:538} INFO - Filling up the DagBag from /home/airflow/.local/lib/python3.8/site-packages/airflow/example_dags/example_sensors.py
[2026-01-15T10:48:24.453+0000] {processor.py:840} INFO - DAG(s) 'example_sensors' retrieved from /home/airflow/.local/lib/python3.8/site-packages/airflow/example_dags/example_sensors.py
[2026-01-15T10:48:24.489+0000] {logging_mixin.py:188} INFO - [2026-01-15T10:48:24.489+0000] {dag.py:3036} INFO - Sync 1 DAGs
[2026-01-15T10:48:24.506+0000] {logging_mixin.py:188} INFO - [2026-01-15T10:48:24.506+0000] {dag.py:3823} INFO - Setting next_dagrun for example_sensors to None, run_after=None
[2026-01-15T10:48:24.535+0000] {processor.py:183} INFO - Processing /home/airflow/.local/lib/python3.8/site-packages/airflow/example_dags/example_sensors.py took 0.103 seconds
[2026-01-15T10:51:09.597+0000] {processor.py:161} INFO - Started process (PID=82) to work on /home/airflow/.local/lib/python3.8/site-packages/airflow/example_dags/example_sensors.py
[2026-01-15T10:51:09.599+0000] {processor.py:830} INFO - Processing file /home/airflow/.local/lib/python3.8/site-packages/airflow/example_dags/example_sensors.py for tasks to queue
[2026-01-15T10:51:09.602+0000] {logging_mixin.py:188} INFO - [2026-01-15T10:51:09.602+0000] {dagbag.py:538} INFO - Filling up the DagBag from /home/airflow/.local/lib/python3.8/site-packages/airflow/example_dags/example_sensors.py
[2026-01-15T10:51:09.620+0000] {processor.py:840} INFO - DAG(s) 'example_sensors' retrieved from /home/airflow/.local/lib/python3.8/site-packages/airflow/example_dags/example_sensors.py
[2026-01-15T10:51:09.644+0000] {logging_mixin.py:188} INFO - [2026-01-15T10:51:09.644+0000] {dag.py:3036} INFO - Sync 1 DAGs
[2026-01-15T10:51:09.664+0000] {logging_mixin.py:188} INFO - [2026-01-15T10:51:09.664+0000] {dag.py:3823} INFO - Setting next_dagrun for example_sensors to None, run_after=None
[2026-01-15T10:51:09.706+0000] {processor.py:183} INFO - Processing /home/airflow/.local/lib/python3.8/site-packages/airflow/example_dags/example_sensors.py took 0.115 seconds
[2026-01-15T10:51:41.388+0000] {processor.py:161} INFO - Started process (PID=137) to work on /home/airflow/.local/lib/python3.8/site-packages/airflow/example_dags/example_sensors.py
[2026-01-15T10:51:41.390+0000] {processor.py:830} INFO - Processing file /home/airflow/.local/lib/python3.8/site-packages/airflow/example_dags/example_sensors.py for tasks to queue
[2026-01-15T10:51:41.393+0000] {logging_mixin.py:188} INFO - [2026-01-15T10:51:41.392+0000] {dagbag.py:538} INFO - Filling up the DagBag from /home/airflow/.local/lib/python3.8/site-packages/airflow/example_dags/example_sensors.py
[2026-01-15T10:51:41.407+0000] {processor.py:840} INFO - DAG(s) 'example_sensors' retrieved from /home/airflow/.local/lib/python3.8/site-packages/airflow/example_dags/example_sensors.py
[2026-01-15T10:51:41.557+0000] {logging_mixin.py:188} INFO - [2026-01-15T10:51:41.557+0000] {dag.py:3036} INFO - Sync 1 DAGs
[2026-01-15T10:51:41.573+0000] {logging_mixin.py:188} INFO - [2026-01-15T10:51:41.572+0000] {dag.py:3823} INFO - Setting next_dagrun for example_sensors to None, run_after=None
[2026-01-15T10:51:41.623+0000] {processor.py:183} INFO - Processing /home/airflow/.local/lib/python3.8/site-packages/airflow/example_dags/example_sensors.py took 0.240 seconds
