[2026-01-15T10:40:27.617+0000] {processor.py:161} INFO - Started process (PID=60) to work on /home/airflow/.local/lib/python3.8/site-packages/airflow/example_dags/example_skip_dag.py
[2026-01-15T10:40:27.619+0000] {processor.py:830} INFO - Processing file /home/airflow/.local/lib/python3.8/site-packages/airflow/example_dags/example_skip_dag.py for tasks to queue
[2026-01-15T10:40:27.622+0000] {logging_mixin.py:188} INFO - [2026-01-15T10:40:27.621+0000] {dagbag.py:538} INFO - Filling up the DagBag from /home/airflow/.local/lib/python3.8/site-packages/airflow/example_dags/example_skip_dag.py
[2026-01-15T10:40:27.644+0000] {processor.py:840} INFO - DAG(s) 'example_skip_dag' retrieved from /home/airflow/.local/lib/python3.8/site-packages/airflow/example_dags/example_skip_dag.py
[2026-01-15T10:40:27.668+0000] {logging_mixin.py:188} INFO - [2026-01-15T10:40:27.668+0000] {dag.py:3036} INFO - Sync 1 DAGs
[2026-01-15T10:40:27.709+0000] {logging_mixin.py:188} INFO - [2026-01-15T10:40:27.709+0000] {dag.py:3823} INFO - Setting next_dagrun for example_skip_dag to 2026-01-14 00:00:00+00:00, run_after=2026-01-15 00:00:00+00:00
[2026-01-15T10:40:27.759+0000] {processor.py:183} INFO - Processing /home/airflow/.local/lib/python3.8/site-packages/airflow/example_dags/example_skip_dag.py took 0.147 seconds
[2026-01-15T10:40:58.817+0000] {processor.py:161} INFO - Started process (PID=115) to work on /home/airflow/.local/lib/python3.8/site-packages/airflow/example_dags/example_skip_dag.py
[2026-01-15T10:40:58.818+0000] {processor.py:830} INFO - Processing file /home/airflow/.local/lib/python3.8/site-packages/airflow/example_dags/example_skip_dag.py for tasks to queue
[2026-01-15T10:40:58.821+0000] {logging_mixin.py:188} INFO - [2026-01-15T10:40:58.820+0000] {dagbag.py:538} INFO - Filling up the DagBag from /home/airflow/.local/lib/python3.8/site-packages/airflow/example_dags/example_skip_dag.py
[2026-01-15T10:40:58.830+0000] {processor.py:840} INFO - DAG(s) 'example_skip_dag' retrieved from /home/airflow/.local/lib/python3.8/site-packages/airflow/example_dags/example_skip_dag.py
[2026-01-15T10:40:58.972+0000] {logging_mixin.py:188} INFO - [2026-01-15T10:40:58.971+0000] {dag.py:3036} INFO - Sync 1 DAGs
[2026-01-15T10:40:59.002+0000] {logging_mixin.py:188} INFO - [2026-01-15T10:40:59.001+0000] {dag.py:3823} INFO - Setting next_dagrun for example_skip_dag to 2026-01-14 00:00:00+00:00, run_after=2026-01-15 00:00:00+00:00
[2026-01-15T10:40:59.069+0000] {processor.py:183} INFO - Processing /home/airflow/.local/lib/python3.8/site-packages/airflow/example_dags/example_skip_dag.py took 0.258 seconds
[2026-01-15T10:41:29.895+0000] {processor.py:161} INFO - Started process (PID=170) to work on /home/airflow/.local/lib/python3.8/site-packages/airflow/example_dags/example_skip_dag.py
[2026-01-15T10:41:29.897+0000] {processor.py:830} INFO - Processing file /home/airflow/.local/lib/python3.8/site-packages/airflow/example_dags/example_skip_dag.py for tasks to queue
[2026-01-15T10:41:29.899+0000] {logging_mixin.py:188} INFO - [2026-01-15T10:41:29.899+0000] {dagbag.py:538} INFO - Filling up the DagBag from /home/airflow/.local/lib/python3.8/site-packages/airflow/example_dags/example_skip_dag.py
[2026-01-15T10:41:29.907+0000] {processor.py:840} INFO - DAG(s) 'example_skip_dag' retrieved from /home/airflow/.local/lib/python3.8/site-packages/airflow/example_dags/example_skip_dag.py
[2026-01-15T10:41:29.935+0000] {logging_mixin.py:188} INFO - [2026-01-15T10:41:29.935+0000] {dag.py:3036} INFO - Sync 1 DAGs
[2026-01-15T10:41:29.959+0000] {logging_mixin.py:188} INFO - [2026-01-15T10:41:29.959+0000] {dag.py:3823} INFO - Setting next_dagrun for example_skip_dag to 2026-01-14 00:00:00+00:00, run_after=2026-01-15 00:00:00+00:00
[2026-01-15T10:41:29.981+0000] {processor.py:183} INFO - Processing /home/airflow/.local/lib/python3.8/site-packages/airflow/example_dags/example_skip_dag.py took 0.090 seconds
[2026-01-15T10:42:00.144+0000] {processor.py:161} INFO - Started process (PID=226) to work on /home/airflow/.local/lib/python3.8/site-packages/airflow/example_dags/example_skip_dag.py
[2026-01-15T10:42:00.146+0000] {processor.py:830} INFO - Processing file /home/airflow/.local/lib/python3.8/site-packages/airflow/example_dags/example_skip_dag.py for tasks to queue
[2026-01-15T10:42:00.150+0000] {logging_mixin.py:188} INFO - [2026-01-15T10:42:00.150+0000] {dagbag.py:538} INFO - Filling up the DagBag from /home/airflow/.local/lib/python3.8/site-packages/airflow/example_dags/example_skip_dag.py
[2026-01-15T10:42:00.159+0000] {processor.py:840} INFO - DAG(s) 'example_skip_dag' retrieved from /home/airflow/.local/lib/python3.8/site-packages/airflow/example_dags/example_skip_dag.py
[2026-01-15T10:42:00.188+0000] {logging_mixin.py:188} INFO - [2026-01-15T10:42:00.187+0000] {dag.py:3036} INFO - Sync 1 DAGs
[2026-01-15T10:42:00.214+0000] {logging_mixin.py:188} INFO - [2026-01-15T10:42:00.214+0000] {dag.py:3823} INFO - Setting next_dagrun for example_skip_dag to 2026-01-14 00:00:00+00:00, run_after=2026-01-15 00:00:00+00:00
[2026-01-15T10:42:00.243+0000] {processor.py:183} INFO - Processing /home/airflow/.local/lib/python3.8/site-packages/airflow/example_dags/example_skip_dag.py took 0.103 seconds
[2026-01-15T10:42:30.369+0000] {processor.py:161} INFO - Started process (PID=281) to work on /home/airflow/.local/lib/python3.8/site-packages/airflow/example_dags/example_skip_dag.py
[2026-01-15T10:42:30.370+0000] {processor.py:830} INFO - Processing file /home/airflow/.local/lib/python3.8/site-packages/airflow/example_dags/example_skip_dag.py for tasks to queue
[2026-01-15T10:42:30.373+0000] {logging_mixin.py:188} INFO - [2026-01-15T10:42:30.373+0000] {dagbag.py:538} INFO - Filling up the DagBag from /home/airflow/.local/lib/python3.8/site-packages/airflow/example_dags/example_skip_dag.py
[2026-01-15T10:42:30.383+0000] {processor.py:840} INFO - DAG(s) 'example_skip_dag' retrieved from /home/airflow/.local/lib/python3.8/site-packages/airflow/example_dags/example_skip_dag.py
[2026-01-15T10:42:30.419+0000] {logging_mixin.py:188} INFO - [2026-01-15T10:42:30.418+0000] {dag.py:3036} INFO - Sync 1 DAGs
[2026-01-15T10:42:30.465+0000] {logging_mixin.py:188} INFO - [2026-01-15T10:42:30.465+0000] {dag.py:3823} INFO - Setting next_dagrun for example_skip_dag to 2026-01-14 00:00:00+00:00, run_after=2026-01-15 00:00:00+00:00
[2026-01-15T10:42:30.495+0000] {processor.py:183} INFO - Processing /home/airflow/.local/lib/python3.8/site-packages/airflow/example_dags/example_skip_dag.py took 0.130 seconds
[2026-01-15T10:43:00.666+0000] {processor.py:161} INFO - Started process (PID=336) to work on /home/airflow/.local/lib/python3.8/site-packages/airflow/example_dags/example_skip_dag.py
[2026-01-15T10:43:00.667+0000] {processor.py:830} INFO - Processing file /home/airflow/.local/lib/python3.8/site-packages/airflow/example_dags/example_skip_dag.py for tasks to queue
[2026-01-15T10:43:00.670+0000] {logging_mixin.py:188} INFO - [2026-01-15T10:43:00.669+0000] {dagbag.py:538} INFO - Filling up the DagBag from /home/airflow/.local/lib/python3.8/site-packages/airflow/example_dags/example_skip_dag.py
[2026-01-15T10:43:00.678+0000] {processor.py:840} INFO - DAG(s) 'example_skip_dag' retrieved from /home/airflow/.local/lib/python3.8/site-packages/airflow/example_dags/example_skip_dag.py
[2026-01-15T10:43:00.709+0000] {logging_mixin.py:188} INFO - [2026-01-15T10:43:00.709+0000] {dag.py:3036} INFO - Sync 1 DAGs
[2026-01-15T10:43:00.737+0000] {logging_mixin.py:188} INFO - [2026-01-15T10:43:00.736+0000] {dag.py:3823} INFO - Setting next_dagrun for example_skip_dag to 2026-01-14 00:00:00+00:00, run_after=2026-01-15 00:00:00+00:00
[2026-01-15T10:43:00.762+0000] {processor.py:183} INFO - Processing /home/airflow/.local/lib/python3.8/site-packages/airflow/example_dags/example_skip_dag.py took 0.101 seconds
[2026-01-15T10:43:31.286+0000] {processor.py:161} INFO - Started process (PID=391) to work on /home/airflow/.local/lib/python3.8/site-packages/airflow/example_dags/example_skip_dag.py
[2026-01-15T10:43:31.288+0000] {processor.py:830} INFO - Processing file /home/airflow/.local/lib/python3.8/site-packages/airflow/example_dags/example_skip_dag.py for tasks to queue
[2026-01-15T10:43:31.290+0000] {logging_mixin.py:188} INFO - [2026-01-15T10:43:31.290+0000] {dagbag.py:538} INFO - Filling up the DagBag from /home/airflow/.local/lib/python3.8/site-packages/airflow/example_dags/example_skip_dag.py
[2026-01-15T10:43:31.298+0000] {processor.py:840} INFO - DAG(s) 'example_skip_dag' retrieved from /home/airflow/.local/lib/python3.8/site-packages/airflow/example_dags/example_skip_dag.py
[2026-01-15T10:43:31.328+0000] {logging_mixin.py:188} INFO - [2026-01-15T10:43:31.328+0000] {dag.py:3036} INFO - Sync 1 DAGs
[2026-01-15T10:43:31.355+0000] {logging_mixin.py:188} INFO - [2026-01-15T10:43:31.355+0000] {dag.py:3823} INFO - Setting next_dagrun for example_skip_dag to 2026-01-14 00:00:00+00:00, run_after=2026-01-15 00:00:00+00:00
[2026-01-15T10:43:31.379+0000] {processor.py:183} INFO - Processing /home/airflow/.local/lib/python3.8/site-packages/airflow/example_dags/example_skip_dag.py took 0.098 seconds
[2026-01-15T10:44:01.863+0000] {processor.py:161} INFO - Started process (PID=446) to work on /home/airflow/.local/lib/python3.8/site-packages/airflow/example_dags/example_skip_dag.py
[2026-01-15T10:44:01.865+0000] {processor.py:830} INFO - Processing file /home/airflow/.local/lib/python3.8/site-packages/airflow/example_dags/example_skip_dag.py for tasks to queue
[2026-01-15T10:44:01.867+0000] {logging_mixin.py:188} INFO - [2026-01-15T10:44:01.867+0000] {dagbag.py:538} INFO - Filling up the DagBag from /home/airflow/.local/lib/python3.8/site-packages/airflow/example_dags/example_skip_dag.py
[2026-01-15T10:44:01.877+0000] {processor.py:840} INFO - DAG(s) 'example_skip_dag' retrieved from /home/airflow/.local/lib/python3.8/site-packages/airflow/example_dags/example_skip_dag.py
[2026-01-15T10:44:01.907+0000] {logging_mixin.py:188} INFO - [2026-01-15T10:44:01.907+0000] {dag.py:3036} INFO - Sync 1 DAGs
[2026-01-15T10:44:01.934+0000] {logging_mixin.py:188} INFO - [2026-01-15T10:44:01.934+0000] {dag.py:3823} INFO - Setting next_dagrun for example_skip_dag to 2026-01-14 00:00:00+00:00, run_after=2026-01-15 00:00:00+00:00
[2026-01-15T10:44:01.960+0000] {processor.py:183} INFO - Processing /home/airflow/.local/lib/python3.8/site-packages/airflow/example_dags/example_skip_dag.py took 0.102 seconds
[2026-01-15T10:44:32.210+0000] {processor.py:161} INFO - Started process (PID=501) to work on /home/airflow/.local/lib/python3.8/site-packages/airflow/example_dags/example_skip_dag.py
[2026-01-15T10:44:32.211+0000] {processor.py:830} INFO - Processing file /home/airflow/.local/lib/python3.8/site-packages/airflow/example_dags/example_skip_dag.py for tasks to queue
[2026-01-15T10:44:32.214+0000] {logging_mixin.py:188} INFO - [2026-01-15T10:44:32.213+0000] {dagbag.py:538} INFO - Filling up the DagBag from /home/airflow/.local/lib/python3.8/site-packages/airflow/example_dags/example_skip_dag.py
[2026-01-15T10:44:32.222+0000] {processor.py:840} INFO - DAG(s) 'example_skip_dag' retrieved from /home/airflow/.local/lib/python3.8/site-packages/airflow/example_dags/example_skip_dag.py
[2026-01-15T10:44:32.250+0000] {logging_mixin.py:188} INFO - [2026-01-15T10:44:32.250+0000] {dag.py:3036} INFO - Sync 1 DAGs
[2026-01-15T10:44:32.274+0000] {logging_mixin.py:188} INFO - [2026-01-15T10:44:32.274+0000] {dag.py:3823} INFO - Setting next_dagrun for example_skip_dag to 2026-01-14 00:00:00+00:00, run_after=2026-01-15 00:00:00+00:00
[2026-01-15T10:44:32.299+0000] {processor.py:183} INFO - Processing /home/airflow/.local/lib/python3.8/site-packages/airflow/example_dags/example_skip_dag.py took 0.093 seconds
[2026-01-15T10:45:02.515+0000] {processor.py:161} INFO - Started process (PID=556) to work on /home/airflow/.local/lib/python3.8/site-packages/airflow/example_dags/example_skip_dag.py
[2026-01-15T10:45:02.516+0000] {processor.py:830} INFO - Processing file /home/airflow/.local/lib/python3.8/site-packages/airflow/example_dags/example_skip_dag.py for tasks to queue
[2026-01-15T10:45:02.519+0000] {logging_mixin.py:188} INFO - [2026-01-15T10:45:02.519+0000] {dagbag.py:538} INFO - Filling up the DagBag from /home/airflow/.local/lib/python3.8/site-packages/airflow/example_dags/example_skip_dag.py
[2026-01-15T10:45:02.527+0000] {processor.py:840} INFO - DAG(s) 'example_skip_dag' retrieved from /home/airflow/.local/lib/python3.8/site-packages/airflow/example_dags/example_skip_dag.py
[2026-01-15T10:45:02.557+0000] {logging_mixin.py:188} INFO - [2026-01-15T10:45:02.557+0000] {dag.py:3036} INFO - Sync 1 DAGs
[2026-01-15T10:45:02.583+0000] {logging_mixin.py:188} INFO - [2026-01-15T10:45:02.583+0000] {dag.py:3823} INFO - Setting next_dagrun for example_skip_dag to 2026-01-14 00:00:00+00:00, run_after=2026-01-15 00:00:00+00:00
[2026-01-15T10:45:02.610+0000] {processor.py:183} INFO - Processing /home/airflow/.local/lib/python3.8/site-packages/airflow/example_dags/example_skip_dag.py took 0.099 seconds
[2026-01-15T10:46:19.372+0000] {processor.py:161} INFO - Started process (PID=55) to work on /home/airflow/.local/lib/python3.8/site-packages/airflow/example_dags/example_skip_dag.py
[2026-01-15T10:46:19.374+0000] {processor.py:830} INFO - Processing file /home/airflow/.local/lib/python3.8/site-packages/airflow/example_dags/example_skip_dag.py for tasks to queue
[2026-01-15T10:46:19.377+0000] {logging_mixin.py:188} INFO - [2026-01-15T10:46:19.377+0000] {dagbag.py:538} INFO - Filling up the DagBag from /home/airflow/.local/lib/python3.8/site-packages/airflow/example_dags/example_skip_dag.py
[2026-01-15T10:46:19.390+0000] {processor.py:840} INFO - DAG(s) 'example_skip_dag' retrieved from /home/airflow/.local/lib/python3.8/site-packages/airflow/example_dags/example_skip_dag.py
[2026-01-15T10:46:19.417+0000] {logging_mixin.py:188} INFO - [2026-01-15T10:46:19.416+0000] {dag.py:3036} INFO - Sync 1 DAGs
[2026-01-15T10:46:19.453+0000] {logging_mixin.py:188} INFO - [2026-01-15T10:46:19.452+0000] {dag.py:3823} INFO - Setting next_dagrun for example_skip_dag to 2026-01-14 00:00:00+00:00, run_after=2026-01-15 00:00:00+00:00
[2026-01-15T10:46:19.496+0000] {processor.py:183} INFO - Processing /home/airflow/.local/lib/python3.8/site-packages/airflow/example_dags/example_skip_dag.py took 0.128 seconds
[2026-01-15T10:46:50.100+0000] {processor.py:161} INFO - Started process (PID=116) to work on /home/airflow/.local/lib/python3.8/site-packages/airflow/example_dags/example_skip_dag.py
[2026-01-15T10:46:50.102+0000] {processor.py:830} INFO - Processing file /home/airflow/.local/lib/python3.8/site-packages/airflow/example_dags/example_skip_dag.py for tasks to queue
[2026-01-15T10:46:50.105+0000] {logging_mixin.py:188} INFO - [2026-01-15T10:46:50.105+0000] {dagbag.py:538} INFO - Filling up the DagBag from /home/airflow/.local/lib/python3.8/site-packages/airflow/example_dags/example_skip_dag.py
[2026-01-15T10:46:50.114+0000] {processor.py:840} INFO - DAG(s) 'example_skip_dag' retrieved from /home/airflow/.local/lib/python3.8/site-packages/airflow/example_dags/example_skip_dag.py
[2026-01-15T10:46:50.228+0000] {logging_mixin.py:188} INFO - [2026-01-15T10:46:50.227+0000] {dag.py:3036} INFO - Sync 1 DAGs
[2026-01-15T10:46:50.251+0000] {logging_mixin.py:188} INFO - [2026-01-15T10:46:50.251+0000] {dag.py:3823} INFO - Setting next_dagrun for example_skip_dag to 2026-01-14 00:00:00+00:00, run_after=2026-01-15 00:00:00+00:00
[2026-01-15T10:46:50.279+0000] {processor.py:183} INFO - Processing /home/airflow/.local/lib/python3.8/site-packages/airflow/example_dags/example_skip_dag.py took 0.184 seconds
[2026-01-15T10:47:20.593+0000] {processor.py:161} INFO - Started process (PID=171) to work on /home/airflow/.local/lib/python3.8/site-packages/airflow/example_dags/example_skip_dag.py
[2026-01-15T10:47:20.595+0000] {processor.py:830} INFO - Processing file /home/airflow/.local/lib/python3.8/site-packages/airflow/example_dags/example_skip_dag.py for tasks to queue
[2026-01-15T10:47:20.598+0000] {logging_mixin.py:188} INFO - [2026-01-15T10:47:20.597+0000] {dagbag.py:538} INFO - Filling up the DagBag from /home/airflow/.local/lib/python3.8/site-packages/airflow/example_dags/example_skip_dag.py
[2026-01-15T10:47:20.607+0000] {processor.py:840} INFO - DAG(s) 'example_skip_dag' retrieved from /home/airflow/.local/lib/python3.8/site-packages/airflow/example_dags/example_skip_dag.py
[2026-01-15T10:47:20.636+0000] {logging_mixin.py:188} INFO - [2026-01-15T10:47:20.635+0000] {dag.py:3036} INFO - Sync 1 DAGs
[2026-01-15T10:47:20.663+0000] {logging_mixin.py:188} INFO - [2026-01-15T10:47:20.662+0000] {dag.py:3823} INFO - Setting next_dagrun for example_skip_dag to 2026-01-14 00:00:00+00:00, run_after=2026-01-15 00:00:00+00:00
[2026-01-15T10:47:20.687+0000] {processor.py:183} INFO - Processing /home/airflow/.local/lib/python3.8/site-packages/airflow/example_dags/example_skip_dag.py took 0.098 seconds
[2026-01-15T10:47:51.056+0000] {processor.py:161} INFO - Started process (PID=226) to work on /home/airflow/.local/lib/python3.8/site-packages/airflow/example_dags/example_skip_dag.py
[2026-01-15T10:47:51.057+0000] {processor.py:830} INFO - Processing file /home/airflow/.local/lib/python3.8/site-packages/airflow/example_dags/example_skip_dag.py for tasks to queue
[2026-01-15T10:47:51.060+0000] {logging_mixin.py:188} INFO - [2026-01-15T10:47:51.060+0000] {dagbag.py:538} INFO - Filling up the DagBag from /home/airflow/.local/lib/python3.8/site-packages/airflow/example_dags/example_skip_dag.py
[2026-01-15T10:47:51.069+0000] {processor.py:840} INFO - DAG(s) 'example_skip_dag' retrieved from /home/airflow/.local/lib/python3.8/site-packages/airflow/example_dags/example_skip_dag.py
[2026-01-15T10:47:51.102+0000] {logging_mixin.py:188} INFO - [2026-01-15T10:47:51.102+0000] {dag.py:3036} INFO - Sync 1 DAGs
[2026-01-15T10:47:51.131+0000] {logging_mixin.py:188} INFO - [2026-01-15T10:47:51.131+0000] {dag.py:3823} INFO - Setting next_dagrun for example_skip_dag to 2026-01-14 00:00:00+00:00, run_after=2026-01-15 00:00:00+00:00
[2026-01-15T10:47:51.159+0000] {processor.py:183} INFO - Processing /home/airflow/.local/lib/python3.8/site-packages/airflow/example_dags/example_skip_dag.py took 0.108 seconds
[2026-01-15T10:48:21.571+0000] {processor.py:161} INFO - Started process (PID=281) to work on /home/airflow/.local/lib/python3.8/site-packages/airflow/example_dags/example_skip_dag.py
[2026-01-15T10:48:21.573+0000] {processor.py:830} INFO - Processing file /home/airflow/.local/lib/python3.8/site-packages/airflow/example_dags/example_skip_dag.py for tasks to queue
[2026-01-15T10:48:21.577+0000] {logging_mixin.py:188} INFO - [2026-01-15T10:48:21.576+0000] {dagbag.py:538} INFO - Filling up the DagBag from /home/airflow/.local/lib/python3.8/site-packages/airflow/example_dags/example_skip_dag.py
[2026-01-15T10:48:21.588+0000] {processor.py:840} INFO - DAG(s) 'example_skip_dag' retrieved from /home/airflow/.local/lib/python3.8/site-packages/airflow/example_dags/example_skip_dag.py
[2026-01-15T10:48:21.630+0000] {logging_mixin.py:188} INFO - [2026-01-15T10:48:21.630+0000] {dag.py:3036} INFO - Sync 1 DAGs
[2026-01-15T10:48:21.664+0000] {logging_mixin.py:188} INFO - [2026-01-15T10:48:21.663+0000] {dag.py:3823} INFO - Setting next_dagrun for example_skip_dag to 2026-01-14 00:00:00+00:00, run_after=2026-01-15 00:00:00+00:00
[2026-01-15T10:48:21.700+0000] {processor.py:183} INFO - Processing /home/airflow/.local/lib/python3.8/site-packages/airflow/example_dags/example_skip_dag.py took 0.135 seconds
[2026-01-15T10:51:07.195+0000] {processor.py:161} INFO - Started process (PID=60) to work on /home/airflow/.local/lib/python3.8/site-packages/airflow/example_dags/example_skip_dag.py
[2026-01-15T10:51:07.197+0000] {processor.py:830} INFO - Processing file /home/airflow/.local/lib/python3.8/site-packages/airflow/example_dags/example_skip_dag.py for tasks to queue
[2026-01-15T10:51:07.200+0000] {logging_mixin.py:188} INFO - [2026-01-15T10:51:07.200+0000] {dagbag.py:538} INFO - Filling up the DagBag from /home/airflow/.local/lib/python3.8/site-packages/airflow/example_dags/example_skip_dag.py
[2026-01-15T10:51:07.216+0000] {processor.py:840} INFO - DAG(s) 'example_skip_dag' retrieved from /home/airflow/.local/lib/python3.8/site-packages/airflow/example_dags/example_skip_dag.py
[2026-01-15T10:51:07.241+0000] {logging_mixin.py:188} INFO - [2026-01-15T10:51:07.241+0000] {dag.py:3036} INFO - Sync 1 DAGs
[2026-01-15T10:51:07.275+0000] {logging_mixin.py:188} INFO - [2026-01-15T10:51:07.274+0000] {dag.py:3823} INFO - Setting next_dagrun for example_skip_dag to 2026-01-14 00:00:00+00:00, run_after=2026-01-15 00:00:00+00:00
[2026-01-15T10:51:07.331+0000] {processor.py:183} INFO - Processing /home/airflow/.local/lib/python3.8/site-packages/airflow/example_dags/example_skip_dag.py took 0.144 seconds
[2026-01-15T10:51:38.149+0000] {processor.py:161} INFO - Started process (PID=115) to work on /home/airflow/.local/lib/python3.8/site-packages/airflow/example_dags/example_skip_dag.py
[2026-01-15T10:51:38.150+0000] {processor.py:830} INFO - Processing file /home/airflow/.local/lib/python3.8/site-packages/airflow/example_dags/example_skip_dag.py for tasks to queue
[2026-01-15T10:51:38.154+0000] {logging_mixin.py:188} INFO - [2026-01-15T10:51:38.153+0000] {dagbag.py:538} INFO - Filling up the DagBag from /home/airflow/.local/lib/python3.8/site-packages/airflow/example_dags/example_skip_dag.py
[2026-01-15T10:51:38.167+0000] {processor.py:840} INFO - DAG(s) 'example_skip_dag' retrieved from /home/airflow/.local/lib/python3.8/site-packages/airflow/example_dags/example_skip_dag.py
[2026-01-15T10:51:38.303+0000] {logging_mixin.py:188} INFO - [2026-01-15T10:51:38.302+0000] {dag.py:3036} INFO - Sync 1 DAGs
[2026-01-15T10:51:38.329+0000] {logging_mixin.py:188} INFO - [2026-01-15T10:51:38.329+0000] {dag.py:3823} INFO - Setting next_dagrun for example_skip_dag to 2026-01-14 00:00:00+00:00, run_after=2026-01-15 00:00:00+00:00
[2026-01-15T10:51:38.394+0000] {processor.py:183} INFO - Processing /home/airflow/.local/lib/python3.8/site-packages/airflow/example_dags/example_skip_dag.py took 0.251 seconds
