[2026-01-15T10:40:27.815+0000] {processor.py:161} INFO - Started process (PID=62) to work on /home/airflow/.local/lib/python3.8/site-packages/airflow/example_dags/example_sensor_decorator.py
[2026-01-15T10:40:27.817+0000] {processor.py:830} INFO - Processing file /home/airflow/.local/lib/python3.8/site-packages/airflow/example_dags/example_sensor_decorator.py for tasks to queue
[2026-01-15T10:40:27.821+0000] {logging_mixin.py:188} INFO - [2026-01-15T10:40:27.820+0000] {dagbag.py:538} INFO - Filling up the DagBag from /home/airflow/.local/lib/python3.8/site-packages/airflow/example_dags/example_sensor_decorator.py
[2026-01-15T10:40:27.837+0000] {processor.py:840} INFO - DAG(s) 'example_sensor_decorator' retrieved from /home/airflow/.local/lib/python3.8/site-packages/airflow/example_dags/example_sensor_decorator.py
[2026-01-15T10:40:27.863+0000] {logging_mixin.py:188} INFO - [2026-01-15T10:40:27.862+0000] {dag.py:3036} INFO - Sync 1 DAGs
[2026-01-15T10:40:27.883+0000] {logging_mixin.py:188} INFO - [2026-01-15T10:40:27.883+0000] {dag.py:3823} INFO - Setting next_dagrun for example_sensor_decorator to None, run_after=None
[2026-01-15T10:40:27.919+0000] {processor.py:183} INFO - Processing /home/airflow/.local/lib/python3.8/site-packages/airflow/example_dags/example_sensor_decorator.py took 0.109 seconds
[2026-01-15T10:40:59.117+0000] {processor.py:161} INFO - Started process (PID=117) to work on /home/airflow/.local/lib/python3.8/site-packages/airflow/example_dags/example_sensor_decorator.py
[2026-01-15T10:40:59.118+0000] {processor.py:830} INFO - Processing file /home/airflow/.local/lib/python3.8/site-packages/airflow/example_dags/example_sensor_decorator.py for tasks to queue
[2026-01-15T10:40:59.121+0000] {logging_mixin.py:188} INFO - [2026-01-15T10:40:59.120+0000] {dagbag.py:538} INFO - Filling up the DagBag from /home/airflow/.local/lib/python3.8/site-packages/airflow/example_dags/example_sensor_decorator.py
[2026-01-15T10:40:59.130+0000] {processor.py:840} INFO - DAG(s) 'example_sensor_decorator' retrieved from /home/airflow/.local/lib/python3.8/site-packages/airflow/example_dags/example_sensor_decorator.py
[2026-01-15T10:40:59.255+0000] {logging_mixin.py:188} INFO - [2026-01-15T10:40:59.255+0000] {dag.py:3036} INFO - Sync 1 DAGs
[2026-01-15T10:40:59.269+0000] {logging_mixin.py:188} INFO - [2026-01-15T10:40:59.268+0000] {dag.py:3823} INFO - Setting next_dagrun for example_sensor_decorator to None, run_after=None
[2026-01-15T10:40:59.301+0000] {processor.py:183} INFO - Processing /home/airflow/.local/lib/python3.8/site-packages/airflow/example_dags/example_sensor_decorator.py took 0.190 seconds
[2026-01-15T10:41:30.168+0000] {processor.py:161} INFO - Started process (PID=172) to work on /home/airflow/.local/lib/python3.8/site-packages/airflow/example_dags/example_sensor_decorator.py
[2026-01-15T10:41:30.169+0000] {processor.py:830} INFO - Processing file /home/airflow/.local/lib/python3.8/site-packages/airflow/example_dags/example_sensor_decorator.py for tasks to queue
[2026-01-15T10:41:30.172+0000] {logging_mixin.py:188} INFO - [2026-01-15T10:41:30.172+0000] {dagbag.py:538} INFO - Filling up the DagBag from /home/airflow/.local/lib/python3.8/site-packages/airflow/example_dags/example_sensor_decorator.py
[2026-01-15T10:41:30.179+0000] {processor.py:840} INFO - DAG(s) 'example_sensor_decorator' retrieved from /home/airflow/.local/lib/python3.8/site-packages/airflow/example_dags/example_sensor_decorator.py
[2026-01-15T10:41:30.209+0000] {logging_mixin.py:188} INFO - [2026-01-15T10:41:30.208+0000] {dag.py:3036} INFO - Sync 1 DAGs
[2026-01-15T10:41:30.224+0000] {logging_mixin.py:188} INFO - [2026-01-15T10:41:30.224+0000] {dag.py:3823} INFO - Setting next_dagrun for example_sensor_decorator to None, run_after=None
[2026-01-15T10:41:30.247+0000] {processor.py:183} INFO - Processing /home/airflow/.local/lib/python3.8/site-packages/airflow/example_dags/example_sensor_decorator.py took 0.083 seconds
[2026-01-15T10:42:00.439+0000] {processor.py:161} INFO - Started process (PID=228) to work on /home/airflow/.local/lib/python3.8/site-packages/airflow/example_dags/example_sensor_decorator.py
[2026-01-15T10:42:00.441+0000] {processor.py:830} INFO - Processing file /home/airflow/.local/lib/python3.8/site-packages/airflow/example_dags/example_sensor_decorator.py for tasks to queue
[2026-01-15T10:42:00.443+0000] {logging_mixin.py:188} INFO - [2026-01-15T10:42:00.443+0000] {dagbag.py:538} INFO - Filling up the DagBag from /home/airflow/.local/lib/python3.8/site-packages/airflow/example_dags/example_sensor_decorator.py
[2026-01-15T10:42:00.451+0000] {processor.py:840} INFO - DAG(s) 'example_sensor_decorator' retrieved from /home/airflow/.local/lib/python3.8/site-packages/airflow/example_dags/example_sensor_decorator.py
[2026-01-15T10:42:00.479+0000] {logging_mixin.py:188} INFO - [2026-01-15T10:42:00.479+0000] {dag.py:3036} INFO - Sync 1 DAGs
[2026-01-15T10:42:00.493+0000] {logging_mixin.py:188} INFO - [2026-01-15T10:42:00.493+0000] {dag.py:3823} INFO - Setting next_dagrun for example_sensor_decorator to None, run_after=None
[2026-01-15T10:42:00.516+0000] {processor.py:183} INFO - Processing /home/airflow/.local/lib/python3.8/site-packages/airflow/example_dags/example_sensor_decorator.py took 0.081 seconds
[2026-01-15T10:42:30.671+0000] {processor.py:161} INFO - Started process (PID=283) to work on /home/airflow/.local/lib/python3.8/site-packages/airflow/example_dags/example_sensor_decorator.py
[2026-01-15T10:42:30.673+0000] {processor.py:830} INFO - Processing file /home/airflow/.local/lib/python3.8/site-packages/airflow/example_dags/example_sensor_decorator.py for tasks to queue
[2026-01-15T10:42:30.676+0000] {logging_mixin.py:188} INFO - [2026-01-15T10:42:30.675+0000] {dagbag.py:538} INFO - Filling up the DagBag from /home/airflow/.local/lib/python3.8/site-packages/airflow/example_dags/example_sensor_decorator.py
[2026-01-15T10:42:30.683+0000] {processor.py:840} INFO - DAG(s) 'example_sensor_decorator' retrieved from /home/airflow/.local/lib/python3.8/site-packages/airflow/example_dags/example_sensor_decorator.py
[2026-01-15T10:42:30.714+0000] {logging_mixin.py:188} INFO - [2026-01-15T10:42:30.713+0000] {dag.py:3036} INFO - Sync 1 DAGs
[2026-01-15T10:42:30.729+0000] {logging_mixin.py:188} INFO - [2026-01-15T10:42:30.729+0000] {dag.py:3823} INFO - Setting next_dagrun for example_sensor_decorator to None, run_after=None
[2026-01-15T10:42:30.755+0000] {processor.py:183} INFO - Processing /home/airflow/.local/lib/python3.8/site-packages/airflow/example_dags/example_sensor_decorator.py took 0.088 seconds
[2026-01-15T10:43:00.805+0000] {processor.py:161} INFO - Started process (PID=338) to work on /home/airflow/.local/lib/python3.8/site-packages/airflow/example_dags/example_sensor_decorator.py
[2026-01-15T10:43:00.807+0000] {processor.py:830} INFO - Processing file /home/airflow/.local/lib/python3.8/site-packages/airflow/example_dags/example_sensor_decorator.py for tasks to queue
[2026-01-15T10:43:00.810+0000] {logging_mixin.py:188} INFO - [2026-01-15T10:43:00.810+0000] {dagbag.py:538} INFO - Filling up the DagBag from /home/airflow/.local/lib/python3.8/site-packages/airflow/example_dags/example_sensor_decorator.py
[2026-01-15T10:43:00.821+0000] {processor.py:840} INFO - DAG(s) 'example_sensor_decorator' retrieved from /home/airflow/.local/lib/python3.8/site-packages/airflow/example_dags/example_sensor_decorator.py
[2026-01-15T10:43:00.860+0000] {logging_mixin.py:188} INFO - [2026-01-15T10:43:00.860+0000] {dag.py:3036} INFO - Sync 1 DAGs
[2026-01-15T10:43:00.877+0000] {logging_mixin.py:188} INFO - [2026-01-15T10:43:00.877+0000] {dag.py:3823} INFO - Setting next_dagrun for example_sensor_decorator to None, run_after=None
[2026-01-15T10:43:00.911+0000] {processor.py:183} INFO - Processing /home/airflow/.local/lib/python3.8/site-packages/airflow/example_dags/example_sensor_decorator.py took 0.110 seconds
[2026-01-15T10:43:31.423+0000] {processor.py:161} INFO - Started process (PID=393) to work on /home/airflow/.local/lib/python3.8/site-packages/airflow/example_dags/example_sensor_decorator.py
[2026-01-15T10:43:31.425+0000] {processor.py:830} INFO - Processing file /home/airflow/.local/lib/python3.8/site-packages/airflow/example_dags/example_sensor_decorator.py for tasks to queue
[2026-01-15T10:43:31.428+0000] {logging_mixin.py:188} INFO - [2026-01-15T10:43:31.428+0000] {dagbag.py:538} INFO - Filling up the DagBag from /home/airflow/.local/lib/python3.8/site-packages/airflow/example_dags/example_sensor_decorator.py
[2026-01-15T10:43:31.437+0000] {processor.py:840} INFO - DAG(s) 'example_sensor_decorator' retrieved from /home/airflow/.local/lib/python3.8/site-packages/airflow/example_dags/example_sensor_decorator.py
[2026-01-15T10:43:31.468+0000] {logging_mixin.py:188} INFO - [2026-01-15T10:43:31.468+0000] {dag.py:3036} INFO - Sync 1 DAGs
[2026-01-15T10:43:31.485+0000] {logging_mixin.py:188} INFO - [2026-01-15T10:43:31.485+0000] {dag.py:3823} INFO - Setting next_dagrun for example_sensor_decorator to None, run_after=None
[2026-01-15T10:43:31.517+0000] {processor.py:183} INFO - Processing /home/airflow/.local/lib/python3.8/site-packages/airflow/example_dags/example_sensor_decorator.py took 0.098 seconds
[2026-01-15T10:44:02.007+0000] {processor.py:161} INFO - Started process (PID=448) to work on /home/airflow/.local/lib/python3.8/site-packages/airflow/example_dags/example_sensor_decorator.py
[2026-01-15T10:44:02.009+0000] {processor.py:830} INFO - Processing file /home/airflow/.local/lib/python3.8/site-packages/airflow/example_dags/example_sensor_decorator.py for tasks to queue
[2026-01-15T10:44:02.013+0000] {logging_mixin.py:188} INFO - [2026-01-15T10:44:02.012+0000] {dagbag.py:538} INFO - Filling up the DagBag from /home/airflow/.local/lib/python3.8/site-packages/airflow/example_dags/example_sensor_decorator.py
[2026-01-15T10:44:02.022+0000] {processor.py:840} INFO - DAG(s) 'example_sensor_decorator' retrieved from /home/airflow/.local/lib/python3.8/site-packages/airflow/example_dags/example_sensor_decorator.py
[2026-01-15T10:44:02.054+0000] {logging_mixin.py:188} INFO - [2026-01-15T10:44:02.054+0000] {dag.py:3036} INFO - Sync 1 DAGs
[2026-01-15T10:44:02.070+0000] {logging_mixin.py:188} INFO - [2026-01-15T10:44:02.069+0000] {dag.py:3823} INFO - Setting next_dagrun for example_sensor_decorator to None, run_after=None
[2026-01-15T10:44:02.096+0000] {processor.py:183} INFO - Processing /home/airflow/.local/lib/python3.8/site-packages/airflow/example_dags/example_sensor_decorator.py took 0.094 seconds
[2026-01-15T10:44:32.487+0000] {processor.py:161} INFO - Started process (PID=503) to work on /home/airflow/.local/lib/python3.8/site-packages/airflow/example_dags/example_sensor_decorator.py
[2026-01-15T10:44:32.488+0000] {processor.py:830} INFO - Processing file /home/airflow/.local/lib/python3.8/site-packages/airflow/example_dags/example_sensor_decorator.py for tasks to queue
[2026-01-15T10:44:32.492+0000] {logging_mixin.py:188} INFO - [2026-01-15T10:44:32.491+0000] {dagbag.py:538} INFO - Filling up the DagBag from /home/airflow/.local/lib/python3.8/site-packages/airflow/example_dags/example_sensor_decorator.py
[2026-01-15T10:44:32.501+0000] {processor.py:840} INFO - DAG(s) 'example_sensor_decorator' retrieved from /home/airflow/.local/lib/python3.8/site-packages/airflow/example_dags/example_sensor_decorator.py
[2026-01-15T10:44:32.529+0000] {logging_mixin.py:188} INFO - [2026-01-15T10:44:32.529+0000] {dag.py:3036} INFO - Sync 1 DAGs
[2026-01-15T10:44:32.543+0000] {logging_mixin.py:188} INFO - [2026-01-15T10:44:32.543+0000] {dag.py:3823} INFO - Setting next_dagrun for example_sensor_decorator to None, run_after=None
[2026-01-15T10:44:32.567+0000] {processor.py:183} INFO - Processing /home/airflow/.local/lib/python3.8/site-packages/airflow/example_dags/example_sensor_decorator.py took 0.085 seconds
[2026-01-15T10:45:02.696+0000] {processor.py:161} INFO - Started process (PID=558) to work on /home/airflow/.local/lib/python3.8/site-packages/airflow/example_dags/example_sensor_decorator.py
[2026-01-15T10:45:02.698+0000] {processor.py:830} INFO - Processing file /home/airflow/.local/lib/python3.8/site-packages/airflow/example_dags/example_sensor_decorator.py for tasks to queue
[2026-01-15T10:45:02.701+0000] {logging_mixin.py:188} INFO - [2026-01-15T10:45:02.701+0000] {dagbag.py:538} INFO - Filling up the DagBag from /home/airflow/.local/lib/python3.8/site-packages/airflow/example_dags/example_sensor_decorator.py
[2026-01-15T10:45:02.710+0000] {processor.py:840} INFO - DAG(s) 'example_sensor_decorator' retrieved from /home/airflow/.local/lib/python3.8/site-packages/airflow/example_dags/example_sensor_decorator.py
[2026-01-15T10:45:02.741+0000] {logging_mixin.py:188} INFO - [2026-01-15T10:45:02.741+0000] {dag.py:3036} INFO - Sync 1 DAGs
[2026-01-15T10:45:02.757+0000] {logging_mixin.py:188} INFO - [2026-01-15T10:45:02.757+0000] {dag.py:3823} INFO - Setting next_dagrun for example_sensor_decorator to None, run_after=None
[2026-01-15T10:45:02.787+0000] {processor.py:183} INFO - Processing /home/airflow/.local/lib/python3.8/site-packages/airflow/example_dags/example_sensor_decorator.py took 0.095 seconds
[2026-01-15T10:46:19.552+0000] {processor.py:161} INFO - Started process (PID=57) to work on /home/airflow/.local/lib/python3.8/site-packages/airflow/example_dags/example_sensor_decorator.py
[2026-01-15T10:46:19.554+0000] {processor.py:830} INFO - Processing file /home/airflow/.local/lib/python3.8/site-packages/airflow/example_dags/example_sensor_decorator.py for tasks to queue
[2026-01-15T10:46:19.557+0000] {logging_mixin.py:188} INFO - [2026-01-15T10:46:19.557+0000] {dagbag.py:538} INFO - Filling up the DagBag from /home/airflow/.local/lib/python3.8/site-packages/airflow/example_dags/example_sensor_decorator.py
[2026-01-15T10:46:19.570+0000] {processor.py:840} INFO - DAG(s) 'example_sensor_decorator' retrieved from /home/airflow/.local/lib/python3.8/site-packages/airflow/example_dags/example_sensor_decorator.py
[2026-01-15T10:46:19.591+0000] {logging_mixin.py:188} INFO - [2026-01-15T10:46:19.591+0000] {dag.py:3036} INFO - Sync 1 DAGs
[2026-01-15T10:46:19.612+0000] {logging_mixin.py:188} INFO - [2026-01-15T10:46:19.612+0000] {dag.py:3823} INFO - Setting next_dagrun for example_sensor_decorator to None, run_after=None
[2026-01-15T10:46:19.690+0000] {processor.py:183} INFO - Processing /home/airflow/.local/lib/python3.8/site-packages/airflow/example_dags/example_sensor_decorator.py took 0.144 seconds
[2026-01-15T10:46:50.227+0000] {processor.py:161} INFO - Started process (PID=117) to work on /home/airflow/.local/lib/python3.8/site-packages/airflow/example_dags/example_sensor_decorator.py
[2026-01-15T10:46:50.228+0000] {processor.py:830} INFO - Processing file /home/airflow/.local/lib/python3.8/site-packages/airflow/example_dags/example_sensor_decorator.py for tasks to queue
[2026-01-15T10:46:50.231+0000] {logging_mixin.py:188} INFO - [2026-01-15T10:46:50.231+0000] {dagbag.py:538} INFO - Filling up the DagBag from /home/airflow/.local/lib/python3.8/site-packages/airflow/example_dags/example_sensor_decorator.py
[2026-01-15T10:46:50.240+0000] {processor.py:840} INFO - DAG(s) 'example_sensor_decorator' retrieved from /home/airflow/.local/lib/python3.8/site-packages/airflow/example_dags/example_sensor_decorator.py
[2026-01-15T10:46:50.363+0000] {logging_mixin.py:188} INFO - [2026-01-15T10:46:50.363+0000] {dag.py:3036} INFO - Sync 1 DAGs
[2026-01-15T10:46:50.376+0000] {logging_mixin.py:188} INFO - [2026-01-15T10:46:50.376+0000] {dag.py:3823} INFO - Setting next_dagrun for example_sensor_decorator to None, run_after=None
[2026-01-15T10:46:50.404+0000] {processor.py:183} INFO - Processing /home/airflow/.local/lib/python3.8/site-packages/airflow/example_dags/example_sensor_decorator.py took 0.181 seconds
[2026-01-15T10:47:20.729+0000] {processor.py:161} INFO - Started process (PID=173) to work on /home/airflow/.local/lib/python3.8/site-packages/airflow/example_dags/example_sensor_decorator.py
[2026-01-15T10:47:20.730+0000] {processor.py:830} INFO - Processing file /home/airflow/.local/lib/python3.8/site-packages/airflow/example_dags/example_sensor_decorator.py for tasks to queue
[2026-01-15T10:47:20.733+0000] {logging_mixin.py:188} INFO - [2026-01-15T10:47:20.733+0000] {dagbag.py:538} INFO - Filling up the DagBag from /home/airflow/.local/lib/python3.8/site-packages/airflow/example_dags/example_sensor_decorator.py
[2026-01-15T10:47:20.741+0000] {processor.py:840} INFO - DAG(s) 'example_sensor_decorator' retrieved from /home/airflow/.local/lib/python3.8/site-packages/airflow/example_dags/example_sensor_decorator.py
[2026-01-15T10:47:20.770+0000] {logging_mixin.py:188} INFO - [2026-01-15T10:47:20.770+0000] {dag.py:3036} INFO - Sync 1 DAGs
[2026-01-15T10:47:20.785+0000] {logging_mixin.py:188} INFO - [2026-01-15T10:47:20.785+0000] {dag.py:3823} INFO - Setting next_dagrun for example_sensor_decorator to None, run_after=None
[2026-01-15T10:47:20.812+0000] {processor.py:183} INFO - Processing /home/airflow/.local/lib/python3.8/site-packages/airflow/example_dags/example_sensor_decorator.py took 0.087 seconds
[2026-01-15T10:47:51.201+0000] {processor.py:161} INFO - Started process (PID=228) to work on /home/airflow/.local/lib/python3.8/site-packages/airflow/example_dags/example_sensor_decorator.py
[2026-01-15T10:47:51.203+0000] {processor.py:830} INFO - Processing file /home/airflow/.local/lib/python3.8/site-packages/airflow/example_dags/example_sensor_decorator.py for tasks to queue
[2026-01-15T10:47:51.206+0000] {logging_mixin.py:188} INFO - [2026-01-15T10:47:51.205+0000] {dagbag.py:538} INFO - Filling up the DagBag from /home/airflow/.local/lib/python3.8/site-packages/airflow/example_dags/example_sensor_decorator.py
[2026-01-15T10:47:51.214+0000] {processor.py:840} INFO - DAG(s) 'example_sensor_decorator' retrieved from /home/airflow/.local/lib/python3.8/site-packages/airflow/example_dags/example_sensor_decorator.py
[2026-01-15T10:47:51.244+0000] {logging_mixin.py:188} INFO - [2026-01-15T10:47:51.244+0000] {dag.py:3036} INFO - Sync 1 DAGs
[2026-01-15T10:47:51.259+0000] {logging_mixin.py:188} INFO - [2026-01-15T10:47:51.259+0000] {dag.py:3823} INFO - Setting next_dagrun for example_sensor_decorator to None, run_after=None
[2026-01-15T10:47:51.286+0000] {processor.py:183} INFO - Processing /home/airflow/.local/lib/python3.8/site-packages/airflow/example_dags/example_sensor_decorator.py took 0.089 seconds
[2026-01-15T10:48:21.750+0000] {processor.py:161} INFO - Started process (PID=283) to work on /home/airflow/.local/lib/python3.8/site-packages/airflow/example_dags/example_sensor_decorator.py
[2026-01-15T10:48:21.752+0000] {processor.py:830} INFO - Processing file /home/airflow/.local/lib/python3.8/site-packages/airflow/example_dags/example_sensor_decorator.py for tasks to queue
[2026-01-15T10:48:21.755+0000] {logging_mixin.py:188} INFO - [2026-01-15T10:48:21.754+0000] {dagbag.py:538} INFO - Filling up the DagBag from /home/airflow/.local/lib/python3.8/site-packages/airflow/example_dags/example_sensor_decorator.py
[2026-01-15T10:48:21.765+0000] {processor.py:840} INFO - DAG(s) 'example_sensor_decorator' retrieved from /home/airflow/.local/lib/python3.8/site-packages/airflow/example_dags/example_sensor_decorator.py
[2026-01-15T10:48:21.795+0000] {logging_mixin.py:188} INFO - [2026-01-15T10:48:21.795+0000] {dag.py:3036} INFO - Sync 1 DAGs
[2026-01-15T10:48:21.821+0000] {logging_mixin.py:188} INFO - [2026-01-15T10:48:21.821+0000] {dag.py:3823} INFO - Setting next_dagrun for example_sensor_decorator to None, run_after=None
[2026-01-15T10:48:21.859+0000] {processor.py:183} INFO - Processing /home/airflow/.local/lib/python3.8/site-packages/airflow/example_dags/example_sensor_decorator.py took 0.114 seconds
[2026-01-15T10:51:07.380+0000] {processor.py:161} INFO - Started process (PID=62) to work on /home/airflow/.local/lib/python3.8/site-packages/airflow/example_dags/example_sensor_decorator.py
[2026-01-15T10:51:07.382+0000] {processor.py:830} INFO - Processing file /home/airflow/.local/lib/python3.8/site-packages/airflow/example_dags/example_sensor_decorator.py for tasks to queue
[2026-01-15T10:51:07.386+0000] {logging_mixin.py:188} INFO - [2026-01-15T10:51:07.385+0000] {dagbag.py:538} INFO - Filling up the DagBag from /home/airflow/.local/lib/python3.8/site-packages/airflow/example_dags/example_sensor_decorator.py
[2026-01-15T10:51:07.406+0000] {processor.py:840} INFO - DAG(s) 'example_sensor_decorator' retrieved from /home/airflow/.local/lib/python3.8/site-packages/airflow/example_dags/example_sensor_decorator.py
[2026-01-15T10:51:07.432+0000] {logging_mixin.py:188} INFO - [2026-01-15T10:51:07.432+0000] {dag.py:3036} INFO - Sync 1 DAGs
[2026-01-15T10:51:07.451+0000] {logging_mixin.py:188} INFO - [2026-01-15T10:51:07.450+0000] {dag.py:3823} INFO - Setting next_dagrun for example_sensor_decorator to None, run_after=None
[2026-01-15T10:51:07.504+0000] {processor.py:183} INFO - Processing /home/airflow/.local/lib/python3.8/site-packages/airflow/example_dags/example_sensor_decorator.py took 0.131 seconds
[2026-01-15T10:51:38.437+0000] {processor.py:161} INFO - Started process (PID=117) to work on /home/airflow/.local/lib/python3.8/site-packages/airflow/example_dags/example_sensor_decorator.py
[2026-01-15T10:51:38.438+0000] {processor.py:830} INFO - Processing file /home/airflow/.local/lib/python3.8/site-packages/airflow/example_dags/example_sensor_decorator.py for tasks to queue
[2026-01-15T10:51:38.442+0000] {logging_mixin.py:188} INFO - [2026-01-15T10:51:38.441+0000] {dagbag.py:538} INFO - Filling up the DagBag from /home/airflow/.local/lib/python3.8/site-packages/airflow/example_dags/example_sensor_decorator.py
[2026-01-15T10:51:38.450+0000] {processor.py:840} INFO - DAG(s) 'example_sensor_decorator' retrieved from /home/airflow/.local/lib/python3.8/site-packages/airflow/example_dags/example_sensor_decorator.py
[2026-01-15T10:51:38.583+0000] {logging_mixin.py:188} INFO - [2026-01-15T10:51:38.583+0000] {dag.py:3036} INFO - Sync 1 DAGs
[2026-01-15T10:51:38.597+0000] {logging_mixin.py:188} INFO - [2026-01-15T10:51:38.596+0000] {dag.py:3823} INFO - Setting next_dagrun for example_sensor_decorator to None, run_after=None
[2026-01-15T10:51:38.642+0000] {processor.py:183} INFO - Processing /home/airflow/.local/lib/python3.8/site-packages/airflow/example_dags/example_sensor_decorator.py took 0.210 seconds
