[2026-01-15T10:40:29.865+0000] {processor.py:161} INFO - Started process (PID=81) to work on /home/airflow/.local/lib/python3.8/site-packages/airflow/example_dags/example_branch_python_dop_operator_3.py
[2026-01-15T10:40:29.867+0000] {processor.py:830} INFO - Processing file /home/airflow/.local/lib/python3.8/site-packages/airflow/example_dags/example_branch_python_dop_operator_3.py for tasks to queue
[2026-01-15T10:40:29.870+0000] {logging_mixin.py:188} INFO - [2026-01-15T10:40:29.869+0000] {dagbag.py:538} INFO - Filling up the DagBag from /home/airflow/.local/lib/python3.8/site-packages/airflow/example_dags/example_branch_python_dop_operator_3.py
[2026-01-15T10:40:29.886+0000] {processor.py:840} INFO - DAG(s) 'example_branch_dop_operator_v3' retrieved from /home/airflow/.local/lib/python3.8/site-packages/airflow/example_dags/example_branch_python_dop_operator_3.py
[2026-01-15T10:40:29.912+0000] {logging_mixin.py:188} INFO - [2026-01-15T10:40:29.911+0000] {dag.py:3036} INFO - Sync 1 DAGs
[2026-01-15T10:40:29.954+0000] {logging_mixin.py:188} INFO - [2026-01-15T10:40:29.954+0000] {dag.py:3823} INFO - Setting next_dagrun for example_branch_dop_operator_v3 to 2026-01-15 10:39:00+00:00, run_after=2026-01-15 10:40:00+00:00
[2026-01-15T10:40:30.002+0000] {processor.py:183} INFO - Processing /home/airflow/.local/lib/python3.8/site-packages/airflow/example_dags/example_branch_python_dop_operator_3.py took 0.142 seconds
[2026-01-15T10:41:01.926+0000] {processor.py:161} INFO - Started process (PID=136) to work on /home/airflow/.local/lib/python3.8/site-packages/airflow/example_dags/example_branch_python_dop_operator_3.py
[2026-01-15T10:41:01.928+0000] {processor.py:830} INFO - Processing file /home/airflow/.local/lib/python3.8/site-packages/airflow/example_dags/example_branch_python_dop_operator_3.py for tasks to queue
[2026-01-15T10:41:01.931+0000] {logging_mixin.py:188} INFO - [2026-01-15T10:41:01.931+0000] {dagbag.py:538} INFO - Filling up the DagBag from /home/airflow/.local/lib/python3.8/site-packages/airflow/example_dags/example_branch_python_dop_operator_3.py
[2026-01-15T10:41:01.946+0000] {processor.py:840} INFO - DAG(s) 'example_branch_dop_operator_v3' retrieved from /home/airflow/.local/lib/python3.8/site-packages/airflow/example_dags/example_branch_python_dop_operator_3.py
[2026-01-15T10:41:02.150+0000] {logging_mixin.py:188} INFO - [2026-01-15T10:41:02.149+0000] {dag.py:3036} INFO - Sync 1 DAGs
[2026-01-15T10:41:02.188+0000] {logging_mixin.py:188} INFO - [2026-01-15T10:41:02.188+0000] {dag.py:3823} INFO - Setting next_dagrun for example_branch_dop_operator_v3 to 2026-01-15 10:40:00+00:00, run_after=2026-01-15 10:41:00+00:00
[2026-01-15T10:41:02.230+0000] {processor.py:183} INFO - Processing /home/airflow/.local/lib/python3.8/site-packages/airflow/example_dags/example_branch_python_dop_operator_3.py took 0.309 seconds
[2026-01-15T10:41:32.804+0000] {processor.py:161} INFO - Started process (PID=191) to work on /home/airflow/.local/lib/python3.8/site-packages/airflow/example_dags/example_branch_python_dop_operator_3.py
[2026-01-15T10:41:32.806+0000] {processor.py:830} INFO - Processing file /home/airflow/.local/lib/python3.8/site-packages/airflow/example_dags/example_branch_python_dop_operator_3.py for tasks to queue
[2026-01-15T10:41:32.809+0000] {logging_mixin.py:188} INFO - [2026-01-15T10:41:32.808+0000] {dagbag.py:538} INFO - Filling up the DagBag from /home/airflow/.local/lib/python3.8/site-packages/airflow/example_dags/example_branch_python_dop_operator_3.py
[2026-01-15T10:41:32.820+0000] {processor.py:840} INFO - DAG(s) 'example_branch_dop_operator_v3' retrieved from /home/airflow/.local/lib/python3.8/site-packages/airflow/example_dags/example_branch_python_dop_operator_3.py
[2026-01-15T10:41:32.849+0000] {logging_mixin.py:188} INFO - [2026-01-15T10:41:32.849+0000] {dag.py:3036} INFO - Sync 1 DAGs
[2026-01-15T10:41:32.876+0000] {logging_mixin.py:188} INFO - [2026-01-15T10:41:32.876+0000] {dag.py:3823} INFO - Setting next_dagrun for example_branch_dop_operator_v3 to 2026-01-15 10:40:00+00:00, run_after=2026-01-15 10:41:00+00:00
[2026-01-15T10:41:32.902+0000] {processor.py:183} INFO - Processing /home/airflow/.local/lib/python3.8/site-packages/airflow/example_dags/example_branch_python_dop_operator_3.py took 0.102 seconds
[2026-01-15T10:42:03.156+0000] {processor.py:161} INFO - Started process (PID=246) to work on /home/airflow/.local/lib/python3.8/site-packages/airflow/example_dags/example_branch_python_dop_operator_3.py
[2026-01-15T10:42:03.158+0000] {processor.py:830} INFO - Processing file /home/airflow/.local/lib/python3.8/site-packages/airflow/example_dags/example_branch_python_dop_operator_3.py for tasks to queue
[2026-01-15T10:42:03.161+0000] {logging_mixin.py:188} INFO - [2026-01-15T10:42:03.160+0000] {dagbag.py:538} INFO - Filling up the DagBag from /home/airflow/.local/lib/python3.8/site-packages/airflow/example_dags/example_branch_python_dop_operator_3.py
[2026-01-15T10:42:03.172+0000] {processor.py:840} INFO - DAG(s) 'example_branch_dop_operator_v3' retrieved from /home/airflow/.local/lib/python3.8/site-packages/airflow/example_dags/example_branch_python_dop_operator_3.py
[2026-01-15T10:42:03.204+0000] {logging_mixin.py:188} INFO - [2026-01-15T10:42:03.203+0000] {dag.py:3036} INFO - Sync 1 DAGs
[2026-01-15T10:42:03.236+0000] {logging_mixin.py:188} INFO - [2026-01-15T10:42:03.236+0000] {dag.py:3823} INFO - Setting next_dagrun for example_branch_dop_operator_v3 to 2026-01-15 10:41:00+00:00, run_after=2026-01-15 10:42:00+00:00
[2026-01-15T10:42:03.261+0000] {processor.py:183} INFO - Processing /home/airflow/.local/lib/python3.8/site-packages/airflow/example_dags/example_branch_python_dop_operator_3.py took 0.110 seconds
[2026-01-15T10:42:33.455+0000] {processor.py:161} INFO - Started process (PID=301) to work on /home/airflow/.local/lib/python3.8/site-packages/airflow/example_dags/example_branch_python_dop_operator_3.py
[2026-01-15T10:42:33.456+0000] {processor.py:830} INFO - Processing file /home/airflow/.local/lib/python3.8/site-packages/airflow/example_dags/example_branch_python_dop_operator_3.py for tasks to queue
[2026-01-15T10:42:33.459+0000] {logging_mixin.py:188} INFO - [2026-01-15T10:42:33.458+0000] {dagbag.py:538} INFO - Filling up the DagBag from /home/airflow/.local/lib/python3.8/site-packages/airflow/example_dags/example_branch_python_dop_operator_3.py
[2026-01-15T10:42:33.469+0000] {processor.py:840} INFO - DAG(s) 'example_branch_dop_operator_v3' retrieved from /home/airflow/.local/lib/python3.8/site-packages/airflow/example_dags/example_branch_python_dop_operator_3.py
[2026-01-15T10:42:33.498+0000] {logging_mixin.py:188} INFO - [2026-01-15T10:42:33.497+0000] {dag.py:3036} INFO - Sync 1 DAGs
[2026-01-15T10:42:33.528+0000] {logging_mixin.py:188} INFO - [2026-01-15T10:42:33.528+0000] {dag.py:3823} INFO - Setting next_dagrun for example_branch_dop_operator_v3 to 2026-01-15 10:41:00+00:00, run_after=2026-01-15 10:42:00+00:00
[2026-01-15T10:42:33.557+0000] {processor.py:183} INFO - Processing /home/airflow/.local/lib/python3.8/site-packages/airflow/example_dags/example_branch_python_dop_operator_3.py took 0.107 seconds
[2026-01-15T10:43:03.706+0000] {processor.py:161} INFO - Started process (PID=356) to work on /home/airflow/.local/lib/python3.8/site-packages/airflow/example_dags/example_branch_python_dop_operator_3.py
[2026-01-15T10:43:03.708+0000] {processor.py:830} INFO - Processing file /home/airflow/.local/lib/python3.8/site-packages/airflow/example_dags/example_branch_python_dop_operator_3.py for tasks to queue
[2026-01-15T10:43:03.710+0000] {logging_mixin.py:188} INFO - [2026-01-15T10:43:03.710+0000] {dagbag.py:538} INFO - Filling up the DagBag from /home/airflow/.local/lib/python3.8/site-packages/airflow/example_dags/example_branch_python_dop_operator_3.py
[2026-01-15T10:43:03.721+0000] {processor.py:840} INFO - DAG(s) 'example_branch_dop_operator_v3' retrieved from /home/airflow/.local/lib/python3.8/site-packages/airflow/example_dags/example_branch_python_dop_operator_3.py
[2026-01-15T10:43:03.751+0000] {logging_mixin.py:188} INFO - [2026-01-15T10:43:03.751+0000] {dag.py:3036} INFO - Sync 1 DAGs
[2026-01-15T10:43:03.780+0000] {logging_mixin.py:188} INFO - [2026-01-15T10:43:03.780+0000] {dag.py:3823} INFO - Setting next_dagrun for example_branch_dop_operator_v3 to 2026-01-15 10:42:00+00:00, run_after=2026-01-15 10:43:00+00:00
[2026-01-15T10:43:03.807+0000] {processor.py:183} INFO - Processing /home/airflow/.local/lib/python3.8/site-packages/airflow/example_dags/example_branch_python_dop_operator_3.py took 0.105 seconds
[2026-01-15T10:43:34.065+0000] {processor.py:161} INFO - Started process (PID=412) to work on /home/airflow/.local/lib/python3.8/site-packages/airflow/example_dags/example_branch_python_dop_operator_3.py
[2026-01-15T10:43:34.067+0000] {processor.py:830} INFO - Processing file /home/airflow/.local/lib/python3.8/site-packages/airflow/example_dags/example_branch_python_dop_operator_3.py for tasks to queue
[2026-01-15T10:43:34.069+0000] {logging_mixin.py:188} INFO - [2026-01-15T10:43:34.069+0000] {dagbag.py:538} INFO - Filling up the DagBag from /home/airflow/.local/lib/python3.8/site-packages/airflow/example_dags/example_branch_python_dop_operator_3.py
[2026-01-15T10:43:34.080+0000] {processor.py:840} INFO - DAG(s) 'example_branch_dop_operator_v3' retrieved from /home/airflow/.local/lib/python3.8/site-packages/airflow/example_dags/example_branch_python_dop_operator_3.py
[2026-01-15T10:43:34.107+0000] {logging_mixin.py:188} INFO - [2026-01-15T10:43:34.107+0000] {dag.py:3036} INFO - Sync 1 DAGs
[2026-01-15T10:43:34.134+0000] {logging_mixin.py:188} INFO - [2026-01-15T10:43:34.134+0000] {dag.py:3823} INFO - Setting next_dagrun for example_branch_dop_operator_v3 to 2026-01-15 10:42:00+00:00, run_after=2026-01-15 10:43:00+00:00
[2026-01-15T10:43:34.157+0000] {processor.py:183} INFO - Processing /home/airflow/.local/lib/python3.8/site-packages/airflow/example_dags/example_branch_python_dop_operator_3.py took 0.096 seconds
[2026-01-15T10:44:04.743+0000] {processor.py:161} INFO - Started process (PID=467) to work on /home/airflow/.local/lib/python3.8/site-packages/airflow/example_dags/example_branch_python_dop_operator_3.py
[2026-01-15T10:44:04.745+0000] {processor.py:830} INFO - Processing file /home/airflow/.local/lib/python3.8/site-packages/airflow/example_dags/example_branch_python_dop_operator_3.py for tasks to queue
[2026-01-15T10:44:04.748+0000] {logging_mixin.py:188} INFO - [2026-01-15T10:44:04.747+0000] {dagbag.py:538} INFO - Filling up the DagBag from /home/airflow/.local/lib/python3.8/site-packages/airflow/example_dags/example_branch_python_dop_operator_3.py
[2026-01-15T10:44:04.759+0000] {processor.py:840} INFO - DAG(s) 'example_branch_dop_operator_v3' retrieved from /home/airflow/.local/lib/python3.8/site-packages/airflow/example_dags/example_branch_python_dop_operator_3.py
[2026-01-15T10:44:04.790+0000] {logging_mixin.py:188} INFO - [2026-01-15T10:44:04.789+0000] {dag.py:3036} INFO - Sync 1 DAGs
[2026-01-15T10:44:04.821+0000] {logging_mixin.py:188} INFO - [2026-01-15T10:44:04.820+0000] {dag.py:3823} INFO - Setting next_dagrun for example_branch_dop_operator_v3 to 2026-01-15 10:43:00+00:00, run_after=2026-01-15 10:44:00+00:00
[2026-01-15T10:44:04.849+0000] {processor.py:183} INFO - Processing /home/airflow/.local/lib/python3.8/site-packages/airflow/example_dags/example_branch_python_dop_operator_3.py took 0.111 seconds
[2026-01-15T10:44:35.256+0000] {processor.py:161} INFO - Started process (PID=522) to work on /home/airflow/.local/lib/python3.8/site-packages/airflow/example_dags/example_branch_python_dop_operator_3.py
[2026-01-15T10:44:35.258+0000] {processor.py:830} INFO - Processing file /home/airflow/.local/lib/python3.8/site-packages/airflow/example_dags/example_branch_python_dop_operator_3.py for tasks to queue
[2026-01-15T10:44:35.261+0000] {logging_mixin.py:188} INFO - [2026-01-15T10:44:35.260+0000] {dagbag.py:538} INFO - Filling up the DagBag from /home/airflow/.local/lib/python3.8/site-packages/airflow/example_dags/example_branch_python_dop_operator_3.py
[2026-01-15T10:44:35.272+0000] {processor.py:840} INFO - DAG(s) 'example_branch_dop_operator_v3' retrieved from /home/airflow/.local/lib/python3.8/site-packages/airflow/example_dags/example_branch_python_dop_operator_3.py
[2026-01-15T10:44:35.301+0000] {logging_mixin.py:188} INFO - [2026-01-15T10:44:35.301+0000] {dag.py:3036} INFO - Sync 1 DAGs
[2026-01-15T10:44:35.330+0000] {logging_mixin.py:188} INFO - [2026-01-15T10:44:35.330+0000] {dag.py:3823} INFO - Setting next_dagrun for example_branch_dop_operator_v3 to 2026-01-15 10:43:00+00:00, run_after=2026-01-15 10:44:00+00:00
[2026-01-15T10:44:35.353+0000] {processor.py:183} INFO - Processing /home/airflow/.local/lib/python3.8/site-packages/airflow/example_dags/example_branch_python_dop_operator_3.py took 0.101 seconds
[2026-01-15T10:45:05.533+0000] {processor.py:161} INFO - Started process (PID=577) to work on /home/airflow/.local/lib/python3.8/site-packages/airflow/example_dags/example_branch_python_dop_operator_3.py
[2026-01-15T10:45:05.534+0000] {processor.py:830} INFO - Processing file /home/airflow/.local/lib/python3.8/site-packages/airflow/example_dags/example_branch_python_dop_operator_3.py for tasks to queue
[2026-01-15T10:45:05.537+0000] {logging_mixin.py:188} INFO - [2026-01-15T10:45:05.537+0000] {dagbag.py:538} INFO - Filling up the DagBag from /home/airflow/.local/lib/python3.8/site-packages/airflow/example_dags/example_branch_python_dop_operator_3.py
[2026-01-15T10:45:05.549+0000] {processor.py:840} INFO - DAG(s) 'example_branch_dop_operator_v3' retrieved from /home/airflow/.local/lib/python3.8/site-packages/airflow/example_dags/example_branch_python_dop_operator_3.py
[2026-01-15T10:45:05.580+0000] {logging_mixin.py:188} INFO - [2026-01-15T10:45:05.580+0000] {dag.py:3036} INFO - Sync 1 DAGs
[2026-01-15T10:45:05.608+0000] {logging_mixin.py:188} INFO - [2026-01-15T10:45:05.607+0000] {dag.py:3823} INFO - Setting next_dagrun for example_branch_dop_operator_v3 to 2026-01-15 10:44:00+00:00, run_after=2026-01-15 10:45:00+00:00
[2026-01-15T10:45:05.632+0000] {processor.py:183} INFO - Processing /home/airflow/.local/lib/python3.8/site-packages/airflow/example_dags/example_branch_python_dop_operator_3.py took 0.103 seconds
[2026-01-15T10:46:21.693+0000] {processor.py:161} INFO - Started process (PID=82) to work on /home/airflow/.local/lib/python3.8/site-packages/airflow/example_dags/example_branch_python_dop_operator_3.py
[2026-01-15T10:46:21.695+0000] {processor.py:830} INFO - Processing file /home/airflow/.local/lib/python3.8/site-packages/airflow/example_dags/example_branch_python_dop_operator_3.py for tasks to queue
[2026-01-15T10:46:21.698+0000] {logging_mixin.py:188} INFO - [2026-01-15T10:46:21.697+0000] {dagbag.py:538} INFO - Filling up the DagBag from /home/airflow/.local/lib/python3.8/site-packages/airflow/example_dags/example_branch_python_dop_operator_3.py
[2026-01-15T10:46:21.710+0000] {processor.py:840} INFO - DAG(s) 'example_branch_dop_operator_v3' retrieved from /home/airflow/.local/lib/python3.8/site-packages/airflow/example_dags/example_branch_python_dop_operator_3.py
[2026-01-15T10:46:21.732+0000] {logging_mixin.py:188} INFO - [2026-01-15T10:46:21.732+0000] {dag.py:3036} INFO - Sync 1 DAGs
[2026-01-15T10:46:21.775+0000] {logging_mixin.py:188} INFO - [2026-01-15T10:46:21.774+0000] {dag.py:3823} INFO - Setting next_dagrun for example_branch_dop_operator_v3 to 2026-01-15 10:45:00+00:00, run_after=2026-01-15 10:46:00+00:00
[2026-01-15T10:46:21.837+0000] {processor.py:183} INFO - Processing /home/airflow/.local/lib/python3.8/site-packages/airflow/example_dags/example_branch_python_dop_operator_3.py took 0.149 seconds
[2026-01-15T10:46:52.788+0000] {processor.py:161} INFO - Started process (PID=137) to work on /home/airflow/.local/lib/python3.8/site-packages/airflow/example_dags/example_branch_python_dop_operator_3.py
[2026-01-15T10:46:52.789+0000] {processor.py:830} INFO - Processing file /home/airflow/.local/lib/python3.8/site-packages/airflow/example_dags/example_branch_python_dop_operator_3.py for tasks to queue
[2026-01-15T10:46:52.792+0000] {logging_mixin.py:188} INFO - [2026-01-15T10:46:52.791+0000] {dagbag.py:538} INFO - Filling up the DagBag from /home/airflow/.local/lib/python3.8/site-packages/airflow/example_dags/example_branch_python_dop_operator_3.py
[2026-01-15T10:46:52.803+0000] {processor.py:840} INFO - DAG(s) 'example_branch_dop_operator_v3' retrieved from /home/airflow/.local/lib/python3.8/site-packages/airflow/example_dags/example_branch_python_dop_operator_3.py
[2026-01-15T10:46:52.926+0000] {logging_mixin.py:188} INFO - [2026-01-15T10:46:52.925+0000] {dag.py:3036} INFO - Sync 1 DAGs
[2026-01-15T10:46:52.956+0000] {logging_mixin.py:188} INFO - [2026-01-15T10:46:52.956+0000] {dag.py:3823} INFO - Setting next_dagrun for example_branch_dop_operator_v3 to 2026-01-15 10:45:00+00:00, run_after=2026-01-15 10:46:00+00:00
[2026-01-15T10:46:52.983+0000] {processor.py:183} INFO - Processing /home/airflow/.local/lib/python3.8/site-packages/airflow/example_dags/example_branch_python_dop_operator_3.py took 0.199 seconds
[2026-01-15T10:47:23.437+0000] {processor.py:161} INFO - Started process (PID=192) to work on /home/airflow/.local/lib/python3.8/site-packages/airflow/example_dags/example_branch_python_dop_operator_3.py
[2026-01-15T10:47:23.439+0000] {processor.py:830} INFO - Processing file /home/airflow/.local/lib/python3.8/site-packages/airflow/example_dags/example_branch_python_dop_operator_3.py for tasks to queue
[2026-01-15T10:47:23.441+0000] {logging_mixin.py:188} INFO - [2026-01-15T10:47:23.441+0000] {dagbag.py:538} INFO - Filling up the DagBag from /home/airflow/.local/lib/python3.8/site-packages/airflow/example_dags/example_branch_python_dop_operator_3.py
[2026-01-15T10:47:23.452+0000] {processor.py:840} INFO - DAG(s) 'example_branch_dop_operator_v3' retrieved from /home/airflow/.local/lib/python3.8/site-packages/airflow/example_dags/example_branch_python_dop_operator_3.py
[2026-01-15T10:47:23.482+0000] {logging_mixin.py:188} INFO - [2026-01-15T10:47:23.482+0000] {dag.py:3036} INFO - Sync 1 DAGs
[2026-01-15T10:47:23.510+0000] {logging_mixin.py:188} INFO - [2026-01-15T10:47:23.510+0000] {dag.py:3823} INFO - Setting next_dagrun for example_branch_dop_operator_v3 to 2026-01-15 10:46:00+00:00, run_after=2026-01-15 10:47:00+00:00
[2026-01-15T10:47:23.534+0000] {processor.py:183} INFO - Processing /home/airflow/.local/lib/python3.8/site-packages/airflow/example_dags/example_branch_python_dop_operator_3.py took 0.100 seconds
[2026-01-15T10:47:53.688+0000] {processor.py:161} INFO - Started process (PID=247) to work on /home/airflow/.local/lib/python3.8/site-packages/airflow/example_dags/example_branch_python_dop_operator_3.py
[2026-01-15T10:47:53.690+0000] {processor.py:830} INFO - Processing file /home/airflow/.local/lib/python3.8/site-packages/airflow/example_dags/example_branch_python_dop_operator_3.py for tasks to queue
[2026-01-15T10:47:53.693+0000] {logging_mixin.py:188} INFO - [2026-01-15T10:47:53.693+0000] {dagbag.py:538} INFO - Filling up the DagBag from /home/airflow/.local/lib/python3.8/site-packages/airflow/example_dags/example_branch_python_dop_operator_3.py
[2026-01-15T10:47:53.704+0000] {processor.py:840} INFO - DAG(s) 'example_branch_dop_operator_v3' retrieved from /home/airflow/.local/lib/python3.8/site-packages/airflow/example_dags/example_branch_python_dop_operator_3.py
[2026-01-15T10:47:53.734+0000] {logging_mixin.py:188} INFO - [2026-01-15T10:47:53.734+0000] {dag.py:3036} INFO - Sync 1 DAGs
[2026-01-15T10:47:53.764+0000] {logging_mixin.py:188} INFO - [2026-01-15T10:47:53.764+0000] {dag.py:3823} INFO - Setting next_dagrun for example_branch_dop_operator_v3 to 2026-01-15 10:46:00+00:00, run_after=2026-01-15 10:47:00+00:00
[2026-01-15T10:47:53.791+0000] {processor.py:183} INFO - Processing /home/airflow/.local/lib/python3.8/site-packages/airflow/example_dags/example_branch_python_dop_operator_3.py took 0.107 seconds
[2026-01-15T10:48:24.396+0000] {processor.py:161} INFO - Started process (PID=302) to work on /home/airflow/.local/lib/python3.8/site-packages/airflow/example_dags/example_branch_python_dop_operator_3.py
[2026-01-15T10:48:24.398+0000] {processor.py:830} INFO - Processing file /home/airflow/.local/lib/python3.8/site-packages/airflow/example_dags/example_branch_python_dop_operator_3.py for tasks to queue
[2026-01-15T10:48:24.401+0000] {logging_mixin.py:188} INFO - [2026-01-15T10:48:24.401+0000] {dagbag.py:538} INFO - Filling up the DagBag from /home/airflow/.local/lib/python3.8/site-packages/airflow/example_dags/example_branch_python_dop_operator_3.py
[2026-01-15T10:48:24.413+0000] {processor.py:840} INFO - DAG(s) 'example_branch_dop_operator_v3' retrieved from /home/airflow/.local/lib/python3.8/site-packages/airflow/example_dags/example_branch_python_dop_operator_3.py
[2026-01-15T10:48:24.441+0000] {logging_mixin.py:188} INFO - [2026-01-15T10:48:24.441+0000] {dag.py:3036} INFO - Sync 1 DAGs
[2026-01-15T10:48:24.475+0000] {logging_mixin.py:188} INFO - [2026-01-15T10:48:24.474+0000] {dag.py:3823} INFO - Setting next_dagrun for example_branch_dop_operator_v3 to 2026-01-15 10:47:00+00:00, run_after=2026-01-15 10:48:00+00:00
[2026-01-15T10:48:24.503+0000] {processor.py:183} INFO - Processing /home/airflow/.local/lib/python3.8/site-packages/airflow/example_dags/example_branch_python_dop_operator_3.py took 0.111 seconds
[2026-01-15T10:51:09.548+0000] {processor.py:161} INFO - Started process (PID=81) to work on /home/airflow/.local/lib/python3.8/site-packages/airflow/example_dags/example_branch_python_dop_operator_3.py
[2026-01-15T10:51:09.550+0000] {processor.py:830} INFO - Processing file /home/airflow/.local/lib/python3.8/site-packages/airflow/example_dags/example_branch_python_dop_operator_3.py for tasks to queue
[2026-01-15T10:51:09.553+0000] {logging_mixin.py:188} INFO - [2026-01-15T10:51:09.552+0000] {dagbag.py:538} INFO - Filling up the DagBag from /home/airflow/.local/lib/python3.8/site-packages/airflow/example_dags/example_branch_python_dop_operator_3.py
[2026-01-15T10:51:09.566+0000] {processor.py:840} INFO - DAG(s) 'example_branch_dop_operator_v3' retrieved from /home/airflow/.local/lib/python3.8/site-packages/airflow/example_dags/example_branch_python_dop_operator_3.py
[2026-01-15T10:51:09.591+0000] {logging_mixin.py:188} INFO - [2026-01-15T10:51:09.591+0000] {dag.py:3036} INFO - Sync 1 DAGs
[2026-01-15T10:51:09.630+0000] {logging_mixin.py:188} INFO - [2026-01-15T10:51:09.630+0000] {dag.py:3823} INFO - Setting next_dagrun for example_branch_dop_operator_v3 to 2026-01-15 10:50:00+00:00, run_after=2026-01-15 10:51:00+00:00
[2026-01-15T10:51:09.670+0000] {processor.py:183} INFO - Processing /home/airflow/.local/lib/python3.8/site-packages/airflow/example_dags/example_branch_python_dop_operator_3.py took 0.127 seconds
[2026-01-15T10:51:41.271+0000] {processor.py:161} INFO - Started process (PID=136) to work on /home/airflow/.local/lib/python3.8/site-packages/airflow/example_dags/example_branch_python_dop_operator_3.py
[2026-01-15T10:51:41.273+0000] {processor.py:830} INFO - Processing file /home/airflow/.local/lib/python3.8/site-packages/airflow/example_dags/example_branch_python_dop_operator_3.py for tasks to queue
[2026-01-15T10:51:41.276+0000] {logging_mixin.py:188} INFO - [2026-01-15T10:51:41.275+0000] {dagbag.py:538} INFO - Filling up the DagBag from /home/airflow/.local/lib/python3.8/site-packages/airflow/example_dags/example_branch_python_dop_operator_3.py
[2026-01-15T10:51:41.291+0000] {processor.py:840} INFO - DAG(s) 'example_branch_dop_operator_v3' retrieved from /home/airflow/.local/lib/python3.8/site-packages/airflow/example_dags/example_branch_python_dop_operator_3.py
[2026-01-15T10:51:41.444+0000] {logging_mixin.py:188} INFO - [2026-01-15T10:51:41.443+0000] {dag.py:3036} INFO - Sync 1 DAGs
[2026-01-15T10:51:41.483+0000] {logging_mixin.py:188} INFO - [2026-01-15T10:51:41.482+0000] {dag.py:3823} INFO - Setting next_dagrun for example_branch_dop_operator_v3 to 2026-01-15 10:50:00+00:00, run_after=2026-01-15 10:51:00+00:00
[2026-01-15T10:51:41.549+0000] {processor.py:183} INFO - Processing /home/airflow/.local/lib/python3.8/site-packages/airflow/example_dags/example_branch_python_dop_operator_3.py took 0.283 seconds
