[2026-01-15T10:40:28.386+0000] {processor.py:161} INFO - Started process (PID=66) to work on /home/airflow/.local/lib/python3.8/site-packages/airflow/example_dags/example_short_circuit_decorator.py
[2026-01-15T10:40:28.388+0000] {processor.py:830} INFO - Processing file /home/airflow/.local/lib/python3.8/site-packages/airflow/example_dags/example_short_circuit_decorator.py for tasks to queue
[2026-01-15T10:40:28.393+0000] {logging_mixin.py:188} INFO - [2026-01-15T10:40:28.392+0000] {dagbag.py:538} INFO - Filling up the DagBag from /home/airflow/.local/lib/python3.8/site-packages/airflow/example_dags/example_short_circuit_decorator.py
[2026-01-15T10:40:28.410+0000] {processor.py:840} INFO - DAG(s) 'example_short_circuit_decorator' retrieved from /home/airflow/.local/lib/python3.8/site-packages/airflow/example_dags/example_short_circuit_decorator.py
[2026-01-15T10:40:28.429+0000] {logging_mixin.py:188} INFO - [2026-01-15T10:40:28.429+0000] {dag.py:3036} INFO - Sync 1 DAGs
[2026-01-15T10:40:28.458+0000] {logging_mixin.py:188} INFO - [2026-01-15T10:40:28.458+0000] {dag.py:3823} INFO - Setting next_dagrun for example_short_circuit_decorator to 2026-01-14 00:00:00+00:00, run_after=2026-01-15 00:00:00+00:00
[2026-01-15T10:40:28.520+0000] {processor.py:183} INFO - Processing /home/airflow/.local/lib/python3.8/site-packages/airflow/example_dags/example_short_circuit_decorator.py took 0.138 seconds
[2026-01-15T10:40:59.638+0000] {processor.py:161} INFO - Started process (PID=121) to work on /home/airflow/.local/lib/python3.8/site-packages/airflow/example_dags/example_short_circuit_decorator.py
[2026-01-15T10:40:59.640+0000] {processor.py:830} INFO - Processing file /home/airflow/.local/lib/python3.8/site-packages/airflow/example_dags/example_short_circuit_decorator.py for tasks to queue
[2026-01-15T10:40:59.643+0000] {logging_mixin.py:188} INFO - [2026-01-15T10:40:59.643+0000] {dagbag.py:538} INFO - Filling up the DagBag from /home/airflow/.local/lib/python3.8/site-packages/airflow/example_dags/example_short_circuit_decorator.py
[2026-01-15T10:40:59.655+0000] {processor.py:840} INFO - DAG(s) 'example_short_circuit_decorator' retrieved from /home/airflow/.local/lib/python3.8/site-packages/airflow/example_dags/example_short_circuit_decorator.py
[2026-01-15T10:40:59.784+0000] {logging_mixin.py:188} INFO - [2026-01-15T10:40:59.783+0000] {dag.py:3036} INFO - Sync 1 DAGs
[2026-01-15T10:40:59.809+0000] {logging_mixin.py:188} INFO - [2026-01-15T10:40:59.808+0000] {dag.py:3823} INFO - Setting next_dagrun for example_short_circuit_decorator to 2026-01-14 00:00:00+00:00, run_after=2026-01-15 00:00:00+00:00
[2026-01-15T10:40:59.853+0000] {processor.py:183} INFO - Processing /home/airflow/.local/lib/python3.8/site-packages/airflow/example_dags/example_short_circuit_decorator.py took 0.219 seconds
[2026-01-15T10:41:30.596+0000] {processor.py:161} INFO - Started process (PID=176) to work on /home/airflow/.local/lib/python3.8/site-packages/airflow/example_dags/example_short_circuit_decorator.py
[2026-01-15T10:41:30.598+0000] {processor.py:830} INFO - Processing file /home/airflow/.local/lib/python3.8/site-packages/airflow/example_dags/example_short_circuit_decorator.py for tasks to queue
[2026-01-15T10:41:30.601+0000] {logging_mixin.py:188} INFO - [2026-01-15T10:41:30.600+0000] {dagbag.py:538} INFO - Filling up the DagBag from /home/airflow/.local/lib/python3.8/site-packages/airflow/example_dags/example_short_circuit_decorator.py
[2026-01-15T10:41:30.612+0000] {processor.py:840} INFO - DAG(s) 'example_short_circuit_decorator' retrieved from /home/airflow/.local/lib/python3.8/site-packages/airflow/example_dags/example_short_circuit_decorator.py
[2026-01-15T10:41:30.644+0000] {logging_mixin.py:188} INFO - [2026-01-15T10:41:30.644+0000] {dag.py:3036} INFO - Sync 1 DAGs
[2026-01-15T10:41:30.671+0000] {logging_mixin.py:188} INFO - [2026-01-15T10:41:30.670+0000] {dag.py:3823} INFO - Setting next_dagrun for example_short_circuit_decorator to 2026-01-14 00:00:00+00:00, run_after=2026-01-15 00:00:00+00:00
[2026-01-15T10:41:30.697+0000] {processor.py:183} INFO - Processing /home/airflow/.local/lib/python3.8/site-packages/airflow/example_dags/example_short_circuit_decorator.py took 0.105 seconds
[2026-01-15T10:42:00.851+0000] {processor.py:161} INFO - Started process (PID=232) to work on /home/airflow/.local/lib/python3.8/site-packages/airflow/example_dags/example_short_circuit_decorator.py
[2026-01-15T10:42:00.853+0000] {processor.py:830} INFO - Processing file /home/airflow/.local/lib/python3.8/site-packages/airflow/example_dags/example_short_circuit_decorator.py for tasks to queue
[2026-01-15T10:42:00.856+0000] {logging_mixin.py:188} INFO - [2026-01-15T10:42:00.856+0000] {dagbag.py:538} INFO - Filling up the DagBag from /home/airflow/.local/lib/python3.8/site-packages/airflow/example_dags/example_short_circuit_decorator.py
[2026-01-15T10:42:00.867+0000] {processor.py:840} INFO - DAG(s) 'example_short_circuit_decorator' retrieved from /home/airflow/.local/lib/python3.8/site-packages/airflow/example_dags/example_short_circuit_decorator.py
[2026-01-15T10:42:00.898+0000] {logging_mixin.py:188} INFO - [2026-01-15T10:42:00.897+0000] {dag.py:3036} INFO - Sync 1 DAGs
[2026-01-15T10:42:00.922+0000] {logging_mixin.py:188} INFO - [2026-01-15T10:42:00.922+0000] {dag.py:3823} INFO - Setting next_dagrun for example_short_circuit_decorator to 2026-01-14 00:00:00+00:00, run_after=2026-01-15 00:00:00+00:00
[2026-01-15T10:42:00.948+0000] {processor.py:183} INFO - Processing /home/airflow/.local/lib/python3.8/site-packages/airflow/example_dags/example_short_circuit_decorator.py took 0.101 seconds
[2026-01-15T10:42:31.079+0000] {processor.py:161} INFO - Started process (PID=287) to work on /home/airflow/.local/lib/python3.8/site-packages/airflow/example_dags/example_short_circuit_decorator.py
[2026-01-15T10:42:31.081+0000] {processor.py:830} INFO - Processing file /home/airflow/.local/lib/python3.8/site-packages/airflow/example_dags/example_short_circuit_decorator.py for tasks to queue
[2026-01-15T10:42:31.083+0000] {logging_mixin.py:188} INFO - [2026-01-15T10:42:31.083+0000] {dagbag.py:538} INFO - Filling up the DagBag from /home/airflow/.local/lib/python3.8/site-packages/airflow/example_dags/example_short_circuit_decorator.py
[2026-01-15T10:42:31.093+0000] {processor.py:840} INFO - DAG(s) 'example_short_circuit_decorator' retrieved from /home/airflow/.local/lib/python3.8/site-packages/airflow/example_dags/example_short_circuit_decorator.py
[2026-01-15T10:42:31.123+0000] {logging_mixin.py:188} INFO - [2026-01-15T10:42:31.122+0000] {dag.py:3036} INFO - Sync 1 DAGs
[2026-01-15T10:42:31.148+0000] {logging_mixin.py:188} INFO - [2026-01-15T10:42:31.148+0000] {dag.py:3823} INFO - Setting next_dagrun for example_short_circuit_decorator to 2026-01-14 00:00:00+00:00, run_after=2026-01-15 00:00:00+00:00
[2026-01-15T10:42:31.172+0000] {processor.py:183} INFO - Processing /home/airflow/.local/lib/python3.8/site-packages/airflow/example_dags/example_short_circuit_decorator.py took 0.097 seconds
[2026-01-15T10:43:01.250+0000] {processor.py:161} INFO - Started process (PID=342) to work on /home/airflow/.local/lib/python3.8/site-packages/airflow/example_dags/example_short_circuit_decorator.py
[2026-01-15T10:43:01.252+0000] {processor.py:830} INFO - Processing file /home/airflow/.local/lib/python3.8/site-packages/airflow/example_dags/example_short_circuit_decorator.py for tasks to queue
[2026-01-15T10:43:01.255+0000] {logging_mixin.py:188} INFO - [2026-01-15T10:43:01.254+0000] {dagbag.py:538} INFO - Filling up the DagBag from /home/airflow/.local/lib/python3.8/site-packages/airflow/example_dags/example_short_circuit_decorator.py
[2026-01-15T10:43:01.267+0000] {processor.py:840} INFO - DAG(s) 'example_short_circuit_decorator' retrieved from /home/airflow/.local/lib/python3.8/site-packages/airflow/example_dags/example_short_circuit_decorator.py
[2026-01-15T10:43:01.305+0000] {logging_mixin.py:188} INFO - [2026-01-15T10:43:01.304+0000] {dag.py:3036} INFO - Sync 1 DAGs
[2026-01-15T10:43:01.335+0000] {logging_mixin.py:188} INFO - [2026-01-15T10:43:01.334+0000] {dag.py:3823} INFO - Setting next_dagrun for example_short_circuit_decorator to 2026-01-14 00:00:00+00:00, run_after=2026-01-15 00:00:00+00:00
[2026-01-15T10:43:01.366+0000] {processor.py:183} INFO - Processing /home/airflow/.local/lib/python3.8/site-packages/airflow/example_dags/example_short_circuit_decorator.py took 0.119 seconds
[2026-01-15T10:43:31.821+0000] {processor.py:161} INFO - Started process (PID=397) to work on /home/airflow/.local/lib/python3.8/site-packages/airflow/example_dags/example_short_circuit_decorator.py
[2026-01-15T10:43:31.822+0000] {processor.py:830} INFO - Processing file /home/airflow/.local/lib/python3.8/site-packages/airflow/example_dags/example_short_circuit_decorator.py for tasks to queue
[2026-01-15T10:43:31.826+0000] {logging_mixin.py:188} INFO - [2026-01-15T10:43:31.825+0000] {dagbag.py:538} INFO - Filling up the DagBag from /home/airflow/.local/lib/python3.8/site-packages/airflow/example_dags/example_short_circuit_decorator.py
[2026-01-15T10:43:31.838+0000] {processor.py:840} INFO - DAG(s) 'example_short_circuit_decorator' retrieved from /home/airflow/.local/lib/python3.8/site-packages/airflow/example_dags/example_short_circuit_decorator.py
[2026-01-15T10:43:31.871+0000] {logging_mixin.py:188} INFO - [2026-01-15T10:43:31.871+0000] {dag.py:3036} INFO - Sync 1 DAGs
[2026-01-15T10:43:31.898+0000] {logging_mixin.py:188} INFO - [2026-01-15T10:43:31.898+0000] {dag.py:3823} INFO - Setting next_dagrun for example_short_circuit_decorator to 2026-01-14 00:00:00+00:00, run_after=2026-01-15 00:00:00+00:00
[2026-01-15T10:43:31.922+0000] {processor.py:183} INFO - Processing /home/airflow/.local/lib/python3.8/site-packages/airflow/example_dags/example_short_circuit_decorator.py took 0.105 seconds
[2026-01-15T10:44:02.373+0000] {processor.py:161} INFO - Started process (PID=452) to work on /home/airflow/.local/lib/python3.8/site-packages/airflow/example_dags/example_short_circuit_decorator.py
[2026-01-15T10:44:02.375+0000] {processor.py:830} INFO - Processing file /home/airflow/.local/lib/python3.8/site-packages/airflow/example_dags/example_short_circuit_decorator.py for tasks to queue
[2026-01-15T10:44:02.378+0000] {logging_mixin.py:188} INFO - [2026-01-15T10:44:02.377+0000] {dagbag.py:538} INFO - Filling up the DagBag from /home/airflow/.local/lib/python3.8/site-packages/airflow/example_dags/example_short_circuit_decorator.py
[2026-01-15T10:44:02.391+0000] {processor.py:840} INFO - DAG(s) 'example_short_circuit_decorator' retrieved from /home/airflow/.local/lib/python3.8/site-packages/airflow/example_dags/example_short_circuit_decorator.py
[2026-01-15T10:44:02.426+0000] {logging_mixin.py:188} INFO - [2026-01-15T10:44:02.425+0000] {dag.py:3036} INFO - Sync 1 DAGs
[2026-01-15T10:44:02.452+0000] {logging_mixin.py:188} INFO - [2026-01-15T10:44:02.452+0000] {dag.py:3823} INFO - Setting next_dagrun for example_short_circuit_decorator to 2026-01-14 00:00:00+00:00, run_after=2026-01-15 00:00:00+00:00
[2026-01-15T10:44:02.482+0000] {processor.py:183} INFO - Processing /home/airflow/.local/lib/python3.8/site-packages/airflow/example_dags/example_short_circuit_decorator.py took 0.114 seconds
[2026-01-15T10:44:32.910+0000] {processor.py:161} INFO - Started process (PID=507) to work on /home/airflow/.local/lib/python3.8/site-packages/airflow/example_dags/example_short_circuit_decorator.py
[2026-01-15T10:44:32.912+0000] {processor.py:830} INFO - Processing file /home/airflow/.local/lib/python3.8/site-packages/airflow/example_dags/example_short_circuit_decorator.py for tasks to queue
[2026-01-15T10:44:32.916+0000] {logging_mixin.py:188} INFO - [2026-01-15T10:44:32.915+0000] {dagbag.py:538} INFO - Filling up the DagBag from /home/airflow/.local/lib/python3.8/site-packages/airflow/example_dags/example_short_circuit_decorator.py
[2026-01-15T10:44:32.928+0000] {processor.py:840} INFO - DAG(s) 'example_short_circuit_decorator' retrieved from /home/airflow/.local/lib/python3.8/site-packages/airflow/example_dags/example_short_circuit_decorator.py
[2026-01-15T10:44:32.966+0000] {logging_mixin.py:188} INFO - [2026-01-15T10:44:32.966+0000] {dag.py:3036} INFO - Sync 1 DAGs
[2026-01-15T10:44:32.996+0000] {logging_mixin.py:188} INFO - [2026-01-15T10:44:32.996+0000] {dag.py:3823} INFO - Setting next_dagrun for example_short_circuit_decorator to 2026-01-14 00:00:00+00:00, run_after=2026-01-15 00:00:00+00:00
[2026-01-15T10:44:33.022+0000] {processor.py:183} INFO - Processing /home/airflow/.local/lib/python3.8/site-packages/airflow/example_dags/example_short_circuit_decorator.py took 0.116 seconds
[2026-01-15T10:45:03.136+0000] {processor.py:161} INFO - Started process (PID=562) to work on /home/airflow/.local/lib/python3.8/site-packages/airflow/example_dags/example_short_circuit_decorator.py
[2026-01-15T10:45:03.137+0000] {processor.py:830} INFO - Processing file /home/airflow/.local/lib/python3.8/site-packages/airflow/example_dags/example_short_circuit_decorator.py for tasks to queue
[2026-01-15T10:45:03.140+0000] {logging_mixin.py:188} INFO - [2026-01-15T10:45:03.139+0000] {dagbag.py:538} INFO - Filling up the DagBag from /home/airflow/.local/lib/python3.8/site-packages/airflow/example_dags/example_short_circuit_decorator.py
[2026-01-15T10:45:03.151+0000] {processor.py:840} INFO - DAG(s) 'example_short_circuit_decorator' retrieved from /home/airflow/.local/lib/python3.8/site-packages/airflow/example_dags/example_short_circuit_decorator.py
[2026-01-15T10:45:03.182+0000] {logging_mixin.py:188} INFO - [2026-01-15T10:45:03.182+0000] {dag.py:3036} INFO - Sync 1 DAGs
[2026-01-15T10:45:03.207+0000] {logging_mixin.py:188} INFO - [2026-01-15T10:45:03.207+0000] {dag.py:3823} INFO - Setting next_dagrun for example_short_circuit_decorator to 2026-01-14 00:00:00+00:00, run_after=2026-01-15 00:00:00+00:00
[2026-01-15T10:45:03.232+0000] {processor.py:183} INFO - Processing /home/airflow/.local/lib/python3.8/site-packages/airflow/example_dags/example_short_circuit_decorator.py took 0.101 seconds
[2026-01-15T10:46:20.259+0000] {processor.py:161} INFO - Started process (PID=67) to work on /home/airflow/.local/lib/python3.8/site-packages/airflow/example_dags/example_short_circuit_decorator.py
[2026-01-15T10:46:20.260+0000] {processor.py:830} INFO - Processing file /home/airflow/.local/lib/python3.8/site-packages/airflow/example_dags/example_short_circuit_decorator.py for tasks to queue
[2026-01-15T10:46:20.263+0000] {logging_mixin.py:188} INFO - [2026-01-15T10:46:20.263+0000] {dagbag.py:538} INFO - Filling up the DagBag from /home/airflow/.local/lib/python3.8/site-packages/airflow/example_dags/example_short_circuit_decorator.py
[2026-01-15T10:46:20.279+0000] {processor.py:840} INFO - DAG(s) 'example_short_circuit_decorator' retrieved from /home/airflow/.local/lib/python3.8/site-packages/airflow/example_dags/example_short_circuit_decorator.py
[2026-01-15T10:46:20.299+0000] {logging_mixin.py:188} INFO - [2026-01-15T10:46:20.299+0000] {dag.py:3036} INFO - Sync 1 DAGs
[2026-01-15T10:46:20.330+0000] {logging_mixin.py:188} INFO - [2026-01-15T10:46:20.330+0000] {dag.py:3823} INFO - Setting next_dagrun for example_short_circuit_decorator to 2026-01-14 00:00:00+00:00, run_after=2026-01-15 00:00:00+00:00
[2026-01-15T10:46:20.369+0000] {processor.py:183} INFO - Processing /home/airflow/.local/lib/python3.8/site-packages/airflow/example_dags/example_short_circuit_decorator.py took 0.114 seconds
[2026-01-15T10:46:50.801+0000] {processor.py:161} INFO - Started process (PID=122) to work on /home/airflow/.local/lib/python3.8/site-packages/airflow/example_dags/example_short_circuit_decorator.py
[2026-01-15T10:46:50.803+0000] {processor.py:830} INFO - Processing file /home/airflow/.local/lib/python3.8/site-packages/airflow/example_dags/example_short_circuit_decorator.py for tasks to queue
[2026-01-15T10:46:50.805+0000] {logging_mixin.py:188} INFO - [2026-01-15T10:46:50.805+0000] {dagbag.py:538} INFO - Filling up the DagBag from /home/airflow/.local/lib/python3.8/site-packages/airflow/example_dags/example_short_circuit_decorator.py
[2026-01-15T10:46:50.817+0000] {processor.py:840} INFO - DAG(s) 'example_short_circuit_decorator' retrieved from /home/airflow/.local/lib/python3.8/site-packages/airflow/example_dags/example_short_circuit_decorator.py
[2026-01-15T10:46:50.952+0000] {logging_mixin.py:188} INFO - [2026-01-15T10:46:50.952+0000] {dag.py:3036} INFO - Sync 1 DAGs
[2026-01-15T10:46:50.979+0000] {logging_mixin.py:188} INFO - [2026-01-15T10:46:50.978+0000] {dag.py:3823} INFO - Setting next_dagrun for example_short_circuit_decorator to 2026-01-14 00:00:00+00:00, run_after=2026-01-15 00:00:00+00:00
[2026-01-15T10:46:51.009+0000] {processor.py:183} INFO - Processing /home/airflow/.local/lib/python3.8/site-packages/airflow/example_dags/example_short_circuit_decorator.py took 0.213 seconds
[2026-01-15T10:47:21.061+0000] {processor.py:161} INFO - Started process (PID=177) to work on /home/airflow/.local/lib/python3.8/site-packages/airflow/example_dags/example_short_circuit_decorator.py
[2026-01-15T10:47:21.063+0000] {processor.py:830} INFO - Processing file /home/airflow/.local/lib/python3.8/site-packages/airflow/example_dags/example_short_circuit_decorator.py for tasks to queue
[2026-01-15T10:47:21.065+0000] {logging_mixin.py:188} INFO - [2026-01-15T10:47:21.065+0000] {dagbag.py:538} INFO - Filling up the DagBag from /home/airflow/.local/lib/python3.8/site-packages/airflow/example_dags/example_short_circuit_decorator.py
[2026-01-15T10:47:21.076+0000] {processor.py:840} INFO - DAG(s) 'example_short_circuit_decorator' retrieved from /home/airflow/.local/lib/python3.8/site-packages/airflow/example_dags/example_short_circuit_decorator.py
[2026-01-15T10:47:21.110+0000] {logging_mixin.py:188} INFO - [2026-01-15T10:47:21.109+0000] {dag.py:3036} INFO - Sync 1 DAGs
[2026-01-15T10:47:21.136+0000] {logging_mixin.py:188} INFO - [2026-01-15T10:47:21.136+0000] {dag.py:3823} INFO - Setting next_dagrun for example_short_circuit_decorator to 2026-01-14 00:00:00+00:00, run_after=2026-01-15 00:00:00+00:00
[2026-01-15T10:47:21.161+0000] {processor.py:183} INFO - Processing /home/airflow/.local/lib/python3.8/site-packages/airflow/example_dags/example_short_circuit_decorator.py took 0.104 seconds
[2026-01-15T10:47:51.471+0000] {processor.py:161} INFO - Started process (PID=232) to work on /home/airflow/.local/lib/python3.8/site-packages/airflow/example_dags/example_short_circuit_decorator.py
[2026-01-15T10:47:51.473+0000] {processor.py:830} INFO - Processing file /home/airflow/.local/lib/python3.8/site-packages/airflow/example_dags/example_short_circuit_decorator.py for tasks to queue
[2026-01-15T10:47:51.476+0000] {logging_mixin.py:188} INFO - [2026-01-15T10:47:51.475+0000] {dagbag.py:538} INFO - Filling up the DagBag from /home/airflow/.local/lib/python3.8/site-packages/airflow/example_dags/example_short_circuit_decorator.py
[2026-01-15T10:47:51.488+0000] {processor.py:840} INFO - DAG(s) 'example_short_circuit_decorator' retrieved from /home/airflow/.local/lib/python3.8/site-packages/airflow/example_dags/example_short_circuit_decorator.py
[2026-01-15T10:47:51.521+0000] {logging_mixin.py:188} INFO - [2026-01-15T10:47:51.521+0000] {dag.py:3036} INFO - Sync 1 DAGs
[2026-01-15T10:47:51.549+0000] {logging_mixin.py:188} INFO - [2026-01-15T10:47:51.548+0000] {dag.py:3823} INFO - Setting next_dagrun for example_short_circuit_decorator to 2026-01-14 00:00:00+00:00, run_after=2026-01-15 00:00:00+00:00
[2026-01-15T10:47:51.576+0000] {processor.py:183} INFO - Processing /home/airflow/.local/lib/python3.8/site-packages/airflow/example_dags/example_short_circuit_decorator.py took 0.110 seconds
[2026-01-15T10:48:22.058+0000] {processor.py:161} INFO - Started process (PID=287) to work on /home/airflow/.local/lib/python3.8/site-packages/airflow/example_dags/example_short_circuit_decorator.py
[2026-01-15T10:48:22.059+0000] {processor.py:830} INFO - Processing file /home/airflow/.local/lib/python3.8/site-packages/airflow/example_dags/example_short_circuit_decorator.py for tasks to queue
[2026-01-15T10:48:22.062+0000] {logging_mixin.py:188} INFO - [2026-01-15T10:48:22.062+0000] {dagbag.py:538} INFO - Filling up the DagBag from /home/airflow/.local/lib/python3.8/site-packages/airflow/example_dags/example_short_circuit_decorator.py
[2026-01-15T10:48:22.075+0000] {processor.py:840} INFO - DAG(s) 'example_short_circuit_decorator' retrieved from /home/airflow/.local/lib/python3.8/site-packages/airflow/example_dags/example_short_circuit_decorator.py
[2026-01-15T10:48:22.113+0000] {logging_mixin.py:188} INFO - [2026-01-15T10:48:22.112+0000] {dag.py:3036} INFO - Sync 1 DAGs
[2026-01-15T10:48:22.146+0000] {logging_mixin.py:188} INFO - [2026-01-15T10:48:22.146+0000] {dag.py:3823} INFO - Setting next_dagrun for example_short_circuit_decorator to 2026-01-14 00:00:00+00:00, run_after=2026-01-15 00:00:00+00:00
[2026-01-15T10:48:22.181+0000] {processor.py:183} INFO - Processing /home/airflow/.local/lib/python3.8/site-packages/airflow/example_dags/example_short_circuit_decorator.py took 0.128 seconds
[2026-01-15T10:51:07.922+0000] {processor.py:161} INFO - Started process (PID=66) to work on /home/airflow/.local/lib/python3.8/site-packages/airflow/example_dags/example_short_circuit_decorator.py
[2026-01-15T10:51:07.923+0000] {processor.py:830} INFO - Processing file /home/airflow/.local/lib/python3.8/site-packages/airflow/example_dags/example_short_circuit_decorator.py for tasks to queue
[2026-01-15T10:51:07.926+0000] {logging_mixin.py:188} INFO - [2026-01-15T10:51:07.926+0000] {dagbag.py:538} INFO - Filling up the DagBag from /home/airflow/.local/lib/python3.8/site-packages/airflow/example_dags/example_short_circuit_decorator.py
[2026-01-15T10:51:07.942+0000] {processor.py:840} INFO - DAG(s) 'example_short_circuit_decorator' retrieved from /home/airflow/.local/lib/python3.8/site-packages/airflow/example_dags/example_short_circuit_decorator.py
[2026-01-15T10:51:07.964+0000] {logging_mixin.py:188} INFO - [2026-01-15T10:51:07.963+0000] {dag.py:3036} INFO - Sync 1 DAGs
[2026-01-15T10:51:08.035+0000] {logging_mixin.py:188} INFO - [2026-01-15T10:51:08.034+0000] {dag.py:3823} INFO - Setting next_dagrun for example_short_circuit_decorator to 2026-01-14 00:00:00+00:00, run_after=2026-01-15 00:00:00+00:00
[2026-01-15T10:51:08.121+0000] {processor.py:183} INFO - Processing /home/airflow/.local/lib/python3.8/site-packages/airflow/example_dags/example_short_circuit_decorator.py took 0.204 seconds
[2026-01-15T10:51:38.942+0000] {processor.py:161} INFO - Started process (PID=121) to work on /home/airflow/.local/lib/python3.8/site-packages/airflow/example_dags/example_short_circuit_decorator.py
[2026-01-15T10:51:38.944+0000] {processor.py:830} INFO - Processing file /home/airflow/.local/lib/python3.8/site-packages/airflow/example_dags/example_short_circuit_decorator.py for tasks to queue
[2026-01-15T10:51:38.947+0000] {logging_mixin.py:188} INFO - [2026-01-15T10:51:38.947+0000] {dagbag.py:538} INFO - Filling up the DagBag from /home/airflow/.local/lib/python3.8/site-packages/airflow/example_dags/example_short_circuit_decorator.py
[2026-01-15T10:51:38.964+0000] {processor.py:840} INFO - DAG(s) 'example_short_circuit_decorator' retrieved from /home/airflow/.local/lib/python3.8/site-packages/airflow/example_dags/example_short_circuit_decorator.py
[2026-01-15T10:51:39.120+0000] {logging_mixin.py:188} INFO - [2026-01-15T10:51:39.120+0000] {dag.py:3036} INFO - Sync 1 DAGs
[2026-01-15T10:51:39.144+0000] {logging_mixin.py:188} INFO - [2026-01-15T10:51:39.144+0000] {dag.py:3823} INFO - Setting next_dagrun for example_short_circuit_decorator to 2026-01-14 00:00:00+00:00, run_after=2026-01-15 00:00:00+00:00
[2026-01-15T10:51:39.195+0000] {processor.py:183} INFO - Processing /home/airflow/.local/lib/python3.8/site-packages/airflow/example_dags/example_short_circuit_decorator.py took 0.260 seconds
