[2026-01-15T10:40:28.844+0000] {processor.py:161} INFO - Started process (PID=71) to work on /home/airflow/.local/lib/python3.8/site-packages/airflow/example_dags/tutorial_taskflow_api.py
[2026-01-15T10:40:28.846+0000] {processor.py:830} INFO - Processing file /home/airflow/.local/lib/python3.8/site-packages/airflow/example_dags/tutorial_taskflow_api.py for tasks to queue
[2026-01-15T10:40:28.849+0000] {logging_mixin.py:188} INFO - [2026-01-15T10:40:28.848+0000] {dagbag.py:538} INFO - Filling up the DagBag from /home/airflow/.local/lib/python3.8/site-packages/airflow/example_dags/tutorial_taskflow_api.py
[2026-01-15T10:40:28.879+0000] {processor.py:840} INFO - DAG(s) 'tutorial_taskflow_api' retrieved from /home/airflow/.local/lib/python3.8/site-packages/airflow/example_dags/tutorial_taskflow_api.py
[2026-01-15T10:40:28.901+0000] {logging_mixin.py:188} INFO - [2026-01-15T10:40:28.901+0000] {dag.py:3036} INFO - Sync 1 DAGs
[2026-01-15T10:40:28.918+0000] {logging_mixin.py:188} INFO - [2026-01-15T10:40:28.918+0000] {dag.py:3823} INFO - Setting next_dagrun for tutorial_taskflow_api to None, run_after=None
[2026-01-15T10:40:28.974+0000] {processor.py:183} INFO - Processing /home/airflow/.local/lib/python3.8/site-packages/airflow/example_dags/tutorial_taskflow_api.py took 0.135 seconds
[2026-01-15T10:41:00.368+0000] {processor.py:161} INFO - Started process (PID=126) to work on /home/airflow/.local/lib/python3.8/site-packages/airflow/example_dags/tutorial_taskflow_api.py
[2026-01-15T10:41:00.369+0000] {processor.py:830} INFO - Processing file /home/airflow/.local/lib/python3.8/site-packages/airflow/example_dags/tutorial_taskflow_api.py for tasks to queue
[2026-01-15T10:41:00.372+0000] {logging_mixin.py:188} INFO - [2026-01-15T10:41:00.372+0000] {dagbag.py:538} INFO - Filling up the DagBag from /home/airflow/.local/lib/python3.8/site-packages/airflow/example_dags/tutorial_taskflow_api.py
[2026-01-15T10:41:00.382+0000] {processor.py:840} INFO - DAG(s) 'tutorial_taskflow_api' retrieved from /home/airflow/.local/lib/python3.8/site-packages/airflow/example_dags/tutorial_taskflow_api.py
[2026-01-15T10:41:00.514+0000] {logging_mixin.py:188} INFO - [2026-01-15T10:41:00.513+0000] {dag.py:3036} INFO - Sync 1 DAGs
[2026-01-15T10:41:00.526+0000] {logging_mixin.py:188} INFO - [2026-01-15T10:41:00.526+0000] {dag.py:3823} INFO - Setting next_dagrun for tutorial_taskflow_api to None, run_after=None
[2026-01-15T10:41:00.580+0000] {processor.py:183} INFO - Processing /home/airflow/.local/lib/python3.8/site-packages/airflow/example_dags/tutorial_taskflow_api.py took 0.218 seconds
[2026-01-15T10:41:31.012+0000] {processor.py:161} INFO - Started process (PID=181) to work on /home/airflow/.local/lib/python3.8/site-packages/airflow/example_dags/tutorial_taskflow_api.py
[2026-01-15T10:41:31.013+0000] {processor.py:830} INFO - Processing file /home/airflow/.local/lib/python3.8/site-packages/airflow/example_dags/tutorial_taskflow_api.py for tasks to queue
[2026-01-15T10:41:31.016+0000] {logging_mixin.py:188} INFO - [2026-01-15T10:41:31.015+0000] {dagbag.py:538} INFO - Filling up the DagBag from /home/airflow/.local/lib/python3.8/site-packages/airflow/example_dags/tutorial_taskflow_api.py
[2026-01-15T10:41:31.023+0000] {processor.py:840} INFO - DAG(s) 'tutorial_taskflow_api' retrieved from /home/airflow/.local/lib/python3.8/site-packages/airflow/example_dags/tutorial_taskflow_api.py
[2026-01-15T10:41:31.050+0000] {logging_mixin.py:188} INFO - [2026-01-15T10:41:31.050+0000] {dag.py:3036} INFO - Sync 1 DAGs
[2026-01-15T10:41:31.066+0000] {logging_mixin.py:188} INFO - [2026-01-15T10:41:31.065+0000] {dag.py:3823} INFO - Setting next_dagrun for tutorial_taskflow_api to None, run_after=None
[2026-01-15T10:41:31.087+0000] {processor.py:183} INFO - Processing /home/airflow/.local/lib/python3.8/site-packages/airflow/example_dags/tutorial_taskflow_api.py took 0.080 seconds
[2026-01-15T10:42:01.281+0000] {processor.py:161} INFO - Started process (PID=237) to work on /home/airflow/.local/lib/python3.8/site-packages/airflow/example_dags/tutorial_taskflow_api.py
[2026-01-15T10:42:01.283+0000] {processor.py:830} INFO - Processing file /home/airflow/.local/lib/python3.8/site-packages/airflow/example_dags/tutorial_taskflow_api.py for tasks to queue
[2026-01-15T10:42:01.290+0000] {logging_mixin.py:188} INFO - [2026-01-15T10:42:01.289+0000] {dagbag.py:538} INFO - Filling up the DagBag from /home/airflow/.local/lib/python3.8/site-packages/airflow/example_dags/tutorial_taskflow_api.py
[2026-01-15T10:42:01.298+0000] {processor.py:840} INFO - DAG(s) 'tutorial_taskflow_api' retrieved from /home/airflow/.local/lib/python3.8/site-packages/airflow/example_dags/tutorial_taskflow_api.py
[2026-01-15T10:42:01.325+0000] {logging_mixin.py:188} INFO - [2026-01-15T10:42:01.325+0000] {dag.py:3036} INFO - Sync 1 DAGs
[2026-01-15T10:42:01.339+0000] {logging_mixin.py:188} INFO - [2026-01-15T10:42:01.339+0000] {dag.py:3823} INFO - Setting next_dagrun for tutorial_taskflow_api to None, run_after=None
[2026-01-15T10:42:01.362+0000] {processor.py:183} INFO - Processing /home/airflow/.local/lib/python3.8/site-packages/airflow/example_dags/tutorial_taskflow_api.py took 0.085 seconds
[2026-01-15T10:42:31.506+0000] {processor.py:161} INFO - Started process (PID=292) to work on /home/airflow/.local/lib/python3.8/site-packages/airflow/example_dags/tutorial_taskflow_api.py
[2026-01-15T10:42:31.507+0000] {processor.py:830} INFO - Processing file /home/airflow/.local/lib/python3.8/site-packages/airflow/example_dags/tutorial_taskflow_api.py for tasks to queue
[2026-01-15T10:42:31.510+0000] {logging_mixin.py:188} INFO - [2026-01-15T10:42:31.509+0000] {dagbag.py:538} INFO - Filling up the DagBag from /home/airflow/.local/lib/python3.8/site-packages/airflow/example_dags/tutorial_taskflow_api.py
[2026-01-15T10:42:31.517+0000] {processor.py:840} INFO - DAG(s) 'tutorial_taskflow_api' retrieved from /home/airflow/.local/lib/python3.8/site-packages/airflow/example_dags/tutorial_taskflow_api.py
[2026-01-15T10:42:31.545+0000] {logging_mixin.py:188} INFO - [2026-01-15T10:42:31.544+0000] {dag.py:3036} INFO - Sync 1 DAGs
[2026-01-15T10:42:31.561+0000] {logging_mixin.py:188} INFO - [2026-01-15T10:42:31.561+0000] {dag.py:3823} INFO - Setting next_dagrun for tutorial_taskflow_api to None, run_after=None
[2026-01-15T10:42:31.584+0000] {processor.py:183} INFO - Processing /home/airflow/.local/lib/python3.8/site-packages/airflow/example_dags/tutorial_taskflow_api.py took 0.081 seconds
[2026-01-15T10:43:01.724+0000] {processor.py:161} INFO - Started process (PID=347) to work on /home/airflow/.local/lib/python3.8/site-packages/airflow/example_dags/tutorial_taskflow_api.py
[2026-01-15T10:43:01.726+0000] {processor.py:830} INFO - Processing file /home/airflow/.local/lib/python3.8/site-packages/airflow/example_dags/tutorial_taskflow_api.py for tasks to queue
[2026-01-15T10:43:01.728+0000] {logging_mixin.py:188} INFO - [2026-01-15T10:43:01.728+0000] {dagbag.py:538} INFO - Filling up the DagBag from /home/airflow/.local/lib/python3.8/site-packages/airflow/example_dags/tutorial_taskflow_api.py
[2026-01-15T10:43:01.736+0000] {processor.py:840} INFO - DAG(s) 'tutorial_taskflow_api' retrieved from /home/airflow/.local/lib/python3.8/site-packages/airflow/example_dags/tutorial_taskflow_api.py
[2026-01-15T10:43:01.763+0000] {logging_mixin.py:188} INFO - [2026-01-15T10:43:01.762+0000] {dag.py:3036} INFO - Sync 1 DAGs
[2026-01-15T10:43:01.777+0000] {logging_mixin.py:188} INFO - [2026-01-15T10:43:01.776+0000] {dag.py:3823} INFO - Setting next_dagrun for tutorial_taskflow_api to None, run_after=None
[2026-01-15T10:43:01.800+0000] {processor.py:183} INFO - Processing /home/airflow/.local/lib/python3.8/site-packages/airflow/example_dags/tutorial_taskflow_api.py took 0.079 seconds
[2026-01-15T10:43:32.272+0000] {processor.py:161} INFO - Started process (PID=402) to work on /home/airflow/.local/lib/python3.8/site-packages/airflow/example_dags/tutorial_taskflow_api.py
[2026-01-15T10:43:32.273+0000] {processor.py:830} INFO - Processing file /home/airflow/.local/lib/python3.8/site-packages/airflow/example_dags/tutorial_taskflow_api.py for tasks to queue
[2026-01-15T10:43:32.276+0000] {logging_mixin.py:188} INFO - [2026-01-15T10:43:32.276+0000] {dagbag.py:538} INFO - Filling up the DagBag from /home/airflow/.local/lib/python3.8/site-packages/airflow/example_dags/tutorial_taskflow_api.py
[2026-01-15T10:43:32.284+0000] {processor.py:840} INFO - DAG(s) 'tutorial_taskflow_api' retrieved from /home/airflow/.local/lib/python3.8/site-packages/airflow/example_dags/tutorial_taskflow_api.py
[2026-01-15T10:43:32.313+0000] {logging_mixin.py:188} INFO - [2026-01-15T10:43:32.313+0000] {dag.py:3036} INFO - Sync 1 DAGs
[2026-01-15T10:43:32.327+0000] {logging_mixin.py:188} INFO - [2026-01-15T10:43:32.327+0000] {dag.py:3823} INFO - Setting next_dagrun for tutorial_taskflow_api to None, run_after=None
[2026-01-15T10:43:32.351+0000] {processor.py:183} INFO - Processing /home/airflow/.local/lib/python3.8/site-packages/airflow/example_dags/tutorial_taskflow_api.py took 0.083 seconds
[2026-01-15T10:44:02.781+0000] {processor.py:161} INFO - Started process (PID=457) to work on /home/airflow/.local/lib/python3.8/site-packages/airflow/example_dags/tutorial_taskflow_api.py
[2026-01-15T10:44:02.783+0000] {processor.py:830} INFO - Processing file /home/airflow/.local/lib/python3.8/site-packages/airflow/example_dags/tutorial_taskflow_api.py for tasks to queue
[2026-01-15T10:44:02.787+0000] {logging_mixin.py:188} INFO - [2026-01-15T10:44:02.786+0000] {dagbag.py:538} INFO - Filling up the DagBag from /home/airflow/.local/lib/python3.8/site-packages/airflow/example_dags/tutorial_taskflow_api.py
[2026-01-15T10:44:02.800+0000] {processor.py:840} INFO - DAG(s) 'tutorial_taskflow_api' retrieved from /home/airflow/.local/lib/python3.8/site-packages/airflow/example_dags/tutorial_taskflow_api.py
[2026-01-15T10:44:02.846+0000] {logging_mixin.py:188} INFO - [2026-01-15T10:44:02.846+0000] {dag.py:3036} INFO - Sync 1 DAGs
[2026-01-15T10:44:02.874+0000] {logging_mixin.py:188} INFO - [2026-01-15T10:44:02.874+0000] {dag.py:3823} INFO - Setting next_dagrun for tutorial_taskflow_api to None, run_after=None
[2026-01-15T10:44:02.919+0000] {processor.py:183} INFO - Processing /home/airflow/.local/lib/python3.8/site-packages/airflow/example_dags/tutorial_taskflow_api.py took 0.144 seconds
[2026-01-15T10:44:33.359+0000] {processor.py:161} INFO - Started process (PID=512) to work on /home/airflow/.local/lib/python3.8/site-packages/airflow/example_dags/tutorial_taskflow_api.py
[2026-01-15T10:44:33.361+0000] {processor.py:830} INFO - Processing file /home/airflow/.local/lib/python3.8/site-packages/airflow/example_dags/tutorial_taskflow_api.py for tasks to queue
[2026-01-15T10:44:33.363+0000] {logging_mixin.py:188} INFO - [2026-01-15T10:44:33.363+0000] {dagbag.py:538} INFO - Filling up the DagBag from /home/airflow/.local/lib/python3.8/site-packages/airflow/example_dags/tutorial_taskflow_api.py
[2026-01-15T10:44:33.371+0000] {processor.py:840} INFO - DAG(s) 'tutorial_taskflow_api' retrieved from /home/airflow/.local/lib/python3.8/site-packages/airflow/example_dags/tutorial_taskflow_api.py
[2026-01-15T10:44:33.401+0000] {logging_mixin.py:188} INFO - [2026-01-15T10:44:33.401+0000] {dag.py:3036} INFO - Sync 1 DAGs
[2026-01-15T10:44:33.419+0000] {logging_mixin.py:188} INFO - [2026-01-15T10:44:33.419+0000] {dag.py:3823} INFO - Setting next_dagrun for tutorial_taskflow_api to None, run_after=None
[2026-01-15T10:44:33.442+0000] {processor.py:183} INFO - Processing /home/airflow/.local/lib/python3.8/site-packages/airflow/example_dags/tutorial_taskflow_api.py took 0.087 seconds
[2026-01-15T10:45:03.562+0000] {processor.py:161} INFO - Started process (PID=567) to work on /home/airflow/.local/lib/python3.8/site-packages/airflow/example_dags/tutorial_taskflow_api.py
[2026-01-15T10:45:03.564+0000] {processor.py:830} INFO - Processing file /home/airflow/.local/lib/python3.8/site-packages/airflow/example_dags/tutorial_taskflow_api.py for tasks to queue
[2026-01-15T10:45:03.567+0000] {logging_mixin.py:188} INFO - [2026-01-15T10:45:03.566+0000] {dagbag.py:538} INFO - Filling up the DagBag from /home/airflow/.local/lib/python3.8/site-packages/airflow/example_dags/tutorial_taskflow_api.py
[2026-01-15T10:45:03.575+0000] {processor.py:840} INFO - DAG(s) 'tutorial_taskflow_api' retrieved from /home/airflow/.local/lib/python3.8/site-packages/airflow/example_dags/tutorial_taskflow_api.py
[2026-01-15T10:45:03.607+0000] {logging_mixin.py:188} INFO - [2026-01-15T10:45:03.606+0000] {dag.py:3036} INFO - Sync 1 DAGs
[2026-01-15T10:45:03.620+0000] {logging_mixin.py:188} INFO - [2026-01-15T10:45:03.620+0000] {dag.py:3823} INFO - Setting next_dagrun for tutorial_taskflow_api to None, run_after=None
[2026-01-15T10:45:03.652+0000] {processor.py:183} INFO - Processing /home/airflow/.local/lib/python3.8/site-packages/airflow/example_dags/tutorial_taskflow_api.py took 0.095 seconds
[2026-01-15T10:46:20.653+0000] {processor.py:161} INFO - Started process (PID=72) to work on /home/airflow/.local/lib/python3.8/site-packages/airflow/example_dags/tutorial_taskflow_api.py
[2026-01-15T10:46:20.656+0000] {processor.py:830} INFO - Processing file /home/airflow/.local/lib/python3.8/site-packages/airflow/example_dags/tutorial_taskflow_api.py for tasks to queue
[2026-01-15T10:46:20.659+0000] {logging_mixin.py:188} INFO - [2026-01-15T10:46:20.659+0000] {dagbag.py:538} INFO - Filling up the DagBag from /home/airflow/.local/lib/python3.8/site-packages/airflow/example_dags/tutorial_taskflow_api.py
[2026-01-15T10:46:20.676+0000] {processor.py:840} INFO - DAG(s) 'tutorial_taskflow_api' retrieved from /home/airflow/.local/lib/python3.8/site-packages/airflow/example_dags/tutorial_taskflow_api.py
[2026-01-15T10:46:20.706+0000] {logging_mixin.py:188} INFO - [2026-01-15T10:46:20.705+0000] {dag.py:3036} INFO - Sync 1 DAGs
[2026-01-15T10:46:20.730+0000] {logging_mixin.py:188} INFO - [2026-01-15T10:46:20.730+0000] {dag.py:3823} INFO - Setting next_dagrun for tutorial_taskflow_api to None, run_after=None
[2026-01-15T10:46:20.821+0000] {processor.py:183} INFO - Processing /home/airflow/.local/lib/python3.8/site-packages/airflow/example_dags/tutorial_taskflow_api.py took 0.174 seconds
[2026-01-15T10:46:51.415+0000] {processor.py:161} INFO - Started process (PID=127) to work on /home/airflow/.local/lib/python3.8/site-packages/airflow/example_dags/tutorial_taskflow_api.py
[2026-01-15T10:46:51.417+0000] {processor.py:830} INFO - Processing file /home/airflow/.local/lib/python3.8/site-packages/airflow/example_dags/tutorial_taskflow_api.py for tasks to queue
[2026-01-15T10:46:51.419+0000] {logging_mixin.py:188} INFO - [2026-01-15T10:46:51.419+0000] {dagbag.py:538} INFO - Filling up the DagBag from /home/airflow/.local/lib/python3.8/site-packages/airflow/example_dags/tutorial_taskflow_api.py
[2026-01-15T10:46:51.429+0000] {processor.py:840} INFO - DAG(s) 'tutorial_taskflow_api' retrieved from /home/airflow/.local/lib/python3.8/site-packages/airflow/example_dags/tutorial_taskflow_api.py
[2026-01-15T10:46:51.569+0000] {logging_mixin.py:188} INFO - [2026-01-15T10:46:51.569+0000] {dag.py:3036} INFO - Sync 1 DAGs
[2026-01-15T10:46:51.580+0000] {logging_mixin.py:188} INFO - [2026-01-15T10:46:51.580+0000] {dag.py:3823} INFO - Setting next_dagrun for tutorial_taskflow_api to None, run_after=None
[2026-01-15T10:46:51.605+0000] {processor.py:183} INFO - Processing /home/airflow/.local/lib/python3.8/site-packages/airflow/example_dags/tutorial_taskflow_api.py took 0.194 seconds
[2026-01-15T10:47:21.665+0000] {processor.py:161} INFO - Started process (PID=182) to work on /home/airflow/.local/lib/python3.8/site-packages/airflow/example_dags/tutorial_taskflow_api.py
[2026-01-15T10:47:21.667+0000] {processor.py:830} INFO - Processing file /home/airflow/.local/lib/python3.8/site-packages/airflow/example_dags/tutorial_taskflow_api.py for tasks to queue
[2026-01-15T10:47:21.670+0000] {logging_mixin.py:188} INFO - [2026-01-15T10:47:21.669+0000] {dagbag.py:538} INFO - Filling up the DagBag from /home/airflow/.local/lib/python3.8/site-packages/airflow/example_dags/tutorial_taskflow_api.py
[2026-01-15T10:47:21.679+0000] {processor.py:840} INFO - DAG(s) 'tutorial_taskflow_api' retrieved from /home/airflow/.local/lib/python3.8/site-packages/airflow/example_dags/tutorial_taskflow_api.py
[2026-01-15T10:47:21.711+0000] {logging_mixin.py:188} INFO - [2026-01-15T10:47:21.711+0000] {dag.py:3036} INFO - Sync 1 DAGs
[2026-01-15T10:47:21.727+0000] {logging_mixin.py:188} INFO - [2026-01-15T10:47:21.727+0000] {dag.py:3823} INFO - Setting next_dagrun for tutorial_taskflow_api to None, run_after=None
[2026-01-15T10:47:21.753+0000] {processor.py:183} INFO - Processing /home/airflow/.local/lib/python3.8/site-packages/airflow/example_dags/tutorial_taskflow_api.py took 0.094 seconds
[2026-01-15T10:47:51.809+0000] {processor.py:161} INFO - Started process (PID=236) to work on /home/airflow/.local/lib/python3.8/site-packages/airflow/example_dags/tutorial_taskflow_api.py
[2026-01-15T10:47:51.810+0000] {processor.py:830} INFO - Processing file /home/airflow/.local/lib/python3.8/site-packages/airflow/example_dags/tutorial_taskflow_api.py for tasks to queue
[2026-01-15T10:47:51.813+0000] {logging_mixin.py:188} INFO - [2026-01-15T10:47:51.813+0000] {dagbag.py:538} INFO - Filling up the DagBag from /home/airflow/.local/lib/python3.8/site-packages/airflow/example_dags/tutorial_taskflow_api.py
[2026-01-15T10:47:51.824+0000] {processor.py:840} INFO - DAG(s) 'tutorial_taskflow_api' retrieved from /home/airflow/.local/lib/python3.8/site-packages/airflow/example_dags/tutorial_taskflow_api.py
[2026-01-15T10:47:51.859+0000] {logging_mixin.py:188} INFO - [2026-01-15T10:47:51.858+0000] {dag.py:3036} INFO - Sync 1 DAGs
[2026-01-15T10:47:51.877+0000] {logging_mixin.py:188} INFO - [2026-01-15T10:47:51.877+0000] {dag.py:3823} INFO - Setting next_dagrun for tutorial_taskflow_api to None, run_after=None
[2026-01-15T10:47:51.908+0000] {processor.py:183} INFO - Processing /home/airflow/.local/lib/python3.8/site-packages/airflow/example_dags/tutorial_taskflow_api.py took 0.104 seconds
[2026-01-15T10:48:22.524+0000] {processor.py:161} INFO - Started process (PID=292) to work on /home/airflow/.local/lib/python3.8/site-packages/airflow/example_dags/tutorial_taskflow_api.py
[2026-01-15T10:48:22.526+0000] {processor.py:830} INFO - Processing file /home/airflow/.local/lib/python3.8/site-packages/airflow/example_dags/tutorial_taskflow_api.py for tasks to queue
[2026-01-15T10:48:22.529+0000] {logging_mixin.py:188} INFO - [2026-01-15T10:48:22.528+0000] {dagbag.py:538} INFO - Filling up the DagBag from /home/airflow/.local/lib/python3.8/site-packages/airflow/example_dags/tutorial_taskflow_api.py
[2026-01-15T10:48:22.542+0000] {processor.py:840} INFO - DAG(s) 'tutorial_taskflow_api' retrieved from /home/airflow/.local/lib/python3.8/site-packages/airflow/example_dags/tutorial_taskflow_api.py
[2026-01-15T10:48:22.592+0000] {logging_mixin.py:188} INFO - [2026-01-15T10:48:22.591+0000] {dag.py:3036} INFO - Sync 1 DAGs
[2026-01-15T10:48:22.620+0000] {logging_mixin.py:188} INFO - [2026-01-15T10:48:22.620+0000] {dag.py:3823} INFO - Setting next_dagrun for tutorial_taskflow_api to None, run_after=None
[2026-01-15T10:48:22.667+0000] {processor.py:183} INFO - Processing /home/airflow/.local/lib/python3.8/site-packages/airflow/example_dags/tutorial_taskflow_api.py took 0.149 seconds
[2026-01-15T10:51:08.450+0000] {processor.py:161} INFO - Started process (PID=71) to work on /home/airflow/.local/lib/python3.8/site-packages/airflow/example_dags/tutorial_taskflow_api.py
[2026-01-15T10:51:08.452+0000] {processor.py:830} INFO - Processing file /home/airflow/.local/lib/python3.8/site-packages/airflow/example_dags/tutorial_taskflow_api.py for tasks to queue
[2026-01-15T10:51:08.455+0000] {logging_mixin.py:188} INFO - [2026-01-15T10:51:08.455+0000] {dagbag.py:538} INFO - Filling up the DagBag from /home/airflow/.local/lib/python3.8/site-packages/airflow/example_dags/tutorial_taskflow_api.py
[2026-01-15T10:51:08.473+0000] {processor.py:840} INFO - DAG(s) 'tutorial_taskflow_api' retrieved from /home/airflow/.local/lib/python3.8/site-packages/airflow/example_dags/tutorial_taskflow_api.py
[2026-01-15T10:51:08.500+0000] {logging_mixin.py:188} INFO - [2026-01-15T10:51:08.500+0000] {dag.py:3036} INFO - Sync 1 DAGs
[2026-01-15T10:51:08.525+0000] {logging_mixin.py:188} INFO - [2026-01-15T10:51:08.524+0000] {dag.py:3823} INFO - Setting next_dagrun for tutorial_taskflow_api to None, run_after=None
[2026-01-15T10:51:08.620+0000] {processor.py:183} INFO - Processing /home/airflow/.local/lib/python3.8/site-packages/airflow/example_dags/tutorial_taskflow_api.py took 0.175 seconds
[2026-01-15T10:51:39.545+0000] {processor.py:161} INFO - Started process (PID=126) to work on /home/airflow/.local/lib/python3.8/site-packages/airflow/example_dags/tutorial_taskflow_api.py
[2026-01-15T10:51:39.546+0000] {processor.py:830} INFO - Processing file /home/airflow/.local/lib/python3.8/site-packages/airflow/example_dags/tutorial_taskflow_api.py for tasks to queue
[2026-01-15T10:51:39.550+0000] {logging_mixin.py:188} INFO - [2026-01-15T10:51:39.549+0000] {dagbag.py:538} INFO - Filling up the DagBag from /home/airflow/.local/lib/python3.8/site-packages/airflow/example_dags/tutorial_taskflow_api.py
[2026-01-15T10:51:39.559+0000] {processor.py:840} INFO - DAG(s) 'tutorial_taskflow_api' retrieved from /home/airflow/.local/lib/python3.8/site-packages/airflow/example_dags/tutorial_taskflow_api.py
[2026-01-15T10:51:39.681+0000] {logging_mixin.py:188} INFO - [2026-01-15T10:51:39.681+0000] {dag.py:3036} INFO - Sync 1 DAGs
[2026-01-15T10:51:39.699+0000] {logging_mixin.py:188} INFO - [2026-01-15T10:51:39.699+0000] {dag.py:3823} INFO - Setting next_dagrun for tutorial_taskflow_api to None, run_after=None
[2026-01-15T10:51:39.749+0000] {processor.py:183} INFO - Processing /home/airflow/.local/lib/python3.8/site-packages/airflow/example_dags/tutorial_taskflow_api.py took 0.209 seconds
