[2026-01-15T10:40:31.002+0000] {processor.py:161} INFO - Started process (PID=94) to work on /home/airflow/.local/lib/python3.8/site-packages/airflow/example_dags/tutorial_dag.py
[2026-01-15T10:40:31.004+0000] {processor.py:830} INFO - Processing file /home/airflow/.local/lib/python3.8/site-packages/airflow/example_dags/tutorial_dag.py for tasks to queue
[2026-01-15T10:40:31.007+0000] {logging_mixin.py:188} INFO - [2026-01-15T10:40:31.006+0000] {dagbag.py:538} INFO - Filling up the DagBag from /home/airflow/.local/lib/python3.8/site-packages/airflow/example_dags/tutorial_dag.py
[2026-01-15T10:40:31.021+0000] {processor.py:840} INFO - DAG(s) 'tutorial_dag' retrieved from /home/airflow/.local/lib/python3.8/site-packages/airflow/example_dags/tutorial_dag.py
[2026-01-15T10:40:31.044+0000] {logging_mixin.py:188} INFO - [2026-01-15T10:40:31.044+0000] {dag.py:3036} INFO - Sync 1 DAGs
[2026-01-15T10:40:31.064+0000] {logging_mixin.py:188} INFO - [2026-01-15T10:40:31.064+0000] {dag.py:3823} INFO - Setting next_dagrun for tutorial_dag to None, run_after=None
[2026-01-15T10:40:31.096+0000] {processor.py:183} INFO - Processing /home/airflow/.local/lib/python3.8/site-packages/airflow/example_dags/tutorial_dag.py took 0.098 seconds
[2026-01-15T10:41:03.946+0000] {processor.py:161} INFO - Started process (PID=149) to work on /home/airflow/.local/lib/python3.8/site-packages/airflow/example_dags/tutorial_dag.py
[2026-01-15T10:41:03.948+0000] {processor.py:830} INFO - Processing file /home/airflow/.local/lib/python3.8/site-packages/airflow/example_dags/tutorial_dag.py for tasks to queue
[2026-01-15T10:41:03.952+0000] {logging_mixin.py:188} INFO - [2026-01-15T10:41:03.951+0000] {dagbag.py:538} INFO - Filling up the DagBag from /home/airflow/.local/lib/python3.8/site-packages/airflow/example_dags/tutorial_dag.py
[2026-01-15T10:41:03.961+0000] {processor.py:840} INFO - DAG(s) 'tutorial_dag' retrieved from /home/airflow/.local/lib/python3.8/site-packages/airflow/example_dags/tutorial_dag.py
[2026-01-15T10:41:04.117+0000] {logging_mixin.py:188} INFO - [2026-01-15T10:41:04.117+0000] {dag.py:3036} INFO - Sync 1 DAGs
[2026-01-15T10:41:04.131+0000] {logging_mixin.py:188} INFO - [2026-01-15T10:41:04.131+0000] {dag.py:3823} INFO - Setting next_dagrun for tutorial_dag to None, run_after=None
[2026-01-15T10:41:04.202+0000] {processor.py:183} INFO - Processing /home/airflow/.local/lib/python3.8/site-packages/airflow/example_dags/tutorial_dag.py took 0.263 seconds
[2026-01-15T10:41:35.010+0000] {processor.py:161} INFO - Started process (PID=204) to work on /home/airflow/.local/lib/python3.8/site-packages/airflow/example_dags/tutorial_dag.py
[2026-01-15T10:41:35.012+0000] {processor.py:830} INFO - Processing file /home/airflow/.local/lib/python3.8/site-packages/airflow/example_dags/tutorial_dag.py for tasks to queue
[2026-01-15T10:41:35.015+0000] {logging_mixin.py:188} INFO - [2026-01-15T10:41:35.014+0000] {dagbag.py:538} INFO - Filling up the DagBag from /home/airflow/.local/lib/python3.8/site-packages/airflow/example_dags/tutorial_dag.py
[2026-01-15T10:41:35.022+0000] {processor.py:840} INFO - DAG(s) 'tutorial_dag' retrieved from /home/airflow/.local/lib/python3.8/site-packages/airflow/example_dags/tutorial_dag.py
[2026-01-15T10:41:35.052+0000] {logging_mixin.py:188} INFO - [2026-01-15T10:41:35.052+0000] {dag.py:3036} INFO - Sync 1 DAGs
[2026-01-15T10:41:35.068+0000] {logging_mixin.py:188} INFO - [2026-01-15T10:41:35.068+0000] {dag.py:3823} INFO - Setting next_dagrun for tutorial_dag to None, run_after=None
[2026-01-15T10:41:35.097+0000] {processor.py:183} INFO - Processing /home/airflow/.local/lib/python3.8/site-packages/airflow/example_dags/tutorial_dag.py took 0.092 seconds
[2026-01-15T10:42:05.212+0000] {processor.py:161} INFO - Started process (PID=260) to work on /home/airflow/.local/lib/python3.8/site-packages/airflow/example_dags/tutorial_dag.py
[2026-01-15T10:42:05.213+0000] {processor.py:830} INFO - Processing file /home/airflow/.local/lib/python3.8/site-packages/airflow/example_dags/tutorial_dag.py for tasks to queue
[2026-01-15T10:42:05.216+0000] {logging_mixin.py:188} INFO - [2026-01-15T10:42:05.215+0000] {dagbag.py:538} INFO - Filling up the DagBag from /home/airflow/.local/lib/python3.8/site-packages/airflow/example_dags/tutorial_dag.py
[2026-01-15T10:42:05.223+0000] {processor.py:840} INFO - DAG(s) 'tutorial_dag' retrieved from /home/airflow/.local/lib/python3.8/site-packages/airflow/example_dags/tutorial_dag.py
[2026-01-15T10:42:05.252+0000] {logging_mixin.py:188} INFO - [2026-01-15T10:42:05.252+0000] {dag.py:3036} INFO - Sync 1 DAGs
[2026-01-15T10:42:05.268+0000] {logging_mixin.py:188} INFO - [2026-01-15T10:42:05.268+0000] {dag.py:3823} INFO - Setting next_dagrun for tutorial_dag to None, run_after=None
[2026-01-15T10:42:05.295+0000] {processor.py:183} INFO - Processing /home/airflow/.local/lib/python3.8/site-packages/airflow/example_dags/tutorial_dag.py took 0.088 seconds
[2026-01-15T10:42:35.539+0000] {processor.py:161} INFO - Started process (PID=315) to work on /home/airflow/.local/lib/python3.8/site-packages/airflow/example_dags/tutorial_dag.py
[2026-01-15T10:42:35.541+0000] {processor.py:830} INFO - Processing file /home/airflow/.local/lib/python3.8/site-packages/airflow/example_dags/tutorial_dag.py for tasks to queue
[2026-01-15T10:42:35.543+0000] {logging_mixin.py:188} INFO - [2026-01-15T10:42:35.543+0000] {dagbag.py:538} INFO - Filling up the DagBag from /home/airflow/.local/lib/python3.8/site-packages/airflow/example_dags/tutorial_dag.py
[2026-01-15T10:42:35.552+0000] {processor.py:840} INFO - DAG(s) 'tutorial_dag' retrieved from /home/airflow/.local/lib/python3.8/site-packages/airflow/example_dags/tutorial_dag.py
[2026-01-15T10:42:35.581+0000] {logging_mixin.py:188} INFO - [2026-01-15T10:42:35.581+0000] {dag.py:3036} INFO - Sync 1 DAGs
[2026-01-15T10:42:35.595+0000] {logging_mixin.py:188} INFO - [2026-01-15T10:42:35.595+0000] {dag.py:3823} INFO - Setting next_dagrun for tutorial_dag to None, run_after=None
[2026-01-15T10:42:35.618+0000] {processor.py:183} INFO - Processing /home/airflow/.local/lib/python3.8/site-packages/airflow/example_dags/tutorial_dag.py took 0.083 seconds
[2026-01-15T10:43:06.090+0000] {processor.py:161} INFO - Started process (PID=370) to work on /home/airflow/.local/lib/python3.8/site-packages/airflow/example_dags/tutorial_dag.py
[2026-01-15T10:43:06.092+0000] {processor.py:830} INFO - Processing file /home/airflow/.local/lib/python3.8/site-packages/airflow/example_dags/tutorial_dag.py for tasks to queue
[2026-01-15T10:43:06.095+0000] {logging_mixin.py:188} INFO - [2026-01-15T10:43:06.095+0000] {dagbag.py:538} INFO - Filling up the DagBag from /home/airflow/.local/lib/python3.8/site-packages/airflow/example_dags/tutorial_dag.py
[2026-01-15T10:43:06.102+0000] {processor.py:840} INFO - DAG(s) 'tutorial_dag' retrieved from /home/airflow/.local/lib/python3.8/site-packages/airflow/example_dags/tutorial_dag.py
[2026-01-15T10:43:06.131+0000] {logging_mixin.py:188} INFO - [2026-01-15T10:43:06.131+0000] {dag.py:3036} INFO - Sync 1 DAGs
[2026-01-15T10:43:06.146+0000] {logging_mixin.py:188} INFO - [2026-01-15T10:43:06.145+0000] {dag.py:3823} INFO - Setting next_dagrun for tutorial_dag to None, run_after=None
[2026-01-15T10:43:06.168+0000] {processor.py:183} INFO - Processing /home/airflow/.local/lib/python3.8/site-packages/airflow/example_dags/tutorial_dag.py took 0.083 seconds
[2026-01-15T10:43:36.314+0000] {processor.py:161} INFO - Started process (PID=425) to work on /home/airflow/.local/lib/python3.8/site-packages/airflow/example_dags/tutorial_dag.py
[2026-01-15T10:43:36.316+0000] {processor.py:830} INFO - Processing file /home/airflow/.local/lib/python3.8/site-packages/airflow/example_dags/tutorial_dag.py for tasks to queue
[2026-01-15T10:43:36.318+0000] {logging_mixin.py:188} INFO - [2026-01-15T10:43:36.318+0000] {dagbag.py:538} INFO - Filling up the DagBag from /home/airflow/.local/lib/python3.8/site-packages/airflow/example_dags/tutorial_dag.py
[2026-01-15T10:43:36.326+0000] {processor.py:840} INFO - DAG(s) 'tutorial_dag' retrieved from /home/airflow/.local/lib/python3.8/site-packages/airflow/example_dags/tutorial_dag.py
[2026-01-15T10:43:36.355+0000] {logging_mixin.py:188} INFO - [2026-01-15T10:43:36.354+0000] {dag.py:3036} INFO - Sync 1 DAGs
[2026-01-15T10:43:36.369+0000] {logging_mixin.py:188} INFO - [2026-01-15T10:43:36.369+0000] {dag.py:3823} INFO - Setting next_dagrun for tutorial_dag to None, run_after=None
[2026-01-15T10:43:36.393+0000] {processor.py:183} INFO - Processing /home/airflow/.local/lib/python3.8/site-packages/airflow/example_dags/tutorial_dag.py took 0.083 seconds
[2026-01-15T10:44:07.208+0000] {processor.py:161} INFO - Started process (PID=480) to work on /home/airflow/.local/lib/python3.8/site-packages/airflow/example_dags/tutorial_dag.py
[2026-01-15T10:44:07.210+0000] {processor.py:830} INFO - Processing file /home/airflow/.local/lib/python3.8/site-packages/airflow/example_dags/tutorial_dag.py for tasks to queue
[2026-01-15T10:44:07.213+0000] {logging_mixin.py:188} INFO - [2026-01-15T10:44:07.213+0000] {dagbag.py:538} INFO - Filling up the DagBag from /home/airflow/.local/lib/python3.8/site-packages/airflow/example_dags/tutorial_dag.py
[2026-01-15T10:44:07.220+0000] {processor.py:840} INFO - DAG(s) 'tutorial_dag' retrieved from /home/airflow/.local/lib/python3.8/site-packages/airflow/example_dags/tutorial_dag.py
[2026-01-15T10:44:07.251+0000] {logging_mixin.py:188} INFO - [2026-01-15T10:44:07.251+0000] {dag.py:3036} INFO - Sync 1 DAGs
[2026-01-15T10:44:07.266+0000] {logging_mixin.py:188} INFO - [2026-01-15T10:44:07.266+0000] {dag.py:3823} INFO - Setting next_dagrun for tutorial_dag to None, run_after=None
[2026-01-15T10:44:07.295+0000] {processor.py:183} INFO - Processing /home/airflow/.local/lib/python3.8/site-packages/airflow/example_dags/tutorial_dag.py took 0.091 seconds
[2026-01-15T10:44:37.542+0000] {processor.py:161} INFO - Started process (PID=535) to work on /home/airflow/.local/lib/python3.8/site-packages/airflow/example_dags/tutorial_dag.py
[2026-01-15T10:44:37.544+0000] {processor.py:830} INFO - Processing file /home/airflow/.local/lib/python3.8/site-packages/airflow/example_dags/tutorial_dag.py for tasks to queue
[2026-01-15T10:44:37.546+0000] {logging_mixin.py:188} INFO - [2026-01-15T10:44:37.546+0000] {dagbag.py:538} INFO - Filling up the DagBag from /home/airflow/.local/lib/python3.8/site-packages/airflow/example_dags/tutorial_dag.py
[2026-01-15T10:44:37.554+0000] {processor.py:840} INFO - DAG(s) 'tutorial_dag' retrieved from /home/airflow/.local/lib/python3.8/site-packages/airflow/example_dags/tutorial_dag.py
[2026-01-15T10:44:37.580+0000] {logging_mixin.py:188} INFO - [2026-01-15T10:44:37.580+0000] {dag.py:3036} INFO - Sync 1 DAGs
[2026-01-15T10:44:37.594+0000] {logging_mixin.py:188} INFO - [2026-01-15T10:44:37.594+0000] {dag.py:3823} INFO - Setting next_dagrun for tutorial_dag to None, run_after=None
[2026-01-15T10:44:37.618+0000] {processor.py:183} INFO - Processing /home/airflow/.local/lib/python3.8/site-packages/airflow/example_dags/tutorial_dag.py took 0.080 seconds
[2026-01-15T10:45:07.769+0000] {processor.py:161} INFO - Started process (PID=590) to work on /home/airflow/.local/lib/python3.8/site-packages/airflow/example_dags/tutorial_dag.py
[2026-01-15T10:45:07.770+0000] {processor.py:830} INFO - Processing file /home/airflow/.local/lib/python3.8/site-packages/airflow/example_dags/tutorial_dag.py for tasks to queue
[2026-01-15T10:45:07.773+0000] {logging_mixin.py:188} INFO - [2026-01-15T10:45:07.772+0000] {dagbag.py:538} INFO - Filling up the DagBag from /home/airflow/.local/lib/python3.8/site-packages/airflow/example_dags/tutorial_dag.py
[2026-01-15T10:45:07.780+0000] {processor.py:840} INFO - DAG(s) 'tutorial_dag' retrieved from /home/airflow/.local/lib/python3.8/site-packages/airflow/example_dags/tutorial_dag.py
[2026-01-15T10:45:07.810+0000] {logging_mixin.py:188} INFO - [2026-01-15T10:45:07.809+0000] {dag.py:3036} INFO - Sync 1 DAGs
[2026-01-15T10:45:07.825+0000] {logging_mixin.py:188} INFO - [2026-01-15T10:45:07.825+0000] {dag.py:3823} INFO - Setting next_dagrun for tutorial_dag to None, run_after=None
[2026-01-15T10:45:07.849+0000] {processor.py:183} INFO - Processing /home/airflow/.local/lib/python3.8/site-packages/airflow/example_dags/tutorial_dag.py took 0.085 seconds
[2026-01-15T10:46:23.066+0000] {processor.py:161} INFO - Started process (PID=95) to work on /home/airflow/.local/lib/python3.8/site-packages/airflow/example_dags/tutorial_dag.py
[2026-01-15T10:46:23.068+0000] {processor.py:830} INFO - Processing file /home/airflow/.local/lib/python3.8/site-packages/airflow/example_dags/tutorial_dag.py for tasks to queue
[2026-01-15T10:46:23.071+0000] {logging_mixin.py:188} INFO - [2026-01-15T10:46:23.071+0000] {dagbag.py:538} INFO - Filling up the DagBag from /home/airflow/.local/lib/python3.8/site-packages/airflow/example_dags/tutorial_dag.py
[2026-01-15T10:46:23.080+0000] {processor.py:840} INFO - DAG(s) 'tutorial_dag' retrieved from /home/airflow/.local/lib/python3.8/site-packages/airflow/example_dags/tutorial_dag.py
[2026-01-15T10:46:23.105+0000] {logging_mixin.py:188} INFO - [2026-01-15T10:46:23.104+0000] {dag.py:3036} INFO - Sync 1 DAGs
[2026-01-15T10:46:23.125+0000] {logging_mixin.py:188} INFO - [2026-01-15T10:46:23.125+0000] {dag.py:3823} INFO - Setting next_dagrun for tutorial_dag to None, run_after=None
[2026-01-15T10:46:23.176+0000] {processor.py:183} INFO - Processing /home/airflow/.local/lib/python3.8/site-packages/airflow/example_dags/tutorial_dag.py took 0.114 seconds
[2026-01-15T10:46:54.557+0000] {processor.py:161} INFO - Started process (PID=150) to work on /home/airflow/.local/lib/python3.8/site-packages/airflow/example_dags/tutorial_dag.py
[2026-01-15T10:46:54.559+0000] {processor.py:830} INFO - Processing file /home/airflow/.local/lib/python3.8/site-packages/airflow/example_dags/tutorial_dag.py for tasks to queue
[2026-01-15T10:46:54.561+0000] {logging_mixin.py:188} INFO - [2026-01-15T10:46:54.561+0000] {dagbag.py:538} INFO - Filling up the DagBag from /home/airflow/.local/lib/python3.8/site-packages/airflow/example_dags/tutorial_dag.py
[2026-01-15T10:46:54.571+0000] {processor.py:840} INFO - DAG(s) 'tutorial_dag' retrieved from /home/airflow/.local/lib/python3.8/site-packages/airflow/example_dags/tutorial_dag.py
[2026-01-15T10:46:54.737+0000] {logging_mixin.py:188} INFO - [2026-01-15T10:46:54.737+0000] {dag.py:3036} INFO - Sync 1 DAGs
[2026-01-15T10:46:54.752+0000] {logging_mixin.py:188} INFO - [2026-01-15T10:46:54.751+0000] {dag.py:3823} INFO - Setting next_dagrun for tutorial_dag to None, run_after=None
[2026-01-15T10:46:54.784+0000] {processor.py:183} INFO - Processing /home/airflow/.local/lib/python3.8/site-packages/airflow/example_dags/tutorial_dag.py took 0.235 seconds
[2026-01-15T10:47:25.444+0000] {processor.py:161} INFO - Started process (PID=205) to work on /home/airflow/.local/lib/python3.8/site-packages/airflow/example_dags/tutorial_dag.py
[2026-01-15T10:47:25.445+0000] {processor.py:830} INFO - Processing file /home/airflow/.local/lib/python3.8/site-packages/airflow/example_dags/tutorial_dag.py for tasks to queue
[2026-01-15T10:47:25.448+0000] {logging_mixin.py:188} INFO - [2026-01-15T10:47:25.448+0000] {dagbag.py:538} INFO - Filling up the DagBag from /home/airflow/.local/lib/python3.8/site-packages/airflow/example_dags/tutorial_dag.py
[2026-01-15T10:47:25.455+0000] {processor.py:840} INFO - DAG(s) 'tutorial_dag' retrieved from /home/airflow/.local/lib/python3.8/site-packages/airflow/example_dags/tutorial_dag.py
[2026-01-15T10:47:25.485+0000] {logging_mixin.py:188} INFO - [2026-01-15T10:47:25.485+0000] {dag.py:3036} INFO - Sync 1 DAGs
[2026-01-15T10:47:25.500+0000] {logging_mixin.py:188} INFO - [2026-01-15T10:47:25.500+0000] {dag.py:3823} INFO - Setting next_dagrun for tutorial_dag to None, run_after=None
[2026-01-15T10:47:25.527+0000] {processor.py:183} INFO - Processing /home/airflow/.local/lib/python3.8/site-packages/airflow/example_dags/tutorial_dag.py took 0.088 seconds
[2026-01-15T10:47:55.832+0000] {processor.py:161} INFO - Started process (PID=260) to work on /home/airflow/.local/lib/python3.8/site-packages/airflow/example_dags/tutorial_dag.py
[2026-01-15T10:47:55.834+0000] {processor.py:830} INFO - Processing file /home/airflow/.local/lib/python3.8/site-packages/airflow/example_dags/tutorial_dag.py for tasks to queue
[2026-01-15T10:47:55.837+0000] {logging_mixin.py:188} INFO - [2026-01-15T10:47:55.836+0000] {dagbag.py:538} INFO - Filling up the DagBag from /home/airflow/.local/lib/python3.8/site-packages/airflow/example_dags/tutorial_dag.py
[2026-01-15T10:47:55.845+0000] {processor.py:840} INFO - DAG(s) 'tutorial_dag' retrieved from /home/airflow/.local/lib/python3.8/site-packages/airflow/example_dags/tutorial_dag.py
[2026-01-15T10:47:55.885+0000] {logging_mixin.py:188} INFO - [2026-01-15T10:47:55.884+0000] {dag.py:3036} INFO - Sync 1 DAGs
[2026-01-15T10:47:55.907+0000] {logging_mixin.py:188} INFO - [2026-01-15T10:47:55.907+0000] {dag.py:3823} INFO - Setting next_dagrun for tutorial_dag to None, run_after=None
[2026-01-15T10:47:55.943+0000] {processor.py:183} INFO - Processing /home/airflow/.local/lib/python3.8/site-packages/airflow/example_dags/tutorial_dag.py took 0.115 seconds
[2026-01-15T10:48:26.596+0000] {processor.py:161} INFO - Started process (PID=315) to work on /home/airflow/.local/lib/python3.8/site-packages/airflow/example_dags/tutorial_dag.py
[2026-01-15T10:48:26.598+0000] {processor.py:830} INFO - Processing file /home/airflow/.local/lib/python3.8/site-packages/airflow/example_dags/tutorial_dag.py for tasks to queue
[2026-01-15T10:48:26.601+0000] {logging_mixin.py:188} INFO - [2026-01-15T10:48:26.601+0000] {dagbag.py:538} INFO - Filling up the DagBag from /home/airflow/.local/lib/python3.8/site-packages/airflow/example_dags/tutorial_dag.py
[2026-01-15T10:48:26.608+0000] {processor.py:840} INFO - DAG(s) 'tutorial_dag' retrieved from /home/airflow/.local/lib/python3.8/site-packages/airflow/example_dags/tutorial_dag.py
[2026-01-15T10:48:26.640+0000] {logging_mixin.py:188} INFO - [2026-01-15T10:48:26.639+0000] {dag.py:3036} INFO - Sync 1 DAGs
[2026-01-15T10:48:26.662+0000] {logging_mixin.py:188} INFO - [2026-01-15T10:48:26.661+0000] {dag.py:3823} INFO - Setting next_dagrun for tutorial_dag to None, run_after=None
[2026-01-15T10:48:26.695+0000] {processor.py:183} INFO - Processing /home/airflow/.local/lib/python3.8/site-packages/airflow/example_dags/tutorial_dag.py took 0.104 seconds
[2026-01-15T10:51:10.756+0000] {processor.py:161} INFO - Started process (PID=94) to work on /home/airflow/.local/lib/python3.8/site-packages/airflow/example_dags/tutorial_dag.py
[2026-01-15T10:51:10.758+0000] {processor.py:830} INFO - Processing file /home/airflow/.local/lib/python3.8/site-packages/airflow/example_dags/tutorial_dag.py for tasks to queue
[2026-01-15T10:51:10.762+0000] {logging_mixin.py:188} INFO - [2026-01-15T10:51:10.761+0000] {dagbag.py:538} INFO - Filling up the DagBag from /home/airflow/.local/lib/python3.8/site-packages/airflow/example_dags/tutorial_dag.py
[2026-01-15T10:51:10.773+0000] {processor.py:840} INFO - DAG(s) 'tutorial_dag' retrieved from /home/airflow/.local/lib/python3.8/site-packages/airflow/example_dags/tutorial_dag.py
[2026-01-15T10:51:10.800+0000] {logging_mixin.py:188} INFO - [2026-01-15T10:51:10.799+0000] {dag.py:3036} INFO - Sync 1 DAGs
[2026-01-15T10:51:10.829+0000] {logging_mixin.py:188} INFO - [2026-01-15T10:51:10.829+0000] {dag.py:3823} INFO - Setting next_dagrun for tutorial_dag to None, run_after=None
[2026-01-15T10:51:10.888+0000] {processor.py:183} INFO - Processing /home/airflow/.local/lib/python3.8/site-packages/airflow/example_dags/tutorial_dag.py took 0.139 seconds
[2026-01-15T10:51:42.967+0000] {processor.py:161} INFO - Started process (PID=149) to work on /home/airflow/.local/lib/python3.8/site-packages/airflow/example_dags/tutorial_dag.py
[2026-01-15T10:51:42.969+0000] {processor.py:830} INFO - Processing file /home/airflow/.local/lib/python3.8/site-packages/airflow/example_dags/tutorial_dag.py for tasks to queue
[2026-01-15T10:51:42.973+0000] {logging_mixin.py:188} INFO - [2026-01-15T10:51:42.972+0000] {dagbag.py:538} INFO - Filling up the DagBag from /home/airflow/.local/lib/python3.8/site-packages/airflow/example_dags/tutorial_dag.py
[2026-01-15T10:51:42.981+0000] {processor.py:840} INFO - DAG(s) 'tutorial_dag' retrieved from /home/airflow/.local/lib/python3.8/site-packages/airflow/example_dags/tutorial_dag.py
[2026-01-15T10:51:43.105+0000] {logging_mixin.py:188} INFO - [2026-01-15T10:51:43.105+0000] {dag.py:3036} INFO - Sync 1 DAGs
[2026-01-15T10:51:43.118+0000] {logging_mixin.py:188} INFO - [2026-01-15T10:51:43.117+0000] {dag.py:3823} INFO - Setting next_dagrun for tutorial_dag to None, run_after=None
[2026-01-15T10:51:43.142+0000] {processor.py:183} INFO - Processing /home/airflow/.local/lib/python3.8/site-packages/airflow/example_dags/tutorial_dag.py took 0.180 seconds
